[0.014s] Invoking command in '/home/park/dev_ws/src/two_wheeled_robot/two_wheeled_robot/build/two_wheeled_robot': CMAKE_PREFIX_PATH=/opt/ros/humble /usr/bin/cmake /home/park/dev_ws/src/two_wheeled_robot/two_wheeled_robot -DCMAKE_INSTALL_PREFIX=/home/park/dev_ws/src/two_wheeled_robot/two_wheeled_robot/install/two_wheeled_robot
[0.120s] -- The C compiler identification is GNU 11.4.0
[0.210s] -- The CXX compiler identification is GNU 11.4.0
[0.220s] -- Detecting C compiler ABI info
[0.307s] -- Detecting C compiler ABI info - done
[0.316s] -- Check for working C compiler: /usr/bin/cc - skipped
[0.316s] -- Detecting C compile features
[0.317s] -- Detecting C compile features - done
[0.321s] -- Detecting CXX compiler ABI info
[0.416s] -- Detecting CXX compiler ABI info - done
[0.426s] -- Check for working CXX compiler: /usr/bin/c++ - skipped
[0.427s] -- Detecting CXX compile features
[0.427s] -- Detecting CXX compile features - done
[0.432s] -- Found ament_cmake: 1.3.11 (/opt/ros/humble/share/ament_cmake/cmake)
[0.862s] -- Found Python3: /usr/bin/python3 (found version "3.10.12") found components: Interpreter 
[0.993s] -- Found ament_lint_auto: 0.12.12 (/opt/ros/humble/share/ament_lint_auto/cmake)
[1.092s] -- Added test 'copyright' to check source files copyright and LICENSE
[1.099s] -- Added test 'cppcheck' to perform static code analysis on C / C++ code
[1.099s] -- Configured cppcheck include dirs: 
[1.099s] -- Configured cppcheck exclude dirs and/or files: 
[1.105s] -- Added test 'cpplint' to check C / C++ code against the Google style
[1.105s] -- Configured cpplint exclude dirs and/or files: 
[1.106s] -- Added test 'flake8' to check Python code syntax and style conventions
[1.108s] -- Added test 'lint_cmake' to check CMake code style
[1.109s] -- Added test 'pep257' to check Python code against some of the docstring style conventions in PEP 257
[1.115s] -- Added test 'uncrustify' to check C / C++ code style
[1.115s] -- Configured uncrustify additional arguments: 
[1.117s] -- Added test 'xmllint' to check XML markup files
[1.118s] -- Configuring done
[1.121s] -- Generating done
[1.123s] -- Build files have been written to: /home/park/dev_ws/src/two_wheeled_robot/two_wheeled_robot/build/two_wheeled_robot
[1.128s] Invoked command in '/home/park/dev_ws/src/two_wheeled_robot/two_wheeled_robot/build/two_wheeled_robot' returned '0': CMAKE_PREFIX_PATH=/opt/ros/humble /usr/bin/cmake /home/park/dev_ws/src/two_wheeled_robot/two_wheeled_robot -DCMAKE_INSTALL_PREFIX=/home/park/dev_ws/src/two_wheeled_robot/two_wheeled_robot/install/two_wheeled_robot
[1.133s] Invoking command in '/home/park/dev_ws/src/two_wheeled_robot/two_wheeled_robot/build/two_wheeled_robot': CMAKE_PREFIX_PATH=/opt/ros/humble /usr/bin/cmake --build /home/park/dev_ws/src/two_wheeled_robot/two_wheeled_robot/build/two_wheeled_robot -- -j22 -l22
[1.177s] Invoked command in '/home/park/dev_ws/src/two_wheeled_robot/two_wheeled_robot/build/two_wheeled_robot' returned '0': CMAKE_PREFIX_PATH=/opt/ros/humble /usr/bin/cmake --build /home/park/dev_ws/src/two_wheeled_robot/two_wheeled_robot/build/two_wheeled_robot -- -j22 -l22
[1.188s] Invoking command in '/home/park/dev_ws/src/two_wheeled_robot/two_wheeled_robot/build/two_wheeled_robot': CMAKE_PREFIX_PATH=/opt/ros/humble /usr/bin/cmake --install /home/park/dev_ws/src/two_wheeled_robot/two_wheeled_robot/build/two_wheeled_robot
[1.195s] -- Install configuration: ""
[1.196s] -- Installing: /home/park/dev_ws/src/two_wheeled_robot/two_wheeled_robot/install/two_wheeled_robot/share/two_wheeled_robot/config
[1.196s] -- Installing: /home/park/dev_ws/src/two_wheeled_robot/two_wheeled_robot/install/two_wheeled_robot/share/two_wheeled_robot/launch
[1.196s] -- Installing: /home/park/dev_ws/src/two_wheeled_robot/two_wheeled_robot/install/two_wheeled_robot/share/two_wheeled_robot/launch/two_wheeled_robot_rviz.launch.py
[1.196s] -- Installing: /home/park/dev_ws/src/two_wheeled_robot/two_wheeled_robot/install/two_wheeled_robot/share/two_wheeled_robot/launch/load_world_into_gazebo.launch.py
[1.196s] -- Installing: /home/park/dev_ws/src/two_wheeled_robot/two_wheeled_robot/install/two_wheeled_robot/share/two_wheeled_robot/maps
[1.196s] -- Installing: /home/park/dev_ws/src/two_wheeled_robot/two_wheeled_robot/install/two_wheeled_robot/share/two_wheeled_robot/media
[1.196s] -- Installing: /home/park/dev_ws/src/two_wheeled_robot/two_wheeled_robot/install/two_wheeled_robot/share/two_wheeled_robot/media/node_graph
[1.196s] -- Installing: /home/park/dev_ws/src/two_wheeled_robot/two_wheeled_robot/install/two_wheeled_robot/share/two_wheeled_robot/media/node_graph/rviz_launch_rosgraph.png
[1.196s] -- Installing: /home/park/dev_ws/src/two_wheeled_robot/two_wheeled_robot/install/two_wheeled_robot/share/two_wheeled_robot/media/frames
[1.196s] -- Installing: /home/park/dev_ws/src/two_wheeled_robot/two_wheeled_robot/install/two_wheeled_robot/share/two_wheeled_robot/media/frames/frames.pdf
[1.196s] -- Installing: /home/park/dev_ws/src/two_wheeled_robot/two_wheeled_robot/install/two_wheeled_robot/share/two_wheeled_robot/media/frames/frames.gv
[1.196s] -- Installing: /home/park/dev_ws/src/two_wheeled_robot/two_wheeled_robot/install/two_wheeled_robot/share/two_wheeled_robot/meshes
[1.197s] -- Installing: /home/park/dev_ws/src/two_wheeled_robot/two_wheeled_robot/install/two_wheeled_robot/share/two_wheeled_robot/meshes/robot_base.stl
[1.197s] -- Installing: /home/park/dev_ws/src/two_wheeled_robot/two_wheeled_robot/install/two_wheeled_robot/share/two_wheeled_robot/meshes/cafe
[1.197s] -- Installing: /home/park/dev_ws/src/two_wheeled_robot/two_wheeled_robot/install/two_wheeled_robot/share/two_wheeled_robot/meshes/cafe/walk.dae
[1.198s] -- Installing: /home/park/dev_ws/src/two_wheeled_robot/two_wheeled_robot/install/two_wheeled_robot/share/two_wheeled_robot/models
[1.199s] -- Installing: /home/park/dev_ws/src/two_wheeled_robot/two_wheeled_robot/install/two_wheeled_robot/share/two_wheeled_robot/models/cafe_table
[1.199s] -- Installing: /home/park/dev_ws/src/two_wheeled_robot/two_wheeled_robot/install/two_wheeled_robot/share/two_wheeled_robot/models/cafe_table/materials
[1.199s] -- Installing: /home/park/dev_ws/src/two_wheeled_robot/two_wheeled_robot/install/two_wheeled_robot/share/two_wheeled_robot/models/cafe_table/materials/textures
[1.199s] -- Installing: /home/park/dev_ws/src/two_wheeled_robot/two_wheeled_robot/install/two_wheeled_robot/share/two_wheeled_robot/models/cafe_table/materials/textures/Maple.jpg
[1.199s] -- Installing: /home/park/dev_ws/src/two_wheeled_robot/two_wheeled_robot/install/two_wheeled_robot/share/two_wheeled_robot/models/cafe_table/materials/textures/Wood_Floor_Dark.jpg
[1.199s] -- Installing: /home/park/dev_ws/src/two_wheeled_robot/two_wheeled_robot/install/two_wheeled_robot/share/two_wheeled_robot/models/cafe_table/model.sdf
[1.199s] -- Installing: /home/park/dev_ws/src/two_wheeled_robot/two_wheeled_robot/install/two_wheeled_robot/share/two_wheeled_robot/models/cafe_table/meshes
[1.199s] -- Installing: /home/park/dev_ws/src/two_wheeled_robot/two_wheeled_robot/install/two_wheeled_robot/share/two_wheeled_robot/models/cafe_table/meshes/cafe_table.dae
[1.199s] -- Installing: /home/park/dev_ws/src/two_wheeled_robot/two_wheeled_robot/install/two_wheeled_robot/share/two_wheeled_robot/models/cafe_table/model-1_4.sdf
[1.199s] -- Installing: /home/park/dev_ws/src/two_wheeled_robot/two_wheeled_robot/install/two_wheeled_robot/share/two_wheeled_robot/models/cafe_table/model.config
[1.199s] -- Installing: /home/park/dev_ws/src/two_wheeled_robot/two_wheeled_robot/install/two_wheeled_robot/share/two_wheeled_robot/models/cafe
[1.199s] -- Installing: /home/park/dev_ws/src/two_wheeled_robot/two_wheeled_robot/install/two_wheeled_robot/share/two_wheeled_robot/models/cafe/materials
[1.200s] -- Installing: /home/park/dev_ws/src/two_wheeled_robot/two_wheeled_robot/install/two_wheeled_robot/share/two_wheeled_robot/models/cafe/materials/textures
[1.200s] -- Installing: /home/park/dev_ws/src/two_wheeled_robot/two_wheeled_robot/install/two_wheeled_robot/share/two_wheeled_robot/models/cafe/materials/textures/__auto_21.jpg
[1.200s] -- Installing: /home/park/dev_ws/src/two_wheeled_robot/two_wheeled_robot/install/two_wheeled_robot/share/two_wheeled_robot/models/cafe/materials/textures/__auto_2.jpg
[1.200s] -- Installing: /home/park/dev_ws/src/two_wheeled_robot/two_wheeled_robot/install/two_wheeled_robot/share/two_wheeled_robot/models/cafe/materials/textures/__auto_30.jpg
[1.200s] -- Installing: /home/park/dev_ws/src/two_wheeled_robot/two_wheeled_robot/install/two_wheeled_robot/share/two_wheeled_robot/models/cafe/materials/textures/__auto_10.jpg
[1.200s] -- Installing: /home/park/dev_ws/src/two_wheeled_robot/two_wheeled_robot/install/two_wheeled_robot/share/two_wheeled_robot/models/cafe/materials/textures/__auto_37.jpg
[1.200s] -- Installing: /home/park/dev_ws/src/two_wheeled_robot/two_wheeled_robot/install/two_wheeled_robot/share/two_wheeled_robot/models/cafe/materials/textures/__auto_29.jpg
[1.200s] -- Installing: /home/park/dev_ws/src/two_wheeled_robot/two_wheeled_robot/install/two_wheeled_robot/share/two_wheeled_robot/models/cafe/materials/textures/__auto_31.jpg
[1.200s] -- Installing: /home/park/dev_ws/src/two_wheeled_robot/two_wheeled_robot/install/two_wheeled_robot/share/two_wheeled_robot/models/cafe/materials/textures/__auto_23.jpg
[1.200s] -- Installing: /home/park/dev_ws/src/two_wheeled_robot/two_wheeled_robot/install/two_wheeled_robot/share/two_wheeled_robot/models/cafe/materials/textures/__auto_26.jpg
[1.200s] -- Installing: /home/park/dev_ws/src/two_wheeled_robot/two_wheeled_robot/install/two_wheeled_robot/share/two_wheeled_robot/models/cafe/materials/textures/__auto_34.jpg
[1.200s] -- Installing: /home/park/dev_ws/src/two_wheeled_robot/two_wheeled_robot/install/two_wheeled_robot/share/two_wheeled_robot/models/cafe/materials/textures/__auto_35.jpg
[1.201s] -- Installing: /home/park/dev_ws/src/two_wheeled_robot/two_wheeled_robot/install/two_wheeled_robot/share/two_wheeled_robot/models/cafe/materials/textures/__auto_24.jpg
[1.201s] -- Installing: /home/park/dev_ws/src/two_wheeled_robot/two_wheeled_robot/install/two_wheeled_robot/share/two_wheeled_robot/models/cafe/materials/textures/__auto_28.jpg
[1.201s] -- Installing: /home/park/dev_ws/src/two_wheeled_robot/two_wheeled_robot/install/two_wheeled_robot/share/two_wheeled_robot/models/cafe/materials/textures/__auto_22.jpg
[1.201s] -- Installing: /home/park/dev_ws/src/two_wheeled_robot/two_wheeled_robot/install/two_wheeled_robot/share/two_wheeled_robot/models/cafe/materials/textures/__auto_25.jpg
[1.201s] -- Installing: /home/park/dev_ws/src/two_wheeled_robot/two_wheeled_robot/install/two_wheeled_robot/share/two_wheeled_robot/models/cafe/model.sdf
[1.201s] -- Installing: /home/park/dev_ws/src/two_wheeled_robot/two_wheeled_robot/install/two_wheeled_robot/share/two_wheeled_robot/models/cafe/meshes
[1.201s] -- Installing: /home/park/dev_ws/src/two_wheeled_robot/two_wheeled_robot/install/two_wheeled_robot/share/two_wheeled_robot/models/cafe/meshes/cafe.dae
[1.202s] -- Installing: /home/park/dev_ws/src/two_wheeled_robot/two_wheeled_robot/install/two_wheeled_robot/share/two_wheeled_robot/models/cafe/model.config
[1.203s] -- Installing: /home/park/dev_ws/src/two_wheeled_robot/two_wheeled_robot/install/two_wheeled_robot/share/two_wheeled_robot/models/ground_plane
[1.203s] -- Installing: /home/park/dev_ws/src/two_wheeled_robot/two_wheeled_robot/install/two_wheeled_robot/share/two_wheeled_robot/models/ground_plane/model-1_3.sdf
[1.203s] -- Installing: /home/park/dev_ws/src/two_wheeled_robot/two_wheeled_robot/install/two_wheeled_robot/share/two_wheeled_robot/models/ground_plane/model.sdf
[1.203s] -- Installing: /home/park/dev_ws/src/two_wheeled_robot/two_wheeled_robot/install/two_wheeled_robot/share/two_wheeled_robot/models/ground_plane/model-1_2.sdf
[1.203s] -- Installing: /home/park/dev_ws/src/two_wheeled_robot/two_wheeled_robot/install/two_wheeled_robot/share/two_wheeled_robot/models/ground_plane/model-1_4.sdf
[1.203s] -- Installing: /home/park/dev_ws/src/two_wheeled_robot/two_wheeled_robot/install/two_wheeled_robot/share/two_wheeled_robot/models/ground_plane/model.config
[1.203s] [31mCMake Error at cmake_install.cmake:46 (file):
[1.203s]   file INSTALL cannot find
[1.203s]   "/home/park/dev_ws/src/two_wheeled_robot/two_wheeled_robot/params": No such
[1.203s]   file or directory.
[1.203s] 
[1.203s] [0m
[1.205s] Invoked command in '/home/park/dev_ws/src/two_wheeled_robot/two_wheeled_robot/build/two_wheeled_robot' returned '1': CMAKE_PREFIX_PATH=/opt/ros/humble /usr/bin/cmake --install /home/park/dev_ws/src/two_wheeled_robot/two_wheeled_robot/build/two_wheeled_robot
