[0.016s] Invoking command in '/home/park/dev_ws/build/yolo_bringup': AMENT_PREFIX_PATH=/home/park/dev_ws/install/yolo_ros:/home/park/turtlebot3_ws/install/turtlebot3_simulations:/home/park/turtlebot3_ws/install/turtlebot3_gazebo:/home/park/turtlebot3_ws/install/turtlebot3_fake_node:/home/park/turtlebot3_ws/install/my_map_utils:/home/park/dev_ws/install/yolo_bringup:/home/park/dev_ws/install/yolo_msgs:/home/park/dev_ws/install/two_wheeled_robot:/home/park/dev_ws/install/my_test_pkg:/home/park/dev_ws/install/cpp_service_tutorial:/opt/ros/humble CMAKE_PREFIX_PATH=/home/park/dev_ws/install/yolo_msgs:/home/park/turtlebot3_ws/install/turtlebot3_simulations:/home/park/turtlebot3_ws/install/turtlebot3_gazebo:/home/park/turtlebot3_ws/install/turtlebot3_fake_node:/home/park/dev_ws/install/yolo_bringup:/home/park/dev_ws/install/two_wheeled_robot:/home/park/dev_ws/install/my_test_pkg:/home/park/dev_ws/install/cpp_service_tutorial:/home/park/turtlebot3_ws/install/my_map_utils:/home/park/dev_ws/install/yolo_ros:/opt/ros/humble PYTHONPATH=/home/park/dev_ws/install/yolo_ros/lib/python3.10/site-packages:/home/park/turtlebot3_ws/install/my_map_utils/lib/python3.10/site-packages:/home/park/dev_ws/install/yolo_msgs/local/lib/python3.10/dist-packages:/opt/ros/humble/local/lib/python3.10/dist-packages:/opt/ros/humble/lib/python3.10/site-packages /usr/bin/cmake --build /home/park/dev_ws/build/yolo_bringup -- -j22 -l22
[0.060s] Invoked command in '/home/park/dev_ws/build/yolo_bringup' returned '0': AMENT_PREFIX_PATH=/home/park/dev_ws/install/yolo_ros:/home/park/turtlebot3_ws/install/turtlebot3_simulations:/home/park/turtlebot3_ws/install/turtlebot3_gazebo:/home/park/turtlebot3_ws/install/turtlebot3_fake_node:/home/park/turtlebot3_ws/install/my_map_utils:/home/park/dev_ws/install/yolo_bringup:/home/park/dev_ws/install/yolo_msgs:/home/park/dev_ws/install/two_wheeled_robot:/home/park/dev_ws/install/my_test_pkg:/home/park/dev_ws/install/cpp_service_tutorial:/opt/ros/humble CMAKE_PREFIX_PATH=/home/park/dev_ws/install/yolo_msgs:/home/park/turtlebot3_ws/install/turtlebot3_simulations:/home/park/turtlebot3_ws/install/turtlebot3_gazebo:/home/park/turtlebot3_ws/install/turtlebot3_fake_node:/home/park/dev_ws/install/yolo_bringup:/home/park/dev_ws/install/two_wheeled_robot:/home/park/dev_ws/install/my_test_pkg:/home/park/dev_ws/install/cpp_service_tutorial:/home/park/turtlebot3_ws/install/my_map_utils:/home/park/dev_ws/install/yolo_ros:/opt/ros/humble PYTHONPATH=/home/park/dev_ws/install/yolo_ros/lib/python3.10/site-packages:/home/park/turtlebot3_ws/install/my_map_utils/lib/python3.10/site-packages:/home/park/dev_ws/install/yolo_msgs/local/lib/python3.10/dist-packages:/opt/ros/humble/local/lib/python3.10/dist-packages:/opt/ros/humble/lib/python3.10/site-packages /usr/bin/cmake --build /home/park/dev_ws/build/yolo_bringup -- -j22 -l22
[0.062s] Invoking command in '/home/park/dev_ws/build/yolo_bringup': AMENT_PREFIX_PATH=/home/park/dev_ws/install/yolo_ros:/home/park/turtlebot3_ws/install/turtlebot3_simulations:/home/park/turtlebot3_ws/install/turtlebot3_gazebo:/home/park/turtlebot3_ws/install/turtlebot3_fake_node:/home/park/turtlebot3_ws/install/my_map_utils:/home/park/dev_ws/install/yolo_bringup:/home/park/dev_ws/install/yolo_msgs:/home/park/dev_ws/install/two_wheeled_robot:/home/park/dev_ws/install/my_test_pkg:/home/park/dev_ws/install/cpp_service_tutorial:/opt/ros/humble CMAKE_PREFIX_PATH=/home/park/dev_ws/install/yolo_msgs:/home/park/turtlebot3_ws/install/turtlebot3_simulations:/home/park/turtlebot3_ws/install/turtlebot3_gazebo:/home/park/turtlebot3_ws/install/turtlebot3_fake_node:/home/park/dev_ws/install/yolo_bringup:/home/park/dev_ws/install/two_wheeled_robot:/home/park/dev_ws/install/my_test_pkg:/home/park/dev_ws/install/cpp_service_tutorial:/home/park/turtlebot3_ws/install/my_map_utils:/home/park/dev_ws/install/yolo_ros:/opt/ros/humble PYTHONPATH=/home/park/dev_ws/install/yolo_ros/lib/python3.10/site-packages:/home/park/turtlebot3_ws/install/my_map_utils/lib/python3.10/site-packages:/home/park/dev_ws/install/yolo_msgs/local/lib/python3.10/dist-packages:/opt/ros/humble/local/lib/python3.10/dist-packages:/opt/ros/humble/lib/python3.10/site-packages /usr/bin/cmake --install /home/park/dev_ws/build/yolo_bringup
[0.070s] -- Install configuration: ""
[0.070s] -- Up-to-date: /home/park/dev_ws/install/yolo_bringup/share/yolo_bringup//launch
[0.070s] -- Up-to-date: /home/park/dev_ws/install/yolo_bringup/share/yolo_bringup//launch/yolov12.launch.py
[0.070s] -- Up-to-date: /home/park/dev_ws/install/yolo_bringup/share/yolo_bringup//launch/yoloe.launch.py
[0.070s] -- Up-to-date: /home/park/dev_ws/install/yolo_bringup/share/yolo_bringup//launch/yolov11.launch.py
[0.070s] -- Up-to-date: /home/park/dev_ws/install/yolo_bringup/share/yolo_bringup//launch/yolov8.launch.py
[0.070s] -- Up-to-date: /home/park/dev_ws/install/yolo_bringup/share/yolo_bringup//launch/yolo-world.launch.py
[0.071s] -- Up-to-date: /home/park/dev_ws/install/yolo_bringup/share/yolo_bringup//launch/yolov5.launch.py
[0.071s] -- Up-to-date: /home/park/dev_ws/install/yolo_bringup/share/yolo_bringup//launch/yolov10.launch.py
[0.071s] -- Up-to-date: /home/park/dev_ws/install/yolo_bringup/share/yolo_bringup//launch/yolo.launch.py
[0.071s] -- Up-to-date: /home/park/dev_ws/install/yolo_bringup/share/yolo_bringup//launch/yolov9.launch.py
[0.071s] -- Up-to-date: /home/park/dev_ws/install/yolo_bringup/share/ament_index/resource_index/package_run_dependencies/yolo_bringup
[0.071s] -- Up-to-date: /home/park/dev_ws/install/yolo_bringup/share/ament_index/resource_index/parent_prefix_path/yolo_bringup
[0.071s] -- Up-to-date: /home/park/dev_ws/install/yolo_bringup/share/yolo_bringup/environment/ament_prefix_path.sh
[0.071s] -- Up-to-date: /home/park/dev_ws/install/yolo_bringup/share/yolo_bringup/environment/ament_prefix_path.dsv
[0.071s] -- Up-to-date: /home/park/dev_ws/install/yolo_bringup/share/yolo_bringup/environment/path.sh
[0.071s] -- Up-to-date: /home/park/dev_ws/install/yolo_bringup/share/yolo_bringup/environment/path.dsv
[0.071s] -- Up-to-date: /home/park/dev_ws/install/yolo_bringup/share/yolo_bringup/local_setup.bash
[0.071s] -- Up-to-date: /home/park/dev_ws/install/yolo_bringup/share/yolo_bringup/local_setup.sh
[0.071s] -- Up-to-date: /home/park/dev_ws/install/yolo_bringup/share/yolo_bringup/local_setup.zsh
[0.071s] -- Up-to-date: /home/park/dev_ws/install/yolo_bringup/share/yolo_bringup/local_setup.dsv
[0.071s] -- Installing: /home/park/dev_ws/install/yolo_bringup/share/yolo_bringup/package.dsv
[0.071s] -- Up-to-date: /home/park/dev_ws/install/yolo_bringup/share/ament_index/resource_index/packages/yolo_bringup
[0.072s] -- Up-to-date: /home/park/dev_ws/install/yolo_bringup/share/yolo_bringup/cmake/yolo_bringupConfig.cmake
[0.072s] -- Up-to-date: /home/park/dev_ws/install/yolo_bringup/share/yolo_bringup/cmake/yolo_bringupConfig-version.cmake
[0.072s] -- Up-to-date: /home/park/dev_ws/install/yolo_bringup/share/yolo_bringup/package.xml
[0.073s] Invoked command in '/home/park/dev_ws/build/yolo_bringup' returned '0': AMENT_PREFIX_PATH=/home/park/dev_ws/install/yolo_ros:/home/park/turtlebot3_ws/install/turtlebot3_simulations:/home/park/turtlebot3_ws/install/turtlebot3_gazebo:/home/park/turtlebot3_ws/install/turtlebot3_fake_node:/home/park/turtlebot3_ws/install/my_map_utils:/home/park/dev_ws/install/yolo_bringup:/home/park/dev_ws/install/yolo_msgs:/home/park/dev_ws/install/two_wheeled_robot:/home/park/dev_ws/install/my_test_pkg:/home/park/dev_ws/install/cpp_service_tutorial:/opt/ros/humble CMAKE_PREFIX_PATH=/home/park/dev_ws/install/yolo_msgs:/home/park/turtlebot3_ws/install/turtlebot3_simulations:/home/park/turtlebot3_ws/install/turtlebot3_gazebo:/home/park/turtlebot3_ws/install/turtlebot3_fake_node:/home/park/dev_ws/install/yolo_bringup:/home/park/dev_ws/install/two_wheeled_robot:/home/park/dev_ws/install/my_test_pkg:/home/park/dev_ws/install/cpp_service_tutorial:/home/park/turtlebot3_ws/install/my_map_utils:/home/park/dev_ws/install/yolo_ros:/opt/ros/humble PYTHONPATH=/home/park/dev_ws/install/yolo_ros/lib/python3.10/site-packages:/home/park/turtlebot3_ws/install/my_map_utils/lib/python3.10/site-packages:/home/park/dev_ws/install/yolo_msgs/local/lib/python3.10/dist-packages:/opt/ros/humble/local/lib/python3.10/dist-packages:/opt/ros/humble/lib/python3.10/site-packages /usr/bin/cmake --install /home/park/dev_ws/build/yolo_bringup
