[0.014s] Invoking command in '/home/park/dev_ws/build/yolo_bringup': AMENT_PREFIX_PATH=/home/park/dev_ws/install/yolo_ros:/home/park/dev_ws/install/yolo_bringup:/home/park/dev_ws/install/yolo_msgs:/home/park/dev_ws/install/two_wheeled_robot:/home/park/dev_ws/install/my_test_pkg:/home/park/dev_ws/install/cpp_service_tutorial:/opt/ros/humble CMAKE_PREFIX_PATH=/home/park/dev_ws/install/yolo_msgs:/home/park/dev_ws/install/yolo_bringup:/home/park/dev_ws/install/two_wheeled_robot:/home/park/dev_ws/install/my_test_pkg:/home/park/dev_ws/install/cpp_service_tutorial:/home/park/dev_ws/install/yolo_ros:/opt/ros/humble PYTHONPATH=/home/park/dev_ws/install/yolo_ros/lib/python3.10/site-packages:/home/park/dev_ws/build/yolo_ros:/home/park/dev_ws/install/yolo_msgs/local/lib/python3.10/dist-packages:/opt/ros/humble/local/lib/python3.10/dist-packages:/opt/ros/humble/lib/python3.10/site-packages /usr/bin/cmake /home/park/dev_ws/src/yolo_bringup -DCMAKE_INSTALL_PREFIX=/home/park/dev_ws/install/yolo_bringup
[0.031s] -- Found ament_cmake: 1.3.11 (/opt/ros/humble/share/ament_cmake/cmake)
[0.179s] -- Override CMake install command with custom implementation using symlinks instead of copying resources
[0.258s] -- Configuring done
[0.262s] -- Generating done
[0.264s] -- Build files have been written to: /home/park/dev_ws/build/yolo_bringup
[0.270s] Invoked command in '/home/park/dev_ws/build/yolo_bringup' returned '0': AMENT_PREFIX_PATH=/home/park/dev_ws/install/yolo_ros:/home/park/dev_ws/install/yolo_bringup:/home/park/dev_ws/install/yolo_msgs:/home/park/dev_ws/install/two_wheeled_robot:/home/park/dev_ws/install/my_test_pkg:/home/park/dev_ws/install/cpp_service_tutorial:/opt/ros/humble CMAKE_PREFIX_PATH=/home/park/dev_ws/install/yolo_msgs:/home/park/dev_ws/install/yolo_bringup:/home/park/dev_ws/install/two_wheeled_robot:/home/park/dev_ws/install/my_test_pkg:/home/park/dev_ws/install/cpp_service_tutorial:/home/park/dev_ws/install/yolo_ros:/opt/ros/humble PYTHONPATH=/home/park/dev_ws/install/yolo_ros/lib/python3.10/site-packages:/home/park/dev_ws/build/yolo_ros:/home/park/dev_ws/install/yolo_msgs/local/lib/python3.10/dist-packages:/opt/ros/humble/local/lib/python3.10/dist-packages:/opt/ros/humble/lib/python3.10/site-packages /usr/bin/cmake /home/park/dev_ws/src/yolo_bringup -DCMAKE_INSTALL_PREFIX=/home/park/dev_ws/install/yolo_bringup
[0.271s] Invoking command in '/home/park/dev_ws/build/yolo_bringup': AMENT_PREFIX_PATH=/home/park/dev_ws/install/yolo_ros:/home/park/dev_ws/install/yolo_bringup:/home/park/dev_ws/install/yolo_msgs:/home/park/dev_ws/install/two_wheeled_robot:/home/park/dev_ws/install/my_test_pkg:/home/park/dev_ws/install/cpp_service_tutorial:/opt/ros/humble CMAKE_PREFIX_PATH=/home/park/dev_ws/install/yolo_msgs:/home/park/dev_ws/install/yolo_bringup:/home/park/dev_ws/install/two_wheeled_robot:/home/park/dev_ws/install/my_test_pkg:/home/park/dev_ws/install/cpp_service_tutorial:/home/park/dev_ws/install/yolo_ros:/opt/ros/humble PYTHONPATH=/home/park/dev_ws/install/yolo_ros/lib/python3.10/site-packages:/home/park/dev_ws/build/yolo_ros:/home/park/dev_ws/install/yolo_msgs/local/lib/python3.10/dist-packages:/opt/ros/humble/local/lib/python3.10/dist-packages:/opt/ros/humble/lib/python3.10/site-packages /usr/bin/cmake --build /home/park/dev_ws/build/yolo_bringup -- -j22 -l22
[0.316s] Invoked command in '/home/park/dev_ws/build/yolo_bringup' returned '0': AMENT_PREFIX_PATH=/home/park/dev_ws/install/yolo_ros:/home/park/dev_ws/install/yolo_bringup:/home/park/dev_ws/install/yolo_msgs:/home/park/dev_ws/install/two_wheeled_robot:/home/park/dev_ws/install/my_test_pkg:/home/park/dev_ws/install/cpp_service_tutorial:/opt/ros/humble CMAKE_PREFIX_PATH=/home/park/dev_ws/install/yolo_msgs:/home/park/dev_ws/install/yolo_bringup:/home/park/dev_ws/install/two_wheeled_robot:/home/park/dev_ws/install/my_test_pkg:/home/park/dev_ws/install/cpp_service_tutorial:/home/park/dev_ws/install/yolo_ros:/opt/ros/humble PYTHONPATH=/home/park/dev_ws/install/yolo_ros/lib/python3.10/site-packages:/home/park/dev_ws/build/yolo_ros:/home/park/dev_ws/install/yolo_msgs/local/lib/python3.10/dist-packages:/opt/ros/humble/local/lib/python3.10/dist-packages:/opt/ros/humble/lib/python3.10/site-packages /usr/bin/cmake --build /home/park/dev_ws/build/yolo_bringup -- -j22 -l22
[0.318s] Invoking command in '/home/park/dev_ws/build/yolo_bringup': AMENT_PREFIX_PATH=/home/park/dev_ws/install/yolo_ros:/home/park/dev_ws/install/yolo_bringup:/home/park/dev_ws/install/yolo_msgs:/home/park/dev_ws/install/two_wheeled_robot:/home/park/dev_ws/install/my_test_pkg:/home/park/dev_ws/install/cpp_service_tutorial:/opt/ros/humble CMAKE_PREFIX_PATH=/home/park/dev_ws/install/yolo_msgs:/home/park/dev_ws/install/yolo_bringup:/home/park/dev_ws/install/two_wheeled_robot:/home/park/dev_ws/install/my_test_pkg:/home/park/dev_ws/install/cpp_service_tutorial:/home/park/dev_ws/install/yolo_ros:/opt/ros/humble PYTHONPATH=/home/park/dev_ws/install/yolo_ros/lib/python3.10/site-packages:/home/park/dev_ws/build/yolo_ros:/home/park/dev_ws/install/yolo_msgs/local/lib/python3.10/dist-packages:/opt/ros/humble/local/lib/python3.10/dist-packages:/opt/ros/humble/lib/python3.10/site-packages /usr/bin/cmake --install /home/park/dev_ws/build/yolo_bringup
[0.327s] -- Install configuration: ""
[0.328s] -- Execute custom install script
[0.328s] -- Up-to-date symlink: /home/park/dev_ws/install/yolo_bringup/share/yolo_bringup//launch/yolo-world.launch.py
[0.329s] -- Up-to-date symlink: /home/park/dev_ws/install/yolo_bringup/share/yolo_bringup//launch/yolo.launch.py
[0.329s] -- Up-to-date symlink: /home/park/dev_ws/install/yolo_bringup/share/yolo_bringup//launch/yoloe.launch.py
[0.329s] -- Up-to-date symlink: /home/park/dev_ws/install/yolo_bringup/share/yolo_bringup//launch/yolov10.launch.py
[0.329s] -- Up-to-date symlink: /home/park/dev_ws/install/yolo_bringup/share/yolo_bringup//launch/yolov11.launch.py
[0.329s] -- Up-to-date symlink: /home/park/dev_ws/install/yolo_bringup/share/yolo_bringup//launch/yolov12.launch.py
[0.329s] -- Up-to-date symlink: /home/park/dev_ws/install/yolo_bringup/share/yolo_bringup//launch/yolov5.launch.py
[0.329s] -- Up-to-date symlink: /home/park/dev_ws/install/yolo_bringup/share/yolo_bringup//launch/yolov8.launch.py
[0.329s] -- Up-to-date symlink: /home/park/dev_ws/install/yolo_bringup/share/yolo_bringup//launch/yolov9.launch.py
[0.329s] -- Up-to-date symlink: /home/park/dev_ws/install/yolo_bringup/share/ament_index/resource_index/package_run_dependencies/yolo_bringup
[0.330s] -- Up-to-date symlink: /home/park/dev_ws/install/yolo_bringup/share/ament_index/resource_index/parent_prefix_path/yolo_bringup
[0.330s] -- Up-to-date symlink: /home/park/dev_ws/install/yolo_bringup/share/yolo_bringup/environment/ament_prefix_path.sh
[0.330s] -- Up-to-date symlink: /home/park/dev_ws/install/yolo_bringup/share/yolo_bringup/environment/ament_prefix_path.dsv
[0.330s] -- Up-to-date symlink: /home/park/dev_ws/install/yolo_bringup/share/yolo_bringup/environment/path.sh
[0.331s] -- Up-to-date symlink: /home/park/dev_ws/install/yolo_bringup/share/yolo_bringup/environment/path.dsv
[0.331s] -- Up-to-date symlink: /home/park/dev_ws/install/yolo_bringup/share/yolo_bringup/local_setup.bash
[0.331s] -- Up-to-date symlink: /home/park/dev_ws/install/yolo_bringup/share/yolo_bringup/local_setup.sh
[0.331s] -- Up-to-date symlink: /home/park/dev_ws/install/yolo_bringup/share/yolo_bringup/local_setup.zsh
[0.331s] -- Up-to-date symlink: /home/park/dev_ws/install/yolo_bringup/share/yolo_bringup/local_setup.dsv
[0.331s] -- Symlinking: /home/park/dev_ws/install/yolo_bringup/share/yolo_bringup/package.dsv
[0.341s] -- Up-to-date symlink: /home/park/dev_ws/install/yolo_bringup/share/ament_index/resource_index/packages/yolo_bringup
[0.341s] -- Up-to-date symlink: /home/park/dev_ws/install/yolo_bringup/share/yolo_bringup/cmake/yolo_bringupConfig.cmake
[0.341s] -- Up-to-date symlink: /home/park/dev_ws/install/yolo_bringup/share/yolo_bringup/cmake/yolo_bringupConfig-version.cmake
[0.341s] -- Up-to-date symlink: /home/park/dev_ws/install/yolo_bringup/share/yolo_bringup/package.xml
[0.343s] Invoked command in '/home/park/dev_ws/build/yolo_bringup' returned '0': AMENT_PREFIX_PATH=/home/park/dev_ws/install/yolo_ros:/home/park/dev_ws/install/yolo_bringup:/home/park/dev_ws/install/yolo_msgs:/home/park/dev_ws/install/two_wheeled_robot:/home/park/dev_ws/install/my_test_pkg:/home/park/dev_ws/install/cpp_service_tutorial:/opt/ros/humble CMAKE_PREFIX_PATH=/home/park/dev_ws/install/yolo_msgs:/home/park/dev_ws/install/yolo_bringup:/home/park/dev_ws/install/two_wheeled_robot:/home/park/dev_ws/install/my_test_pkg:/home/park/dev_ws/install/cpp_service_tutorial:/home/park/dev_ws/install/yolo_ros:/opt/ros/humble PYTHONPATH=/home/park/dev_ws/install/yolo_ros/lib/python3.10/site-packages:/home/park/dev_ws/build/yolo_ros:/home/park/dev_ws/install/yolo_msgs/local/lib/python3.10/dist-packages:/opt/ros/humble/local/lib/python3.10/dist-packages:/opt/ros/humble/lib/python3.10/site-packages /usr/bin/cmake --install /home/park/dev_ws/build/yolo_bringup
