-- The C compiler identification is GNU 11.4.0
-- The CXX compiler identification is GNU 11.4.0
-- Detecting C compiler ABI info
-- Detecting C compiler ABI info - done
-- Check for working C compiler: /usr/bin/cc - skipped
-- Detecting C compile features
-- Detecting C compile features - done
-- Detecting CXX compiler ABI info
-- Detecting CXX compiler ABI info - done
-- Check for working CXX compiler: /usr/bin/c++ - skipped
-- Detecting CXX compile features
-- Detecting CXX compile features - done
-- Found ament_cmake: 1.3.11 (/opt/ros/humble/share/ament_cmake/cmake)
-- Found Python3: /usr/bin/python3 (found version "3.10.12") found components: Interpreter 
-- Override CMake install command with custom implementation using symlinks instead of copying resources
-- Found ament_lint_auto: 0.12.12 (/opt/ros/humble/share/ament_lint_auto/cmake)
-- Added test 'lint_cmake' to check CMake code style
-- Added test 'xmllint' to check XML markup files
-- Configuring done
-- Generating done
-- Build files have been written to: /home/park/dev_ws/build/cpp_service_tutorial
-- Install configuration: ""
-- Execute custom install script
-- Symlinking: /home/park/dev_ws/install/cpp_service_tutorial/share/ament_index/resource_index/package_run_dependencies/cpp_service_tutorial
-- Symlinking: /home/park/dev_ws/install/cpp_service_tutorial/share/ament_index/resource_index/parent_prefix_path/cpp_service_tutorial
-- Symlinking: /home/park/dev_ws/install/cpp_service_tutorial/share/cpp_service_tutorial/environment/ament_prefix_path.sh
-- Symlinking: /home/park/dev_ws/install/cpp_service_tutorial/share/cpp_service_tutorial/environment/ament_prefix_path.dsv
-- Symlinking: /home/park/dev_ws/install/cpp_service_tutorial/share/cpp_service_tutorial/environment/path.sh
-- Symlinking: /home/park/dev_ws/install/cpp_service_tutorial/share/cpp_service_tutorial/environment/path.dsv
-- Symlinking: /home/park/dev_ws/install/cpp_service_tutorial/share/cpp_service_tutorial/local_setup.bash
-- Symlinking: /home/park/dev_ws/install/cpp_service_tutorial/share/cpp_service_tutorial/local_setup.sh
-- Symlinking: /home/park/dev_ws/install/cpp_service_tutorial/share/cpp_service_tutorial/local_setup.zsh
-- Symlinking: /home/park/dev_ws/install/cpp_service_tutorial/share/cpp_service_tutorial/local_setup.dsv
-- Symlinking: /home/park/dev_ws/install/cpp_service_tutorial/share/cpp_service_tutorial/package.dsv
-- Symlinking: /home/park/dev_ws/install/cpp_service_tutorial/share/ament_index/resource_index/packages/cpp_service_tutorial
-- Symlinking: /home/park/dev_ws/install/cpp_service_tutorial/share/cpp_service_tutorial/cmake/cpp_service_tutorialConfig.cmake
-- Symlinking: /home/park/dev_ws/install/cpp_service_tutorial/share/cpp_service_tutorial/cmake/cpp_service_tutorialConfig-version.cmake
-- Symlinking: /home/park/dev_ws/install/cpp_service_tutorial/share/cpp_service_tutorial/package.xml
