[0.016s] Invoking command in '/home/park/dev_ws/build/cpp_service_tutorial': CMAKE_PREFIX_PATH=${CMAKE_PREFIX_PATH}:/home/park/dev_ws/install/yolo_ros:/opt/ros/humble /usr/bin/cmake /home/park/dev_ws/src/cpp_service_tutorial -DAMENT_CMAKE_SYMLINK_INSTALL=1 -DCMAKE_INSTALL_PREFIX=/home/park/dev_ws/install/cpp_service_tutorial
[0.119s] -- The C compiler identification is GNU 11.4.0
[0.211s] -- The CXX compiler identification is GNU 11.4.0
[0.222s] -- Detecting C compiler ABI info
[0.307s] -- Detecting C compiler ABI info - done
[0.318s] -- Check for working C compiler: /usr/bin/cc - skipped
[0.318s] -- Detecting C compile features
[0.319s] -- Detecting C compile features - done
[0.323s] -- Detecting CXX compiler ABI info
[0.424s] -- Detecting CXX compiler ABI info - done
[0.436s] -- Check for working CXX compiler: /usr/bin/c++ - skipped
[0.436s] -- Detecting CXX compile features
[0.437s] -- Detecting CXX compile features - done
[0.444s] -- Found ament_cmake: 1.3.11 (/opt/ros/humble/share/ament_cmake/cmake)
[0.888s] -- Found Python3: /usr/bin/python3 (found version "3.10.12") found components: Interpreter 
[0.973s] -- Override CMake install command with custom implementation using symlinks instead of copying resources
[1.013s] -- Found ament_lint_auto: 0.12.12 (/opt/ros/humble/share/ament_lint_auto/cmake)
[1.106s] -- Added test 'lint_cmake' to check CMake code style
[1.107s] -- Added test 'xmllint' to check XML markup files
[1.109s] -- Configuring done
[1.112s] -- Generating done
[1.113s] -- Build files have been written to: /home/park/dev_ws/build/cpp_service_tutorial
[1.119s] Invoked command in '/home/park/dev_ws/build/cpp_service_tutorial' returned '0': CMAKE_PREFIX_PATH=${CMAKE_PREFIX_PATH}:/home/park/dev_ws/install/yolo_ros:/opt/ros/humble /usr/bin/cmake /home/park/dev_ws/src/cpp_service_tutorial -DAMENT_CMAKE_SYMLINK_INSTALL=1 -DCMAKE_INSTALL_PREFIX=/home/park/dev_ws/install/cpp_service_tutorial
[1.121s] Invoking command in '/home/park/dev_ws/build/cpp_service_tutorial': CMAKE_PREFIX_PATH=${CMAKE_PREFIX_PATH}:/home/park/dev_ws/install/yolo_ros:/opt/ros/humble /usr/bin/cmake --build /home/park/dev_ws/build/cpp_service_tutorial -- -j22 -l22
[1.161s] Invoked command in '/home/park/dev_ws/build/cpp_service_tutorial' returned '0': CMAKE_PREFIX_PATH=${CMAKE_PREFIX_PATH}:/home/park/dev_ws/install/yolo_ros:/opt/ros/humble /usr/bin/cmake --build /home/park/dev_ws/build/cpp_service_tutorial -- -j22 -l22
[1.173s] Invoking command in '/home/park/dev_ws/build/cpp_service_tutorial': CMAKE_PREFIX_PATH=${CMAKE_PREFIX_PATH}:/home/park/dev_ws/install/yolo_ros:/opt/ros/humble /usr/bin/cmake --install /home/park/dev_ws/build/cpp_service_tutorial
[1.180s] -- Install configuration: ""
[1.180s] -- Execute custom install script
[1.180s] -- Symlinking: /home/park/dev_ws/install/cpp_service_tutorial/share/ament_index/resource_index/package_run_dependencies/cpp_service_tutorial
[1.191s] -- Symlinking: /home/park/dev_ws/install/cpp_service_tutorial/share/ament_index/resource_index/parent_prefix_path/cpp_service_tutorial
[1.199s] -- Symlinking: /home/park/dev_ws/install/cpp_service_tutorial/share/cpp_service_tutorial/environment/ament_prefix_path.sh
[1.213s] -- Symlinking: /home/park/dev_ws/install/cpp_service_tutorial/share/cpp_service_tutorial/environment/ament_prefix_path.dsv
[1.228s] -- Symlinking: /home/park/dev_ws/install/cpp_service_tutorial/share/cpp_service_tutorial/environment/path.sh
[1.236s] -- Symlinking: /home/park/dev_ws/install/cpp_service_tutorial/share/cpp_service_tutorial/environment/path.dsv
[1.245s] -- Symlinking: /home/park/dev_ws/install/cpp_service_tutorial/share/cpp_service_tutorial/local_setup.bash
[1.253s] -- Symlinking: /home/park/dev_ws/install/cpp_service_tutorial/share/cpp_service_tutorial/local_setup.sh
[1.266s] -- Symlinking: /home/park/dev_ws/install/cpp_service_tutorial/share/cpp_service_tutorial/local_setup.zsh
[1.280s] -- Symlinking: /home/park/dev_ws/install/cpp_service_tutorial/share/cpp_service_tutorial/local_setup.dsv
[1.291s] -- Symlinking: /home/park/dev_ws/install/cpp_service_tutorial/share/cpp_service_tutorial/package.dsv
[1.300s] -- Symlinking: /home/park/dev_ws/install/cpp_service_tutorial/share/ament_index/resource_index/packages/cpp_service_tutorial
[1.312s] -- Symlinking: /home/park/dev_ws/install/cpp_service_tutorial/share/cpp_service_tutorial/cmake/cpp_service_tutorialConfig.cmake
[1.321s] -- Symlinking: /home/park/dev_ws/install/cpp_service_tutorial/share/cpp_service_tutorial/cmake/cpp_service_tutorialConfig-version.cmake
[1.332s] -- Symlinking: /home/park/dev_ws/install/cpp_service_tutorial/share/cpp_service_tutorial/package.xml
[1.344s] Invoked command in '/home/park/dev_ws/build/cpp_service_tutorial' returned '0': CMAKE_PREFIX_PATH=${CMAKE_PREFIX_PATH}:/home/park/dev_ws/install/yolo_ros:/opt/ros/humble /usr/bin/cmake --install /home/park/dev_ws/build/cpp_service_tutorial
