[0.045s] Invoking command in '/home/park/dev_ws/build/yolo_msgs': CMAKE_PREFIX_PATH=${CMAKE_PREFIX_PATH}:/home/park/dev_ws/install/yolo_ros:/opt/ros/humble /usr/bin/cmake --build /home/park/dev_ws/build/yolo_msgs -- -j22 -l22
[0.108s] [  0%] Built target yolo_msgs__cpp
[0.108s] [ 12%] Built target yolo_msgs__rosidl_generator_c
[0.116s] [ 12%] Built target ament_cmake_python_symlink_yolo_msgs
[0.137s] [ 24%] Built target yolo_msgs__rosidl_typesupport_cpp
[0.137s] [ 36%] Built target yolo_msgs__rosidl_typesupport_introspection_c
[0.138s] [ 55%] Built target yolo_msgs__rosidl_typesupport_introspection_cpp
[0.138s] [ 60%] Built target yolo_msgs__rosidl_typesupport_c
[0.138s] [ 72%] Built target yolo_msgs__rosidl_typesupport_fastrtps_cpp
[0.141s] [ 84%] Built target yolo_msgs__rosidl_typesupport_fastrtps_c
[0.164s] [ 84%] Built target yolo_msgs
[0.190s] [ 85%] Built target yolo_msgs__py
[0.222s] [ 96%] Built target yolo_msgs__rosidl_generator_py
[0.249s] [ 98%] Built target yolo_msgs__rosidl_typesupport_introspection_c__pyext
[0.250s] [ 99%] Built target yolo_msgs__rosidl_typesupport_c__pyext
[0.251s] [100%] Built target yolo_msgs__rosidl_typesupport_fastrtps_c__pyext
[0.370s] running egg_info
[0.388s] writing yolo_msgs.egg-info/PKG-INFO
[0.389s] writing dependency_links to yolo_msgs.egg-info/dependency_links.txt
[0.389s] writing top-level names to yolo_msgs.egg-info/top_level.txt
[0.458s] reading manifest file 'yolo_msgs.egg-info/SOURCES.txt'
[0.459s] writing manifest file 'yolo_msgs.egg-info/SOURCES.txt'
[0.493s] [100%] Built target ament_cmake_python_build_yolo_msgs_egg
[0.509s] Invoked command in '/home/park/dev_ws/build/yolo_msgs' returned '0': CMAKE_PREFIX_PATH=${CMAKE_PREFIX_PATH}:/home/park/dev_ws/install/yolo_ros:/opt/ros/humble /usr/bin/cmake --build /home/park/dev_ws/build/yolo_msgs -- -j22 -l22
[0.510s] Invoking command in '/home/park/dev_ws/build/yolo_msgs': CMAKE_PREFIX_PATH=${CMAKE_PREFIX_PATH}:/home/park/dev_ws/install/yolo_ros:/opt/ros/humble /usr/bin/cmake --install /home/park/dev_ws/build/yolo_msgs
[0.520s] -- Install configuration: ""
[0.521s] -- Execute custom install script
[0.522s] -- Up-to-date symlink: /home/park/dev_ws/install/yolo_msgs/share/ament_index/resource_index/rosidl_interfaces/yolo_msgs
[0.523s] -- Up-to-date symlink: /home/park/dev_ws/install/yolo_msgs/include/yolo_msgs/yolo_msgs/msg/bounding_box2_d.h
[0.523s] -- Up-to-date symlink: /home/park/dev_ws/install/yolo_msgs/include/yolo_msgs/yolo_msgs/msg/bounding_box3_d.h
[0.524s] -- Up-to-date symlink: /home/park/dev_ws/install/yolo_msgs/include/yolo_msgs/yolo_msgs/msg/detail/bounding_box2_d__functions.h
[0.524s] -- Up-to-date symlink: /home/park/dev_ws/install/yolo_msgs/include/yolo_msgs/yolo_msgs/msg/detail/bounding_box2_d__struct.h
[0.524s] -- Up-to-date symlink: /home/park/dev_ws/install/yolo_msgs/include/yolo_msgs/yolo_msgs/msg/detail/bounding_box2_d__type_support.h
[0.524s] -- Up-to-date symlink: /home/park/dev_ws/install/yolo_msgs/include/yolo_msgs/yolo_msgs/msg/detail/bounding_box3_d__functions.h
[0.525s] -- Up-to-date symlink: /home/park/dev_ws/install/yolo_msgs/include/yolo_msgs/yolo_msgs/msg/detail/bounding_box3_d__struct.h
[0.525s] -- Up-to-date symlink: /home/park/dev_ws/install/yolo_msgs/include/yolo_msgs/yolo_msgs/msg/detail/bounding_box3_d__type_support.h
[0.525s] -- Up-to-date symlink: /home/park/dev_ws/install/yolo_msgs/include/yolo_msgs/yolo_msgs/msg/detail/detection__functions.h
[0.525s] -- Up-to-date symlink: /home/park/dev_ws/install/yolo_msgs/include/yolo_msgs/yolo_msgs/msg/detail/detection__struct.h
[0.525s] -- Up-to-date symlink: /home/park/dev_ws/install/yolo_msgs/include/yolo_msgs/yolo_msgs/msg/detail/detection__type_support.h
[0.525s] -- Up-to-date symlink: /home/park/dev_ws/install/yolo_msgs/include/yolo_msgs/yolo_msgs/msg/detail/detection_array__functions.h
[0.526s] -- Up-to-date symlink: /home/park/dev_ws/install/yolo_msgs/include/yolo_msgs/yolo_msgs/msg/detail/detection_array__struct.h
[0.526s] -- Up-to-date symlink: /home/park/dev_ws/install/yolo_msgs/include/yolo_msgs/yolo_msgs/msg/detail/detection_array__type_support.h
[0.526s] -- Up-to-date symlink: /home/park/dev_ws/install/yolo_msgs/include/yolo_msgs/yolo_msgs/msg/detail/key_point2_d__functions.h
[0.526s] -- Up-to-date symlink: /home/park/dev_ws/install/yolo_msgs/include/yolo_msgs/yolo_msgs/msg/detail/key_point2_d__struct.h
[0.526s] -- Up-to-date symlink: /home/park/dev_ws/install/yolo_msgs/include/yolo_msgs/yolo_msgs/msg/detail/key_point2_d__type_support.h
[0.527s] -- Up-to-date symlink: /home/park/dev_ws/install/yolo_msgs/include/yolo_msgs/yolo_msgs/msg/detail/key_point2_d_array__functions.h
[0.527s] -- Up-to-date symlink: /home/park/dev_ws/install/yolo_msgs/include/yolo_msgs/yolo_msgs/msg/detail/key_point2_d_array__struct.h
[0.527s] -- Up-to-date symlink: /home/park/dev_ws/install/yolo_msgs/include/yolo_msgs/yolo_msgs/msg/detail/key_point2_d_array__type_support.h
[0.527s] -- Up-to-date symlink: /home/park/dev_ws/install/yolo_msgs/include/yolo_msgs/yolo_msgs/msg/detail/key_point3_d__functions.h
[0.527s] -- Up-to-date symlink: /home/park/dev_ws/install/yolo_msgs/include/yolo_msgs/yolo_msgs/msg/detail/key_point3_d__struct.h
[0.528s] -- Up-to-date symlink: /home/park/dev_ws/install/yolo_msgs/include/yolo_msgs/yolo_msgs/msg/detail/key_point3_d__type_support.h
[0.528s] -- Up-to-date symlink: /home/park/dev_ws/install/yolo_msgs/include/yolo_msgs/yolo_msgs/msg/detail/key_point3_d_array__functions.h
[0.528s] -- Up-to-date symlink: /home/park/dev_ws/install/yolo_msgs/include/yolo_msgs/yolo_msgs/msg/detail/key_point3_d_array__struct.h
[0.528s] -- Up-to-date symlink: /home/park/dev_ws/install/yolo_msgs/include/yolo_msgs/yolo_msgs/msg/detail/key_point3_d_array__type_support.h
[0.529s] -- Up-to-date symlink: /home/park/dev_ws/install/yolo_msgs/include/yolo_msgs/yolo_msgs/msg/detail/mask__functions.h
[0.529s] -- Up-to-date symlink: /home/park/dev_ws/install/yolo_msgs/include/yolo_msgs/yolo_msgs/msg/detail/mask__struct.h
[0.529s] -- Up-to-date symlink: /home/park/dev_ws/install/yolo_msgs/include/yolo_msgs/yolo_msgs/msg/detail/mask__type_support.h
[0.530s] -- Up-to-date symlink: /home/park/dev_ws/install/yolo_msgs/include/yolo_msgs/yolo_msgs/msg/detail/point2_d__functions.h
[0.530s] -- Up-to-date symlink: /home/park/dev_ws/install/yolo_msgs/include/yolo_msgs/yolo_msgs/msg/detail/point2_d__struct.h
[0.530s] -- Up-to-date symlink: /home/park/dev_ws/install/yolo_msgs/include/yolo_msgs/yolo_msgs/msg/detail/point2_d__type_support.h
[0.530s] -- Up-to-date symlink: /home/park/dev_ws/install/yolo_msgs/include/yolo_msgs/yolo_msgs/msg/detail/pose2_d__functions.h
[0.531s] -- Up-to-date symlink: /home/park/dev_ws/install/yolo_msgs/include/yolo_msgs/yolo_msgs/msg/detail/pose2_d__struct.h
[0.531s] -- Up-to-date symlink: /home/park/dev_ws/install/yolo_msgs/include/yolo_msgs/yolo_msgs/msg/detail/pose2_d__type_support.h
[0.531s] -- Up-to-date symlink: /home/park/dev_ws/install/yolo_msgs/include/yolo_msgs/yolo_msgs/msg/detail/vector2__functions.h
[0.532s] -- Up-to-date symlink: /home/park/dev_ws/install/yolo_msgs/include/yolo_msgs/yolo_msgs/msg/detail/vector2__struct.h
[0.532s] -- Up-to-date symlink: /home/park/dev_ws/install/yolo_msgs/include/yolo_msgs/yolo_msgs/msg/detail/vector2__type_support.h
[0.532s] -- Up-to-date symlink: /home/park/dev_ws/install/yolo_msgs/include/yolo_msgs/yolo_msgs/msg/detection.h
[0.532s] -- Up-to-date symlink: /home/park/dev_ws/install/yolo_msgs/include/yolo_msgs/yolo_msgs/msg/detection_array.h
[0.533s] -- Up-to-date symlink: /home/park/dev_ws/install/yolo_msgs/include/yolo_msgs/yolo_msgs/msg/key_point2_d.h
[0.533s] -- Up-to-date symlink: /home/park/dev_ws/install/yolo_msgs/include/yolo_msgs/yolo_msgs/msg/key_point2_d_array.h
[0.533s] -- Up-to-date symlink: /home/park/dev_ws/install/yolo_msgs/include/yolo_msgs/yolo_msgs/msg/key_point3_d.h
[0.533s] -- Up-to-date symlink: /home/park/dev_ws/install/yolo_msgs/include/yolo_msgs/yolo_msgs/msg/key_point3_d_array.h
[0.533s] -- Up-to-date symlink: /home/park/dev_ws/install/yolo_msgs/include/yolo_msgs/yolo_msgs/msg/mask.h
[0.534s] -- Up-to-date symlink: /home/park/dev_ws/install/yolo_msgs/include/yolo_msgs/yolo_msgs/msg/point2_d.h
[0.534s] -- Up-to-date symlink: /home/park/dev_ws/install/yolo_msgs/include/yolo_msgs/yolo_msgs/msg/pose2_d.h
[0.534s] -- Up-to-date symlink: /home/park/dev_ws/install/yolo_msgs/include/yolo_msgs/yolo_msgs/msg/rosidl_generator_c__visibility_control.h
[0.534s] -- Up-to-date symlink: /home/park/dev_ws/install/yolo_msgs/include/yolo_msgs/yolo_msgs/msg/vector2.h
[0.535s] -- Up-to-date symlink: /home/park/dev_ws/install/yolo_msgs/include/yolo_msgs/yolo_msgs/srv/detail/set_classes__functions.h
[0.535s] -- Up-to-date symlink: /home/park/dev_ws/install/yolo_msgs/include/yolo_msgs/yolo_msgs/srv/detail/set_classes__struct.h
[0.535s] -- Up-to-date symlink: /home/park/dev_ws/install/yolo_msgs/include/yolo_msgs/yolo_msgs/srv/detail/set_classes__type_support.h
[0.535s] -- Up-to-date symlink: /home/park/dev_ws/install/yolo_msgs/include/yolo_msgs/yolo_msgs/srv/set_classes.h
[0.535s] -- Up-to-date symlink: /home/park/dev_ws/install/yolo_msgs/share/yolo_msgs/environment/library_path.sh
[0.536s] -- Up-to-date symlink: /home/park/dev_ws/install/yolo_msgs/share/yolo_msgs/environment/library_path.dsv
[0.536s] -- Up-to-date symlink: /home/park/dev_ws/install/yolo_msgs/include/yolo_msgs/yolo_msgs/msg/detail/bounding_box2_d__rosidl_typesupport_fastrtps_c.h
[0.537s] -- Up-to-date symlink: /home/park/dev_ws/install/yolo_msgs/include/yolo_msgs/yolo_msgs/msg/detail/bounding_box3_d__rosidl_typesupport_fastrtps_c.h
[0.537s] -- Up-to-date symlink: /home/park/dev_ws/install/yolo_msgs/include/yolo_msgs/yolo_msgs/msg/detail/detection__rosidl_typesupport_fastrtps_c.h
[0.537s] -- Up-to-date symlink: /home/park/dev_ws/install/yolo_msgs/include/yolo_msgs/yolo_msgs/msg/detail/detection_array__rosidl_typesupport_fastrtps_c.h
[0.537s] -- Up-to-date symlink: /home/park/dev_ws/install/yolo_msgs/include/yolo_msgs/yolo_msgs/msg/detail/key_point2_d__rosidl_typesupport_fastrtps_c.h
[0.537s] -- Up-to-date symlink: /home/park/dev_ws/install/yolo_msgs/include/yolo_msgs/yolo_msgs/msg/detail/key_point2_d_array__rosidl_typesupport_fastrtps_c.h
[0.538s] -- Up-to-date symlink: /home/park/dev_ws/install/yolo_msgs/include/yolo_msgs/yolo_msgs/msg/detail/key_point3_d__rosidl_typesupport_fastrtps_c.h
[0.538s] -- Up-to-date symlink: /home/park/dev_ws/install/yolo_msgs/include/yolo_msgs/yolo_msgs/msg/detail/key_point3_d_array__rosidl_typesupport_fastrtps_c.h
[0.538s] -- Up-to-date symlink: /home/park/dev_ws/install/yolo_msgs/include/yolo_msgs/yolo_msgs/msg/detail/mask__rosidl_typesupport_fastrtps_c.h
[0.538s] -- Up-to-date symlink: /home/park/dev_ws/install/yolo_msgs/include/yolo_msgs/yolo_msgs/msg/detail/point2_d__rosidl_typesupport_fastrtps_c.h
[0.538s] -- Up-to-date symlink: /home/park/dev_ws/install/yolo_msgs/include/yolo_msgs/yolo_msgs/msg/detail/pose2_d__rosidl_typesupport_fastrtps_c.h
[0.539s] -- Up-to-date symlink: /home/park/dev_ws/install/yolo_msgs/include/yolo_msgs/yolo_msgs/msg/detail/vector2__rosidl_typesupport_fastrtps_c.h
[0.539s] -- Up-to-date symlink: /home/park/dev_ws/install/yolo_msgs/include/yolo_msgs/yolo_msgs/msg/rosidl_typesupport_fastrtps_c__visibility_control.h
[0.539s] -- Up-to-date symlink: /home/park/dev_ws/install/yolo_msgs/include/yolo_msgs/yolo_msgs/srv/detail/set_classes__rosidl_typesupport_fastrtps_c.h
[0.540s] -- Up-to-date symlink: /home/park/dev_ws/install/yolo_msgs/include/yolo_msgs/yolo_msgs/msg/detail/bounding_box2_d__rosidl_typesupport_introspection_c.h
[0.540s] -- Up-to-date symlink: /home/park/dev_ws/install/yolo_msgs/include/yolo_msgs/yolo_msgs/msg/detail/bounding_box3_d__rosidl_typesupport_introspection_c.h
[0.540s] -- Up-to-date symlink: /home/park/dev_ws/install/yolo_msgs/include/yolo_msgs/yolo_msgs/msg/detail/detection__rosidl_typesupport_introspection_c.h
[0.540s] -- Up-to-date symlink: /home/park/dev_ws/install/yolo_msgs/include/yolo_msgs/yolo_msgs/msg/detail/detection_array__rosidl_typesupport_introspection_c.h
[0.540s] -- Up-to-date symlink: /home/park/dev_ws/install/yolo_msgs/include/yolo_msgs/yolo_msgs/msg/detail/key_point2_d__rosidl_typesupport_introspection_c.h
[0.541s] -- Up-to-date symlink: /home/park/dev_ws/install/yolo_msgs/include/yolo_msgs/yolo_msgs/msg/detail/key_point2_d_array__rosidl_typesupport_introspection_c.h
[0.541s] -- Up-to-date symlink: /home/park/dev_ws/install/yolo_msgs/include/yolo_msgs/yolo_msgs/msg/detail/key_point3_d__rosidl_typesupport_introspection_c.h
[0.541s] -- Up-to-date symlink: /home/park/dev_ws/install/yolo_msgs/include/yolo_msgs/yolo_msgs/msg/detail/key_point3_d_array__rosidl_typesupport_introspection_c.h
[0.541s] -- Up-to-date symlink: /home/park/dev_ws/install/yolo_msgs/include/yolo_msgs/yolo_msgs/msg/detail/mask__rosidl_typesupport_introspection_c.h
[0.541s] -- Up-to-date symlink: /home/park/dev_ws/install/yolo_msgs/include/yolo_msgs/yolo_msgs/msg/detail/point2_d__rosidl_typesupport_introspection_c.h
[0.542s] -- Up-to-date symlink: /home/park/dev_ws/install/yolo_msgs/include/yolo_msgs/yolo_msgs/msg/detail/pose2_d__rosidl_typesupport_introspection_c.h
[0.542s] -- Up-to-date symlink: /home/park/dev_ws/install/yolo_msgs/include/yolo_msgs/yolo_msgs/msg/detail/vector2__rosidl_typesupport_introspection_c.h
[0.542s] -- Up-to-date symlink: /home/park/dev_ws/install/yolo_msgs/include/yolo_msgs/yolo_msgs/msg/rosidl_typesupport_introspection_c__visibility_control.h
[0.542s] -- Up-to-date symlink: /home/park/dev_ws/install/yolo_msgs/include/yolo_msgs/yolo_msgs/srv/detail/set_classes__rosidl_typesupport_introspection_c.h
[0.543s] -- Up-to-date symlink: /home/park/dev_ws/install/yolo_msgs/include/yolo_msgs/yolo_msgs/msg/bounding_box2_d.hpp
[0.544s] -- Up-to-date symlink: /home/park/dev_ws/install/yolo_msgs/include/yolo_msgs/yolo_msgs/msg/bounding_box3_d.hpp
[0.544s] -- Up-to-date symlink: /home/park/dev_ws/install/yolo_msgs/include/yolo_msgs/yolo_msgs/msg/detail/bounding_box2_d__builder.hpp
[0.544s] -- Up-to-date symlink: /home/park/dev_ws/install/yolo_msgs/include/yolo_msgs/yolo_msgs/msg/detail/bounding_box2_d__struct.hpp
[0.544s] -- Up-to-date symlink: /home/park/dev_ws/install/yolo_msgs/include/yolo_msgs/yolo_msgs/msg/detail/bounding_box2_d__traits.hpp
[0.544s] -- Up-to-date symlink: /home/park/dev_ws/install/yolo_msgs/include/yolo_msgs/yolo_msgs/msg/detail/bounding_box2_d__type_support.hpp
[0.544s] -- Up-to-date symlink: /home/park/dev_ws/install/yolo_msgs/include/yolo_msgs/yolo_msgs/msg/detail/bounding_box3_d__builder.hpp
[0.545s] -- Up-to-date symlink: /home/park/dev_ws/install/yolo_msgs/include/yolo_msgs/yolo_msgs/msg/detail/bounding_box3_d__struct.hpp
[0.545s] -- Up-to-date symlink: /home/park/dev_ws/install/yolo_msgs/include/yolo_msgs/yolo_msgs/msg/detail/bounding_box3_d__traits.hpp
[0.545s] -- Up-to-date symlink: /home/park/dev_ws/install/yolo_msgs/include/yolo_msgs/yolo_msgs/msg/detail/bounding_box3_d__type_support.hpp
[0.546s] -- Up-to-date symlink: /home/park/dev_ws/install/yolo_msgs/include/yolo_msgs/yolo_msgs/msg/detail/detection__builder.hpp
[0.546s] -- Up-to-date symlink: /home/park/dev_ws/install/yolo_msgs/include/yolo_msgs/yolo_msgs/msg/detail/detection__struct.hpp
[0.546s] -- Up-to-date symlink: /home/park/dev_ws/install/yolo_msgs/include/yolo_msgs/yolo_msgs/msg/detail/detection__traits.hpp
[0.546s] -- Up-to-date symlink: /home/park/dev_ws/install/yolo_msgs/include/yolo_msgs/yolo_msgs/msg/detail/detection__type_support.hpp
[0.546s] -- Up-to-date symlink: /home/park/dev_ws/install/yolo_msgs/include/yolo_msgs/yolo_msgs/msg/detail/detection_array__builder.hpp
[0.546s] -- Up-to-date symlink: /home/park/dev_ws/install/yolo_msgs/include/yolo_msgs/yolo_msgs/msg/detail/detection_array__struct.hpp
[0.547s] -- Up-to-date symlink: /home/park/dev_ws/install/yolo_msgs/include/yolo_msgs/yolo_msgs/msg/detail/detection_array__traits.hpp
[0.547s] -- Up-to-date symlink: /home/park/dev_ws/install/yolo_msgs/include/yolo_msgs/yolo_msgs/msg/detail/detection_array__type_support.hpp
[0.547s] -- Up-to-date symlink: /home/park/dev_ws/install/yolo_msgs/include/yolo_msgs/yolo_msgs/msg/detail/key_point2_d__builder.hpp
[0.547s] -- Up-to-date symlink: /home/park/dev_ws/install/yolo_msgs/include/yolo_msgs/yolo_msgs/msg/detail/key_point2_d__struct.hpp
[0.547s] -- Up-to-date symlink: /home/park/dev_ws/install/yolo_msgs/include/yolo_msgs/yolo_msgs/msg/detail/key_point2_d__traits.hpp
[0.548s] -- Up-to-date symlink: /home/park/dev_ws/install/yolo_msgs/include/yolo_msgs/yolo_msgs/msg/detail/key_point2_d__type_support.hpp
[0.548s] -- Up-to-date symlink: /home/park/dev_ws/install/yolo_msgs/include/yolo_msgs/yolo_msgs/msg/detail/key_point2_d_array__builder.hpp
[0.548s] -- Up-to-date symlink: /home/park/dev_ws/install/yolo_msgs/include/yolo_msgs/yolo_msgs/msg/detail/key_point2_d_array__struct.hpp
[0.548s] -- Up-to-date symlink: /home/park/dev_ws/install/yolo_msgs/include/yolo_msgs/yolo_msgs/msg/detail/key_point2_d_array__traits.hpp
[0.548s] -- Up-to-date symlink: /home/park/dev_ws/install/yolo_msgs/include/yolo_msgs/yolo_msgs/msg/detail/key_point2_d_array__type_support.hpp
[0.549s] -- Up-to-date symlink: /home/park/dev_ws/install/yolo_msgs/include/yolo_msgs/yolo_msgs/msg/detail/key_point3_d__builder.hpp
[0.549s] -- Up-to-date symlink: /home/park/dev_ws/install/yolo_msgs/include/yolo_msgs/yolo_msgs/msg/detail/key_point3_d__struct.hpp
[0.549s] -- Up-to-date symlink: /home/park/dev_ws/install/yolo_msgs/include/yolo_msgs/yolo_msgs/msg/detail/key_point3_d__traits.hpp
[0.549s] -- Up-to-date symlink: /home/park/dev_ws/install/yolo_msgs/include/yolo_msgs/yolo_msgs/msg/detail/key_point3_d__type_support.hpp
[0.549s] -- Up-to-date symlink: /home/park/dev_ws/install/yolo_msgs/include/yolo_msgs/yolo_msgs/msg/detail/key_point3_d_array__builder.hpp
[0.549s] -- Up-to-date symlink: /home/park/dev_ws/install/yolo_msgs/include/yolo_msgs/yolo_msgs/msg/detail/key_point3_d_array__struct.hpp
[0.550s] -- Up-to-date symlink: /home/park/dev_ws/install/yolo_msgs/include/yolo_msgs/yolo_msgs/msg/detail/key_point3_d_array__traits.hpp
[0.550s] -- Up-to-date symlink: /home/park/dev_ws/install/yolo_msgs/include/yolo_msgs/yolo_msgs/msg/detail/key_point3_d_array__type_support.hpp
[0.550s] -- Up-to-date symlink: /home/park/dev_ws/install/yolo_msgs/include/yolo_msgs/yolo_msgs/msg/detail/mask__builder.hpp
[0.550s] -- Up-to-date symlink: /home/park/dev_ws/install/yolo_msgs/include/yolo_msgs/yolo_msgs/msg/detail/mask__struct.hpp
[0.550s] -- Up-to-date symlink: /home/park/dev_ws/install/yolo_msgs/include/yolo_msgs/yolo_msgs/msg/detail/mask__traits.hpp
[0.551s] -- Up-to-date symlink: /home/park/dev_ws/install/yolo_msgs/include/yolo_msgs/yolo_msgs/msg/detail/mask__type_support.hpp
[0.551s] -- Up-to-date symlink: /home/park/dev_ws/install/yolo_msgs/include/yolo_msgs/yolo_msgs/msg/detail/point2_d__builder.hpp
[0.551s] -- Up-to-date symlink: /home/park/dev_ws/install/yolo_msgs/include/yolo_msgs/yolo_msgs/msg/detail/point2_d__struct.hpp
[0.551s] -- Up-to-date symlink: /home/park/dev_ws/install/yolo_msgs/include/yolo_msgs/yolo_msgs/msg/detail/point2_d__traits.hpp
[0.551s] -- Up-to-date symlink: /home/park/dev_ws/install/yolo_msgs/include/yolo_msgs/yolo_msgs/msg/detail/point2_d__type_support.hpp
[0.552s] -- Up-to-date symlink: /home/park/dev_ws/install/yolo_msgs/include/yolo_msgs/yolo_msgs/msg/detail/pose2_d__builder.hpp
[0.552s] -- Up-to-date symlink: /home/park/dev_ws/install/yolo_msgs/include/yolo_msgs/yolo_msgs/msg/detail/pose2_d__struct.hpp
[0.552s] -- Up-to-date symlink: /home/park/dev_ws/install/yolo_msgs/include/yolo_msgs/yolo_msgs/msg/detail/pose2_d__traits.hpp
[0.552s] -- Up-to-date symlink: /home/park/dev_ws/install/yolo_msgs/include/yolo_msgs/yolo_msgs/msg/detail/pose2_d__type_support.hpp
[0.552s] -- Up-to-date symlink: /home/park/dev_ws/install/yolo_msgs/include/yolo_msgs/yolo_msgs/msg/detail/vector2__builder.hpp
[0.553s] -- Up-to-date symlink: /home/park/dev_ws/install/yolo_msgs/include/yolo_msgs/yolo_msgs/msg/detail/vector2__struct.hpp
[0.553s] -- Up-to-date symlink: /home/park/dev_ws/install/yolo_msgs/include/yolo_msgs/yolo_msgs/msg/detail/vector2__traits.hpp
[0.553s] -- Up-to-date symlink: /home/park/dev_ws/install/yolo_msgs/include/yolo_msgs/yolo_msgs/msg/detail/vector2__type_support.hpp
[0.553s] -- Up-to-date symlink: /home/park/dev_ws/install/yolo_msgs/include/yolo_msgs/yolo_msgs/msg/detection.hpp
[0.554s] -- Up-to-date symlink: /home/park/dev_ws/install/yolo_msgs/include/yolo_msgs/yolo_msgs/msg/detection_array.hpp
[0.554s] -- Up-to-date symlink: /home/park/dev_ws/install/yolo_msgs/include/yolo_msgs/yolo_msgs/msg/key_point2_d.hpp
[0.554s] -- Up-to-date symlink: /home/park/dev_ws/install/yolo_msgs/include/yolo_msgs/yolo_msgs/msg/key_point2_d_array.hpp
[0.554s] -- Up-to-date symlink: /home/park/dev_ws/install/yolo_msgs/include/yolo_msgs/yolo_msgs/msg/key_point3_d.hpp
[0.554s] -- Up-to-date symlink: /home/park/dev_ws/install/yolo_msgs/include/yolo_msgs/yolo_msgs/msg/key_point3_d_array.hpp
[0.555s] -- Up-to-date symlink: /home/park/dev_ws/install/yolo_msgs/include/yolo_msgs/yolo_msgs/msg/mask.hpp
[0.555s] -- Up-to-date symlink: /home/park/dev_ws/install/yolo_msgs/include/yolo_msgs/yolo_msgs/msg/point2_d.hpp
[0.555s] -- Up-to-date symlink: /home/park/dev_ws/install/yolo_msgs/include/yolo_msgs/yolo_msgs/msg/pose2_d.hpp
[0.555s] -- Up-to-date symlink: /home/park/dev_ws/install/yolo_msgs/include/yolo_msgs/yolo_msgs/msg/rosidl_generator_cpp__visibility_control.hpp
[0.555s] -- Up-to-date symlink: /home/park/dev_ws/install/yolo_msgs/include/yolo_msgs/yolo_msgs/msg/vector2.hpp
[0.556s] -- Up-to-date symlink: /home/park/dev_ws/install/yolo_msgs/include/yolo_msgs/yolo_msgs/srv/detail/set_classes__builder.hpp
[0.556s] -- Up-to-date symlink: /home/park/dev_ws/install/yolo_msgs/include/yolo_msgs/yolo_msgs/srv/detail/set_classes__struct.hpp
[0.556s] -- Up-to-date symlink: /home/park/dev_ws/install/yolo_msgs/include/yolo_msgs/yolo_msgs/srv/detail/set_classes__traits.hpp
[0.556s] -- Up-to-date symlink: /home/park/dev_ws/install/yolo_msgs/include/yolo_msgs/yolo_msgs/srv/detail/set_classes__type_support.hpp
[0.556s] -- Up-to-date symlink: /home/park/dev_ws/install/yolo_msgs/include/yolo_msgs/yolo_msgs/srv/set_classes.hpp
[0.557s] -- Up-to-date symlink: /home/park/dev_ws/install/yolo_msgs/include/yolo_msgs/yolo_msgs/msg/detail/bounding_box2_d__rosidl_typesupport_fastrtps_cpp.hpp
[0.558s] -- Up-to-date symlink: /home/park/dev_ws/install/yolo_msgs/include/yolo_msgs/yolo_msgs/msg/detail/bounding_box3_d__rosidl_typesupport_fastrtps_cpp.hpp
[0.558s] -- Up-to-date symlink: /home/park/dev_ws/install/yolo_msgs/include/yolo_msgs/yolo_msgs/msg/detail/detection__rosidl_typesupport_fastrtps_cpp.hpp
[0.558s] -- Up-to-date symlink: /home/park/dev_ws/install/yolo_msgs/include/yolo_msgs/yolo_msgs/msg/detail/detection_array__rosidl_typesupport_fastrtps_cpp.hpp
[0.558s] -- Up-to-date symlink: /home/park/dev_ws/install/yolo_msgs/include/yolo_msgs/yolo_msgs/msg/detail/key_point2_d__rosidl_typesupport_fastrtps_cpp.hpp
[0.559s] -- Up-to-date symlink: /home/park/dev_ws/install/yolo_msgs/include/yolo_msgs/yolo_msgs/msg/detail/key_point2_d_array__rosidl_typesupport_fastrtps_cpp.hpp
[0.559s] -- Up-to-date symlink: /home/park/dev_ws/install/yolo_msgs/include/yolo_msgs/yolo_msgs/msg/detail/key_point3_d__rosidl_typesupport_fastrtps_cpp.hpp
[0.559s] -- Up-to-date symlink: /home/park/dev_ws/install/yolo_msgs/include/yolo_msgs/yolo_msgs/msg/detail/key_point3_d_array__rosidl_typesupport_fastrtps_cpp.hpp
[0.559s] -- Up-to-date symlink: /home/park/dev_ws/install/yolo_msgs/include/yolo_msgs/yolo_msgs/msg/detail/mask__rosidl_typesupport_fastrtps_cpp.hpp
[0.559s] -- Up-to-date symlink: /home/park/dev_ws/install/yolo_msgs/include/yolo_msgs/yolo_msgs/msg/detail/point2_d__rosidl_typesupport_fastrtps_cpp.hpp
[0.559s] -- Up-to-date symlink: /home/park/dev_ws/install/yolo_msgs/include/yolo_msgs/yolo_msgs/msg/detail/pose2_d__rosidl_typesupport_fastrtps_cpp.hpp
[0.560s] -- Up-to-date symlink: /home/park/dev_ws/install/yolo_msgs/include/yolo_msgs/yolo_msgs/msg/detail/vector2__rosidl_typesupport_fastrtps_cpp.hpp
[0.560s] -- Up-to-date symlink: /home/park/dev_ws/install/yolo_msgs/include/yolo_msgs/yolo_msgs/msg/rosidl_typesupport_fastrtps_cpp__visibility_control.h
[0.560s] -- Up-to-date symlink: /home/park/dev_ws/install/yolo_msgs/include/yolo_msgs/yolo_msgs/srv/detail/set_classes__rosidl_typesupport_fastrtps_cpp.hpp
[0.561s] -- Up-to-date symlink: /home/park/dev_ws/install/yolo_msgs/include/yolo_msgs/yolo_msgs/msg/detail/bounding_box2_d__rosidl_typesupport_introspection_cpp.hpp
[0.561s] -- Up-to-date symlink: /home/park/dev_ws/install/yolo_msgs/include/yolo_msgs/yolo_msgs/msg/detail/bounding_box3_d__rosidl_typesupport_introspection_cpp.hpp
[0.561s] -- Up-to-date symlink: /home/park/dev_ws/install/yolo_msgs/include/yolo_msgs/yolo_msgs/msg/detail/detection__rosidl_typesupport_introspection_cpp.hpp
[0.561s] -- Up-to-date symlink: /home/park/dev_ws/install/yolo_msgs/include/yolo_msgs/yolo_msgs/msg/detail/detection_array__rosidl_typesupport_introspection_cpp.hpp
[0.561s] -- Up-to-date symlink: /home/park/dev_ws/install/yolo_msgs/include/yolo_msgs/yolo_msgs/msg/detail/key_point2_d__rosidl_typesupport_introspection_cpp.hpp
[0.562s] -- Up-to-date symlink: /home/park/dev_ws/install/yolo_msgs/include/yolo_msgs/yolo_msgs/msg/detail/key_point2_d_array__rosidl_typesupport_introspection_cpp.hpp
[0.562s] -- Up-to-date symlink: /home/park/dev_ws/install/yolo_msgs/include/yolo_msgs/yolo_msgs/msg/detail/key_point3_d__rosidl_typesupport_introspection_cpp.hpp
[0.562s] -- Up-to-date symlink: /home/park/dev_ws/install/yolo_msgs/include/yolo_msgs/yolo_msgs/msg/detail/key_point3_d_array__rosidl_typesupport_introspection_cpp.hpp
[0.562s] -- Up-to-date symlink: /home/park/dev_ws/install/yolo_msgs/include/yolo_msgs/yolo_msgs/msg/detail/mask__rosidl_typesupport_introspection_cpp.hpp
[0.562s] -- Up-to-date symlink: /home/park/dev_ws/install/yolo_msgs/include/yolo_msgs/yolo_msgs/msg/detail/point2_d__rosidl_typesupport_introspection_cpp.hpp
[0.563s] -- Up-to-date symlink: /home/park/dev_ws/install/yolo_msgs/include/yolo_msgs/yolo_msgs/msg/detail/pose2_d__rosidl_typesupport_introspection_cpp.hpp
[0.563s] -- Up-to-date symlink: /home/park/dev_ws/install/yolo_msgs/include/yolo_msgs/yolo_msgs/msg/detail/vector2__rosidl_typesupport_introspection_cpp.hpp
[0.563s] -- Up-to-date symlink: /home/park/dev_ws/install/yolo_msgs/include/yolo_msgs/yolo_msgs/srv/detail/set_classes__rosidl_typesupport_introspection_cpp.hpp
[0.563s] -- Up-to-date symlink: /home/park/dev_ws/install/yolo_msgs/share/yolo_msgs/environment/pythonpath.sh
[0.563s] -- Up-to-date symlink: /home/park/dev_ws/install/yolo_msgs/share/yolo_msgs/environment/pythonpath.dsv
[0.564s] -- Up-to-date symlink: /home/park/dev_ws/install/yolo_msgs/local/lib/python3.10/dist-packages/yolo_msgs-4.3.1-py3.10.egg-info/PKG-INFO
[0.564s] -- Up-to-date symlink: /home/park/dev_ws/install/yolo_msgs/local/lib/python3.10/dist-packages/yolo_msgs-4.3.1-py3.10.egg-info/SOURCES.txt
[0.564s] -- Up-to-date symlink: /home/park/dev_ws/install/yolo_msgs/local/lib/python3.10/dist-packages/yolo_msgs-4.3.1-py3.10.egg-info/dependency_links.txt
[0.564s] -- Up-to-date symlink: /home/park/dev_ws/install/yolo_msgs/local/lib/python3.10/dist-packages/yolo_msgs-4.3.1-py3.10.egg-info/top_level.txt
[0.566s] -- Up-to-date symlink: /home/park/dev_ws/install/yolo_msgs/local/lib/python3.10/dist-packages/yolo_msgs/__init__.py
[0.566s] -- Up-to-date symlink: /home/park/dev_ws/install/yolo_msgs/local/lib/python3.10/dist-packages/yolo_msgs/_yolo_msgs_s.ep.rosidl_typesupport_c.c
[0.566s] -- Up-to-date symlink: /home/park/dev_ws/install/yolo_msgs/local/lib/python3.10/dist-packages/yolo_msgs/_yolo_msgs_s.ep.rosidl_typesupport_fastrtps_c.c
[0.566s] -- Up-to-date symlink: /home/park/dev_ws/install/yolo_msgs/local/lib/python3.10/dist-packages/yolo_msgs/_yolo_msgs_s.ep.rosidl_typesupport_introspection_c.c
[0.566s] -- Up-to-date symlink: /home/park/dev_ws/install/yolo_msgs/local/lib/python3.10/dist-packages/yolo_msgs/libyolo_msgs__rosidl_generator_py.so
[0.567s] -- Up-to-date symlink: /home/park/dev_ws/install/yolo_msgs/local/lib/python3.10/dist-packages/yolo_msgs/msg/__init__.py
[0.567s] -- Up-to-date symlink: /home/park/dev_ws/install/yolo_msgs/local/lib/python3.10/dist-packages/yolo_msgs/msg/_bounding_box2_d.py
[0.567s] -- Up-to-date symlink: /home/park/dev_ws/install/yolo_msgs/local/lib/python3.10/dist-packages/yolo_msgs/msg/_bounding_box2_d_s.c
[0.567s] -- Up-to-date symlink: /home/park/dev_ws/install/yolo_msgs/local/lib/python3.10/dist-packages/yolo_msgs/msg/_bounding_box3_d.py
[0.568s] -- Up-to-date symlink: /home/park/dev_ws/install/yolo_msgs/local/lib/python3.10/dist-packages/yolo_msgs/msg/_bounding_box3_d_s.c
[0.568s] -- Up-to-date symlink: /home/park/dev_ws/install/yolo_msgs/local/lib/python3.10/dist-packages/yolo_msgs/msg/_detection.py
[0.568s] -- Up-to-date symlink: /home/park/dev_ws/install/yolo_msgs/local/lib/python3.10/dist-packages/yolo_msgs/msg/_detection_array.py
[0.568s] -- Up-to-date symlink: /home/park/dev_ws/install/yolo_msgs/local/lib/python3.10/dist-packages/yolo_msgs/msg/_detection_array_s.c
[0.568s] -- Up-to-date symlink: /home/park/dev_ws/install/yolo_msgs/local/lib/python3.10/dist-packages/yolo_msgs/msg/_detection_s.c
[0.568s] -- Up-to-date symlink: /home/park/dev_ws/install/yolo_msgs/local/lib/python3.10/dist-packages/yolo_msgs/msg/_key_point2_d.py
[0.569s] -- Up-to-date symlink: /home/park/dev_ws/install/yolo_msgs/local/lib/python3.10/dist-packages/yolo_msgs/msg/_key_point2_d_array.py
[0.569s] -- Up-to-date symlink: /home/park/dev_ws/install/yolo_msgs/local/lib/python3.10/dist-packages/yolo_msgs/msg/_key_point2_d_array_s.c
[0.569s] -- Up-to-date symlink: /home/park/dev_ws/install/yolo_msgs/local/lib/python3.10/dist-packages/yolo_msgs/msg/_key_point2_d_s.c
[0.569s] -- Up-to-date symlink: /home/park/dev_ws/install/yolo_msgs/local/lib/python3.10/dist-packages/yolo_msgs/msg/_key_point3_d.py
[0.569s] -- Up-to-date symlink: /home/park/dev_ws/install/yolo_msgs/local/lib/python3.10/dist-packages/yolo_msgs/msg/_key_point3_d_array.py
[0.570s] -- Up-to-date symlink: /home/park/dev_ws/install/yolo_msgs/local/lib/python3.10/dist-packages/yolo_msgs/msg/_key_point3_d_array_s.c
[0.570s] -- Up-to-date symlink: /home/park/dev_ws/install/yolo_msgs/local/lib/python3.10/dist-packages/yolo_msgs/msg/_key_point3_d_s.c
[0.570s] -- Up-to-date symlink: /home/park/dev_ws/install/yolo_msgs/local/lib/python3.10/dist-packages/yolo_msgs/msg/_mask.py
[0.570s] -- Up-to-date symlink: /home/park/dev_ws/install/yolo_msgs/local/lib/python3.10/dist-packages/yolo_msgs/msg/_mask_s.c
[0.570s] -- Up-to-date symlink: /home/park/dev_ws/install/yolo_msgs/local/lib/python3.10/dist-packages/yolo_msgs/msg/_point2_d.py
[0.571s] -- Up-to-date symlink: /home/park/dev_ws/install/yolo_msgs/local/lib/python3.10/dist-packages/yolo_msgs/msg/_point2_d_s.c
[0.571s] -- Up-to-date symlink: /home/park/dev_ws/install/yolo_msgs/local/lib/python3.10/dist-packages/yolo_msgs/msg/_pose2_d.py
[0.571s] -- Up-to-date symlink: /home/park/dev_ws/install/yolo_msgs/local/lib/python3.10/dist-packages/yolo_msgs/msg/_pose2_d_s.c
[0.571s] -- Up-to-date symlink: /home/park/dev_ws/install/yolo_msgs/local/lib/python3.10/dist-packages/yolo_msgs/msg/_vector2.py
[0.571s] -- Up-to-date symlink: /home/park/dev_ws/install/yolo_msgs/local/lib/python3.10/dist-packages/yolo_msgs/msg/_vector2_s.c
[0.572s] -- Up-to-date symlink: /home/park/dev_ws/install/yolo_msgs/local/lib/python3.10/dist-packages/yolo_msgs/srv/__init__.py
[0.572s] -- Up-to-date symlink: /home/park/dev_ws/install/yolo_msgs/local/lib/python3.10/dist-packages/yolo_msgs/srv/_set_classes.py
[0.572s] -- Up-to-date symlink: /home/park/dev_ws/install/yolo_msgs/local/lib/python3.10/dist-packages/yolo_msgs/srv/_set_classes_s.c
[0.572s] -- Up-to-date symlink: /home/park/dev_ws/install/yolo_msgs/local/lib/python3.10/dist-packages/yolo_msgs/yolo_msgs_s__rosidl_typesupport_c.cpython-310-x86_64-linux-gnu.so
[0.572s] -- Up-to-date symlink: /home/park/dev_ws/install/yolo_msgs/local/lib/python3.10/dist-packages/yolo_msgs/yolo_msgs_s__rosidl_typesupport_fastrtps_c.cpython-310-x86_64-linux-gnu.so
[0.573s] -- Up-to-date symlink: /home/park/dev_ws/install/yolo_msgs/local/lib/python3.10/dist-packages/yolo_msgs/yolo_msgs_s__rosidl_typesupport_introspection_c.cpython-310-x86_64-linux-gnu.so
[0.573s] -- Up-to-date symlink: /home/park/dev_ws/install/yolo_msgs/local/lib/python3.10/dist-packages/yolo_msgs/yolo_msgs_s__rosidl_typesupport_fastrtps_c.cpython-310-x86_64-linux-gnu.so
[0.573s] -- Up-to-date symlink: /home/park/dev_ws/install/yolo_msgs/local/lib/python3.10/dist-packages/yolo_msgs/yolo_msgs_s__rosidl_typesupport_introspection_c.cpython-310-x86_64-linux-gnu.so
[0.573s] -- Up-to-date symlink: /home/park/dev_ws/install/yolo_msgs/local/lib/python3.10/dist-packages/yolo_msgs/yolo_msgs_s__rosidl_typesupport_c.cpython-310-x86_64-linux-gnu.so
[0.574s] -- Up-to-date symlink: /home/park/dev_ws/install/yolo_msgs/share/yolo_msgs/msg/Point2D.idl
[0.574s] -- Up-to-date symlink: /home/park/dev_ws/install/yolo_msgs/share/yolo_msgs/msg/Vector2.idl
[0.574s] -- Up-to-date symlink: /home/park/dev_ws/install/yolo_msgs/share/yolo_msgs/msg/Pose2D.idl
[0.574s] -- Up-to-date symlink: /home/park/dev_ws/install/yolo_msgs/share/yolo_msgs/msg/BoundingBox2D.idl
[0.575s] -- Up-to-date symlink: /home/park/dev_ws/install/yolo_msgs/share/yolo_msgs/msg/BoundingBox3D.idl
[0.575s] -- Up-to-date symlink: /home/park/dev_ws/install/yolo_msgs/share/yolo_msgs/msg/Mask.idl
[0.575s] -- Up-to-date symlink: /home/park/dev_ws/install/yolo_msgs/share/yolo_msgs/msg/KeyPoint2D.idl
[0.575s] -- Up-to-date symlink: /home/park/dev_ws/install/yolo_msgs/share/yolo_msgs/msg/KeyPoint2DArray.idl
[0.576s] -- Up-to-date symlink: /home/park/dev_ws/install/yolo_msgs/share/yolo_msgs/msg/KeyPoint3D.idl
[0.576s] -- Up-to-date symlink: /home/park/dev_ws/install/yolo_msgs/share/yolo_msgs/msg/KeyPoint3DArray.idl
[0.576s] -- Up-to-date symlink: /home/park/dev_ws/install/yolo_msgs/share/yolo_msgs/msg/Detection.idl
[0.576s] -- Up-to-date symlink: /home/park/dev_ws/install/yolo_msgs/share/yolo_msgs/msg/DetectionArray.idl
[0.577s] -- Up-to-date symlink: /home/park/dev_ws/install/yolo_msgs/share/yolo_msgs/srv/SetClasses.idl
[0.577s] -- Up-to-date symlink: /home/park/dev_ws/install/yolo_msgs/share/yolo_msgs/msg/Point2D.msg
[0.577s] -- Up-to-date symlink: /home/park/dev_ws/install/yolo_msgs/share/yolo_msgs/msg/Vector2.msg
[0.577s] -- Up-to-date symlink: /home/park/dev_ws/install/yolo_msgs/share/yolo_msgs/msg/Pose2D.msg
[0.577s] -- Up-to-date symlink: /home/park/dev_ws/install/yolo_msgs/share/yolo_msgs/msg/BoundingBox2D.msg
[0.577s] -- Up-to-date symlink: /home/park/dev_ws/install/yolo_msgs/share/yolo_msgs/msg/BoundingBox3D.msg
[0.577s] -- Up-to-date symlink: /home/park/dev_ws/install/yolo_msgs/share/yolo_msgs/msg/Mask.msg
[0.578s] -- Up-to-date symlink: /home/park/dev_ws/install/yolo_msgs/share/yolo_msgs/msg/KeyPoint2D.msg
[0.578s] -- Up-to-date symlink: /home/park/dev_ws/install/yolo_msgs/share/yolo_msgs/msg/KeyPoint2DArray.msg
[0.578s] -- Up-to-date symlink: /home/park/dev_ws/install/yolo_msgs/share/yolo_msgs/msg/KeyPoint3D.msg
[0.578s] -- Up-to-date symlink: /home/park/dev_ws/install/yolo_msgs/share/yolo_msgs/msg/KeyPoint3DArray.msg
[0.578s] -- Up-to-date symlink: /home/park/dev_ws/install/yolo_msgs/share/yolo_msgs/msg/Detection.msg
[0.578s] -- Up-to-date symlink: /home/park/dev_ws/install/yolo_msgs/share/yolo_msgs/msg/DetectionArray.msg
[0.578s] -- Up-to-date symlink: /home/park/dev_ws/install/yolo_msgs/share/yolo_msgs/srv/SetClasses.srv
[0.579s] -- Up-to-date symlink: /home/park/dev_ws/install/yolo_msgs/share/yolo_msgs/srv/SetClasses_Request.msg
[0.579s] -- Up-to-date symlink: /home/park/dev_ws/install/yolo_msgs/share/yolo_msgs/srv/SetClasses_Response.msg
[0.579s] -- Up-to-date symlink: /home/park/dev_ws/install/yolo_msgs/share/ament_index/resource_index/package_run_dependencies/yolo_msgs
[0.579s] -- Up-to-date symlink: /home/park/dev_ws/install/yolo_msgs/share/ament_index/resource_index/parent_prefix_path/yolo_msgs
[0.579s] -- Up-to-date symlink: /home/park/dev_ws/install/yolo_msgs/share/yolo_msgs/environment/ament_prefix_path.sh
[0.580s] -- Up-to-date symlink: /home/park/dev_ws/install/yolo_msgs/share/yolo_msgs/environment/ament_prefix_path.dsv
[0.580s] -- Up-to-date symlink: /home/park/dev_ws/install/yolo_msgs/share/yolo_msgs/environment/path.sh
[0.580s] -- Up-to-date symlink: /home/park/dev_ws/install/yolo_msgs/share/yolo_msgs/environment/path.dsv
[0.580s] -- Up-to-date symlink: /home/park/dev_ws/install/yolo_msgs/share/yolo_msgs/local_setup.bash
[0.580s] -- Up-to-date symlink: /home/park/dev_ws/install/yolo_msgs/share/yolo_msgs/local_setup.sh
[0.581s] -- Up-to-date symlink: /home/park/dev_ws/install/yolo_msgs/share/yolo_msgs/local_setup.zsh
[0.581s] -- Up-to-date symlink: /home/park/dev_ws/install/yolo_msgs/share/yolo_msgs/local_setup.dsv
[0.581s] -- Symlinking: /home/park/dev_ws/install/yolo_msgs/share/yolo_msgs/package.dsv
[0.592s] -- Up-to-date symlink: /home/park/dev_ws/install/yolo_msgs/share/ament_index/resource_index/packages/yolo_msgs
[0.592s] -- Up-to-date symlink: /home/park/dev_ws/install/yolo_msgs/share/yolo_msgs/cmake/rosidl_cmake-extras.cmake
[0.592s] -- Up-to-date symlink: /home/park/dev_ws/install/yolo_msgs/share/yolo_msgs/cmake/ament_cmake_export_dependencies-extras.cmake
[0.593s] -- Up-to-date symlink: /home/park/dev_ws/install/yolo_msgs/share/yolo_msgs/cmake/ament_cmake_export_include_directories-extras.cmake
[0.593s] -- Up-to-date symlink: /home/park/dev_ws/install/yolo_msgs/share/yolo_msgs/cmake/ament_cmake_export_libraries-extras.cmake
[0.593s] -- Up-to-date symlink: /home/park/dev_ws/install/yolo_msgs/share/yolo_msgs/cmake/ament_cmake_export_targets-extras.cmake
[0.593s] -- Up-to-date symlink: /home/park/dev_ws/install/yolo_msgs/share/yolo_msgs/cmake/rosidl_cmake_export_typesupport_targets-extras.cmake
[0.594s] -- Up-to-date symlink: /home/park/dev_ws/install/yolo_msgs/share/yolo_msgs/cmake/rosidl_cmake_export_typesupport_libraries-extras.cmake
[0.594s] -- Up-to-date symlink: /home/park/dev_ws/install/yolo_msgs/share/yolo_msgs/cmake/yolo_msgsConfig.cmake
[0.594s] -- Up-to-date symlink: /home/park/dev_ws/install/yolo_msgs/share/yolo_msgs/cmake/yolo_msgsConfig-version.cmake
[0.594s] -- Up-to-date symlink: /home/park/dev_ws/install/yolo_msgs/share/yolo_msgs/package.xml
[0.595s] -- Up-to-date: /home/park/dev_ws/install/yolo_msgs/lib/libyolo_msgs__rosidl_generator_c.so
[0.595s] -- Up-to-date: /home/park/dev_ws/install/yolo_msgs/lib/libyolo_msgs__rosidl_typesupport_fastrtps_c.so
[0.596s] -- Up-to-date: /home/park/dev_ws/install/yolo_msgs/lib/libyolo_msgs__rosidl_typesupport_introspection_c.so
[0.597s] -- Up-to-date: /home/park/dev_ws/install/yolo_msgs/lib/libyolo_msgs__rosidl_typesupport_c.so
[0.597s] -- Up-to-date: /home/park/dev_ws/install/yolo_msgs/lib/libyolo_msgs__rosidl_typesupport_fastrtps_cpp.so
[0.598s] -- Up-to-date: /home/park/dev_ws/install/yolo_msgs/lib/libyolo_msgs__rosidl_typesupport_introspection_cpp.so
[0.598s] -- Up-to-date: /home/park/dev_ws/install/yolo_msgs/lib/libyolo_msgs__rosidl_typesupport_cpp.so
[0.647s] Listing '/home/park/dev_ws/install/yolo_msgs/local/lib/python3.10/dist-packages/yolo_msgs'...
[0.647s] Compiling '/home/park/dev_ws/install/yolo_msgs/local/lib/python3.10/dist-packages/yolo_msgs/__init__.py'...
[0.647s] Listing '/home/park/dev_ws/install/yolo_msgs/local/lib/python3.10/dist-packages/yolo_msgs/msg'...
[0.648s] Listing '/home/park/dev_ws/install/yolo_msgs/local/lib/python3.10/dist-packages/yolo_msgs/srv'...
[0.653s] -- Up-to-date: /home/park/dev_ws/install/yolo_msgs/lib/libyolo_msgs__rosidl_generator_py.so
[0.653s] -- Up-to-date: /home/park/dev_ws/install/yolo_msgs/share/yolo_msgs/cmake/export_yolo_msgs__rosidl_generator_cExport.cmake
[0.653s] -- Up-to-date: /home/park/dev_ws/install/yolo_msgs/share/yolo_msgs/cmake/export_yolo_msgs__rosidl_generator_cExport-noconfig.cmake
[0.654s] -- Up-to-date: /home/park/dev_ws/install/yolo_msgs/share/yolo_msgs/cmake/export_yolo_msgs__rosidl_typesupport_fastrtps_cExport.cmake
[0.654s] -- Up-to-date: /home/park/dev_ws/install/yolo_msgs/share/yolo_msgs/cmake/export_yolo_msgs__rosidl_typesupport_fastrtps_cExport-noconfig.cmake
[0.654s] -- Up-to-date: /home/park/dev_ws/install/yolo_msgs/share/yolo_msgs/cmake/yolo_msgs__rosidl_typesupport_introspection_cExport.cmake
[0.654s] -- Up-to-date: /home/park/dev_ws/install/yolo_msgs/share/yolo_msgs/cmake/yolo_msgs__rosidl_typesupport_introspection_cExport-noconfig.cmake
[0.655s] -- Up-to-date: /home/park/dev_ws/install/yolo_msgs/share/yolo_msgs/cmake/yolo_msgs__rosidl_typesupport_cExport.cmake
[0.655s] -- Up-to-date: /home/park/dev_ws/install/yolo_msgs/share/yolo_msgs/cmake/yolo_msgs__rosidl_typesupport_cExport-noconfig.cmake
[0.655s] -- Up-to-date: /home/park/dev_ws/install/yolo_msgs/share/yolo_msgs/cmake/export_yolo_msgs__rosidl_generator_cppExport.cmake
[0.655s] -- Up-to-date: /home/park/dev_ws/install/yolo_msgs/share/yolo_msgs/cmake/export_yolo_msgs__rosidl_typesupport_fastrtps_cppExport.cmake
[0.655s] -- Up-to-date: /home/park/dev_ws/install/yolo_msgs/share/yolo_msgs/cmake/export_yolo_msgs__rosidl_typesupport_fastrtps_cppExport-noconfig.cmake
[0.655s] -- Up-to-date: /home/park/dev_ws/install/yolo_msgs/share/yolo_msgs/cmake/yolo_msgs__rosidl_typesupport_introspection_cppExport.cmake
[0.655s] -- Up-to-date: /home/park/dev_ws/install/yolo_msgs/share/yolo_msgs/cmake/yolo_msgs__rosidl_typesupport_introspection_cppExport-noconfig.cmake
[0.655s] -- Up-to-date: /home/park/dev_ws/install/yolo_msgs/share/yolo_msgs/cmake/yolo_msgs__rosidl_typesupport_cppExport.cmake
[0.655s] -- Up-to-date: /home/park/dev_ws/install/yolo_msgs/share/yolo_msgs/cmake/yolo_msgs__rosidl_typesupport_cppExport-noconfig.cmake
[0.656s] -- Up-to-date: /home/park/dev_ws/install/yolo_msgs/share/yolo_msgs/cmake/export_yolo_msgs__rosidl_generator_pyExport.cmake
[0.656s] -- Up-to-date: /home/park/dev_ws/install/yolo_msgs/share/yolo_msgs/cmake/export_yolo_msgs__rosidl_generator_pyExport-noconfig.cmake
[0.659s] Invoked command in '/home/park/dev_ws/build/yolo_msgs' returned '0': CMAKE_PREFIX_PATH=${CMAKE_PREFIX_PATH}:/home/park/dev_ws/install/yolo_ros:/opt/ros/humble /usr/bin/cmake --install /home/park/dev_ws/build/yolo_msgs
