[0.111s] DEBUG:colcon:Command line arguments: ['/usr/bin/colcon', 'build', '--packages-select', 'two_wheeled_robot']
[0.111s] DEBUG:colcon:Parsed command line arguments: Namespace(log_base=None, log_level=None, verb_name='build', build_base='build', install_base='install', merge_install=False, symlink_install=False, test_result_base=None, continue_on_error=False, executor='parallel', parallel_workers=22, event_handlers=None, ignore_user_meta=False, metas=['./colcon.meta'], base_paths=['.'], packages_ignore=None, packages_ignore_regex=None, paths=None, packages_up_to=None, packages_up_to_regex=None, packages_above=None, packages_above_and_dependencies=None, packages_above_depth=None, packages_select_by_dep=None, packages_skip_by_dep=None, packages_skip_up_to=None, packages_select_build_failed=False, packages_skip_build_finished=False, packages_select_test_failures=False, packages_skip_test_passed=False, packages_select=['two_wheeled_robot'], packages_skip=None, packages_select_regex=None, packages_skip_regex=None, packages_start=None, packages_end=None, allow_overriding=[], cmake_args=None, cmake_target=None, cmake_target_skip_unavailable=False, cmake_clean_cache=False, cmake_clean_first=False, cmake_force_configure=False, ament_cmake_args=None, catkin_cmake_args=None, catkin_skip_building_tests=False, mixin_files=None, mixin=None, verb_parser=<colcon_mixin.mixin.mixin_argument.MixinArgumentDecorator object at 0x7be39c075a50>, verb_extension=<colcon_core.verb.build.BuildVerb object at 0x7be39c19af80>, main=<bound method BuildVerb.main of <colcon_core.verb.build.BuildVerb object at 0x7be39c19af80>>, mixin_verb=('build',))
[0.149s] Level 1:colcon.colcon_core.package_discovery:discover_packages(colcon_meta) check parameters
[0.149s] Level 1:colcon.colcon_core.package_discovery:discover_packages(recursive) check parameters
[0.149s] Level 1:colcon.colcon_core.package_discovery:discover_packages(ignore) check parameters
[0.149s] Level 1:colcon.colcon_core.package_discovery:discover_packages(path) check parameters
[0.149s] Level 1:colcon.colcon_core.package_discovery:discover_packages(colcon_meta) discover
[0.149s] Level 1:colcon.colcon_core.package_discovery:discover_packages(recursive) discover
[0.150s] INFO:colcon.colcon_core.package_discovery:Crawling recursively for packages in '/home/park/dev_ws/src/two_wheeled_robot/two_wheeled_robot'
[0.150s] Level 1:colcon.colcon_core.package_identification:_identify(.) by extensions ['ignore', 'ignore_ament_install']
[0.150s] Level 1:colcon.colcon_core.package_identification:_identify(.) by extension 'ignore'
[0.150s] Level 1:colcon.colcon_core.package_identification:_identify(.) by extension 'ignore_ament_install'
[0.150s] Level 1:colcon.colcon_core.package_identification:_identify(.) by extensions ['colcon_pkg']
[0.150s] Level 1:colcon.colcon_core.package_identification:_identify(.) by extension 'colcon_pkg'
[0.150s] Level 1:colcon.colcon_core.package_identification:_identify(.) by extensions ['colcon_meta']
[0.150s] Level 1:colcon.colcon_core.package_identification:_identify(.) by extension 'colcon_meta'
[0.150s] Level 1:colcon.colcon_core.package_identification:_identify(.) by extensions ['ros']
[0.150s] Level 1:colcon.colcon_core.package_identification:_identify(.) by extension 'ros'
[0.168s] DEBUG:colcon.colcon_core.package_identification:Package '.' with type 'ros.ament_cmake' and name 'two_wheeled_robot'
[0.168s] Level 1:colcon.colcon_core.package_discovery:discover_packages(recursive) using defaults
[0.168s] Level 1:colcon.colcon_core.package_discovery:discover_packages(ignore) discover
[0.168s] Level 1:colcon.colcon_core.package_discovery:discover_packages(ignore) using defaults
[0.168s] Level 1:colcon.colcon_core.package_discovery:discover_packages(path) discover
[0.168s] Level 1:colcon.colcon_core.package_discovery:discover_packages(path) using defaults
[0.188s] Level 1:colcon.colcon_core.package_discovery:discover_packages(prefix_path) check parameters
[0.188s] Level 1:colcon.colcon_core.package_discovery:discover_packages(prefix_path) discover
[0.190s] DEBUG:colcon.colcon_installed_package_information.package_discovery:Found 413 installed packages in /opt/ros/humble
[0.192s] Level 1:colcon.colcon_core.package_discovery:discover_packages(prefix_path) using defaults
[0.239s] Level 5:colcon.colcon_core.verb:set package 'two_wheeled_robot' build argument 'cmake_args' from command line to 'None'
[0.239s] Level 5:colcon.colcon_core.verb:set package 'two_wheeled_robot' build argument 'cmake_target' from command line to 'None'
[0.239s] Level 5:colcon.colcon_core.verb:set package 'two_wheeled_robot' build argument 'cmake_target_skip_unavailable' from command line to 'False'
[0.239s] Level 5:colcon.colcon_core.verb:set package 'two_wheeled_robot' build argument 'cmake_clean_cache' from command line to 'False'
[0.239s] Level 5:colcon.colcon_core.verb:set package 'two_wheeled_robot' build argument 'cmake_clean_first' from command line to 'False'
[0.239s] Level 5:colcon.colcon_core.verb:set package 'two_wheeled_robot' build argument 'cmake_force_configure' from command line to 'False'
[0.239s] Level 5:colcon.colcon_core.verb:set package 'two_wheeled_robot' build argument 'ament_cmake_args' from command line to 'None'
[0.239s] Level 5:colcon.colcon_core.verb:set package 'two_wheeled_robot' build argument 'catkin_cmake_args' from command line to 'None'
[0.239s] Level 5:colcon.colcon_core.verb:set package 'two_wheeled_robot' build argument 'catkin_skip_building_tests' from command line to 'False'
[0.239s] DEBUG:colcon.colcon_core.verb:Building package 'two_wheeled_robot' with the following arguments: {'ament_cmake_args': None, 'build_base': '/home/park/dev_ws/src/two_wheeled_robot/two_wheeled_robot/build/two_wheeled_robot', 'catkin_cmake_args': None, 'catkin_skip_building_tests': False, 'cmake_args': None, 'cmake_clean_cache': False, 'cmake_clean_first': False, 'cmake_force_configure': False, 'cmake_target': None, 'cmake_target_skip_unavailable': False, 'install_base': '/home/park/dev_ws/src/two_wheeled_robot/two_wheeled_robot/install/two_wheeled_robot', 'merge_install': False, 'path': '/home/park/dev_ws/src/two_wheeled_robot/two_wheeled_robot', 'symlink_install': False, 'test_result_base': None}
[0.239s] INFO:colcon.colcon_core.executor:Executing jobs using 'parallel' executor
[0.242s] DEBUG:colcon.colcon_parallel_executor.executor.parallel:run_until_complete
[0.242s] INFO:colcon.colcon_ros.task.ament_cmake.build:Building ROS package in '/home/park/dev_ws/src/two_wheeled_robot/two_wheeled_robot' with build type 'ament_cmake'
[0.242s] INFO:colcon.colcon_cmake.task.cmake.build:Building CMake package in '/home/park/dev_ws/src/two_wheeled_robot/two_wheeled_robot'
[0.245s] INFO:colcon.colcon_core.plugin_system:Skipping extension 'colcon_core.shell.bat': Not used on non-Windows systems
[0.245s] INFO:colcon.colcon_core.shell:Skip shell extension 'powershell' for command environment: Not usable outside of PowerShell
[0.245s] DEBUG:colcon.colcon_core.shell:Skip shell extension 'dsv' for command environment
[0.256s] DEBUG:colcon.colcon_core.event_handler.log_command:Invoking command in '/home/park/dev_ws/src/two_wheeled_robot/two_wheeled_robot/build/two_wheeled_robot': CMAKE_PREFIX_PATH=/opt/ros/humble /usr/bin/cmake /home/park/dev_ws/src/two_wheeled_robot/two_wheeled_robot -DCMAKE_INSTALL_PREFIX=/home/park/dev_ws/src/two_wheeled_robot/two_wheeled_robot/install/two_wheeled_robot
[1.371s] DEBUG:colcon.colcon_core.event_handler.log_command:Invoked command in '/home/park/dev_ws/src/two_wheeled_robot/two_wheeled_robot/build/two_wheeled_robot' returned '0': CMAKE_PREFIX_PATH=/opt/ros/humble /usr/bin/cmake /home/park/dev_ws/src/two_wheeled_robot/two_wheeled_robot -DCMAKE_INSTALL_PREFIX=/home/park/dev_ws/src/two_wheeled_robot/two_wheeled_robot/install/two_wheeled_robot
[1.375s] DEBUG:colcon.colcon_core.event_handler.log_command:Invoking command in '/home/park/dev_ws/src/two_wheeled_robot/two_wheeled_robot/build/two_wheeled_robot': CMAKE_PREFIX_PATH=/opt/ros/humble /usr/bin/cmake --build /home/park/dev_ws/src/two_wheeled_robot/two_wheeled_robot/build/two_wheeled_robot -- -j22 -l22
[1.420s] DEBUG:colcon.colcon_core.event_handler.log_command:Invoked command in '/home/park/dev_ws/src/two_wheeled_robot/two_wheeled_robot/build/two_wheeled_robot' returned '0': CMAKE_PREFIX_PATH=/opt/ros/humble /usr/bin/cmake --build /home/park/dev_ws/src/two_wheeled_robot/two_wheeled_robot/build/two_wheeled_robot -- -j22 -l22
[1.430s] DEBUG:colcon.colcon_core.event_handler.log_command:Invoking command in '/home/park/dev_ws/src/two_wheeled_robot/two_wheeled_robot/build/two_wheeled_robot': CMAKE_PREFIX_PATH=/opt/ros/humble /usr/bin/cmake --install /home/park/dev_ws/src/two_wheeled_robot/two_wheeled_robot/build/two_wheeled_robot
[1.447s] DEBUG:colcon.colcon_core.event_handler.log_command:Invoked command in '/home/park/dev_ws/src/two_wheeled_robot/two_wheeled_robot/build/two_wheeled_robot' returned '1': CMAKE_PREFIX_PATH=/opt/ros/humble /usr/bin/cmake --install /home/park/dev_ws/src/two_wheeled_robot/two_wheeled_robot/build/two_wheeled_robot
[1.448s] Level 1:colcon.colcon_core.environment:create_environment_scripts_only(two_wheeled_robot)
[1.451s] Level 1:colcon.colcon_core.environment:checking '/home/park/dev_ws/src/two_wheeled_robot/two_wheeled_robot/install/two_wheeled_robot' for CMake module files
[1.451s] Level 1:colcon.colcon_core.environment:checking '/home/park/dev_ws/src/two_wheeled_robot/two_wheeled_robot/install/two_wheeled_robot' for CMake config files
[1.452s] Level 1:colcon.colcon_core.environment:checking '/home/park/dev_ws/src/two_wheeled_robot/two_wheeled_robot/install/two_wheeled_robot/bin'
[1.452s] Level 1:colcon.colcon_core.environment:checking '/home/park/dev_ws/src/two_wheeled_robot/two_wheeled_robot/install/two_wheeled_robot/lib/pkgconfig/two_wheeled_robot.pc'
[1.452s] Level 1:colcon.colcon_core.environment:checking '/home/park/dev_ws/src/two_wheeled_robot/two_wheeled_robot/install/two_wheeled_robot/lib/python3.10/site-packages'
[1.453s] Level 1:colcon.colcon_core.environment:checking '/home/park/dev_ws/src/two_wheeled_robot/two_wheeled_robot/install/two_wheeled_robot/bin'
[1.453s] INFO:colcon.colcon_core.shell:Creating package script '/home/park/dev_ws/src/two_wheeled_robot/two_wheeled_robot/install/two_wheeled_robot/share/two_wheeled_robot/package.ps1'
[1.454s] INFO:colcon.colcon_core.shell:Creating package descriptor '/home/park/dev_ws/src/two_wheeled_robot/two_wheeled_robot/install/two_wheeled_robot/share/two_wheeled_robot/package.dsv'
[1.455s] INFO:colcon.colcon_core.shell:Creating package script '/home/park/dev_ws/src/two_wheeled_robot/two_wheeled_robot/install/two_wheeled_robot/share/two_wheeled_robot/package.sh'
[1.455s] INFO:colcon.colcon_core.shell:Creating package script '/home/park/dev_ws/src/two_wheeled_robot/two_wheeled_robot/install/two_wheeled_robot/share/two_wheeled_robot/package.bash'
[1.456s] INFO:colcon.colcon_core.shell:Creating package script '/home/park/dev_ws/src/two_wheeled_robot/two_wheeled_robot/install/two_wheeled_robot/share/two_wheeled_robot/package.zsh'
[1.457s] Level 1:colcon.colcon_core.environment:create_file_with_runtime_dependencies(/home/park/dev_ws/src/two_wheeled_robot/two_wheeled_robot/install/two_wheeled_robot/share/colcon-core/packages/two_wheeled_robot)
[1.467s] DEBUG:colcon.colcon_parallel_executor.executor.parallel:closing loop
[1.468s] DEBUG:colcon.colcon_parallel_executor.executor.parallel:loop closed
[1.468s] DEBUG:colcon.colcon_parallel_executor.executor.parallel:run_until_complete finished with '1'
[1.468s] DEBUG:colcon.colcon_core.event_reactor:joining thread
[1.488s] INFO:colcon.colcon_core.plugin_system:Skipping extension 'colcon_notification.desktop_notification.terminal_notifier': Not used on non-Darwin systems
[1.488s] INFO:colcon.colcon_core.plugin_system:Skipping extension 'colcon_notification.desktop_notification.win32': Not used on non-Windows systems
[1.489s] INFO:colcon.colcon_notification.desktop_notification:Sending desktop notification using 'notify2'
[1.506s] DEBUG:colcon.colcon_core.event_reactor:joined thread
[1.507s] INFO:colcon.colcon_core.shell:Creating prefix script '/home/park/dev_ws/src/two_wheeled_robot/two_wheeled_robot/install/local_setup.ps1'
[1.508s] INFO:colcon.colcon_core.shell:Creating prefix util module '/home/park/dev_ws/src/two_wheeled_robot/two_wheeled_robot/install/_local_setup_util_ps1.py'
[1.510s] INFO:colcon.colcon_core.shell:Creating prefix chain script '/home/park/dev_ws/src/two_wheeled_robot/two_wheeled_robot/install/setup.ps1'
[1.511s] INFO:colcon.colcon_core.shell:Creating prefix script '/home/park/dev_ws/src/two_wheeled_robot/two_wheeled_robot/install/local_setup.sh'
[1.512s] INFO:colcon.colcon_core.shell:Creating prefix util module '/home/park/dev_ws/src/two_wheeled_robot/two_wheeled_robot/install/_local_setup_util_sh.py'
[1.512s] INFO:colcon.colcon_core.shell:Creating prefix chain script '/home/park/dev_ws/src/two_wheeled_robot/two_wheeled_robot/install/setup.sh'
[1.513s] INFO:colcon.colcon_core.shell:Creating prefix script '/home/park/dev_ws/src/two_wheeled_robot/two_wheeled_robot/install/local_setup.bash'
[1.514s] INFO:colcon.colcon_core.shell:Creating prefix chain script '/home/park/dev_ws/src/two_wheeled_robot/two_wheeled_robot/install/setup.bash'
[1.515s] INFO:colcon.colcon_core.shell:Creating prefix script '/home/park/dev_ws/src/two_wheeled_robot/two_wheeled_robot/install/local_setup.zsh'
[1.515s] INFO:colcon.colcon_core.shell:Creating prefix chain script '/home/park/dev_ws/src/two_wheeled_robot/two_wheeled_robot/install/setup.zsh'
