[0.828s] Invoking command in '/home/park/dev_ws/src/yolo_ros/yolo_ros': CMAKE_PREFIX_PATH=/home/park/dev_ws/install/yolo_msgs:/home/park/dev_ws/install/yolo_bringup:/home/park/dev_ws/install/two_wheeled_robot:/home/park/dev_ws/install/my_test_pkg:/home/park/dev_ws/install/cpp_service_tutorial:/home/park/turtlebot3_ws/install/turtlebot3_simulations:/home/park/turtlebot3_ws/install/turtlebot3_gazebo:/home/park/turtlebot3_ws/install/turtlebot3_fake_node PYTHONPATH=/home/park/dev_ws/build/yolo_ros/prefix_override:/usr/lib/python3/dist-packages/colcon_core/task/python/colcon_distutils_commands:/home/park/dev_ws/install/yolo_ros/lib/python3.10/site-packages:${PYTHONPATH} /usr/bin/python3 -W ignore:setup.py install is deprecated -W ignore:easy_install command is deprecated setup.py egg_info --egg-base ../../../build/yolo_ros build --build-base /home/park/dev_ws/build/yolo_ros/build install --record /home/park/dev_ws/build/yolo_ros/install.log --single-version-externally-managed install_data
[1.096s] running egg_info
[1.113s] writing ../../../build/yolo_ros/yolo_ros.egg-info/PKG-INFO
[1.113s] writing dependency_links to ../../../build/yolo_ros/yolo_ros.egg-info/dependency_links.txt
[1.113s] writing entry points to ../../../build/yolo_ros/yolo_ros.egg-info/entry_points.txt
[1.114s] writing requirements to ../../../build/yolo_ros/yolo_ros.egg-info/requires.txt
[1.114s] writing top-level names to ../../../build/yolo_ros/yolo_ros.egg-info/top_level.txt
[1.150s] reading manifest file '../../../build/yolo_ros/yolo_ros.egg-info/SOURCES.txt'
[1.151s] writing manifest file '../../../build/yolo_ros/yolo_ros.egg-info/SOURCES.txt'
[1.151s] running build
[1.151s] running build_py
[1.152s] running install
[1.156s] running install_lib
[1.174s] running install_data
[1.174s] running install_egg_info
[1.192s] removing '/home/park/dev_ws/install/yolo_ros/lib/python3.10/site-packages/yolo_ros-0.0.0-py3.10.egg-info' (and everything under it)
[1.192s] Copying ../../../build/yolo_ros/yolo_ros.egg-info to /home/park/dev_ws/install/yolo_ros/lib/python3.10/site-packages/yolo_ros-0.0.0-py3.10.egg-info
[1.193s] running install_scripts
[1.337s] Installing debug_node script to /home/park/dev_ws/install/yolo_ros/lib/yolo_ros
[1.337s] Installing detect_3d_node script to /home/park/dev_ws/install/yolo_ros/lib/yolo_ros
[1.338s] Installing tracking_node script to /home/park/dev_ws/install/yolo_ros/lib/yolo_ros
[1.338s] Installing yolo_node script to /home/park/dev_ws/install/yolo_ros/lib/yolo_ros
[1.338s] writing list of installed files to '/home/park/dev_ws/build/yolo_ros/install.log'
[1.367s] Invoked command in '/home/park/dev_ws/src/yolo_ros/yolo_ros' returned '0': CMAKE_PREFIX_PATH=/home/park/dev_ws/install/yolo_msgs:/home/park/dev_ws/install/yolo_bringup:/home/park/dev_ws/install/two_wheeled_robot:/home/park/dev_ws/install/my_test_pkg:/home/park/dev_ws/install/cpp_service_tutorial:/home/park/turtlebot3_ws/install/turtlebot3_simulations:/home/park/turtlebot3_ws/install/turtlebot3_gazebo:/home/park/turtlebot3_ws/install/turtlebot3_fake_node PYTHONPATH=/home/park/dev_ws/build/yolo_ros/prefix_override:/usr/lib/python3/dist-packages/colcon_core/task/python/colcon_distutils_commands:/home/park/dev_ws/install/yolo_ros/lib/python3.10/site-packages:${PYTHONPATH} /usr/bin/python3 -W ignore:setup.py install is deprecated -W ignore:easy_install command is deprecated setup.py egg_info --egg-base ../../../build/yolo_ros build --build-base /home/park/dev_ws/build/yolo_ros/build install --record /home/park/dev_ws/build/yolo_ros/install.log --single-version-externally-managed install_data
