[0.142s] DEBUG:colcon:Command line arguments: ['/usr/bin/colcon', 'build']
[0.142s] DEBUG:colcon:Parsed command line arguments: Namespace(log_base=None, log_level=None, verb_name='build', build_base='build', install_base='install', merge_install=False, symlink_install=False, test_result_base=None, continue_on_error=False, executor='parallel', parallel_workers=22, event_handlers=None, ignore_user_meta=False, metas=['./colcon.meta'], base_paths=['.'], packages_ignore=None, packages_ignore_regex=None, paths=None, packages_up_to=None, packages_up_to_regex=None, packages_above=None, packages_above_and_dependencies=None, packages_above_depth=None, packages_select_by_dep=None, packages_skip_by_dep=None, packages_skip_up_to=None, packages_select_build_failed=False, packages_skip_build_finished=False, packages_select_test_failures=False, packages_skip_test_passed=False, packages_select=None, packages_skip=None, packages_select_regex=None, packages_skip_regex=None, packages_start=None, packages_end=None, allow_overriding=[], cmake_args=None, cmake_target=None, cmake_target_skip_unavailable=False, cmake_clean_cache=False, cmake_clean_first=False, cmake_force_configure=False, ament_cmake_args=None, catkin_cmake_args=None, catkin_skip_building_tests=False, mixin_files=None, mixin=None, verb_parser=<colcon_mixin.mixin.mixin_argument.MixinArgumentDecorator object at 0x7c7838f9dc90>, verb_extension=<colcon_core.verb.build.BuildVerb object at 0x7c783908b1c0>, main=<bound method BuildVerb.main of <colcon_core.verb.build.BuildVerb object at 0x7c783908b1c0>>, mixin_verb=('build',))
[0.194s] Level 1:colcon.colcon_core.package_discovery:discover_packages(colcon_meta) check parameters
[0.194s] Level 1:colcon.colcon_core.package_discovery:discover_packages(recursive) check parameters
[0.194s] Level 1:colcon.colcon_core.package_discovery:discover_packages(ignore) check parameters
[0.194s] Level 1:colcon.colcon_core.package_discovery:discover_packages(path) check parameters
[0.194s] Level 1:colcon.colcon_core.package_discovery:discover_packages(colcon_meta) discover
[0.195s] Level 1:colcon.colcon_core.package_discovery:discover_packages(recursive) discover
[0.195s] INFO:colcon.colcon_core.package_discovery:Crawling recursively for packages in '/home/park/dev_ws'
[0.195s] Level 1:colcon.colcon_core.package_identification:_identify(.) by extensions ['ignore', 'ignore_ament_install']
[0.195s] Level 1:colcon.colcon_core.package_identification:_identify(.) by extension 'ignore'
[0.195s] Level 1:colcon.colcon_core.package_identification:_identify(.) by extension 'ignore_ament_install'
[0.195s] Level 1:colcon.colcon_core.package_identification:_identify(.) by extensions ['colcon_pkg']
[0.195s] Level 1:colcon.colcon_core.package_identification:_identify(.) by extension 'colcon_pkg'
[0.195s] Level 1:colcon.colcon_core.package_identification:_identify(.) by extensions ['colcon_meta']
[0.195s] Level 1:colcon.colcon_core.package_identification:_identify(.) by extension 'colcon_meta'
[0.195s] Level 1:colcon.colcon_core.package_identification:_identify(.) by extensions ['ros']
[0.195s] Level 1:colcon.colcon_core.package_identification:_identify(.) by extension 'ros'
[0.211s] Level 1:colcon.colcon_core.package_identification:_identify(.) by extensions ['cmake', 'python']
[0.211s] Level 1:colcon.colcon_core.package_identification:_identify(.) by extension 'cmake'
[0.211s] Level 1:colcon.colcon_core.package_identification:_identify(.) by extension 'python'
[0.211s] Level 1:colcon.colcon_core.package_identification:_identify(.) by extensions ['python_setup_py']
[0.211s] Level 1:colcon.colcon_core.package_identification:_identify(.) by extension 'python_setup_py'
[0.212s] Level 1:colcon.colcon_core.package_identification:_identify(build) by extensions ['ignore', 'ignore_ament_install']
[0.212s] Level 1:colcon.colcon_core.package_identification:_identify(build) by extension 'ignore'
[0.212s] Level 1:colcon.colcon_core.package_identification:_identify(build) ignored
[0.212s] Level 1:colcon.colcon_core.package_identification:_identify(config) by extensions ['ignore', 'ignore_ament_install']
[0.212s] Level 1:colcon.colcon_core.package_identification:_identify(config) by extension 'ignore'
[0.212s] Level 1:colcon.colcon_core.package_identification:_identify(config) by extension 'ignore_ament_install'
[0.212s] Level 1:colcon.colcon_core.package_identification:_identify(config) by extensions ['colcon_pkg']
[0.212s] Level 1:colcon.colcon_core.package_identification:_identify(config) by extension 'colcon_pkg'
[0.212s] Level 1:colcon.colcon_core.package_identification:_identify(config) by extensions ['colcon_meta']
[0.212s] Level 1:colcon.colcon_core.package_identification:_identify(config) by extension 'colcon_meta'
[0.212s] Level 1:colcon.colcon_core.package_identification:_identify(config) by extensions ['ros']
[0.212s] Level 1:colcon.colcon_core.package_identification:_identify(config) by extension 'ros'
[0.212s] Level 1:colcon.colcon_core.package_identification:_identify(config) by extensions ['cmake', 'python']
[0.212s] Level 1:colcon.colcon_core.package_identification:_identify(config) by extension 'cmake'
[0.212s] Level 1:colcon.colcon_core.package_identification:_identify(config) by extension 'python'
[0.212s] Level 1:colcon.colcon_core.package_identification:_identify(config) by extensions ['python_setup_py']
[0.212s] Level 1:colcon.colcon_core.package_identification:_identify(config) by extension 'python_setup_py'
[0.212s] Level 1:colcon.colcon_core.package_identification:_identify(install) by extensions ['ignore', 'ignore_ament_install']
[0.212s] Level 1:colcon.colcon_core.package_identification:_identify(install) by extension 'ignore'
[0.212s] Level 1:colcon.colcon_core.package_identification:_identify(install) ignored
[0.213s] Level 1:colcon.colcon_core.package_identification:_identify(launch) by extensions ['ignore', 'ignore_ament_install']
[0.213s] Level 1:colcon.colcon_core.package_identification:_identify(launch) by extension 'ignore'
[0.213s] Level 1:colcon.colcon_core.package_identification:_identify(launch) by extension 'ignore_ament_install'
[0.213s] Level 1:colcon.colcon_core.package_identification:_identify(launch) by extensions ['colcon_pkg']
[0.213s] Level 1:colcon.colcon_core.package_identification:_identify(launch) by extension 'colcon_pkg'
[0.213s] Level 1:colcon.colcon_core.package_identification:_identify(launch) by extensions ['colcon_meta']
[0.213s] Level 1:colcon.colcon_core.package_identification:_identify(launch) by extension 'colcon_meta'
[0.213s] Level 1:colcon.colcon_core.package_identification:_identify(launch) by extensions ['ros']
[0.213s] Level 1:colcon.colcon_core.package_identification:_identify(launch) by extension 'ros'
[0.213s] Level 1:colcon.colcon_core.package_identification:_identify(launch) by extensions ['cmake', 'python']
[0.213s] Level 1:colcon.colcon_core.package_identification:_identify(launch) by extension 'cmake'
[0.213s] Level 1:colcon.colcon_core.package_identification:_identify(launch) by extension 'python'
[0.213s] Level 1:colcon.colcon_core.package_identification:_identify(launch) by extensions ['python_setup_py']
[0.213s] Level 1:colcon.colcon_core.package_identification:_identify(launch) by extension 'python_setup_py'
[0.213s] Level 1:colcon.colcon_core.package_identification:_identify(log) by extensions ['ignore', 'ignore_ament_install']
[0.213s] Level 1:colcon.colcon_core.package_identification:_identify(log) by extension 'ignore'
[0.213s] Level 1:colcon.colcon_core.package_identification:_identify(log) ignored
[0.213s] Level 1:colcon.colcon_core.package_identification:_identify(maps) by extensions ['ignore', 'ignore_ament_install']
[0.213s] Level 1:colcon.colcon_core.package_identification:_identify(maps) by extension 'ignore'
[0.213s] Level 1:colcon.colcon_core.package_identification:_identify(maps) by extension 'ignore_ament_install'
[0.213s] Level 1:colcon.colcon_core.package_identification:_identify(maps) by extensions ['colcon_pkg']
[0.213s] Level 1:colcon.colcon_core.package_identification:_identify(maps) by extension 'colcon_pkg'
[0.213s] Level 1:colcon.colcon_core.package_identification:_identify(maps) by extensions ['colcon_meta']
[0.213s] Level 1:colcon.colcon_core.package_identification:_identify(maps) by extension 'colcon_meta'
[0.214s] Level 1:colcon.colcon_core.package_identification:_identify(maps) by extensions ['ros']
[0.214s] Level 1:colcon.colcon_core.package_identification:_identify(maps) by extension 'ros'
[0.214s] Level 1:colcon.colcon_core.package_identification:_identify(maps) by extensions ['cmake', 'python']
[0.214s] Level 1:colcon.colcon_core.package_identification:_identify(maps) by extension 'cmake'
[0.214s] Level 1:colcon.colcon_core.package_identification:_identify(maps) by extension 'python'
[0.214s] Level 1:colcon.colcon_core.package_identification:_identify(maps) by extensions ['python_setup_py']
[0.214s] Level 1:colcon.colcon_core.package_identification:_identify(maps) by extension 'python_setup_py'
[0.214s] Level 1:colcon.colcon_core.package_identification:_identify(media) by extensions ['ignore', 'ignore_ament_install']
[0.214s] Level 1:colcon.colcon_core.package_identification:_identify(media) by extension 'ignore'
[0.214s] Level 1:colcon.colcon_core.package_identification:_identify(media) by extension 'ignore_ament_install'
[0.214s] Level 1:colcon.colcon_core.package_identification:_identify(media) by extensions ['colcon_pkg']
[0.214s] Level 1:colcon.colcon_core.package_identification:_identify(media) by extension 'colcon_pkg'
[0.214s] Level 1:colcon.colcon_core.package_identification:_identify(media) by extensions ['colcon_meta']
[0.214s] Level 1:colcon.colcon_core.package_identification:_identify(media) by extension 'colcon_meta'
[0.214s] Level 1:colcon.colcon_core.package_identification:_identify(media) by extensions ['ros']
[0.214s] Level 1:colcon.colcon_core.package_identification:_identify(media) by extension 'ros'
[0.214s] Level 1:colcon.colcon_core.package_identification:_identify(media) by extensions ['cmake', 'python']
[0.214s] Level 1:colcon.colcon_core.package_identification:_identify(media) by extension 'cmake'
[0.214s] Level 1:colcon.colcon_core.package_identification:_identify(media) by extension 'python'
[0.214s] Level 1:colcon.colcon_core.package_identification:_identify(media) by extensions ['python_setup_py']
[0.214s] Level 1:colcon.colcon_core.package_identification:_identify(media) by extension 'python_setup_py'
[0.214s] Level 1:colcon.colcon_core.package_identification:_identify(meshes) by extensions ['ignore', 'ignore_ament_install']
[0.214s] Level 1:colcon.colcon_core.package_identification:_identify(meshes) by extension 'ignore'
[0.214s] Level 1:colcon.colcon_core.package_identification:_identify(meshes) by extension 'ignore_ament_install'
[0.214s] Level 1:colcon.colcon_core.package_identification:_identify(meshes) by extensions ['colcon_pkg']
[0.214s] Level 1:colcon.colcon_core.package_identification:_identify(meshes) by extension 'colcon_pkg'
[0.215s] Level 1:colcon.colcon_core.package_identification:_identify(meshes) by extensions ['colcon_meta']
[0.215s] Level 1:colcon.colcon_core.package_identification:_identify(meshes) by extension 'colcon_meta'
[0.215s] Level 1:colcon.colcon_core.package_identification:_identify(meshes) by extensions ['ros']
[0.215s] Level 1:colcon.colcon_core.package_identification:_identify(meshes) by extension 'ros'
[0.215s] Level 1:colcon.colcon_core.package_identification:_identify(meshes) by extensions ['cmake', 'python']
[0.215s] Level 1:colcon.colcon_core.package_identification:_identify(meshes) by extension 'cmake'
[0.215s] Level 1:colcon.colcon_core.package_identification:_identify(meshes) by extension 'python'
[0.215s] Level 1:colcon.colcon_core.package_identification:_identify(meshes) by extensions ['python_setup_py']
[0.215s] Level 1:colcon.colcon_core.package_identification:_identify(meshes) by extension 'python_setup_py'
[0.215s] Level 1:colcon.colcon_core.package_identification:_identify(models) by extensions ['ignore', 'ignore_ament_install']
[0.215s] Level 1:colcon.colcon_core.package_identification:_identify(models) by extension 'ignore'
[0.215s] Level 1:colcon.colcon_core.package_identification:_identify(models) by extension 'ignore_ament_install'
[0.215s] Level 1:colcon.colcon_core.package_identification:_identify(models) by extensions ['colcon_pkg']
[0.215s] Level 1:colcon.colcon_core.package_identification:_identify(models) by extension 'colcon_pkg'
[0.215s] Level 1:colcon.colcon_core.package_identification:_identify(models) by extensions ['colcon_meta']
[0.215s] Level 1:colcon.colcon_core.package_identification:_identify(models) by extension 'colcon_meta'
[0.215s] Level 1:colcon.colcon_core.package_identification:_identify(models) by extensions ['ros']
[0.215s] Level 1:colcon.colcon_core.package_identification:_identify(models) by extension 'ros'
[0.215s] Level 1:colcon.colcon_core.package_identification:_identify(models) by extensions ['cmake', 'python']
[0.215s] Level 1:colcon.colcon_core.package_identification:_identify(models) by extension 'cmake'
[0.215s] Level 1:colcon.colcon_core.package_identification:_identify(models) by extension 'python'
[0.215s] Level 1:colcon.colcon_core.package_identification:_identify(models) by extensions ['python_setup_py']
[0.215s] Level 1:colcon.colcon_core.package_identification:_identify(models) by extension 'python_setup_py'
[0.215s] Level 1:colcon.colcon_core.package_identification:_identify(params) by extensions ['ignore', 'ignore_ament_install']
[0.215s] Level 1:colcon.colcon_core.package_identification:_identify(params) by extension 'ignore'
[0.215s] Level 1:colcon.colcon_core.package_identification:_identify(params) by extension 'ignore_ament_install'
[0.215s] Level 1:colcon.colcon_core.package_identification:_identify(params) by extensions ['colcon_pkg']
[0.216s] Level 1:colcon.colcon_core.package_identification:_identify(params) by extension 'colcon_pkg'
[0.216s] Level 1:colcon.colcon_core.package_identification:_identify(params) by extensions ['colcon_meta']
[0.216s] Level 1:colcon.colcon_core.package_identification:_identify(params) by extension 'colcon_meta'
[0.216s] Level 1:colcon.colcon_core.package_identification:_identify(params) by extensions ['ros']
[0.216s] Level 1:colcon.colcon_core.package_identification:_identify(params) by extension 'ros'
[0.216s] Level 1:colcon.colcon_core.package_identification:_identify(params) by extensions ['cmake', 'python']
[0.216s] Level 1:colcon.colcon_core.package_identification:_identify(params) by extension 'cmake'
[0.216s] Level 1:colcon.colcon_core.package_identification:_identify(params) by extension 'python'
[0.216s] Level 1:colcon.colcon_core.package_identification:_identify(params) by extensions ['python_setup_py']
[0.216s] Level 1:colcon.colcon_core.package_identification:_identify(params) by extension 'python_setup_py'
[0.216s] Level 1:colcon.colcon_core.package_identification:_identify(rviz) by extensions ['ignore', 'ignore_ament_install']
[0.216s] Level 1:colcon.colcon_core.package_identification:_identify(rviz) by extension 'ignore'
[0.216s] Level 1:colcon.colcon_core.package_identification:_identify(rviz) by extension 'ignore_ament_install'
[0.216s] Level 1:colcon.colcon_core.package_identification:_identify(rviz) by extensions ['colcon_pkg']
[0.216s] Level 1:colcon.colcon_core.package_identification:_identify(rviz) by extension 'colcon_pkg'
[0.216s] Level 1:colcon.colcon_core.package_identification:_identify(rviz) by extensions ['colcon_meta']
[0.216s] Level 1:colcon.colcon_core.package_identification:_identify(rviz) by extension 'colcon_meta'
[0.216s] Level 1:colcon.colcon_core.package_identification:_identify(rviz) by extensions ['ros']
[0.216s] Level 1:colcon.colcon_core.package_identification:_identify(rviz) by extension 'ros'
[0.216s] Level 1:colcon.colcon_core.package_identification:_identify(rviz) by extensions ['cmake', 'python']
[0.216s] Level 1:colcon.colcon_core.package_identification:_identify(rviz) by extension 'cmake'
[0.216s] Level 1:colcon.colcon_core.package_identification:_identify(rviz) by extension 'python'
[0.216s] Level 1:colcon.colcon_core.package_identification:_identify(rviz) by extensions ['python_setup_py']
[0.216s] Level 1:colcon.colcon_core.package_identification:_identify(rviz) by extension 'python_setup_py'
[0.216s] Level 1:colcon.colcon_core.package_identification:_identify(src) by extensions ['ignore', 'ignore_ament_install']
[0.216s] Level 1:colcon.colcon_core.package_identification:_identify(src) by extension 'ignore'
[0.216s] Level 1:colcon.colcon_core.package_identification:_identify(src) by extension 'ignore_ament_install'
[0.216s] Level 1:colcon.colcon_core.package_identification:_identify(src) by extensions ['colcon_pkg']
[0.217s] Level 1:colcon.colcon_core.package_identification:_identify(src) by extension 'colcon_pkg'
[0.217s] Level 1:colcon.colcon_core.package_identification:_identify(src) by extensions ['colcon_meta']
[0.217s] Level 1:colcon.colcon_core.package_identification:_identify(src) by extension 'colcon_meta'
[0.217s] Level 1:colcon.colcon_core.package_identification:_identify(src) by extensions ['ros']
[0.217s] Level 1:colcon.colcon_core.package_identification:_identify(src) by extension 'ros'
[0.217s] Level 1:colcon.colcon_core.package_identification:_identify(src) by extensions ['cmake', 'python']
[0.217s] Level 1:colcon.colcon_core.package_identification:_identify(src) by extension 'cmake'
[0.217s] Level 1:colcon.colcon_core.package_identification:_identify(src) by extension 'python'
[0.217s] Level 1:colcon.colcon_core.package_identification:_identify(src) by extensions ['python_setup_py']
[0.217s] Level 1:colcon.colcon_core.package_identification:_identify(src) by extension 'python_setup_py'
[0.217s] Level 1:colcon.colcon_core.package_identification:_identify(src/cpp_service_tutorial) by extensions ['ignore', 'ignore_ament_install']
[0.217s] Level 1:colcon.colcon_core.package_identification:_identify(src/cpp_service_tutorial) by extension 'ignore'
[0.217s] Level 1:colcon.colcon_core.package_identification:_identify(src/cpp_service_tutorial) by extension 'ignore_ament_install'
[0.217s] Level 1:colcon.colcon_core.package_identification:_identify(src/cpp_service_tutorial) by extensions ['colcon_pkg']
[0.217s] Level 1:colcon.colcon_core.package_identification:_identify(src/cpp_service_tutorial) by extension 'colcon_pkg'
[0.217s] Level 1:colcon.colcon_core.package_identification:_identify(src/cpp_service_tutorial) by extensions ['colcon_meta']
[0.217s] Level 1:colcon.colcon_core.package_identification:_identify(src/cpp_service_tutorial) by extension 'colcon_meta'
[0.217s] Level 1:colcon.colcon_core.package_identification:_identify(src/cpp_service_tutorial) by extensions ['ros']
[0.217s] Level 1:colcon.colcon_core.package_identification:_identify(src/cpp_service_tutorial) by extension 'ros'
[0.220s] DEBUG:colcon.colcon_core.package_identification:Package 'src/cpp_service_tutorial' with type 'ros.ament_cmake' and name 'cpp_service_tutorial'
[0.220s] Level 1:colcon.colcon_core.package_identification:_identify(src/my_test_pkg) by extensions ['ignore', 'ignore_ament_install']
[0.220s] Level 1:colcon.colcon_core.package_identification:_identify(src/my_test_pkg) by extension 'ignore'
[0.220s] Level 1:colcon.colcon_core.package_identification:_identify(src/my_test_pkg) by extension 'ignore_ament_install'
[0.220s] Level 1:colcon.colcon_core.package_identification:_identify(src/my_test_pkg) by extensions ['colcon_pkg']
[0.220s] Level 1:colcon.colcon_core.package_identification:_identify(src/my_test_pkg) by extension 'colcon_pkg'
[0.220s] Level 1:colcon.colcon_core.package_identification:_identify(src/my_test_pkg) by extensions ['colcon_meta']
[0.220s] Level 1:colcon.colcon_core.package_identification:_identify(src/my_test_pkg) by extension 'colcon_meta'
[0.220s] Level 1:colcon.colcon_core.package_identification:_identify(src/my_test_pkg) by extensions ['ros']
[0.220s] Level 1:colcon.colcon_core.package_identification:_identify(src/my_test_pkg) by extension 'ros'
[0.221s] DEBUG:colcon.colcon_core.package_identification:Package 'src/my_test_pkg' with type 'ros.ament_cmake' and name 'my_test_pkg'
[0.221s] Level 1:colcon.colcon_core.package_identification:_identify(src/ros2_yolo) by extensions ['ignore', 'ignore_ament_install']
[0.221s] Level 1:colcon.colcon_core.package_identification:_identify(src/ros2_yolo) by extension 'ignore'
[0.221s] Level 1:colcon.colcon_core.package_identification:_identify(src/ros2_yolo) by extension 'ignore_ament_install'
[0.221s] Level 1:colcon.colcon_core.package_identification:_identify(src/ros2_yolo) by extensions ['colcon_pkg']
[0.221s] Level 1:colcon.colcon_core.package_identification:_identify(src/ros2_yolo) by extension 'colcon_pkg'
[0.221s] Level 1:colcon.colcon_core.package_identification:_identify(src/ros2_yolo) by extensions ['colcon_meta']
[0.221s] Level 1:colcon.colcon_core.package_identification:_identify(src/ros2_yolo) by extension 'colcon_meta'
[0.221s] Level 1:colcon.colcon_core.package_identification:_identify(src/ros2_yolo) by extensions ['ros']
[0.222s] Level 1:colcon.colcon_core.package_identification:_identify(src/ros2_yolo) by extension 'ros'
[0.222s] Level 1:colcon.colcon_core.package_identification:_identify(src/ros2_yolo) by extensions ['cmake', 'python']
[0.222s] Level 1:colcon.colcon_core.package_identification:_identify(src/ros2_yolo) by extension 'cmake'
[0.222s] Level 1:colcon.colcon_core.package_identification:_identify(src/ros2_yolo) by extension 'python'
[0.222s] Level 1:colcon.colcon_core.package_identification:_identify(src/ros2_yolo) by extensions ['python_setup_py']
[0.222s] Level 1:colcon.colcon_core.package_identification:_identify(src/ros2_yolo) by extension 'python_setup_py'
[0.222s] Level 1:colcon.colcon_core.package_identification:_identify(src/ros2_yolo/docs) by extensions ['ignore', 'ignore_ament_install']
[0.222s] Level 1:colcon.colcon_core.package_identification:_identify(src/ros2_yolo/docs) by extension 'ignore'
[0.222s] Level 1:colcon.colcon_core.package_identification:_identify(src/ros2_yolo/docs) by extension 'ignore_ament_install'
[0.222s] Level 1:colcon.colcon_core.package_identification:_identify(src/ros2_yolo/docs) by extensions ['colcon_pkg']
[0.222s] Level 1:colcon.colcon_core.package_identification:_identify(src/ros2_yolo/docs) by extension 'colcon_pkg'
[0.222s] Level 1:colcon.colcon_core.package_identification:_identify(src/ros2_yolo/docs) by extensions ['colcon_meta']
[0.222s] Level 1:colcon.colcon_core.package_identification:_identify(src/ros2_yolo/docs) by extension 'colcon_meta'
[0.222s] Level 1:colcon.colcon_core.package_identification:_identify(src/ros2_yolo/docs) by extensions ['ros']
[0.222s] Level 1:colcon.colcon_core.package_identification:_identify(src/ros2_yolo/docs) by extension 'ros'
[0.222s] Level 1:colcon.colcon_core.package_identification:_identify(src/ros2_yolo/docs) by extensions ['cmake', 'python']
[0.222s] Level 1:colcon.colcon_core.package_identification:_identify(src/ros2_yolo/docs) by extension 'cmake'
[0.222s] Level 1:colcon.colcon_core.package_identification:_identify(src/ros2_yolo/docs) by extension 'python'
[0.222s] Level 1:colcon.colcon_core.package_identification:_identify(src/ros2_yolo/docs) by extensions ['python_setup_py']
[0.222s] Level 1:colcon.colcon_core.package_identification:_identify(src/ros2_yolo/docs) by extension 'python_setup_py'
[0.223s] Level 1:colcon.colcon_core.package_identification:_identify(src/ros2_yolo/yolo_bringup) by extensions ['ignore', 'ignore_ament_install']
[0.223s] Level 1:colcon.colcon_core.package_identification:_identify(src/ros2_yolo/yolo_bringup) by extension 'ignore'
[0.223s] Level 1:colcon.colcon_core.package_identification:_identify(src/ros2_yolo/yolo_bringup) by extension 'ignore_ament_install'
[0.223s] Level 1:colcon.colcon_core.package_identification:_identify(src/ros2_yolo/yolo_bringup) by extensions ['colcon_pkg']
[0.223s] Level 1:colcon.colcon_core.package_identification:_identify(src/ros2_yolo/yolo_bringup) by extension 'colcon_pkg'
[0.223s] Level 1:colcon.colcon_core.package_identification:_identify(src/ros2_yolo/yolo_bringup) by extensions ['colcon_meta']
[0.223s] Level 1:colcon.colcon_core.package_identification:_identify(src/ros2_yolo/yolo_bringup) by extension 'colcon_meta'
[0.223s] Level 1:colcon.colcon_core.package_identification:_identify(src/ros2_yolo/yolo_bringup) by extensions ['ros']
[0.223s] Level 1:colcon.colcon_core.package_identification:_identify(src/ros2_yolo/yolo_bringup) by extension 'ros'
[0.223s] DEBUG:colcon.colcon_core.package_identification:Package 'src/ros2_yolo/yolo_bringup' with type 'ros.ament_cmake' and name 'yolo_bringup'
[0.224s] Level 1:colcon.colcon_core.package_identification:_identify(src/ros2_yolo/yolo_msgs) by extensions ['ignore', 'ignore_ament_install']
[0.224s] Level 1:colcon.colcon_core.package_identification:_identify(src/ros2_yolo/yolo_msgs) by extension 'ignore'
[0.224s] Level 1:colcon.colcon_core.package_identification:_identify(src/ros2_yolo/yolo_msgs) by extension 'ignore_ament_install'
[0.224s] Level 1:colcon.colcon_core.package_identification:_identify(src/ros2_yolo/yolo_msgs) by extensions ['colcon_pkg']
[0.224s] Level 1:colcon.colcon_core.package_identification:_identify(src/ros2_yolo/yolo_msgs) by extension 'colcon_pkg'
[0.224s] Level 1:colcon.colcon_core.package_identification:_identify(src/ros2_yolo/yolo_msgs) by extensions ['colcon_meta']
[0.224s] Level 1:colcon.colcon_core.package_identification:_identify(src/ros2_yolo/yolo_msgs) by extension 'colcon_meta'
[0.224s] Level 1:colcon.colcon_core.package_identification:_identify(src/ros2_yolo/yolo_msgs) by extensions ['ros']
[0.224s] Level 1:colcon.colcon_core.package_identification:_identify(src/ros2_yolo/yolo_msgs) by extension 'ros'
[0.225s] DEBUG:colcon.colcon_core.package_identification:Package 'src/ros2_yolo/yolo_msgs' with type 'ros.ament_cmake' and name 'yolo_msgs'
[0.225s] Level 1:colcon.colcon_core.package_identification:_identify(src/ros2_yolo/yolo_ros) by extensions ['ignore', 'ignore_ament_install']
[0.225s] Level 1:colcon.colcon_core.package_identification:_identify(src/ros2_yolo/yolo_ros) by extension 'ignore'
[0.225s] Level 1:colcon.colcon_core.package_identification:_identify(src/ros2_yolo/yolo_ros) by extension 'ignore_ament_install'
[0.225s] Level 1:colcon.colcon_core.package_identification:_identify(src/ros2_yolo/yolo_ros) by extensions ['colcon_pkg']
[0.225s] Level 1:colcon.colcon_core.package_identification:_identify(src/ros2_yolo/yolo_ros) by extension 'colcon_pkg'
[0.225s] Level 1:colcon.colcon_core.package_identification:_identify(src/ros2_yolo/yolo_ros) by extensions ['colcon_meta']
[0.225s] Level 1:colcon.colcon_core.package_identification:_identify(src/ros2_yolo/yolo_ros) by extension 'colcon_meta'
[0.225s] Level 1:colcon.colcon_core.package_identification:_identify(src/ros2_yolo/yolo_ros) by extensions ['ros']
[0.225s] Level 1:colcon.colcon_core.package_identification:_identify(src/ros2_yolo/yolo_ros) by extension 'ros'
[0.226s] DEBUG:colcon.colcon_core.package_identification:Package 'src/ros2_yolo/yolo_ros' with type 'ros.ament_python' and name 'yolo_ros'
[0.226s] Level 1:colcon.colcon_core.package_identification:_identify(src/two_wheeled_robot) by extensions ['ignore', 'ignore_ament_install']
[0.226s] Level 1:colcon.colcon_core.package_identification:_identify(src/two_wheeled_robot) by extension 'ignore'
[0.226s] Level 1:colcon.colcon_core.package_identification:_identify(src/two_wheeled_robot) by extension 'ignore_ament_install'
[0.226s] Level 1:colcon.colcon_core.package_identification:_identify(src/two_wheeled_robot) by extensions ['colcon_pkg']
[0.226s] Level 1:colcon.colcon_core.package_identification:_identify(src/two_wheeled_robot) by extension 'colcon_pkg'
[0.226s] Level 1:colcon.colcon_core.package_identification:_identify(src/two_wheeled_robot) by extensions ['colcon_meta']
[0.226s] Level 1:colcon.colcon_core.package_identification:_identify(src/two_wheeled_robot) by extension 'colcon_meta'
[0.227s] Level 1:colcon.colcon_core.package_identification:_identify(src/two_wheeled_robot) by extensions ['ros']
[0.227s] Level 1:colcon.colcon_core.package_identification:_identify(src/two_wheeled_robot) by extension 'ros'
[0.227s] Level 1:colcon.colcon_core.package_identification:_identify(src/two_wheeled_robot) by extensions ['cmake', 'python']
[0.227s] Level 1:colcon.colcon_core.package_identification:_identify(src/two_wheeled_robot) by extension 'cmake'
[0.227s] Level 1:colcon.colcon_core.package_identification:_identify(src/two_wheeled_robot) by extension 'python'
[0.227s] Level 1:colcon.colcon_core.package_identification:_identify(src/two_wheeled_robot) by extensions ['python_setup_py']
[0.227s] Level 1:colcon.colcon_core.package_identification:_identify(src/two_wheeled_robot) by extension 'python_setup_py'
[0.227s] Level 1:colcon.colcon_core.package_identification:_identify(src/two_wheeled_robot/two_wheeled_robot) by extensions ['ignore', 'ignore_ament_install']
[0.227s] Level 1:colcon.colcon_core.package_identification:_identify(src/two_wheeled_robot/two_wheeled_robot) by extension 'ignore'
[0.227s] Level 1:colcon.colcon_core.package_identification:_identify(src/two_wheeled_robot/two_wheeled_robot) by extension 'ignore_ament_install'
[0.227s] Level 1:colcon.colcon_core.package_identification:_identify(src/two_wheeled_robot/two_wheeled_robot) by extensions ['colcon_pkg']
[0.227s] Level 1:colcon.colcon_core.package_identification:_identify(src/two_wheeled_robot/two_wheeled_robot) by extension 'colcon_pkg'
[0.227s] Level 1:colcon.colcon_core.package_identification:_identify(src/two_wheeled_robot/two_wheeled_robot) by extensions ['colcon_meta']
[0.227s] Level 1:colcon.colcon_core.package_identification:_identify(src/two_wheeled_robot/two_wheeled_robot) by extension 'colcon_meta'
[0.227s] Level 1:colcon.colcon_core.package_identification:_identify(src/two_wheeled_robot/two_wheeled_robot) by extensions ['ros']
[0.227s] Level 1:colcon.colcon_core.package_identification:_identify(src/two_wheeled_robot/two_wheeled_robot) by extension 'ros'
[0.228s] DEBUG:colcon.colcon_core.package_identification:Package 'src/two_wheeled_robot/two_wheeled_robot' with type 'ros.ament_cmake' and name 'two_wheeled_robot'
[0.228s] Level 1:colcon.colcon_core.package_identification:_identify(urdf) by extensions ['ignore', 'ignore_ament_install']
[0.228s] Level 1:colcon.colcon_core.package_identification:_identify(urdf) by extension 'ignore'
[0.228s] Level 1:colcon.colcon_core.package_identification:_identify(urdf) by extension 'ignore_ament_install'
[0.228s] Level 1:colcon.colcon_core.package_identification:_identify(urdf) by extensions ['colcon_pkg']
[0.228s] Level 1:colcon.colcon_core.package_identification:_identify(urdf) by extension 'colcon_pkg'
[0.228s] Level 1:colcon.colcon_core.package_identification:_identify(urdf) by extensions ['colcon_meta']
[0.228s] Level 1:colcon.colcon_core.package_identification:_identify(urdf) by extension 'colcon_meta'
[0.228s] Level 1:colcon.colcon_core.package_identification:_identify(urdf) by extensions ['ros']
[0.228s] Level 1:colcon.colcon_core.package_identification:_identify(urdf) by extension 'ros'
[0.228s] Level 1:colcon.colcon_core.package_identification:_identify(urdf) by extensions ['cmake', 'python']
[0.228s] Level 1:colcon.colcon_core.package_identification:_identify(urdf) by extension 'cmake'
[0.228s] Level 1:colcon.colcon_core.package_identification:_identify(urdf) by extension 'python'
[0.228s] Level 1:colcon.colcon_core.package_identification:_identify(urdf) by extensions ['python_setup_py']
[0.228s] Level 1:colcon.colcon_core.package_identification:_identify(urdf) by extension 'python_setup_py'
[0.228s] Level 1:colcon.colcon_core.package_identification:_identify(worlds) by extensions ['ignore', 'ignore_ament_install']
[0.228s] Level 1:colcon.colcon_core.package_identification:_identify(worlds) by extension 'ignore'
[0.229s] Level 1:colcon.colcon_core.package_identification:_identify(worlds) by extension 'ignore_ament_install'
[0.229s] Level 1:colcon.colcon_core.package_identification:_identify(worlds) by extensions ['colcon_pkg']
[0.229s] Level 1:colcon.colcon_core.package_identification:_identify(worlds) by extension 'colcon_pkg'
[0.229s] Level 1:colcon.colcon_core.package_identification:_identify(worlds) by extensions ['colcon_meta']
[0.229s] Level 1:colcon.colcon_core.package_identification:_identify(worlds) by extension 'colcon_meta'
[0.229s] Level 1:colcon.colcon_core.package_identification:_identify(worlds) by extensions ['ros']
[0.229s] Level 1:colcon.colcon_core.package_identification:_identify(worlds) by extension 'ros'
[0.229s] Level 1:colcon.colcon_core.package_identification:_identify(worlds) by extensions ['cmake', 'python']
[0.229s] Level 1:colcon.colcon_core.package_identification:_identify(worlds) by extension 'cmake'
[0.229s] Level 1:colcon.colcon_core.package_identification:_identify(worlds) by extension 'python'
[0.229s] Level 1:colcon.colcon_core.package_identification:_identify(worlds) by extensions ['python_setup_py']
[0.229s] Level 1:colcon.colcon_core.package_identification:_identify(worlds) by extension 'python_setup_py'
[0.229s] Level 1:colcon.colcon_core.package_discovery:discover_packages(recursive) using defaults
[0.229s] Level 1:colcon.colcon_core.package_discovery:discover_packages(ignore) discover
[0.229s] Level 1:colcon.colcon_core.package_discovery:discover_packages(ignore) using defaults
[0.229s] Level 1:colcon.colcon_core.package_discovery:discover_packages(path) discover
[0.229s] Level 1:colcon.colcon_core.package_discovery:discover_packages(path) using defaults
[0.255s] Level 1:colcon.colcon_core.package_discovery:discover_packages(prefix_path) check parameters
[0.255s] Level 1:colcon.colcon_core.package_discovery:discover_packages(prefix_path) discover
[0.258s] DEBUG:colcon.colcon_installed_package_information.package_discovery:Found 413 installed packages in /opt/ros/humble
[0.260s] Level 1:colcon.colcon_core.package_discovery:discover_packages(prefix_path) using defaults
[0.306s] Level 5:colcon.colcon_core.verb:set package 'cpp_service_tutorial' build argument 'cmake_args' from command line to 'None'
[0.306s] Level 5:colcon.colcon_core.verb:set package 'cpp_service_tutorial' build argument 'cmake_target' from command line to 'None'
[0.306s] Level 5:colcon.colcon_core.verb:set package 'cpp_service_tutorial' build argument 'cmake_target_skip_unavailable' from command line to 'False'
[0.306s] Level 5:colcon.colcon_core.verb:set package 'cpp_service_tutorial' build argument 'cmake_clean_cache' from command line to 'False'
[0.306s] Level 5:colcon.colcon_core.verb:set package 'cpp_service_tutorial' build argument 'cmake_clean_first' from command line to 'False'
[0.306s] Level 5:colcon.colcon_core.verb:set package 'cpp_service_tutorial' build argument 'cmake_force_configure' from command line to 'False'
[0.306s] Level 5:colcon.colcon_core.verb:set package 'cpp_service_tutorial' build argument 'ament_cmake_args' from command line to 'None'
[0.306s] Level 5:colcon.colcon_core.verb:set package 'cpp_service_tutorial' build argument 'catkin_cmake_args' from command line to 'None'
[0.306s] Level 5:colcon.colcon_core.verb:set package 'cpp_service_tutorial' build argument 'catkin_skip_building_tests' from command line to 'False'
[0.306s] DEBUG:colcon.colcon_core.verb:Building package 'cpp_service_tutorial' with the following arguments: {'ament_cmake_args': None, 'build_base': '/home/park/dev_ws/build/cpp_service_tutorial', 'catkin_cmake_args': None, 'catkin_skip_building_tests': False, 'cmake_args': None, 'cmake_clean_cache': False, 'cmake_clean_first': False, 'cmake_force_configure': False, 'cmake_target': None, 'cmake_target_skip_unavailable': False, 'install_base': '/home/park/dev_ws/install/cpp_service_tutorial', 'merge_install': False, 'path': '/home/park/dev_ws/src/cpp_service_tutorial', 'symlink_install': False, 'test_result_base': None}
[0.307s] Level 5:colcon.colcon_core.verb:set package 'my_test_pkg' build argument 'cmake_args' from command line to 'None'
[0.307s] Level 5:colcon.colcon_core.verb:set package 'my_test_pkg' build argument 'cmake_target' from command line to 'None'
[0.307s] Level 5:colcon.colcon_core.verb:set package 'my_test_pkg' build argument 'cmake_target_skip_unavailable' from command line to 'False'
[0.307s] Level 5:colcon.colcon_core.verb:set package 'my_test_pkg' build argument 'cmake_clean_cache' from command line to 'False'
[0.307s] Level 5:colcon.colcon_core.verb:set package 'my_test_pkg' build argument 'cmake_clean_first' from command line to 'False'
[0.307s] Level 5:colcon.colcon_core.verb:set package 'my_test_pkg' build argument 'cmake_force_configure' from command line to 'False'
[0.307s] Level 5:colcon.colcon_core.verb:set package 'my_test_pkg' build argument 'ament_cmake_args' from command line to 'None'
[0.307s] Level 5:colcon.colcon_core.verb:set package 'my_test_pkg' build argument 'catkin_cmake_args' from command line to 'None'
[0.307s] Level 5:colcon.colcon_core.verb:set package 'my_test_pkg' build argument 'catkin_skip_building_tests' from command line to 'False'
[0.307s] DEBUG:colcon.colcon_core.verb:Building package 'my_test_pkg' with the following arguments: {'ament_cmake_args': None, 'build_base': '/home/park/dev_ws/build/my_test_pkg', 'catkin_cmake_args': None, 'catkin_skip_building_tests': False, 'cmake_args': None, 'cmake_clean_cache': False, 'cmake_clean_first': False, 'cmake_force_configure': False, 'cmake_target': None, 'cmake_target_skip_unavailable': False, 'install_base': '/home/park/dev_ws/install/my_test_pkg', 'merge_install': False, 'path': '/home/park/dev_ws/src/my_test_pkg', 'symlink_install': False, 'test_result_base': None}
[0.307s] Level 5:colcon.colcon_core.verb:set package 'two_wheeled_robot' build argument 'cmake_args' from command line to 'None'
[0.307s] Level 5:colcon.colcon_core.verb:set package 'two_wheeled_robot' build argument 'cmake_target' from command line to 'None'
[0.307s] Level 5:colcon.colcon_core.verb:set package 'two_wheeled_robot' build argument 'cmake_target_skip_unavailable' from command line to 'False'
[0.307s] Level 5:colcon.colcon_core.verb:set package 'two_wheeled_robot' build argument 'cmake_clean_cache' from command line to 'False'
[0.307s] Level 5:colcon.colcon_core.verb:set package 'two_wheeled_robot' build argument 'cmake_clean_first' from command line to 'False'
[0.307s] Level 5:colcon.colcon_core.verb:set package 'two_wheeled_robot' build argument 'cmake_force_configure' from command line to 'False'
[0.307s] Level 5:colcon.colcon_core.verb:set package 'two_wheeled_robot' build argument 'ament_cmake_args' from command line to 'None'
[0.307s] Level 5:colcon.colcon_core.verb:set package 'two_wheeled_robot' build argument 'catkin_cmake_args' from command line to 'None'
[0.307s] Level 5:colcon.colcon_core.verb:set package 'two_wheeled_robot' build argument 'catkin_skip_building_tests' from command line to 'False'
[0.307s] DEBUG:colcon.colcon_core.verb:Building package 'two_wheeled_robot' with the following arguments: {'ament_cmake_args': None, 'build_base': '/home/park/dev_ws/build/two_wheeled_robot', 'catkin_cmake_args': None, 'catkin_skip_building_tests': False, 'cmake_args': None, 'cmake_clean_cache': False, 'cmake_clean_first': False, 'cmake_force_configure': False, 'cmake_target': None, 'cmake_target_skip_unavailable': False, 'install_base': '/home/park/dev_ws/install/two_wheeled_robot', 'merge_install': False, 'path': '/home/park/dev_ws/src/two_wheeled_robot/two_wheeled_robot', 'symlink_install': False, 'test_result_base': None}
[0.308s] Level 5:colcon.colcon_core.verb:set package 'yolo_msgs' build argument 'cmake_args' from command line to 'None'
[0.308s] Level 5:colcon.colcon_core.verb:set package 'yolo_msgs' build argument 'cmake_target' from command line to 'None'
[0.308s] Level 5:colcon.colcon_core.verb:set package 'yolo_msgs' build argument 'cmake_target_skip_unavailable' from command line to 'False'
[0.308s] Level 5:colcon.colcon_core.verb:set package 'yolo_msgs' build argument 'cmake_clean_cache' from command line to 'False'
[0.308s] Level 5:colcon.colcon_core.verb:set package 'yolo_msgs' build argument 'cmake_clean_first' from command line to 'False'
[0.308s] Level 5:colcon.colcon_core.verb:set package 'yolo_msgs' build argument 'cmake_force_configure' from command line to 'False'
[0.308s] Level 5:colcon.colcon_core.verb:set package 'yolo_msgs' build argument 'ament_cmake_args' from command line to 'None'
[0.308s] Level 5:colcon.colcon_core.verb:set package 'yolo_msgs' build argument 'catkin_cmake_args' from command line to 'None'
[0.308s] Level 5:colcon.colcon_core.verb:set package 'yolo_msgs' build argument 'catkin_skip_building_tests' from command line to 'False'
[0.308s] DEBUG:colcon.colcon_core.verb:Building package 'yolo_msgs' with the following arguments: {'ament_cmake_args': None, 'build_base': '/home/park/dev_ws/build/yolo_msgs', 'catkin_cmake_args': None, 'catkin_skip_building_tests': False, 'cmake_args': None, 'cmake_clean_cache': False, 'cmake_clean_first': False, 'cmake_force_configure': False, 'cmake_target': None, 'cmake_target_skip_unavailable': False, 'install_base': '/home/park/dev_ws/install/yolo_msgs', 'merge_install': False, 'path': '/home/park/dev_ws/src/ros2_yolo/yolo_msgs', 'symlink_install': False, 'test_result_base': None}
[0.308s] Level 5:colcon.colcon_core.verb:set package 'yolo_ros' build argument 'cmake_args' from command line to 'None'
[0.308s] Level 5:colcon.colcon_core.verb:set package 'yolo_ros' build argument 'cmake_target' from command line to 'None'
[0.308s] Level 5:colcon.colcon_core.verb:set package 'yolo_ros' build argument 'cmake_target_skip_unavailable' from command line to 'False'
[0.308s] Level 5:colcon.colcon_core.verb:set package 'yolo_ros' build argument 'cmake_clean_cache' from command line to 'False'
[0.308s] Level 5:colcon.colcon_core.verb:set package 'yolo_ros' build argument 'cmake_clean_first' from command line to 'False'
[0.308s] Level 5:colcon.colcon_core.verb:set package 'yolo_ros' build argument 'cmake_force_configure' from command line to 'False'
[0.308s] Level 5:colcon.colcon_core.verb:set package 'yolo_ros' build argument 'ament_cmake_args' from command line to 'None'
[0.308s] Level 5:colcon.colcon_core.verb:set package 'yolo_ros' build argument 'catkin_cmake_args' from command line to 'None'
[0.308s] Level 5:colcon.colcon_core.verb:set package 'yolo_ros' build argument 'catkin_skip_building_tests' from command line to 'False'
[0.308s] DEBUG:colcon.colcon_core.verb:Building package 'yolo_ros' with the following arguments: {'ament_cmake_args': None, 'build_base': '/home/park/dev_ws/build/yolo_ros', 'catkin_cmake_args': None, 'catkin_skip_building_tests': False, 'cmake_args': None, 'cmake_clean_cache': False, 'cmake_clean_first': False, 'cmake_force_configure': False, 'cmake_target': None, 'cmake_target_skip_unavailable': False, 'install_base': '/home/park/dev_ws/install/yolo_ros', 'merge_install': False, 'path': '/home/park/dev_ws/src/ros2_yolo/yolo_ros', 'symlink_install': False, 'test_result_base': None}
[0.309s] Level 5:colcon.colcon_core.verb:set package 'yolo_bringup' build argument 'cmake_args' from command line to 'None'
[0.309s] Level 5:colcon.colcon_core.verb:set package 'yolo_bringup' build argument 'cmake_target' from command line to 'None'
[0.309s] Level 5:colcon.colcon_core.verb:set package 'yolo_bringup' build argument 'cmake_target_skip_unavailable' from command line to 'False'
[0.309s] Level 5:colcon.colcon_core.verb:set package 'yolo_bringup' build argument 'cmake_clean_cache' from command line to 'False'
[0.309s] Level 5:colcon.colcon_core.verb:set package 'yolo_bringup' build argument 'cmake_clean_first' from command line to 'False'
[0.309s] Level 5:colcon.colcon_core.verb:set package 'yolo_bringup' build argument 'cmake_force_configure' from command line to 'False'
[0.309s] Level 5:colcon.colcon_core.verb:set package 'yolo_bringup' build argument 'ament_cmake_args' from command line to 'None'
[0.309s] Level 5:colcon.colcon_core.verb:set package 'yolo_bringup' build argument 'catkin_cmake_args' from command line to 'None'
[0.309s] Level 5:colcon.colcon_core.verb:set package 'yolo_bringup' build argument 'catkin_skip_building_tests' from command line to 'False'
[0.309s] DEBUG:colcon.colcon_core.verb:Building package 'yolo_bringup' with the following arguments: {'ament_cmake_args': None, 'build_base': '/home/park/dev_ws/build/yolo_bringup', 'catkin_cmake_args': None, 'catkin_skip_building_tests': False, 'cmake_args': None, 'cmake_clean_cache': False, 'cmake_clean_first': False, 'cmake_force_configure': False, 'cmake_target': None, 'cmake_target_skip_unavailable': False, 'install_base': '/home/park/dev_ws/install/yolo_bringup', 'merge_install': False, 'path': '/home/park/dev_ws/src/ros2_yolo/yolo_bringup', 'symlink_install': False, 'test_result_base': None}
[0.309s] INFO:colcon.colcon_core.executor:Executing jobs using 'parallel' executor
[0.311s] DEBUG:colcon.colcon_parallel_executor.executor.parallel:run_until_complete
[0.311s] INFO:colcon.colcon_ros.task.ament_cmake.build:Building ROS package in '/home/park/dev_ws/src/ros2_yolo/yolo_msgs' with build type 'ament_cmake'
[0.311s] INFO:colcon.colcon_cmake.task.cmake.build:Building CMake package in '/home/park/dev_ws/src/ros2_yolo/yolo_msgs'
[0.316s] INFO:colcon.colcon_core.plugin_system:Skipping extension 'colcon_core.shell.bat': Not used on non-Windows systems
[0.317s] INFO:colcon.colcon_core.shell:Skip shell extension 'powershell' for command environment: Not usable outside of PowerShell
[0.317s] DEBUG:colcon.colcon_core.shell:Skip shell extension 'dsv' for command environment
[0.321s] INFO:colcon.colcon_ros.task.ament_cmake.build:Building ROS package in '/home/park/dev_ws/src/cpp_service_tutorial' with build type 'ament_cmake'
[0.321s] INFO:colcon.colcon_cmake.task.cmake.build:Building CMake package in '/home/park/dev_ws/src/cpp_service_tutorial'
[0.322s] INFO:colcon.colcon_core.shell:Skip shell extension 'powershell' for command environment: Not usable outside of PowerShell
[0.322s] DEBUG:colcon.colcon_core.shell:Skip shell extension 'dsv' for command environment
[0.325s] INFO:colcon.colcon_ros.task.ament_cmake.build:Building ROS package in '/home/park/dev_ws/src/my_test_pkg' with build type 'ament_cmake'
[0.325s] INFO:colcon.colcon_cmake.task.cmake.build:Building CMake package in '/home/park/dev_ws/src/my_test_pkg'
[0.326s] INFO:colcon.colcon_core.shell:Skip shell extension 'powershell' for command environment: Not usable outside of PowerShell
[0.326s] DEBUG:colcon.colcon_core.shell:Skip shell extension 'dsv' for command environment
[0.329s] INFO:colcon.colcon_ros.task.ament_cmake.build:Building ROS package in '/home/park/dev_ws/src/two_wheeled_robot/two_wheeled_robot' with build type 'ament_cmake'
[0.329s] INFO:colcon.colcon_cmake.task.cmake.build:Building CMake package in '/home/park/dev_ws/src/two_wheeled_robot/two_wheeled_robot'
[0.330s] INFO:colcon.colcon_core.shell:Skip shell extension 'powershell' for command environment: Not usable outside of PowerShell
[0.330s] DEBUG:colcon.colcon_core.shell:Skip shell extension 'dsv' for command environment
[0.339s] DEBUG:colcon.colcon_core.event_handler.log_command:Invoking command in '/home/park/dev_ws/build/yolo_msgs': CMAKE_PREFIX_PATH=/opt/ros/humble /usr/bin/cmake --build /home/park/dev_ws/build/yolo_msgs -- -j22 -l22
[0.342s] DEBUG:colcon.colcon_core.event_handler.log_command:Invoking command in '/home/park/dev_ws/build/cpp_service_tutorial': CMAKE_PREFIX_PATH=/opt/ros/humble /usr/bin/cmake --build /home/park/dev_ws/build/cpp_service_tutorial -- -j22 -l22
[0.344s] DEBUG:colcon.colcon_core.event_handler.log_command:Invoking command in '/home/park/dev_ws/build/my_test_pkg': CMAKE_PREFIX_PATH=/opt/ros/humble /usr/bin/cmake --build /home/park/dev_ws/build/my_test_pkg -- -j22 -l22
[0.364s] DEBUG:colcon.colcon_core.event_handler.log_command:Invoking command in '/home/park/dev_ws/build/two_wheeled_robot': CMAKE_PREFIX_PATH=/opt/ros/humble /usr/bin/cmake --build /home/park/dev_ws/build/two_wheeled_robot -- -j22 -l22
[0.402s] DEBUG:colcon.colcon_core.event_handler.log_command:Invoked command in '/home/park/dev_ws/build/cpp_service_tutorial' returned '0': CMAKE_PREFIX_PATH=/opt/ros/humble /usr/bin/cmake --build /home/park/dev_ws/build/cpp_service_tutorial -- -j22 -l22
[0.415s] DEBUG:colcon.colcon_core.event_handler.log_command:Invoking command in '/home/park/dev_ws/build/cpp_service_tutorial': CMAKE_PREFIX_PATH=/opt/ros/humble /usr/bin/cmake --install /home/park/dev_ws/build/cpp_service_tutorial
[0.416s] DEBUG:colcon.colcon_core.event_handler.log_command:Invoked command in '/home/park/dev_ws/build/two_wheeled_robot' returned '0': CMAKE_PREFIX_PATH=/opt/ros/humble /usr/bin/cmake --build /home/park/dev_ws/build/two_wheeled_robot -- -j22 -l22
[0.419s] DEBUG:colcon.colcon_core.event_handler.log_command:Invoking command in '/home/park/dev_ws/build/two_wheeled_robot': CMAKE_PREFIX_PATH=/opt/ros/humble /usr/bin/cmake --install /home/park/dev_ws/build/two_wheeled_robot
[0.424s] Level 1:colcon.colcon_core.environment:create_environment_scripts_only(cpp_service_tutorial)
[0.425s] DEBUG:colcon.colcon_core.event_handler.log_command:Invoked command in '/home/park/dev_ws/build/cpp_service_tutorial' returned '0': CMAKE_PREFIX_PATH=/opt/ros/humble /usr/bin/cmake --install /home/park/dev_ws/build/cpp_service_tutorial
[0.437s] Level 1:colcon.colcon_core.environment:checking '/home/park/dev_ws/install/cpp_service_tutorial' for CMake module files
[0.438s] Level 1:colcon.colcon_core.environment:checking '/home/park/dev_ws/install/cpp_service_tutorial' for CMake config files
[0.438s] Level 1:colcon.colcon_core.shell:create_environment_hook('cpp_service_tutorial', 'cmake_prefix_path')
[0.439s] INFO:colcon.colcon_core.shell:Creating environment hook '/home/park/dev_ws/install/cpp_service_tutorial/share/cpp_service_tutorial/hook/cmake_prefix_path.ps1'
[0.441s] INFO:colcon.colcon_core.shell:Creating environment descriptor '/home/park/dev_ws/install/cpp_service_tutorial/share/cpp_service_tutorial/hook/cmake_prefix_path.dsv'
[0.442s] INFO:colcon.colcon_core.shell:Creating environment hook '/home/park/dev_ws/install/cpp_service_tutorial/share/cpp_service_tutorial/hook/cmake_prefix_path.sh'
[0.443s] Level 1:colcon.colcon_core.environment:checking '/home/park/dev_ws/install/cpp_service_tutorial/bin'
[0.444s] Level 1:colcon.colcon_core.environment:checking '/home/park/dev_ws/install/cpp_service_tutorial/lib/pkgconfig/cpp_service_tutorial.pc'
[0.444s] Level 1:colcon.colcon_core.environment:checking '/home/park/dev_ws/install/cpp_service_tutorial/lib/python3.10/site-packages'
[0.444s] Level 1:colcon.colcon_core.environment:checking '/home/park/dev_ws/install/cpp_service_tutorial/bin'
[0.445s] INFO:colcon.colcon_core.shell:Creating package script '/home/park/dev_ws/install/cpp_service_tutorial/share/cpp_service_tutorial/package.ps1'
[0.447s] INFO:colcon.colcon_core.shell:Creating package descriptor '/home/park/dev_ws/install/cpp_service_tutorial/share/cpp_service_tutorial/package.dsv'
[0.448s] INFO:colcon.colcon_core.shell:Creating package script '/home/park/dev_ws/install/cpp_service_tutorial/share/cpp_service_tutorial/package.sh'
[0.449s] INFO:colcon.colcon_core.shell:Creating package script '/home/park/dev_ws/install/cpp_service_tutorial/share/cpp_service_tutorial/package.bash'
[0.451s] INFO:colcon.colcon_core.shell:Creating package script '/home/park/dev_ws/install/cpp_service_tutorial/share/cpp_service_tutorial/package.zsh'
[0.452s] Level 1:colcon.colcon_core.environment:create_file_with_runtime_dependencies(/home/park/dev_ws/install/cpp_service_tutorial/share/colcon-core/packages/cpp_service_tutorial)
[0.453s] Level 1:colcon.colcon_core.environment:create_environment_scripts_only(cpp_service_tutorial)
[0.453s] Level 1:colcon.colcon_core.environment:checking '/home/park/dev_ws/install/cpp_service_tutorial' for CMake module files
[0.454s] Level 1:colcon.colcon_core.environment:checking '/home/park/dev_ws/install/cpp_service_tutorial' for CMake config files
[0.454s] Level 1:colcon.colcon_core.shell:create_environment_hook('cpp_service_tutorial', 'cmake_prefix_path')
[0.454s] INFO:colcon.colcon_core.shell:Creating environment hook '/home/park/dev_ws/install/cpp_service_tutorial/share/cpp_service_tutorial/hook/cmake_prefix_path.ps1'
[0.454s] INFO:colcon.colcon_core.shell:Creating environment descriptor '/home/park/dev_ws/install/cpp_service_tutorial/share/cpp_service_tutorial/hook/cmake_prefix_path.dsv'
[0.455s] INFO:colcon.colcon_core.shell:Creating environment hook '/home/park/dev_ws/install/cpp_service_tutorial/share/cpp_service_tutorial/hook/cmake_prefix_path.sh'
[0.455s] Level 1:colcon.colcon_core.environment:checking '/home/park/dev_ws/install/cpp_service_tutorial/bin'
[0.455s] Level 1:colcon.colcon_core.environment:checking '/home/park/dev_ws/install/cpp_service_tutorial/lib/pkgconfig/cpp_service_tutorial.pc'
[0.456s] Level 1:colcon.colcon_core.environment:checking '/home/park/dev_ws/install/cpp_service_tutorial/lib/python3.10/site-packages'
[0.456s] Level 1:colcon.colcon_core.environment:checking '/home/park/dev_ws/install/cpp_service_tutorial/bin'
[0.456s] INFO:colcon.colcon_core.shell:Creating package script '/home/park/dev_ws/install/cpp_service_tutorial/share/cpp_service_tutorial/package.ps1'
[0.457s] INFO:colcon.colcon_core.shell:Creating package descriptor '/home/park/dev_ws/install/cpp_service_tutorial/share/cpp_service_tutorial/package.dsv'
[0.458s] INFO:colcon.colcon_core.shell:Creating package script '/home/park/dev_ws/install/cpp_service_tutorial/share/cpp_service_tutorial/package.sh'
[0.458s] INFO:colcon.colcon_core.shell:Creating package script '/home/park/dev_ws/install/cpp_service_tutorial/share/cpp_service_tutorial/package.bash'
[0.459s] INFO:colcon.colcon_core.shell:Creating package script '/home/park/dev_ws/install/cpp_service_tutorial/share/cpp_service_tutorial/package.zsh'
[0.459s] Level 1:colcon.colcon_core.environment:create_file_with_runtime_dependencies(/home/park/dev_ws/install/cpp_service_tutorial/share/colcon-core/packages/cpp_service_tutorial)
[0.461s] DEBUG:colcon.colcon_core.event_handler.log_command:Invoked command in '/home/park/dev_ws/build/my_test_pkg' returned '0': CMAKE_PREFIX_PATH=/opt/ros/humble /usr/bin/cmake --build /home/park/dev_ws/build/my_test_pkg -- -j22 -l22
[0.464s] DEBUG:colcon.colcon_core.event_handler.log_command:Invoking command in '/home/park/dev_ws/build/my_test_pkg': CMAKE_PREFIX_PATH=/opt/ros/humble /usr/bin/cmake --install /home/park/dev_ws/build/my_test_pkg
[0.465s] Level 1:colcon.colcon_core.environment:create_environment_scripts_only(two_wheeled_robot)
[0.466s] Level 1:colcon.colcon_core.environment:checking '/home/park/dev_ws/install/two_wheeled_robot' for CMake module files
[0.466s] DEBUG:colcon.colcon_core.event_handler.log_command:Invoked command in '/home/park/dev_ws/build/two_wheeled_robot' returned '0': CMAKE_PREFIX_PATH=/opt/ros/humble /usr/bin/cmake --install /home/park/dev_ws/build/two_wheeled_robot
[0.467s] Level 1:colcon.colcon_core.environment:checking '/home/park/dev_ws/install/two_wheeled_robot' for CMake config files
[0.467s] Level 1:colcon.colcon_core.shell:create_environment_hook('two_wheeled_robot', 'cmake_prefix_path')
[0.468s] INFO:colcon.colcon_core.shell:Creating environment hook '/home/park/dev_ws/install/two_wheeled_robot/share/two_wheeled_robot/hook/cmake_prefix_path.ps1'
[0.469s] INFO:colcon.colcon_core.shell:Creating environment descriptor '/home/park/dev_ws/install/two_wheeled_robot/share/two_wheeled_robot/hook/cmake_prefix_path.dsv'
[0.469s] INFO:colcon.colcon_core.shell:Creating environment hook '/home/park/dev_ws/install/two_wheeled_robot/share/two_wheeled_robot/hook/cmake_prefix_path.sh'
[0.470s] Level 1:colcon.colcon_core.environment:checking '/home/park/dev_ws/install/two_wheeled_robot/bin'
[0.470s] Level 1:colcon.colcon_core.environment:checking '/home/park/dev_ws/install/two_wheeled_robot/lib/pkgconfig/two_wheeled_robot.pc'
[0.471s] Level 1:colcon.colcon_core.environment:checking '/home/park/dev_ws/install/two_wheeled_robot/lib/python3.10/site-packages'
[0.471s] Level 1:colcon.colcon_core.environment:checking '/home/park/dev_ws/install/two_wheeled_robot/bin'
[0.471s] INFO:colcon.colcon_core.shell:Creating package script '/home/park/dev_ws/install/two_wheeled_robot/share/two_wheeled_robot/package.ps1'
[0.472s] INFO:colcon.colcon_core.shell:Creating package descriptor '/home/park/dev_ws/install/two_wheeled_robot/share/two_wheeled_robot/package.dsv'
[0.473s] INFO:colcon.colcon_core.shell:Creating package script '/home/park/dev_ws/install/two_wheeled_robot/share/two_wheeled_robot/package.sh'
[0.474s] INFO:colcon.colcon_core.shell:Creating package script '/home/park/dev_ws/install/two_wheeled_robot/share/two_wheeled_robot/package.bash'
[0.476s] INFO:colcon.colcon_core.shell:Creating package script '/home/park/dev_ws/install/two_wheeled_robot/share/two_wheeled_robot/package.zsh'
[0.477s] Level 1:colcon.colcon_core.environment:create_file_with_runtime_dependencies(/home/park/dev_ws/install/two_wheeled_robot/share/colcon-core/packages/two_wheeled_robot)
[0.478s] Level 1:colcon.colcon_core.environment:create_environment_scripts_only(two_wheeled_robot)
[0.478s] Level 1:colcon.colcon_core.environment:checking '/home/park/dev_ws/install/two_wheeled_robot' for CMake module files
[0.479s] Level 1:colcon.colcon_core.environment:checking '/home/park/dev_ws/install/two_wheeled_robot' for CMake config files
[0.479s] Level 1:colcon.colcon_core.shell:create_environment_hook('two_wheeled_robot', 'cmake_prefix_path')
[0.479s] INFO:colcon.colcon_core.shell:Creating environment hook '/home/park/dev_ws/install/two_wheeled_robot/share/two_wheeled_robot/hook/cmake_prefix_path.ps1'
[0.480s] INFO:colcon.colcon_core.shell:Creating environment descriptor '/home/park/dev_ws/install/two_wheeled_robot/share/two_wheeled_robot/hook/cmake_prefix_path.dsv'
[0.480s] INFO:colcon.colcon_core.shell:Creating environment hook '/home/park/dev_ws/install/two_wheeled_robot/share/two_wheeled_robot/hook/cmake_prefix_path.sh'
[0.481s] Level 1:colcon.colcon_core.environment:checking '/home/park/dev_ws/install/two_wheeled_robot/bin'
[0.481s] Level 1:colcon.colcon_core.environment:checking '/home/park/dev_ws/install/two_wheeled_robot/lib/pkgconfig/two_wheeled_robot.pc'
[0.481s] Level 1:colcon.colcon_core.environment:checking '/home/park/dev_ws/install/two_wheeled_robot/lib/python3.10/site-packages'
[0.481s] Level 1:colcon.colcon_core.environment:checking '/home/park/dev_ws/install/two_wheeled_robot/bin'
[0.482s] INFO:colcon.colcon_core.shell:Creating package script '/home/park/dev_ws/install/two_wheeled_robot/share/two_wheeled_robot/package.ps1'
[0.482s] INFO:colcon.colcon_core.shell:Creating package descriptor '/home/park/dev_ws/install/two_wheeled_robot/share/two_wheeled_robot/package.dsv'
[0.483s] INFO:colcon.colcon_core.shell:Creating package script '/home/park/dev_ws/install/two_wheeled_robot/share/two_wheeled_robot/package.sh'
[0.483s] INFO:colcon.colcon_core.shell:Creating package script '/home/park/dev_ws/install/two_wheeled_robot/share/two_wheeled_robot/package.bash'
[0.484s] INFO:colcon.colcon_core.shell:Creating package script '/home/park/dev_ws/install/two_wheeled_robot/share/two_wheeled_robot/package.zsh'
[0.484s] Level 1:colcon.colcon_core.environment:create_file_with_runtime_dependencies(/home/park/dev_ws/install/two_wheeled_robot/share/colcon-core/packages/two_wheeled_robot)
[0.486s] Level 1:colcon.colcon_core.environment:create_environment_scripts_only(my_test_pkg)
[0.486s] Level 1:colcon.colcon_core.environment:checking '/home/park/dev_ws/install/my_test_pkg' for CMake module files
[0.487s] DEBUG:colcon.colcon_core.event_handler.log_command:Invoked command in '/home/park/dev_ws/build/my_test_pkg' returned '0': CMAKE_PREFIX_PATH=/opt/ros/humble /usr/bin/cmake --install /home/park/dev_ws/build/my_test_pkg
[0.487s] Level 1:colcon.colcon_core.environment:checking '/home/park/dev_ws/install/my_test_pkg' for CMake config files
[0.488s] Level 1:colcon.colcon_core.shell:create_environment_hook('my_test_pkg', 'cmake_prefix_path')
[0.488s] INFO:colcon.colcon_core.shell:Creating environment hook '/home/park/dev_ws/install/my_test_pkg/share/my_test_pkg/hook/cmake_prefix_path.ps1'
[0.489s] INFO:colcon.colcon_core.shell:Creating environment descriptor '/home/park/dev_ws/install/my_test_pkg/share/my_test_pkg/hook/cmake_prefix_path.dsv'
[0.489s] INFO:colcon.colcon_core.shell:Creating environment hook '/home/park/dev_ws/install/my_test_pkg/share/my_test_pkg/hook/cmake_prefix_path.sh'
[0.490s] Level 1:colcon.colcon_core.environment:checking '/home/park/dev_ws/install/my_test_pkg/lib'
[0.490s] Level 1:colcon.colcon_core.environment:checking '/home/park/dev_ws/install/my_test_pkg/bin'
[0.491s] Level 1:colcon.colcon_core.environment:checking '/home/park/dev_ws/install/my_test_pkg/lib/pkgconfig/my_test_pkg.pc'
[0.491s] Level 1:colcon.colcon_core.environment:checking '/home/park/dev_ws/install/my_test_pkg/lib/python3.10/site-packages'
[0.491s] Level 1:colcon.colcon_core.environment:checking '/home/park/dev_ws/install/my_test_pkg/bin'
[0.492s] INFO:colcon.colcon_core.shell:Creating package script '/home/park/dev_ws/install/my_test_pkg/share/my_test_pkg/package.ps1'
[0.492s] INFO:colcon.colcon_core.shell:Creating package descriptor '/home/park/dev_ws/install/my_test_pkg/share/my_test_pkg/package.dsv'
[0.493s] INFO:colcon.colcon_core.shell:Creating package script '/home/park/dev_ws/install/my_test_pkg/share/my_test_pkg/package.sh'
[0.493s] INFO:colcon.colcon_core.shell:Creating package script '/home/park/dev_ws/install/my_test_pkg/share/my_test_pkg/package.bash'
[0.494s] INFO:colcon.colcon_core.shell:Creating package script '/home/park/dev_ws/install/my_test_pkg/share/my_test_pkg/package.zsh'
[0.494s] Level 1:colcon.colcon_core.environment:create_file_with_runtime_dependencies(/home/park/dev_ws/install/my_test_pkg/share/colcon-core/packages/my_test_pkg)
[0.495s] Level 1:colcon.colcon_core.environment:create_environment_scripts_only(my_test_pkg)
[0.495s] Level 1:colcon.colcon_core.environment:checking '/home/park/dev_ws/install/my_test_pkg' for CMake module files
[0.496s] Level 1:colcon.colcon_core.environment:checking '/home/park/dev_ws/install/my_test_pkg' for CMake config files
[0.496s] Level 1:colcon.colcon_core.shell:create_environment_hook('my_test_pkg', 'cmake_prefix_path')
[0.497s] INFO:colcon.colcon_core.shell:Creating environment hook '/home/park/dev_ws/install/my_test_pkg/share/my_test_pkg/hook/cmake_prefix_path.ps1'
[0.497s] INFO:colcon.colcon_core.shell:Creating environment descriptor '/home/park/dev_ws/install/my_test_pkg/share/my_test_pkg/hook/cmake_prefix_path.dsv'
[0.498s] INFO:colcon.colcon_core.shell:Creating environment hook '/home/park/dev_ws/install/my_test_pkg/share/my_test_pkg/hook/cmake_prefix_path.sh'
[0.498s] Level 1:colcon.colcon_core.environment:checking '/home/park/dev_ws/install/my_test_pkg/lib'
[0.498s] Level 1:colcon.colcon_core.environment:checking '/home/park/dev_ws/install/my_test_pkg/bin'
[0.498s] Level 1:colcon.colcon_core.environment:checking '/home/park/dev_ws/install/my_test_pkg/lib/pkgconfig/my_test_pkg.pc'
[0.499s] Level 1:colcon.colcon_core.environment:checking '/home/park/dev_ws/install/my_test_pkg/lib/python3.10/site-packages'
[0.499s] Level 1:colcon.colcon_core.environment:checking '/home/park/dev_ws/install/my_test_pkg/bin'
[0.499s] INFO:colcon.colcon_core.shell:Creating package script '/home/park/dev_ws/install/my_test_pkg/share/my_test_pkg/package.ps1'
[0.500s] INFO:colcon.colcon_core.shell:Creating package descriptor '/home/park/dev_ws/install/my_test_pkg/share/my_test_pkg/package.dsv'
[0.501s] INFO:colcon.colcon_core.shell:Creating package script '/home/park/dev_ws/install/my_test_pkg/share/my_test_pkg/package.sh'
[0.502s] INFO:colcon.colcon_core.shell:Creating package script '/home/park/dev_ws/install/my_test_pkg/share/my_test_pkg/package.bash'
[0.502s] INFO:colcon.colcon_core.shell:Creating package script '/home/park/dev_ws/install/my_test_pkg/share/my_test_pkg/package.zsh'
[0.503s] Level 1:colcon.colcon_core.environment:create_file_with_runtime_dependencies(/home/park/dev_ws/install/my_test_pkg/share/colcon-core/packages/my_test_pkg)
[0.795s] DEBUG:colcon.colcon_core.event_handler.log_command:Invoked command in '/home/park/dev_ws/build/yolo_msgs' returned '0': CMAKE_PREFIX_PATH=/opt/ros/humble /usr/bin/cmake --build /home/park/dev_ws/build/yolo_msgs -- -j22 -l22
[0.797s] DEBUG:colcon.colcon_core.event_handler.log_command:Invoking command in '/home/park/dev_ws/build/yolo_msgs': CMAKE_PREFIX_PATH=/opt/ros/humble /usr/bin/cmake --install /home/park/dev_ws/build/yolo_msgs
[0.883s] Level 1:colcon.colcon_core.environment:create_environment_scripts_only(yolo_msgs)
[0.884s] Level 1:colcon.colcon_core.environment:checking '/home/park/dev_ws/install/yolo_msgs' for CMake module files
[0.884s] DEBUG:colcon.colcon_core.event_handler.log_command:Invoked command in '/home/park/dev_ws/build/yolo_msgs' returned '0': CMAKE_PREFIX_PATH=/opt/ros/humble /usr/bin/cmake --install /home/park/dev_ws/build/yolo_msgs
[0.885s] Level 1:colcon.colcon_core.environment:checking '/home/park/dev_ws/install/yolo_msgs' for CMake config files
[0.885s] Level 1:colcon.colcon_core.shell:create_environment_hook('yolo_msgs', 'cmake_prefix_path')
[0.885s] INFO:colcon.colcon_core.shell:Creating environment hook '/home/park/dev_ws/install/yolo_msgs/share/yolo_msgs/hook/cmake_prefix_path.ps1'
[0.886s] INFO:colcon.colcon_core.shell:Creating environment descriptor '/home/park/dev_ws/install/yolo_msgs/share/yolo_msgs/hook/cmake_prefix_path.dsv'
[0.886s] INFO:colcon.colcon_core.shell:Creating environment hook '/home/park/dev_ws/install/yolo_msgs/share/yolo_msgs/hook/cmake_prefix_path.sh'
[0.887s] Level 1:colcon.colcon_core.environment:checking '/home/park/dev_ws/install/yolo_msgs/lib'
[0.887s] Level 1:colcon.colcon_core.shell:create_environment_hook('yolo_msgs', 'ld_library_path_lib')
[0.887s] INFO:colcon.colcon_core.shell:Creating environment hook '/home/park/dev_ws/install/yolo_msgs/share/yolo_msgs/hook/ld_library_path_lib.ps1'
[0.888s] INFO:colcon.colcon_core.shell:Creating environment descriptor '/home/park/dev_ws/install/yolo_msgs/share/yolo_msgs/hook/ld_library_path_lib.dsv'
[0.888s] INFO:colcon.colcon_core.shell:Creating environment hook '/home/park/dev_ws/install/yolo_msgs/share/yolo_msgs/hook/ld_library_path_lib.sh'
[0.889s] Level 1:colcon.colcon_core.environment:checking '/home/park/dev_ws/install/yolo_msgs/bin'
[0.889s] Level 1:colcon.colcon_core.environment:checking '/home/park/dev_ws/install/yolo_msgs/lib/pkgconfig/yolo_msgs.pc'
[0.889s] Level 1:colcon.colcon_core.environment:checking '/home/park/dev_ws/install/yolo_msgs/lib/python3.10/site-packages'
[0.889s] Level 1:colcon.colcon_core.environment:checking '/home/park/dev_ws/install/yolo_msgs/bin'
[0.890s] INFO:colcon.colcon_core.shell:Creating package script '/home/park/dev_ws/install/yolo_msgs/share/yolo_msgs/package.ps1'
[0.890s] INFO:colcon.colcon_core.shell:Creating package descriptor '/home/park/dev_ws/install/yolo_msgs/share/yolo_msgs/package.dsv'
[0.891s] INFO:colcon.colcon_core.shell:Creating package script '/home/park/dev_ws/install/yolo_msgs/share/yolo_msgs/package.sh'
[0.891s] INFO:colcon.colcon_core.shell:Creating package script '/home/park/dev_ws/install/yolo_msgs/share/yolo_msgs/package.bash'
[0.892s] INFO:colcon.colcon_core.shell:Creating package script '/home/park/dev_ws/install/yolo_msgs/share/yolo_msgs/package.zsh'
[0.892s] Level 1:colcon.colcon_core.environment:create_file_with_runtime_dependencies(/home/park/dev_ws/install/yolo_msgs/share/colcon-core/packages/yolo_msgs)
[0.893s] Level 1:colcon.colcon_core.environment:create_environment_scripts_only(yolo_msgs)
[0.893s] Level 1:colcon.colcon_core.environment:checking '/home/park/dev_ws/install/yolo_msgs' for CMake module files
[0.893s] Level 1:colcon.colcon_core.environment:checking '/home/park/dev_ws/install/yolo_msgs' for CMake config files
[0.894s] Level 1:colcon.colcon_core.shell:create_environment_hook('yolo_msgs', 'cmake_prefix_path')
[0.894s] INFO:colcon.colcon_core.shell:Creating environment hook '/home/park/dev_ws/install/yolo_msgs/share/yolo_msgs/hook/cmake_prefix_path.ps1'
[0.894s] INFO:colcon.colcon_core.shell:Creating environment descriptor '/home/park/dev_ws/install/yolo_msgs/share/yolo_msgs/hook/cmake_prefix_path.dsv'
[0.895s] INFO:colcon.colcon_core.shell:Creating environment hook '/home/park/dev_ws/install/yolo_msgs/share/yolo_msgs/hook/cmake_prefix_path.sh'
[0.895s] Level 1:colcon.colcon_core.environment:checking '/home/park/dev_ws/install/yolo_msgs/lib'
[0.895s] Level 1:colcon.colcon_core.shell:create_environment_hook('yolo_msgs', 'ld_library_path_lib')
[0.896s] INFO:colcon.colcon_core.shell:Creating environment hook '/home/park/dev_ws/install/yolo_msgs/share/yolo_msgs/hook/ld_library_path_lib.ps1'
[0.896s] INFO:colcon.colcon_core.shell:Creating environment descriptor '/home/park/dev_ws/install/yolo_msgs/share/yolo_msgs/hook/ld_library_path_lib.dsv'
[0.896s] INFO:colcon.colcon_core.shell:Creating environment hook '/home/park/dev_ws/install/yolo_msgs/share/yolo_msgs/hook/ld_library_path_lib.sh'
[0.897s] Level 1:colcon.colcon_core.environment:checking '/home/park/dev_ws/install/yolo_msgs/bin'
[0.897s] Level 1:colcon.colcon_core.environment:checking '/home/park/dev_ws/install/yolo_msgs/lib/pkgconfig/yolo_msgs.pc'
[0.897s] Level 1:colcon.colcon_core.environment:checking '/home/park/dev_ws/install/yolo_msgs/lib/python3.10/site-packages'
[0.897s] Level 1:colcon.colcon_core.environment:checking '/home/park/dev_ws/install/yolo_msgs/bin'
[0.898s] INFO:colcon.colcon_core.shell:Creating package script '/home/park/dev_ws/install/yolo_msgs/share/yolo_msgs/package.ps1'
[0.898s] INFO:colcon.colcon_core.shell:Creating package descriptor '/home/park/dev_ws/install/yolo_msgs/share/yolo_msgs/package.dsv'
[0.899s] INFO:colcon.colcon_core.shell:Creating package script '/home/park/dev_ws/install/yolo_msgs/share/yolo_msgs/package.sh'
[0.899s] INFO:colcon.colcon_core.shell:Creating package script '/home/park/dev_ws/install/yolo_msgs/share/yolo_msgs/package.bash'
[0.900s] INFO:colcon.colcon_core.shell:Creating package script '/home/park/dev_ws/install/yolo_msgs/share/yolo_msgs/package.zsh'
[0.900s] Level 1:colcon.colcon_core.environment:create_file_with_runtime_dependencies(/home/park/dev_ws/install/yolo_msgs/share/colcon-core/packages/yolo_msgs)
[0.901s] INFO:colcon.colcon_ros.task.ament_python.build:Building ROS package in '/home/park/dev_ws/src/ros2_yolo/yolo_ros' with build type 'ament_python'
[0.901s] Level 1:colcon.colcon_core.shell:create_environment_hook('yolo_ros', 'ament_prefix_path')
[0.901s] INFO:colcon.colcon_core.shell:Creating environment hook '/home/park/dev_ws/install/yolo_ros/share/yolo_ros/hook/ament_prefix_path.ps1'
[0.902s] INFO:colcon.colcon_core.shell:Creating environment descriptor '/home/park/dev_ws/install/yolo_ros/share/yolo_ros/hook/ament_prefix_path.dsv'
[0.902s] INFO:colcon.colcon_core.shell:Creating environment hook '/home/park/dev_ws/install/yolo_ros/share/yolo_ros/hook/ament_prefix_path.sh'
[0.903s] INFO:colcon.colcon_core.shell:Skip shell extension 'powershell' for command environment: Not usable outside of PowerShell
[0.903s] DEBUG:colcon.colcon_core.shell:Skip shell extension 'dsv' for command environment
[1.149s] INFO:colcon.colcon_core.task.python.build:Building Python package in '/home/park/dev_ws/src/ros2_yolo/yolo_ros'
[1.149s] INFO:colcon.colcon_core.shell:Skip shell extension 'powershell' for command environment: Not usable outside of PowerShell
[1.149s] DEBUG:colcon.colcon_core.shell:Skip shell extension 'dsv' for command environment
[1.756s] DEBUG:colcon.colcon_core.event_handler.log_command:Invoking command in '/home/park/dev_ws/src/ros2_yolo/yolo_ros': AMENT_PREFIX_PATH=/home/park/dev_ws/install/yolo_msgs:${AMENT_PREFIX_PATH} CMAKE_PREFIX_PATH=/home/park/dev_ws/install/yolo_msgs LD_LIBRARY_PATH=/home/park/dev_ws/install/yolo_msgs/lib:${LD_LIBRARY_PATH} PYTHONPATH=/home/park/dev_ws/build/yolo_ros/prefix_override:/usr/lib/python3/dist-packages/colcon_core/task/python/colcon_distutils_commands:/home/park/dev_ws/install/yolo_ros/lib/python3.10/site-packages:/home/park/dev_ws/install/yolo_msgs/local/lib/python3.10/dist-packages:${PYTHONPATH} /usr/bin/python3 -W ignore:setup.py install is deprecated -W ignore:easy_install command is deprecated setup.py egg_info --egg-base ../../../build/yolo_ros build --build-base /home/park/dev_ws/build/yolo_ros/build install --record /home/park/dev_ws/build/yolo_ros/install.log --single-version-externally-managed install_data
[2.339s] Level 1:colcon.colcon_core.environment:checking '/home/park/dev_ws/install/yolo_ros' for CMake module files
[2.340s] DEBUG:colcon.colcon_core.event_handler.log_command:Invoked command in '/home/park/dev_ws/src/ros2_yolo/yolo_ros' returned '0': AMENT_PREFIX_PATH=/home/park/dev_ws/install/yolo_msgs:${AMENT_PREFIX_PATH} CMAKE_PREFIX_PATH=/home/park/dev_ws/install/yolo_msgs LD_LIBRARY_PATH=/home/park/dev_ws/install/yolo_msgs/lib:${LD_LIBRARY_PATH} PYTHONPATH=/home/park/dev_ws/build/yolo_ros/prefix_override:/usr/lib/python3/dist-packages/colcon_core/task/python/colcon_distutils_commands:/home/park/dev_ws/install/yolo_ros/lib/python3.10/site-packages:/home/park/dev_ws/install/yolo_msgs/local/lib/python3.10/dist-packages:${PYTHONPATH} /usr/bin/python3 -W ignore:setup.py install is deprecated -W ignore:easy_install command is deprecated setup.py egg_info --egg-base ../../../build/yolo_ros build --build-base /home/park/dev_ws/build/yolo_ros/build install --record /home/park/dev_ws/build/yolo_ros/install.log --single-version-externally-managed install_data
[2.341s] Level 1:colcon.colcon_core.environment:checking '/home/park/dev_ws/install/yolo_ros' for CMake config files
[2.342s] Level 1:colcon.colcon_core.environment:checking '/home/park/dev_ws/install/yolo_ros/lib'
[2.342s] Level 1:colcon.colcon_core.environment:checking '/home/park/dev_ws/install/yolo_ros/bin'
[2.342s] Level 1:colcon.colcon_core.environment:checking '/home/park/dev_ws/install/yolo_ros/lib/pkgconfig/yolo_ros.pc'
[2.342s] Level 1:colcon.colcon_core.environment:checking '/home/park/dev_ws/install/yolo_ros/lib/python3.10/site-packages'
[2.342s] Level 1:colcon.colcon_core.shell:create_environment_hook('yolo_ros', 'pythonpath')
[2.343s] INFO:colcon.colcon_core.shell:Creating environment hook '/home/park/dev_ws/install/yolo_ros/share/yolo_ros/hook/pythonpath.ps1'
[2.343s] INFO:colcon.colcon_core.shell:Creating environment descriptor '/home/park/dev_ws/install/yolo_ros/share/yolo_ros/hook/pythonpath.dsv'
[2.344s] INFO:colcon.colcon_core.shell:Creating environment hook '/home/park/dev_ws/install/yolo_ros/share/yolo_ros/hook/pythonpath.sh'
[2.344s] Level 1:colcon.colcon_core.environment:checking '/home/park/dev_ws/install/yolo_ros/bin'
[2.344s] Level 1:colcon.colcon_core.environment:create_environment_scripts_only(yolo_ros)
[2.345s] INFO:colcon.colcon_core.shell:Creating package script '/home/park/dev_ws/install/yolo_ros/share/yolo_ros/package.ps1'
[2.345s] INFO:colcon.colcon_core.shell:Creating package descriptor '/home/park/dev_ws/install/yolo_ros/share/yolo_ros/package.dsv'
[2.345s] INFO:colcon.colcon_core.shell:Creating package script '/home/park/dev_ws/install/yolo_ros/share/yolo_ros/package.sh'
[2.346s] INFO:colcon.colcon_core.shell:Creating package script '/home/park/dev_ws/install/yolo_ros/share/yolo_ros/package.bash'
[2.346s] INFO:colcon.colcon_core.shell:Creating package script '/home/park/dev_ws/install/yolo_ros/share/yolo_ros/package.zsh'
[2.346s] Level 1:colcon.colcon_core.environment:create_file_with_runtime_dependencies(/home/park/dev_ws/install/yolo_ros/share/colcon-core/packages/yolo_ros)
[2.347s] INFO:colcon.colcon_ros.task.ament_cmake.build:Building ROS package in '/home/park/dev_ws/src/ros2_yolo/yolo_bringup' with build type 'ament_cmake'
[2.347s] INFO:colcon.colcon_cmake.task.cmake.build:Building CMake package in '/home/park/dev_ws/src/ros2_yolo/yolo_bringup'
[2.347s] INFO:colcon.colcon_core.shell:Skip shell extension 'powershell' for command environment: Not usable outside of PowerShell
[2.347s] DEBUG:colcon.colcon_core.shell:Skip shell extension 'dsv' for command environment
[2.360s] DEBUG:colcon.colcon_core.event_handler.log_command:Invoking command in '/home/park/dev_ws/build/yolo_bringup': AMENT_PREFIX_PATH=/home/park/dev_ws/install/yolo_ros:/home/park/dev_ws/install/yolo_msgs:${AMENT_PREFIX_PATH} CMAKE_PREFIX_PATH=/home/park/dev_ws/install/yolo_msgs:/opt/ros/humble LD_LIBRARY_PATH=/home/park/dev_ws/install/yolo_msgs/lib:${LD_LIBRARY_PATH} PYTHONPATH=/home/park/dev_ws/install/yolo_ros/lib/python3.10/site-packages:/home/park/dev_ws/install/yolo_msgs/local/lib/python3.10/dist-packages:/opt/ros/humble/local/lib/python3.10/dist-packages:/opt/ros/humble/lib/python3.10/site-packages /usr/bin/cmake --build /home/park/dev_ws/build/yolo_bringup -- -j22 -l22
[2.405s] DEBUG:colcon.colcon_core.event_handler.log_command:Invoked command in '/home/park/dev_ws/build/yolo_bringup' returned '0': AMENT_PREFIX_PATH=/home/park/dev_ws/install/yolo_ros:/home/park/dev_ws/install/yolo_msgs:${AMENT_PREFIX_PATH} CMAKE_PREFIX_PATH=/home/park/dev_ws/install/yolo_msgs:/opt/ros/humble LD_LIBRARY_PATH=/home/park/dev_ws/install/yolo_msgs/lib:${LD_LIBRARY_PATH} PYTHONPATH=/home/park/dev_ws/install/yolo_ros/lib/python3.10/site-packages:/home/park/dev_ws/install/yolo_msgs/local/lib/python3.10/dist-packages:/opt/ros/humble/local/lib/python3.10/dist-packages:/opt/ros/humble/lib/python3.10/site-packages /usr/bin/cmake --build /home/park/dev_ws/build/yolo_bringup -- -j22 -l22
[2.407s] DEBUG:colcon.colcon_core.event_handler.log_command:Invoking command in '/home/park/dev_ws/build/yolo_bringup': AMENT_PREFIX_PATH=/home/park/dev_ws/install/yolo_ros:/home/park/dev_ws/install/yolo_msgs:${AMENT_PREFIX_PATH} CMAKE_PREFIX_PATH=/home/park/dev_ws/install/yolo_msgs:/opt/ros/humble LD_LIBRARY_PATH=/home/park/dev_ws/install/yolo_msgs/lib:${LD_LIBRARY_PATH} PYTHONPATH=/home/park/dev_ws/install/yolo_ros/lib/python3.10/site-packages:/home/park/dev_ws/install/yolo_msgs/local/lib/python3.10/dist-packages:/opt/ros/humble/local/lib/python3.10/dist-packages:/opt/ros/humble/lib/python3.10/site-packages /usr/bin/cmake --install /home/park/dev_ws/build/yolo_bringup
[2.419s] Level 1:colcon.colcon_core.environment:create_environment_scripts_only(yolo_bringup)
[2.419s] DEBUG:colcon.colcon_core.event_handler.log_command:Invoked command in '/home/park/dev_ws/build/yolo_bringup' returned '0': AMENT_PREFIX_PATH=/home/park/dev_ws/install/yolo_ros:/home/park/dev_ws/install/yolo_msgs:${AMENT_PREFIX_PATH} CMAKE_PREFIX_PATH=/home/park/dev_ws/install/yolo_msgs:/opt/ros/humble LD_LIBRARY_PATH=/home/park/dev_ws/install/yolo_msgs/lib:${LD_LIBRARY_PATH} PYTHONPATH=/home/park/dev_ws/install/yolo_ros/lib/python3.10/site-packages:/home/park/dev_ws/install/yolo_msgs/local/lib/python3.10/dist-packages:/opt/ros/humble/local/lib/python3.10/dist-packages:/opt/ros/humble/lib/python3.10/site-packages /usr/bin/cmake --install /home/park/dev_ws/build/yolo_bringup
[2.420s] Level 1:colcon.colcon_core.environment:checking '/home/park/dev_ws/install/yolo_bringup' for CMake module files
[2.420s] Level 1:colcon.colcon_core.environment:checking '/home/park/dev_ws/install/yolo_bringup' for CMake config files
[2.421s] Level 1:colcon.colcon_core.shell:create_environment_hook('yolo_bringup', 'cmake_prefix_path')
[2.421s] INFO:colcon.colcon_core.shell:Creating environment hook '/home/park/dev_ws/install/yolo_bringup/share/yolo_bringup/hook/cmake_prefix_path.ps1'
[2.422s] INFO:colcon.colcon_core.shell:Creating environment descriptor '/home/park/dev_ws/install/yolo_bringup/share/yolo_bringup/hook/cmake_prefix_path.dsv'
[2.422s] INFO:colcon.colcon_core.shell:Creating environment hook '/home/park/dev_ws/install/yolo_bringup/share/yolo_bringup/hook/cmake_prefix_path.sh'
[2.423s] Level 1:colcon.colcon_core.environment:checking '/home/park/dev_ws/install/yolo_bringup/bin'
[2.423s] Level 1:colcon.colcon_core.environment:checking '/home/park/dev_ws/install/yolo_bringup/lib/pkgconfig/yolo_bringup.pc'
[2.423s] Level 1:colcon.colcon_core.environment:checking '/home/park/dev_ws/install/yolo_bringup/lib/python3.10/site-packages'
[2.423s] Level 1:colcon.colcon_core.environment:checking '/home/park/dev_ws/install/yolo_bringup/bin'
[2.424s] INFO:colcon.colcon_core.shell:Creating package script '/home/park/dev_ws/install/yolo_bringup/share/yolo_bringup/package.ps1'
[2.424s] INFO:colcon.colcon_core.shell:Creating package descriptor '/home/park/dev_ws/install/yolo_bringup/share/yolo_bringup/package.dsv'
[2.425s] INFO:colcon.colcon_core.shell:Creating package script '/home/park/dev_ws/install/yolo_bringup/share/yolo_bringup/package.sh'
[2.425s] INFO:colcon.colcon_core.shell:Creating package script '/home/park/dev_ws/install/yolo_bringup/share/yolo_bringup/package.bash'
[2.425s] INFO:colcon.colcon_core.shell:Creating package script '/home/park/dev_ws/install/yolo_bringup/share/yolo_bringup/package.zsh'
[2.426s] Level 1:colcon.colcon_core.environment:create_file_with_runtime_dependencies(/home/park/dev_ws/install/yolo_bringup/share/colcon-core/packages/yolo_bringup)
[2.426s] Level 1:colcon.colcon_core.environment:create_environment_scripts_only(yolo_bringup)
[2.427s] Level 1:colcon.colcon_core.environment:checking '/home/park/dev_ws/install/yolo_bringup' for CMake module files
[2.427s] Level 1:colcon.colcon_core.environment:checking '/home/park/dev_ws/install/yolo_bringup' for CMake config files
[2.427s] Level 1:colcon.colcon_core.shell:create_environment_hook('yolo_bringup', 'cmake_prefix_path')
[2.428s] INFO:colcon.colcon_core.shell:Creating environment hook '/home/park/dev_ws/install/yolo_bringup/share/yolo_bringup/hook/cmake_prefix_path.ps1'
[2.428s] INFO:colcon.colcon_core.shell:Creating environment descriptor '/home/park/dev_ws/install/yolo_bringup/share/yolo_bringup/hook/cmake_prefix_path.dsv'
[2.428s] INFO:colcon.colcon_core.shell:Creating environment hook '/home/park/dev_ws/install/yolo_bringup/share/yolo_bringup/hook/cmake_prefix_path.sh'
[2.429s] Level 1:colcon.colcon_core.environment:checking '/home/park/dev_ws/install/yolo_bringup/bin'
[2.429s] Level 1:colcon.colcon_core.environment:checking '/home/park/dev_ws/install/yolo_bringup/lib/pkgconfig/yolo_bringup.pc'
[2.429s] Level 1:colcon.colcon_core.environment:checking '/home/park/dev_ws/install/yolo_bringup/lib/python3.10/site-packages'
[2.430s] Level 1:colcon.colcon_core.environment:checking '/home/park/dev_ws/install/yolo_bringup/bin'
[2.430s] INFO:colcon.colcon_core.shell:Creating package script '/home/park/dev_ws/install/yolo_bringup/share/yolo_bringup/package.ps1'
[2.430s] INFO:colcon.colcon_core.shell:Creating package descriptor '/home/park/dev_ws/install/yolo_bringup/share/yolo_bringup/package.dsv'
[2.431s] INFO:colcon.colcon_core.shell:Creating package script '/home/park/dev_ws/install/yolo_bringup/share/yolo_bringup/package.sh'
[2.431s] INFO:colcon.colcon_core.shell:Creating package script '/home/park/dev_ws/install/yolo_bringup/share/yolo_bringup/package.bash'
[2.432s] INFO:colcon.colcon_core.shell:Creating package script '/home/park/dev_ws/install/yolo_bringup/share/yolo_bringup/package.zsh'
[2.432s] Level 1:colcon.colcon_core.environment:create_file_with_runtime_dependencies(/home/park/dev_ws/install/yolo_bringup/share/colcon-core/packages/yolo_bringup)
[2.432s] DEBUG:colcon.colcon_parallel_executor.executor.parallel:closing loop
[2.433s] DEBUG:colcon.colcon_parallel_executor.executor.parallel:loop closed
[2.433s] DEBUG:colcon.colcon_parallel_executor.executor.parallel:run_until_complete finished with '0'
[2.433s] DEBUG:colcon.colcon_core.event_reactor:joining thread
[2.440s] INFO:colcon.colcon_core.plugin_system:Skipping extension 'colcon_notification.desktop_notification.terminal_notifier': Not used on non-Darwin systems
[2.440s] INFO:colcon.colcon_core.plugin_system:Skipping extension 'colcon_notification.desktop_notification.win32': Not used on non-Windows systems
[2.440s] INFO:colcon.colcon_notification.desktop_notification:Sending desktop notification using 'notify2'
[2.465s] DEBUG:colcon.colcon_core.event_reactor:joined thread
[2.465s] INFO:colcon.colcon_core.shell:Creating prefix script '/home/park/dev_ws/install/local_setup.ps1'
[2.467s] INFO:colcon.colcon_core.shell:Creating prefix util module '/home/park/dev_ws/install/_local_setup_util_ps1.py'
[2.469s] INFO:colcon.colcon_core.shell:Creating prefix chain script '/home/park/dev_ws/install/setup.ps1'
[2.470s] INFO:colcon.colcon_core.shell:Creating prefix script '/home/park/dev_ws/install/local_setup.sh'
[2.471s] INFO:colcon.colcon_core.shell:Creating prefix util module '/home/park/dev_ws/install/_local_setup_util_sh.py'
[2.472s] INFO:colcon.colcon_core.shell:Creating prefix chain script '/home/park/dev_ws/install/setup.sh'
[2.473s] INFO:colcon.colcon_core.shell:Creating prefix script '/home/park/dev_ws/install/local_setup.bash'
[2.473s] INFO:colcon.colcon_core.shell:Creating prefix chain script '/home/park/dev_ws/install/setup.bash'
[2.475s] INFO:colcon.colcon_core.shell:Creating prefix script '/home/park/dev_ws/install/local_setup.zsh'
[2.475s] INFO:colcon.colcon_core.shell:Creating prefix chain script '/home/park/dev_ws/install/setup.zsh'
