[0.039s] Invoking command in '/home/park/dev_ws/build/yolo_msgs': CMAKE_PREFIX_PATH=${CMAKE_PREFIX_PATH}:/home/park/dev_ws/install/yolo_ros:/opt/ros/humble /usr/bin/cmake --build /home/park/dev_ws/build/yolo_msgs -- -j22 -l22
[0.097s] [35m[1mConsolidate compiler generated dependencies of target yolo_msgs__rosidl_generator_c[0m
[0.110s] [  0%] Built target yolo_msgs__cpp
[0.114s] [  0%] Built target ament_cmake_python_symlink_yolo_msgs
[0.123s] [ 12%] Built target yolo_msgs__rosidl_generator_c
[0.128s] [35m[1mConsolidate compiler generated dependencies of target yolo_msgs__rosidl_typesupport_introspection_cpp[0m
[0.130s] [35m[1mConsolidate compiler generated dependencies of target yolo_msgs__rosidl_typesupport_cpp[0m
[0.131s] [35m[1mConsolidate compiler generated dependencies of target yolo_msgs__rosidl_typesupport_fastrtps_cpp[0m
[0.138s] [35m[1mConsolidate compiler generated dependencies of target yolo_msgs__rosidl_typesupport_c[0m
[0.139s] [35m[1mConsolidate compiler generated dependencies of target yolo_msgs__rosidl_typesupport_introspection_c[0m
[0.141s] [35m[1mConsolidate compiler generated dependencies of target yolo_msgs__rosidl_typesupport_fastrtps_c[0m
[0.154s] [ 24%] Built target yolo_msgs__rosidl_typesupport_introspection_cpp
[0.154s] [ 36%] Built target yolo_msgs__rosidl_typesupport_cpp
[0.157s] [ 48%] Built target yolo_msgs__rosidl_typesupport_c
[0.158s] [ 60%] Built target yolo_msgs__rosidl_typesupport_introspection_c
[0.160s] [ 72%] Built target yolo_msgs__rosidl_typesupport_fastrtps_cpp
[0.163s] [ 84%] Built target yolo_msgs__rosidl_typesupport_fastrtps_c
[0.187s] [ 84%] Built target yolo_msgs
[0.211s] [ 85%] Built target yolo_msgs__py
[0.229s] [35m[1mConsolidate compiler generated dependencies of target yolo_msgs__rosidl_generator_py[0m
[0.257s] [ 96%] Built target yolo_msgs__rosidl_generator_py
[0.272s] [35m[1mConsolidate compiler generated dependencies of target yolo_msgs__rosidl_typesupport_introspection_c__pyext[0m
[0.272s] [35m[1mConsolidate compiler generated dependencies of target yolo_msgs__rosidl_typesupport_c__pyext[0m
[0.272s] [35m[1mConsolidate compiler generated dependencies of target yolo_msgs__rosidl_typesupport_fastrtps_c__pyext[0m
[0.287s] [ 98%] Built target yolo_msgs__rosidl_typesupport_introspection_c__pyext
[0.288s] [100%] Built target yolo_msgs__rosidl_typesupport_fastrtps_c__pyext
[0.288s] [100%] Built target yolo_msgs__rosidl_typesupport_c__pyext
[0.377s] running egg_info
[0.396s] writing yolo_msgs.egg-info/PKG-INFO
[0.396s] writing dependency_links to yolo_msgs.egg-info/dependency_links.txt
[0.397s] writing top-level names to yolo_msgs.egg-info/top_level.txt
[0.452s] reading manifest file 'yolo_msgs.egg-info/SOURCES.txt'
[0.453s] writing manifest file 'yolo_msgs.egg-info/SOURCES.txt'
[0.488s] [100%] Built target ament_cmake_python_build_yolo_msgs_egg
