[0.854s] Invoking command in '/home/park/dev_ws/src/ros2_yolo/yolo_ros': AMENT_PREFIX_PATH=/home/park/dev_ws/install/yolo_msgs:${AMENT_PREFIX_PATH} CMAKE_PREFIX_PATH=/home/park/dev_ws/install/yolo_msgs LD_LIBRARY_PATH=/home/park/dev_ws/install/yolo_msgs/lib:${LD_LIBRARY_PATH} PYTHONPATH=/home/park/dev_ws/build/yolo_ros/prefix_override:/usr/lib/python3/dist-packages/colcon_core/task/python/colcon_distutils_commands:/home/park/dev_ws/install/yolo_ros/lib/python3.10/site-packages:/home/park/dev_ws/install/yolo_msgs/local/lib/python3.10/dist-packages:${PYTHONPATH} /usr/bin/python3 -W ignore:setup.py install is deprecated -W ignore:easy_install command is deprecated setup.py egg_info --egg-base ../../../build/yolo_ros build --build-base /home/park/dev_ws/build/yolo_ros/build install --record /home/park/dev_ws/build/yolo_ros/install.log --single-version-externally-managed install_data
[1.130s] running egg_info
[1.147s] writing ../../../build/yolo_ros/yolo_ros.egg-info/PKG-INFO
[1.157s] writing dependency_links to ../../../build/yolo_ros/yolo_ros.egg-info/dependency_links.txt
[1.158s] writing entry points to ../../../build/yolo_ros/yolo_ros.egg-info/entry_points.txt
[1.158s] writing requirements to ../../../build/yolo_ros/yolo_ros.egg-info/requires.txt
[1.158s] writing top-level names to ../../../build/yolo_ros/yolo_ros.egg-info/top_level.txt
[1.195s] reading manifest file '../../../build/yolo_ros/yolo_ros.egg-info/SOURCES.txt'
[1.197s] writing manifest file '../../../build/yolo_ros/yolo_ros.egg-info/SOURCES.txt'
[1.197s] running build
[1.197s] running build_py
[1.198s] running install
[1.205s] running install_lib
[1.227s] running install_data
[1.228s] running install_egg_info
[1.251s] removing '/home/park/dev_ws/install/yolo_ros/lib/python3.10/site-packages/yolo_ros-0.0.0-py3.10.egg-info' (and everything under it)
[1.251s] Copying ../../../build/yolo_ros/yolo_ros.egg-info to /home/park/dev_ws/install/yolo_ros/lib/python3.10/site-packages/yolo_ros-0.0.0-py3.10.egg-info
[1.252s] running install_scripts
[1.401s] Installing debug_node script to /home/park/dev_ws/install/yolo_ros/lib/yolo_ros
[1.410s] Installing detect_3d_node script to /home/park/dev_ws/install/yolo_ros/lib/yolo_ros
[1.410s] Installing tracking_node script to /home/park/dev_ws/install/yolo_ros/lib/yolo_ros
[1.411s] Installing yolo_node script to /home/park/dev_ws/install/yolo_ros/lib/yolo_ros
[1.411s] writing list of installed files to '/home/park/dev_ws/build/yolo_ros/install.log'
[1.438s] Invoked command in '/home/park/dev_ws/src/ros2_yolo/yolo_ros' returned '0': AMENT_PREFIX_PATH=/home/park/dev_ws/install/yolo_msgs:${AMENT_PREFIX_PATH} CMAKE_PREFIX_PATH=/home/park/dev_ws/install/yolo_msgs LD_LIBRARY_PATH=/home/park/dev_ws/install/yolo_msgs/lib:${LD_LIBRARY_PATH} PYTHONPATH=/home/park/dev_ws/build/yolo_ros/prefix_override:/usr/lib/python3/dist-packages/colcon_core/task/python/colcon_distutils_commands:/home/park/dev_ws/install/yolo_ros/lib/python3.10/site-packages:/home/park/dev_ws/install/yolo_msgs/local/lib/python3.10/dist-packages:${PYTHONPATH} /usr/bin/python3 -W ignore:setup.py install is deprecated -W ignore:easy_install command is deprecated setup.py egg_info --egg-base ../../../build/yolo_ros build --build-base /home/park/dev_ws/build/yolo_ros/build install --record /home/park/dev_ws/build/yolo_ros/install.log --single-version-externally-managed install_data
