-- Install configuration: ""
-- Up-to-date: /home/park/dev_ws/install/two_wheeled_robot/share/two_wheeled_robot/config
-- Up-to-date: /home/park/dev_ws/install/two_wheeled_robot/share/two_wheeled_robot/launch
-- Up-to-date: /home/park/dev_ws/install/two_wheeled_robot/share/two_wheeled_robot/launch/two_wheeled_robot_rviz.launch.py
-- Up-to-date: /home/park/dev_ws/install/two_wheeled_robot/share/two_wheeled_robot/launch/load_world_into_gazebo.launch.py
-- Up-to-date: /home/park/dev_ws/install/two_wheeled_robot/share/two_wheeled_robot/launch/empty_cafe.launch.py
-- Installing: /home/park/dev_ws/install/two_wheeled_robot/share/two_wheeled_robot/launch/cafe_turtlebot3.launch.py
-- Up-to-date: /home/park/dev_ws/install/two_wheeled_robot/share/two_wheeled_robot/maps
-- Up-to-date: /home/park/dev_ws/install/two_wheeled_robot/share/two_wheeled_robot/media
-- Up-to-date: /home/park/dev_ws/install/two_wheeled_robot/share/two_wheeled_robot/media/node_graph
-- Up-to-date: /home/park/dev_ws/install/two_wheeled_robot/share/two_wheeled_robot/media/node_graph/rviz_launch_rosgraph.png
-- Up-to-date: /home/park/dev_ws/install/two_wheeled_robot/share/two_wheeled_robot/media/frames
-- Up-to-date: /home/park/dev_ws/install/two_wheeled_robot/share/two_wheeled_robot/media/frames/frames.pdf
-- Up-to-date: /home/park/dev_ws/install/two_wheeled_robot/share/two_wheeled_robot/media/frames/frames.gv
-- Up-to-date: /home/park/dev_ws/install/two_wheeled_robot/share/two_wheeled_robot/meshes
-- Up-to-date: /home/park/dev_ws/install/two_wheeled_robot/share/two_wheeled_robot/meshes/robot_base.stl
-- Up-to-date: /home/park/dev_ws/install/two_wheeled_robot/share/two_wheeled_robot/meshes/cafe
-- Up-to-date: /home/park/dev_ws/install/two_wheeled_robot/share/two_wheeled_robot/meshes/cafe/walk.dae
-- Up-to-date: /home/park/dev_ws/install/two_wheeled_robot/share/two_wheeled_robot/models
-- Up-to-date: /home/park/dev_ws/install/two_wheeled_robot/share/two_wheeled_robot/models/cafe_table
-- Up-to-date: /home/park/dev_ws/install/two_wheeled_robot/share/two_wheeled_robot/models/cafe_table/materials
-- Up-to-date: /home/park/dev_ws/install/two_wheeled_robot/share/two_wheeled_robot/models/cafe_table/materials/textures
-- Up-to-date: /home/park/dev_ws/install/two_wheeled_robot/share/two_wheeled_robot/models/cafe_table/materials/textures/Maple.jpg
-- Up-to-date: /home/park/dev_ws/install/two_wheeled_robot/share/two_wheeled_robot/models/cafe_table/materials/textures/Wood_Floor_Dark.jpg
-- Up-to-date: /home/park/dev_ws/install/two_wheeled_robot/share/two_wheeled_robot/models/cafe_table/model.sdf
-- Up-to-date: /home/park/dev_ws/install/two_wheeled_robot/share/two_wheeled_robot/models/cafe_table/meshes
-- Up-to-date: /home/park/dev_ws/install/two_wheeled_robot/share/two_wheeled_robot/models/cafe_table/meshes/cafe_table.dae
-- Up-to-date: /home/park/dev_ws/install/two_wheeled_robot/share/two_wheeled_robot/models/cafe_table/model-1_4.sdf
-- Up-to-date: /home/park/dev_ws/install/two_wheeled_robot/share/two_wheeled_robot/models/cafe_table/model.config
-- Up-to-date: /home/park/dev_ws/install/two_wheeled_robot/share/two_wheeled_robot/models/cafe
-- Up-to-date: /home/park/dev_ws/install/two_wheeled_robot/share/two_wheeled_robot/models/cafe/materials
-- Up-to-date: /home/park/dev_ws/install/two_wheeled_robot/share/two_wheeled_robot/models/cafe/materials/textures
-- Up-to-date: /home/park/dev_ws/install/two_wheeled_robot/share/two_wheeled_robot/models/cafe/materials/textures/__auto_21.jpg
-- Up-to-date: /home/park/dev_ws/install/two_wheeled_robot/share/two_wheeled_robot/models/cafe/materials/textures/__auto_2.jpg
-- Up-to-date: /home/park/dev_ws/install/two_wheeled_robot/share/two_wheeled_robot/models/cafe/materials/textures/__auto_30.jpg
-- Up-to-date: /home/park/dev_ws/install/two_wheeled_robot/share/two_wheeled_robot/models/cafe/materials/textures/__auto_10.jpg
-- Up-to-date: /home/park/dev_ws/install/two_wheeled_robot/share/two_wheeled_robot/models/cafe/materials/textures/__auto_37.jpg
-- Up-to-date: /home/park/dev_ws/install/two_wheeled_robot/share/two_wheeled_robot/models/cafe/materials/textures/__auto_29.jpg
-- Up-to-date: /home/park/dev_ws/install/two_wheeled_robot/share/two_wheeled_robot/models/cafe/materials/textures/__auto_31.jpg
-- Up-to-date: /home/park/dev_ws/install/two_wheeled_robot/share/two_wheeled_robot/models/cafe/materials/textures/__auto_23.jpg
-- Up-to-date: /home/park/dev_ws/install/two_wheeled_robot/share/two_wheeled_robot/models/cafe/materials/textures/__auto_26.jpg
-- Up-to-date: /home/park/dev_ws/install/two_wheeled_robot/share/two_wheeled_robot/models/cafe/materials/textures/__auto_34.jpg
-- Up-to-date: /home/park/dev_ws/install/two_wheeled_robot/share/two_wheeled_robot/models/cafe/materials/textures/__auto_35.jpg
-- Up-to-date: /home/park/dev_ws/install/two_wheeled_robot/share/two_wheeled_robot/models/cafe/materials/textures/__auto_24.jpg
-- Up-to-date: /home/park/dev_ws/install/two_wheeled_robot/share/two_wheeled_robot/models/cafe/materials/textures/__auto_28.jpg
-- Up-to-date: /home/park/dev_ws/install/two_wheeled_robot/share/two_wheeled_robot/models/cafe/materials/textures/__auto_22.jpg
-- Up-to-date: /home/park/dev_ws/install/two_wheeled_robot/share/two_wheeled_robot/models/cafe/materials/textures/__auto_25.jpg
-- Up-to-date: /home/park/dev_ws/install/two_wheeled_robot/share/two_wheeled_robot/models/cafe/model.sdf
-- Up-to-date: /home/park/dev_ws/install/two_wheeled_robot/share/two_wheeled_robot/models/cafe/meshes
-- Up-to-date: /home/park/dev_ws/install/two_wheeled_robot/share/two_wheeled_robot/models/cafe/meshes/cafe.dae
-- Up-to-date: /home/park/dev_ws/install/two_wheeled_robot/share/two_wheeled_robot/models/cafe/model.config
-- Up-to-date: /home/park/dev_ws/install/two_wheeled_robot/share/two_wheeled_robot/models/ground_plane
-- Up-to-date: /home/park/dev_ws/install/two_wheeled_robot/share/two_wheeled_robot/models/ground_plane/model-1_3.sdf
-- Up-to-date: /home/park/dev_ws/install/two_wheeled_robot/share/two_wheeled_robot/models/ground_plane/model.sdf
-- Up-to-date: /home/park/dev_ws/install/two_wheeled_robot/share/two_wheeled_robot/models/ground_plane/model-1_2.sdf
-- Up-to-date: /home/park/dev_ws/install/two_wheeled_robot/share/two_wheeled_robot/models/ground_plane/model-1_4.sdf
-- Up-to-date: /home/park/dev_ws/install/two_wheeled_robot/share/two_wheeled_robot/models/ground_plane/model.config
-- Up-to-date: /home/park/dev_ws/install/two_wheeled_robot/share/two_wheeled_robot/params
-- Up-to-date: /home/park/dev_ws/install/two_wheeled_robot/share/two_wheeled_robot/rviz
-- Up-to-date: /home/park/dev_ws/install/two_wheeled_robot/share/two_wheeled_robot/rviz/rviz_basic_settings.rviz
-- Up-to-date: /home/park/dev_ws/install/two_wheeled_robot/share/two_wheeled_robot/urdf
-- Up-to-date: /home/park/dev_ws/install/two_wheeled_robot/share/two_wheeled_robot/urdf/two_wheeled_robot.urdf
-- Up-to-date: /home/park/dev_ws/install/two_wheeled_robot/share/two_wheeled_robot/worlds
-- Up-to-date: /home/park/dev_ws/install/two_wheeled_robot/share/two_wheeled_robot/worlds/cafe.world
-- Up-to-date: /home/park/dev_ws/install/two_wheeled_robot/share/two_wheeled_robot/worlds/cafe_static.world
-- Up-to-date: /home/park/dev_ws/install/two_wheeled_robot/share/ament_index/resource_index/package_run_dependencies/two_wheeled_robot
-- Up-to-date: /home/park/dev_ws/install/two_wheeled_robot/share/ament_index/resource_index/parent_prefix_path/two_wheeled_robot
-- Up-to-date: /home/park/dev_ws/install/two_wheeled_robot/share/two_wheeled_robot/environment/ament_prefix_path.sh
-- Up-to-date: /home/park/dev_ws/install/two_wheeled_robot/share/two_wheeled_robot/environment/ament_prefix_path.dsv
-- Up-to-date: /home/park/dev_ws/install/two_wheeled_robot/share/two_wheeled_robot/environment/path.sh
-- Up-to-date: /home/park/dev_ws/install/two_wheeled_robot/share/two_wheeled_robot/environment/path.dsv
-- Up-to-date: /home/park/dev_ws/install/two_wheeled_robot/share/two_wheeled_robot/local_setup.bash
-- Up-to-date: /home/park/dev_ws/install/two_wheeled_robot/share/two_wheeled_robot/local_setup.sh
-- Up-to-date: /home/park/dev_ws/install/two_wheeled_robot/share/two_wheeled_robot/local_setup.zsh
-- Up-to-date: /home/park/dev_ws/install/two_wheeled_robot/share/two_wheeled_robot/local_setup.dsv
-- Up-to-date: /home/park/dev_ws/install/two_wheeled_robot/share/two_wheeled_robot/package.dsv
-- Up-to-date: /home/park/dev_ws/install/two_wheeled_robot/share/ament_index/resource_index/packages/two_wheeled_robot
-- Up-to-date: /home/park/dev_ws/install/two_wheeled_robot/share/two_wheeled_robot/cmake/two_wheeled_robotConfig.cmake
-- Up-to-date: /home/park/dev_ws/install/two_wheeled_robot/share/two_wheeled_robot/cmake/two_wheeled_robotConfig-version.cmake
-- Up-to-date: /home/park/dev_ws/install/two_wheeled_robot/share/two_wheeled_robot/package.xml
