[0.013s] Invoking command in '/home/park/dev_ws/build/yolo_bringup': AMENT_PREFIX_PATH=/home/park/dev_ws/install/yolo_ros:/home/park/dev_ws/install/yolo_bringup:/home/park/dev_ws/install/yolo_msgs:/home/park/dev_ws/install/two_wheeled_robot:/home/park/dev_ws/install/my_test_pkg:/home/park/dev_ws/install/cpp_service_tutorial:/opt/ros/humble CMAKE_PREFIX_PATH=/home/park/dev_ws/install/yolo_msgs:/home/park/dev_ws/install/yolo_bringup:/home/park/dev_ws/install/two_wheeled_robot:/home/park/dev_ws/install/my_test_pkg:/home/park/dev_ws/install/cpp_service_tutorial:/home/park/dev_ws/install/yolo_ros:/opt/ros/humble PYTHONPATH=/home/park/dev_ws/build/yolo_ros:/home/park/dev_ws/install/yolo_ros/lib/python3.10/site-packages:/home/park/dev_ws/install/yolo_msgs/local/lib/python3.10/dist-packages:/opt/ros/humble/local/lib/python3.10/dist-packages:/opt/ros/humble/lib/python3.10/site-packages /usr/bin/cmake /home/park/dev_ws/src/yolo_bringup -DAMENT_CMAKE_SYMLINK_INSTALL=1 -DCMAKE_INSTALL_PREFIX=/home/park/dev_ws/install/yolo_bringup
[0.079s] -- The C compiler identification is GNU 11.4.0
[0.144s] -- The CXX compiler identification is GNU 11.4.0
[0.153s] -- Detecting C compiler ABI info
[0.238s] -- Detecting C compiler ABI info - done
[0.246s] -- Check for working C compiler: /usr/bin/cc - skipped
[0.246s] -- Detecting C compile features
[0.247s] -- Detecting C compile features - done
[0.250s] -- Detecting CXX compiler ABI info
[0.346s] -- Detecting CXX compiler ABI info - done
[0.356s] -- Check for working CXX compiler: /usr/bin/c++ - skipped
[0.356s] -- Detecting CXX compile features
[0.357s] -- Detecting CXX compile features - done
[0.360s] -- Found ament_cmake: 1.3.11 (/opt/ros/humble/share/ament_cmake/cmake)
[0.774s] -- Found Python3: /usr/bin/python3 (found version "3.10.12") found components: Interpreter 
[0.844s] -- Override CMake install command with custom implementation using symlinks instead of copying resources
[0.952s] -- Configuring done
[0.954s] -- Generating done
[0.956s] -- Build files have been written to: /home/park/dev_ws/build/yolo_bringup
[0.963s] Invoked command in '/home/park/dev_ws/build/yolo_bringup' returned '0': AMENT_PREFIX_PATH=/home/park/dev_ws/install/yolo_ros:/home/park/dev_ws/install/yolo_bringup:/home/park/dev_ws/install/yolo_msgs:/home/park/dev_ws/install/two_wheeled_robot:/home/park/dev_ws/install/my_test_pkg:/home/park/dev_ws/install/cpp_service_tutorial:/opt/ros/humble CMAKE_PREFIX_PATH=/home/park/dev_ws/install/yolo_msgs:/home/park/dev_ws/install/yolo_bringup:/home/park/dev_ws/install/two_wheeled_robot:/home/park/dev_ws/install/my_test_pkg:/home/park/dev_ws/install/cpp_service_tutorial:/home/park/dev_ws/install/yolo_ros:/opt/ros/humble PYTHONPATH=/home/park/dev_ws/build/yolo_ros:/home/park/dev_ws/install/yolo_ros/lib/python3.10/site-packages:/home/park/dev_ws/install/yolo_msgs/local/lib/python3.10/dist-packages:/opt/ros/humble/local/lib/python3.10/dist-packages:/opt/ros/humble/lib/python3.10/site-packages /usr/bin/cmake /home/park/dev_ws/src/yolo_bringup -DAMENT_CMAKE_SYMLINK_INSTALL=1 -DCMAKE_INSTALL_PREFIX=/home/park/dev_ws/install/yolo_bringup
[0.964s] Invoking command in '/home/park/dev_ws/build/yolo_bringup': AMENT_PREFIX_PATH=/home/park/dev_ws/install/yolo_ros:/home/park/dev_ws/install/yolo_bringup:/home/park/dev_ws/install/yolo_msgs:/home/park/dev_ws/install/two_wheeled_robot:/home/park/dev_ws/install/my_test_pkg:/home/park/dev_ws/install/cpp_service_tutorial:/opt/ros/humble CMAKE_PREFIX_PATH=/home/park/dev_ws/install/yolo_msgs:/home/park/dev_ws/install/yolo_bringup:/home/park/dev_ws/install/two_wheeled_robot:/home/park/dev_ws/install/my_test_pkg:/home/park/dev_ws/install/cpp_service_tutorial:/home/park/dev_ws/install/yolo_ros:/opt/ros/humble PYTHONPATH=/home/park/dev_ws/build/yolo_ros:/home/park/dev_ws/install/yolo_ros/lib/python3.10/site-packages:/home/park/dev_ws/install/yolo_msgs/local/lib/python3.10/dist-packages:/opt/ros/humble/local/lib/python3.10/dist-packages:/opt/ros/humble/lib/python3.10/site-packages /usr/bin/cmake --build /home/park/dev_ws/build/yolo_bringup -- -j22 -l22
[1.011s] Invoked command in '/home/park/dev_ws/build/yolo_bringup' returned '0': AMENT_PREFIX_PATH=/home/park/dev_ws/install/yolo_ros:/home/park/dev_ws/install/yolo_bringup:/home/park/dev_ws/install/yolo_msgs:/home/park/dev_ws/install/two_wheeled_robot:/home/park/dev_ws/install/my_test_pkg:/home/park/dev_ws/install/cpp_service_tutorial:/opt/ros/humble CMAKE_PREFIX_PATH=/home/park/dev_ws/install/yolo_msgs:/home/park/dev_ws/install/yolo_bringup:/home/park/dev_ws/install/two_wheeled_robot:/home/park/dev_ws/install/my_test_pkg:/home/park/dev_ws/install/cpp_service_tutorial:/home/park/dev_ws/install/yolo_ros:/opt/ros/humble PYTHONPATH=/home/park/dev_ws/build/yolo_ros:/home/park/dev_ws/install/yolo_ros/lib/python3.10/site-packages:/home/park/dev_ws/install/yolo_msgs/local/lib/python3.10/dist-packages:/opt/ros/humble/local/lib/python3.10/dist-packages:/opt/ros/humble/lib/python3.10/site-packages /usr/bin/cmake --build /home/park/dev_ws/build/yolo_bringup -- -j22 -l22
[1.015s] Invoking command in '/home/park/dev_ws/build/yolo_bringup': AMENT_PREFIX_PATH=/home/park/dev_ws/install/yolo_ros:/home/park/dev_ws/install/yolo_bringup:/home/park/dev_ws/install/yolo_msgs:/home/park/dev_ws/install/two_wheeled_robot:/home/park/dev_ws/install/my_test_pkg:/home/park/dev_ws/install/cpp_service_tutorial:/opt/ros/humble CMAKE_PREFIX_PATH=/home/park/dev_ws/install/yolo_msgs:/home/park/dev_ws/install/yolo_bringup:/home/park/dev_ws/install/two_wheeled_robot:/home/park/dev_ws/install/my_test_pkg:/home/park/dev_ws/install/cpp_service_tutorial:/home/park/dev_ws/install/yolo_ros:/opt/ros/humble PYTHONPATH=/home/park/dev_ws/build/yolo_ros:/home/park/dev_ws/install/yolo_ros/lib/python3.10/site-packages:/home/park/dev_ws/install/yolo_msgs/local/lib/python3.10/dist-packages:/opt/ros/humble/local/lib/python3.10/dist-packages:/opt/ros/humble/lib/python3.10/site-packages /usr/bin/cmake --install /home/park/dev_ws/build/yolo_bringup
[1.023s] -- Install configuration: ""
[1.023s] -- Execute custom install script
[1.024s] -- Symlinking: /home/park/dev_ws/install/yolo_bringup/share/yolo_bringup//launch/yolo-world.launch.py
[1.035s] -- Symlinking: /home/park/dev_ws/install/yolo_bringup/share/yolo_bringup//launch/yolo.launch.py
[1.043s] -- Symlinking: /home/park/dev_ws/install/yolo_bringup/share/yolo_bringup//launch/yoloe.launch.py
[1.053s] -- Symlinking: /home/park/dev_ws/install/yolo_bringup/share/yolo_bringup//launch/yolov10.launch.py
[1.061s] -- Symlinking: /home/park/dev_ws/install/yolo_bringup/share/yolo_bringup//launch/yolov11.launch.py
[1.070s] -- Symlinking: /home/park/dev_ws/install/yolo_bringup/share/yolo_bringup//launch/yolov12.launch.py
[1.082s] -- Symlinking: /home/park/dev_ws/install/yolo_bringup/share/yolo_bringup//launch/yolov5.launch.py
[1.090s] -- Symlinking: /home/park/dev_ws/install/yolo_bringup/share/yolo_bringup//launch/yolov8.launch.py
[1.102s] -- Symlinking: /home/park/dev_ws/install/yolo_bringup/share/yolo_bringup//launch/yolov9.launch.py
[1.113s] -- Symlinking: /home/park/dev_ws/install/yolo_bringup/share/ament_index/resource_index/package_run_dependencies/yolo_bringup
[1.124s] -- Symlinking: /home/park/dev_ws/install/yolo_bringup/share/ament_index/resource_index/parent_prefix_path/yolo_bringup
[1.135s] -- Symlinking: /home/park/dev_ws/install/yolo_bringup/share/yolo_bringup/environment/ament_prefix_path.sh
[1.144s] -- Symlinking: /home/park/dev_ws/install/yolo_bringup/share/yolo_bringup/environment/ament_prefix_path.dsv
[1.153s] -- Symlinking: /home/park/dev_ws/install/yolo_bringup/share/yolo_bringup/environment/path.sh
[1.162s] -- Symlinking: /home/park/dev_ws/install/yolo_bringup/share/yolo_bringup/environment/path.dsv
[1.173s] -- Symlinking: /home/park/dev_ws/install/yolo_bringup/share/yolo_bringup/local_setup.bash
[1.185s] -- Symlinking: /home/park/dev_ws/install/yolo_bringup/share/yolo_bringup/local_setup.sh
[1.195s] -- Symlinking: /home/park/dev_ws/install/yolo_bringup/share/yolo_bringup/local_setup.zsh
[1.207s] -- Symlinking: /home/park/dev_ws/install/yolo_bringup/share/yolo_bringup/local_setup.dsv
[1.220s] -- Symlinking: /home/park/dev_ws/install/yolo_bringup/share/yolo_bringup/package.dsv
[1.229s] -- Symlinking: /home/park/dev_ws/install/yolo_bringup/share/ament_index/resource_index/packages/yolo_bringup
[1.239s] -- Symlinking: /home/park/dev_ws/install/yolo_bringup/share/yolo_bringup/cmake/yolo_bringupConfig.cmake
[1.250s] -- Symlinking: /home/park/dev_ws/install/yolo_bringup/share/yolo_bringup/cmake/yolo_bringupConfig-version.cmake
[1.261s] -- Symlinking: /home/park/dev_ws/install/yolo_bringup/share/yolo_bringup/package.xml
[1.273s] Invoked command in '/home/park/dev_ws/build/yolo_bringup' returned '0': AMENT_PREFIX_PATH=/home/park/dev_ws/install/yolo_ros:/home/park/dev_ws/install/yolo_bringup:/home/park/dev_ws/install/yolo_msgs:/home/park/dev_ws/install/two_wheeled_robot:/home/park/dev_ws/install/my_test_pkg:/home/park/dev_ws/install/cpp_service_tutorial:/opt/ros/humble CMAKE_PREFIX_PATH=/home/park/dev_ws/install/yolo_msgs:/home/park/dev_ws/install/yolo_bringup:/home/park/dev_ws/install/two_wheeled_robot:/home/park/dev_ws/install/my_test_pkg:/home/park/dev_ws/install/cpp_service_tutorial:/home/park/dev_ws/install/yolo_ros:/opt/ros/humble PYTHONPATH=/home/park/dev_ws/build/yolo_ros:/home/park/dev_ws/install/yolo_ros/lib/python3.10/site-packages:/home/park/dev_ws/install/yolo_msgs/local/lib/python3.10/dist-packages:/opt/ros/humble/local/lib/python3.10/dist-packages:/opt/ros/humble/lib/python3.10/site-packages /usr/bin/cmake --install /home/park/dev_ws/build/yolo_bringup
