[0.030s] Invoking command in '/home/park/dev_ws/build/two_wheeled_robot': CMAKE_PREFIX_PATH=${CMAKE_PREFIX_PATH}:/home/park/turtlebot3_ws/install/my_map_utils:/home/park/dev_ws/install/yolo_ros:/opt/ros/humble /usr/bin/cmake --build /home/park/dev_ws/build/two_wheeled_robot -- -j22 -l22
[0.078s] Invoked command in '/home/park/dev_ws/build/two_wheeled_robot' returned '0': CMAKE_PREFIX_PATH=${CMAKE_PREFIX_PATH}:/home/park/turtlebot3_ws/install/my_map_utils:/home/park/dev_ws/install/yolo_ros:/opt/ros/humble /usr/bin/cmake --build /home/park/dev_ws/build/two_wheeled_robot -- -j22 -l22
[0.081s] Invoking command in '/home/park/dev_ws/build/two_wheeled_robot': CMAKE_PREFIX_PATH=${CMAKE_PREFIX_PATH}:/home/park/turtlebot3_ws/install/my_map_utils:/home/park/dev_ws/install/yolo_ros:/opt/ros/humble /usr/bin/cmake --install /home/park/dev_ws/build/two_wheeled_robot
[0.089s] -- Install configuration: ""
[0.089s] -- Up-to-date: /home/park/dev_ws/install/two_wheeled_robot/share/two_wheeled_robot/config
[0.090s] -- Up-to-date: /home/park/dev_ws/install/two_wheeled_robot/share/two_wheeled_robot/launch
[0.091s] -- Up-to-date: /home/park/dev_ws/install/two_wheeled_robot/share/two_wheeled_robot/launch/two_wheeled_robot_rviz.launch.py
[0.091s] -- Up-to-date: /home/park/dev_ws/install/two_wheeled_robot/share/two_wheeled_robot/launch/load_world_into_gazebo.launch.py
[0.091s] -- Up-to-date: /home/park/dev_ws/install/two_wheeled_robot/share/two_wheeled_robot/launch/empty_cafe.launch.py
[0.091s] -- Installing: /home/park/dev_ws/install/two_wheeled_robot/share/two_wheeled_robot/launch/cafe_turtlebot3.launch.py
[0.091s] -- Up-to-date: /home/park/dev_ws/install/two_wheeled_robot/share/two_wheeled_robot/maps
[0.091s] -- Up-to-date: /home/park/dev_ws/install/two_wheeled_robot/share/two_wheeled_robot/media
[0.091s] -- Up-to-date: /home/park/dev_ws/install/two_wheeled_robot/share/two_wheeled_robot/media/node_graph
[0.091s] -- Up-to-date: /home/park/dev_ws/install/two_wheeled_robot/share/two_wheeled_robot/media/node_graph/rviz_launch_rosgraph.png
[0.092s] -- Up-to-date: /home/park/dev_ws/install/two_wheeled_robot/share/two_wheeled_robot/media/frames
[0.092s] -- Up-to-date: /home/park/dev_ws/install/two_wheeled_robot/share/two_wheeled_robot/media/frames/frames.pdf
[0.092s] -- Up-to-date: /home/park/dev_ws/install/two_wheeled_robot/share/two_wheeled_robot/media/frames/frames.gv
[0.092s] -- Up-to-date: /home/park/dev_ws/install/two_wheeled_robot/share/two_wheeled_robot/meshes
[0.092s] -- Up-to-date: /home/park/dev_ws/install/two_wheeled_robot/share/two_wheeled_robot/meshes/robot_base.stl
[0.092s] -- Up-to-date: /home/park/dev_ws/install/two_wheeled_robot/share/two_wheeled_robot/meshes/cafe
[0.092s] -- Up-to-date: /home/park/dev_ws/install/two_wheeled_robot/share/two_wheeled_robot/meshes/cafe/walk.dae
[0.092s] -- Up-to-date: /home/park/dev_ws/install/two_wheeled_robot/share/two_wheeled_robot/models
[0.092s] -- Up-to-date: /home/park/dev_ws/install/two_wheeled_robot/share/two_wheeled_robot/models/cafe_table
[0.092s] -- Up-to-date: /home/park/dev_ws/install/two_wheeled_robot/share/two_wheeled_robot/models/cafe_table/materials
[0.092s] -- Up-to-date: /home/park/dev_ws/install/two_wheeled_robot/share/two_wheeled_robot/models/cafe_table/materials/textures
[0.092s] -- Up-to-date: /home/park/dev_ws/install/two_wheeled_robot/share/two_wheeled_robot/models/cafe_table/materials/textures/Maple.jpg
[0.092s] -- Up-to-date: /home/park/dev_ws/install/two_wheeled_robot/share/two_wheeled_robot/models/cafe_table/materials/textures/Wood_Floor_Dark.jpg
[0.092s] -- Up-to-date: /home/park/dev_ws/install/two_wheeled_robot/share/two_wheeled_robot/models/cafe_table/model.sdf
[0.093s] -- Up-to-date: /home/park/dev_ws/install/two_wheeled_robot/share/two_wheeled_robot/models/cafe_table/meshes
[0.093s] -- Up-to-date: /home/park/dev_ws/install/two_wheeled_robot/share/two_wheeled_robot/models/cafe_table/meshes/cafe_table.dae
[0.093s] -- Up-to-date: /home/park/dev_ws/install/two_wheeled_robot/share/two_wheeled_robot/models/cafe_table/model-1_4.sdf
[0.093s] -- Up-to-date: /home/park/dev_ws/install/two_wheeled_robot/share/two_wheeled_robot/models/cafe_table/model.config
[0.093s] -- Up-to-date: /home/park/dev_ws/install/two_wheeled_robot/share/two_wheeled_robot/models/cafe
[0.093s] -- Up-to-date: /home/park/dev_ws/install/two_wheeled_robot/share/two_wheeled_robot/models/cafe/materials
[0.093s] -- Up-to-date: /home/park/dev_ws/install/two_wheeled_robot/share/two_wheeled_robot/models/cafe/materials/textures
[0.093s] -- Up-to-date: /home/park/dev_ws/install/two_wheeled_robot/share/two_wheeled_robot/models/cafe/materials/textures/__auto_21.jpg
[0.093s] -- Up-to-date: /home/park/dev_ws/install/two_wheeled_robot/share/two_wheeled_robot/models/cafe/materials/textures/__auto_2.jpg
[0.093s] -- Up-to-date: /home/park/dev_ws/install/two_wheeled_robot/share/two_wheeled_robot/models/cafe/materials/textures/__auto_30.jpg
[0.093s] -- Up-to-date: /home/park/dev_ws/install/two_wheeled_robot/share/two_wheeled_robot/models/cafe/materials/textures/__auto_10.jpg
[0.093s] -- Up-to-date: /home/park/dev_ws/install/two_wheeled_robot/share/two_wheeled_robot/models/cafe/materials/textures/__auto_37.jpg
[0.093s] -- Up-to-date: /home/park/dev_ws/install/two_wheeled_robot/share/two_wheeled_robot/models/cafe/materials/textures/__auto_29.jpg
[0.093s] -- Up-to-date: /home/park/dev_ws/install/two_wheeled_robot/share/two_wheeled_robot/models/cafe/materials/textures/__auto_31.jpg
[0.094s] -- Up-to-date: /home/park/dev_ws/install/two_wheeled_robot/share/two_wheeled_robot/models/cafe/materials/textures/__auto_23.jpg
[0.094s] -- Up-to-date: /home/park/dev_ws/install/two_wheeled_robot/share/two_wheeled_robot/models/cafe/materials/textures/__auto_26.jpg
[0.094s] -- Up-to-date: /home/park/dev_ws/install/two_wheeled_robot/share/two_wheeled_robot/models/cafe/materials/textures/__auto_34.jpg
[0.094s] -- Up-to-date: /home/park/dev_ws/install/two_wheeled_robot/share/two_wheeled_robot/models/cafe/materials/textures/__auto_35.jpg
[0.094s] -- Up-to-date: /home/park/dev_ws/install/two_wheeled_robot/share/two_wheeled_robot/models/cafe/materials/textures/__auto_24.jpg
[0.094s] -- Up-to-date: /home/park/dev_ws/install/two_wheeled_robot/share/two_wheeled_robot/models/cafe/materials/textures/__auto_28.jpg
[0.094s] -- Up-to-date: /home/park/dev_ws/install/two_wheeled_robot/share/two_wheeled_robot/models/cafe/materials/textures/__auto_22.jpg
[0.094s] -- Up-to-date: /home/park/dev_ws/install/two_wheeled_robot/share/two_wheeled_robot/models/cafe/materials/textures/__auto_25.jpg
[0.094s] -- Up-to-date: /home/park/dev_ws/install/two_wheeled_robot/share/two_wheeled_robot/models/cafe/model.sdf
[0.094s] -- Up-to-date: /home/park/dev_ws/install/two_wheeled_robot/share/two_wheeled_robot/models/cafe/meshes
[0.094s] -- Up-to-date: /home/park/dev_ws/install/two_wheeled_robot/share/two_wheeled_robot/models/cafe/meshes/cafe.dae
[0.094s] -- Up-to-date: /home/park/dev_ws/install/two_wheeled_robot/share/two_wheeled_robot/models/cafe/model.config
[0.094s] -- Up-to-date: /home/park/dev_ws/install/two_wheeled_robot/share/two_wheeled_robot/models/ground_plane
[0.094s] -- Up-to-date: /home/park/dev_ws/install/two_wheeled_robot/share/two_wheeled_robot/models/ground_plane/model-1_3.sdf
[0.094s] -- Up-to-date: /home/park/dev_ws/install/two_wheeled_robot/share/two_wheeled_robot/models/ground_plane/model.sdf
[0.094s] -- Up-to-date: /home/park/dev_ws/install/two_wheeled_robot/share/two_wheeled_robot/models/ground_plane/model-1_2.sdf
[0.095s] -- Up-to-date: /home/park/dev_ws/install/two_wheeled_robot/share/two_wheeled_robot/models/ground_plane/model-1_4.sdf
[0.095s] -- Up-to-date: /home/park/dev_ws/install/two_wheeled_robot/share/two_wheeled_robot/models/ground_plane/model.config
[0.095s] -- Up-to-date: /home/park/dev_ws/install/two_wheeled_robot/share/two_wheeled_robot/params
[0.095s] -- Up-to-date: /home/park/dev_ws/install/two_wheeled_robot/share/two_wheeled_robot/rviz
[0.095s] -- Up-to-date: /home/park/dev_ws/install/two_wheeled_robot/share/two_wheeled_robot/rviz/rviz_basic_settings.rviz
[0.095s] -- Up-to-date: /home/park/dev_ws/install/two_wheeled_robot/share/two_wheeled_robot/urdf
[0.095s] -- Up-to-date: /home/park/dev_ws/install/two_wheeled_robot/share/two_wheeled_robot/urdf/two_wheeled_robot.urdf
[0.095s] -- Up-to-date: /home/park/dev_ws/install/two_wheeled_robot/share/two_wheeled_robot/worlds
[0.095s] -- Installing: /home/park/dev_ws/install/two_wheeled_robot/share/two_wheeled_robot/worlds/cafe.world
[0.095s] -- Up-to-date: /home/park/dev_ws/install/two_wheeled_robot/share/two_wheeled_robot/worlds/cafe_static.world
[0.096s] -- Up-to-date: /home/park/dev_ws/install/two_wheeled_robot/share/ament_index/resource_index/package_run_dependencies/two_wheeled_robot
[0.096s] -- Up-to-date: /home/park/dev_ws/install/two_wheeled_robot/share/ament_index/resource_index/parent_prefix_path/two_wheeled_robot
[0.096s] -- Up-to-date: /home/park/dev_ws/install/two_wheeled_robot/share/two_wheeled_robot/environment/ament_prefix_path.sh
[0.096s] -- Up-to-date: /home/park/dev_ws/install/two_wheeled_robot/share/two_wheeled_robot/environment/ament_prefix_path.dsv
[0.096s] -- Up-to-date: /home/park/dev_ws/install/two_wheeled_robot/share/two_wheeled_robot/environment/path.sh
[0.096s] -- Up-to-date: /home/park/dev_ws/install/two_wheeled_robot/share/two_wheeled_robot/environment/path.dsv
[0.096s] -- Up-to-date: /home/park/dev_ws/install/two_wheeled_robot/share/two_wheeled_robot/local_setup.bash
[0.096s] -- Up-to-date: /home/park/dev_ws/install/two_wheeled_robot/share/two_wheeled_robot/local_setup.sh
[0.096s] -- Up-to-date: /home/park/dev_ws/install/two_wheeled_robot/share/two_wheeled_robot/local_setup.zsh
[0.096s] -- Up-to-date: /home/park/dev_ws/install/two_wheeled_robot/share/two_wheeled_robot/local_setup.dsv
[0.096s] -- Installing: /home/park/dev_ws/install/two_wheeled_robot/share/two_wheeled_robot/package.dsv
[0.097s] -- Up-to-date: /home/park/dev_ws/install/two_wheeled_robot/share/ament_index/resource_index/packages/two_wheeled_robot
[0.097s] -- Up-to-date: /home/park/dev_ws/install/two_wheeled_robot/share/two_wheeled_robot/cmake/two_wheeled_robotConfig.cmake
[0.097s] -- Up-to-date: /home/park/dev_ws/install/two_wheeled_robot/share/two_wheeled_robot/cmake/two_wheeled_robotConfig-version.cmake
[0.097s] -- Up-to-date: /home/park/dev_ws/install/two_wheeled_robot/share/two_wheeled_robot/package.xml
[0.121s] Invoked command in '/home/park/dev_ws/build/two_wheeled_robot' returned '0': CMAKE_PREFIX_PATH=${CMAKE_PREFIX_PATH}:/home/park/turtlebot3_ws/install/my_map_utils:/home/park/dev_ws/install/yolo_ros:/opt/ros/humble /usr/bin/cmake --install /home/park/dev_ws/build/two_wheeled_robot
