[0.011s] Invoking command in '/home/park/dev_ws/build/yolo_bringup': AMENT_PREFIX_PATH=/home/park/dev_ws/install/yolo_ros:/home/park/dev_ws/install/yolo_msgs:${AMENT_PREFIX_PATH} CMAKE_PREFIX_PATH=/home/park/dev_ws/install/yolo_msgs:/opt/ros/humble LD_LIBRARY_PATH=/home/park/dev_ws/install/yolo_msgs/lib:${LD_LIBRARY_PATH} PYTHONPATH=/home/park/dev_ws/install/yolo_ros/lib/python3.10/site-packages:/home/park/dev_ws/install/yolo_msgs/local/lib/python3.10/dist-packages:/opt/ros/humble/local/lib/python3.10/dist-packages:/opt/ros/humble/lib/python3.10/site-packages /usr/bin/cmake --build /home/park/dev_ws/build/yolo_bringup -- -j22 -l22
[0.056s] Invoked command in '/home/park/dev_ws/build/yolo_bringup' returned '0': AMENT_PREFIX_PATH=/home/park/dev_ws/install/yolo_ros:/home/park/dev_ws/install/yolo_msgs:${AMENT_PREFIX_PATH} CMAKE_PREFIX_PATH=/home/park/dev_ws/install/yolo_msgs:/opt/ros/humble LD_LIBRARY_PATH=/home/park/dev_ws/install/yolo_msgs/lib:${LD_LIBRARY_PATH} PYTHONPATH=/home/park/dev_ws/install/yolo_ros/lib/python3.10/site-packages:/home/park/dev_ws/install/yolo_msgs/local/lib/python3.10/dist-packages:/opt/ros/humble/local/lib/python3.10/dist-packages:/opt/ros/humble/lib/python3.10/site-packages /usr/bin/cmake --build /home/park/dev_ws/build/yolo_bringup -- -j22 -l22
[0.059s] Invoking command in '/home/park/dev_ws/build/yolo_bringup': AMENT_PREFIX_PATH=/home/park/dev_ws/install/yolo_ros:/home/park/dev_ws/install/yolo_msgs:${AMENT_PREFIX_PATH} CMAKE_PREFIX_PATH=/home/park/dev_ws/install/yolo_msgs:/opt/ros/humble LD_LIBRARY_PATH=/home/park/dev_ws/install/yolo_msgs/lib:${LD_LIBRARY_PATH} PYTHONPATH=/home/park/dev_ws/install/yolo_ros/lib/python3.10/site-packages:/home/park/dev_ws/install/yolo_msgs/local/lib/python3.10/dist-packages:/opt/ros/humble/local/lib/python3.10/dist-packages:/opt/ros/humble/lib/python3.10/site-packages /usr/bin/cmake --install /home/park/dev_ws/build/yolo_bringup
[0.067s] -- Install configuration: ""
[0.067s] -- Up-to-date: /home/park/dev_ws/install/yolo_bringup/share/yolo_bringup//launch
[0.068s] -- Up-to-date: /home/park/dev_ws/install/yolo_bringup/share/yolo_bringup//launch/yolov12.launch.py
[0.068s] -- Up-to-date: /home/park/dev_ws/install/yolo_bringup/share/yolo_bringup//launch/yoloe.launch.py
[0.068s] -- Up-to-date: /home/park/dev_ws/install/yolo_bringup/share/yolo_bringup//launch/yolov11.launch.py
[0.068s] -- Up-to-date: /home/park/dev_ws/install/yolo_bringup/share/yolo_bringup//launch/yolov8.launch.py
[0.068s] -- Up-to-date: /home/park/dev_ws/install/yolo_bringup/share/yolo_bringup//launch/yolo-world.launch.py
[0.068s] -- Up-to-date: /home/park/dev_ws/install/yolo_bringup/share/yolo_bringup//launch/yolov5.launch.py
[0.068s] -- Up-to-date: /home/park/dev_ws/install/yolo_bringup/share/yolo_bringup//launch/yolov10.launch.py
[0.068s] -- Up-to-date: /home/park/dev_ws/install/yolo_bringup/share/yolo_bringup//launch/yolo.launch.py
[0.068s] -- Up-to-date: /home/park/dev_ws/install/yolo_bringup/share/yolo_bringup//launch/yolov9.launch.py
[0.068s] -- Up-to-date: /home/park/dev_ws/install/yolo_bringup/share/ament_index/resource_index/package_run_dependencies/yolo_bringup
[0.068s] -- Up-to-date: /home/park/dev_ws/install/yolo_bringup/share/ament_index/resource_index/parent_prefix_path/yolo_bringup
[0.068s] -- Up-to-date: /home/park/dev_ws/install/yolo_bringup/share/yolo_bringup/environment/ament_prefix_path.sh
[0.068s] -- Up-to-date: /home/park/dev_ws/install/yolo_bringup/share/yolo_bringup/environment/ament_prefix_path.dsv
[0.069s] -- Up-to-date: /home/park/dev_ws/install/yolo_bringup/share/yolo_bringup/environment/path.sh
[0.069s] -- Up-to-date: /home/park/dev_ws/install/yolo_bringup/share/yolo_bringup/environment/path.dsv
[0.069s] -- Up-to-date: /home/park/dev_ws/install/yolo_bringup/share/yolo_bringup/local_setup.bash
[0.069s] -- Up-to-date: /home/park/dev_ws/install/yolo_bringup/share/yolo_bringup/local_setup.sh
[0.069s] -- Up-to-date: /home/park/dev_ws/install/yolo_bringup/share/yolo_bringup/local_setup.zsh
[0.069s] -- Up-to-date: /home/park/dev_ws/install/yolo_bringup/share/yolo_bringup/local_setup.dsv
[0.069s] -- Installing: /home/park/dev_ws/install/yolo_bringup/share/yolo_bringup/package.dsv
[0.069s] -- Up-to-date: /home/park/dev_ws/install/yolo_bringup/share/ament_index/resource_index/packages/yolo_bringup
[0.069s] -- Up-to-date: /home/park/dev_ws/install/yolo_bringup/share/yolo_bringup/cmake/yolo_bringupConfig.cmake
[0.069s] -- Up-to-date: /home/park/dev_ws/install/yolo_bringup/share/yolo_bringup/cmake/yolo_bringupConfig-version.cmake
[0.069s] -- Up-to-date: /home/park/dev_ws/install/yolo_bringup/share/yolo_bringup/package.xml
[0.071s] Invoked command in '/home/park/dev_ws/build/yolo_bringup' returned '0': AMENT_PREFIX_PATH=/home/park/dev_ws/install/yolo_ros:/home/park/dev_ws/install/yolo_msgs:${AMENT_PREFIX_PATH} CMAKE_PREFIX_PATH=/home/park/dev_ws/install/yolo_msgs:/opt/ros/humble LD_LIBRARY_PATH=/home/park/dev_ws/install/yolo_msgs/lib:${LD_LIBRARY_PATH} PYTHONPATH=/home/park/dev_ws/install/yolo_ros/lib/python3.10/site-packages:/home/park/dev_ws/install/yolo_msgs/local/lib/python3.10/dist-packages:/opt/ros/humble/local/lib/python3.10/dist-packages:/opt/ros/humble/lib/python3.10/site-packages /usr/bin/cmake --install /home/park/dev_ws/build/yolo_bringup
