[0.022s] Invoking command in '/home/park/dev_ws/build/yolo_msgs': CMAKE_PREFIX_PATH=${CMAKE_PREFIX_PATH}:/home/park/turtlebot3_ws/install/my_map_utils:/home/park/dev_ws/install/yolo_ros:/opt/ros/humble /usr/bin/cmake /home/park/dev_ws/src/ros2_yolo/yolo_msgs -DCMAKE_INSTALL_PREFIX=/home/park/dev_ws/install/yolo_msgs
[0.091s] -- The C compiler identification is GNU 11.4.0
[0.155s] -- The CXX compiler identification is GNU 11.4.0
[0.163s] -- Detecting C compiler ABI info
[0.245s] -- Detecting C compiler ABI info - done
[0.254s] -- Check for working C compiler: /usr/bin/cc - skipped
[0.254s] -- Detecting C compile features
[0.254s] -- Detecting C compile features - done
[0.257s] -- Detecting CXX compiler ABI info
[0.354s] -- Detecting CXX compiler ABI info - done
[0.362s] -- Check for working CXX compiler: /usr/bin/c++ - skipped
[0.363s] -- Detecting CXX compile features
[0.363s] -- Detecting CXX compile features - done
[0.366s] -- Found ament_cmake: 1.3.11 (/opt/ros/humble/share/ament_cmake/cmake)
[0.769s] -- Found Python3: /usr/bin/python3 (found version "3.10.12") found components: Interpreter 
[0.872s] -- Found rosidl_default_generators: 1.2.0 (/opt/ros/humble/share/rosidl_default_generators/cmake)
[0.876s] -- Using all available rosidl_typesupport_c: rosidl_typesupport_fastrtps_c;rosidl_typesupport_introspection_c
[0.883s] -- Found rosidl_adapter: 3.1.6 (/opt/ros/humble/share/rosidl_adapter/cmake)
[0.928s] -- Using all available rosidl_typesupport_cpp: rosidl_typesupport_fastrtps_cpp;rosidl_typesupport_introspection_cpp
[0.964s] -- Found std_msgs: 4.8.0 (/opt/ros/humble/share/std_msgs/cmake)
[0.995s] -- Found geometry_msgs: 4.8.0 (/opt/ros/humble/share/geometry_msgs/cmake)
[1.402s] -- Found ament_cmake_ros: 0.10.0 (/opt/ros/humble/share/ament_cmake_ros/cmake)
[1.700s] -- Using all available rosidl_typesupport_c: rosidl_typesupport_fastrtps_c;rosidl_typesupport_introspection_c
[2.084s] -- Using all available rosidl_typesupport_cpp: rosidl_typesupport_fastrtps_cpp;rosidl_typesupport_introspection_cpp
[2.112s] -- Found PythonInterp: /usr/bin/python3 (found suitable version "3.10.12", minimum required is "3.6") 
[2.115s] -- Found python_cmake_module: 0.10.0 (/opt/ros/humble/share/python_cmake_module/cmake)
[2.160s] -- Found PythonLibs: /usr/lib/x86_64-linux-gnu/libpython3.10.so (found suitable version "3.10.12", minimum required is "3.5") 
[2.160s] -- Using PYTHON_EXECUTABLE: /usr/bin/python3
[2.160s] -- Using PYTHON_INCLUDE_DIRS: /usr/include/python3.10
[2.160s] -- Using PYTHON_LIBRARIES: /usr/lib/x86_64-linux-gnu/libpython3.10.so
[2.188s] -- Found PythonExtra: .so  
[2.272s] -- Configuring done
[2.321s] -- Generating done
[2.334s] -- Build files have been written to: /home/park/dev_ws/build/yolo_msgs
[2.345s] Invoked command in '/home/park/dev_ws/build/yolo_msgs' returned '0': CMAKE_PREFIX_PATH=${CMAKE_PREFIX_PATH}:/home/park/turtlebot3_ws/install/my_map_utils:/home/park/dev_ws/install/yolo_ros:/opt/ros/humble /usr/bin/cmake /home/park/dev_ws/src/ros2_yolo/yolo_msgs -DCMAKE_INSTALL_PREFIX=/home/park/dev_ws/install/yolo_msgs
[2.346s] Invoking command in '/home/park/dev_ws/build/yolo_msgs': CMAKE_PREFIX_PATH=${CMAKE_PREFIX_PATH}:/home/park/turtlebot3_ws/install/my_map_utils:/home/park/dev_ws/install/yolo_ros:/opt/ros/humble /usr/bin/cmake --build /home/park/dev_ws/build/yolo_msgs -- -j22 -l22
[2.399s] [  1%] [34m[1mGenerating C code for ROS interfaces[0m
[2.412s] [  1%] [34m[1mGenerating C++ code for ROS interfaces[0m
[2.418s] [  1%] Built target ament_cmake_python_copy_yolo_msgs
[2.676s] running egg_info
[2.695s] creating yolo_msgs.egg-info
[2.695s] writing yolo_msgs.egg-info/PKG-INFO
[2.695s] writing dependency_links to yolo_msgs.egg-info/dependency_links.txt
[2.696s] writing top-level names to yolo_msgs.egg-info/top_level.txt
[2.696s] writing manifest file 'yolo_msgs.egg-info/SOURCES.txt'
[2.751s] reading manifest file 'yolo_msgs.egg-info/SOURCES.txt'
[2.752s] writing manifest file 'yolo_msgs.egg-info/SOURCES.txt'
[2.787s] [  1%] Built target ament_cmake_python_build_yolo_msgs_egg
[3.498s] [  1%] Built target yolo_msgs__cpp
[3.515s] [  3%] [34m[1mGenerating C++ type support for eProsima Fast-RTPS[0m
[3.515s] [  3%] [34m[1mGenerating C++ type support dispatch for ROS interfaces[0m
[3.515s] [  3%] [34m[1mGenerating C++ introspection for ROS interfaces[0m
[3.581s] [  4%] [32mBuilding C object CMakeFiles/yolo_msgs__rosidl_generator_c.dir/rosidl_generator_c/yolo_msgs/msg/detail/mask__functions.c.o[0m
[3.581s] [  5%] [32mBuilding C object CMakeFiles/yolo_msgs__rosidl_generator_c.dir/rosidl_generator_c/yolo_msgs/msg/detail/bounding_box2_d__functions.c.o[0m
[3.581s] [  5%] [32mBuilding C object CMakeFiles/yolo_msgs__rosidl_generator_c.dir/rosidl_generator_c/yolo_msgs/msg/detail/key_point2_d__functions.c.o[0m
[3.581s] [  6%] [32mBuilding C object CMakeFiles/yolo_msgs__rosidl_generator_c.dir/rosidl_generator_c/yolo_msgs/msg/detail/bounding_box3_d__functions.c.o[0m
[3.582s] [  7%] [32mBuilding C object CMakeFiles/yolo_msgs__rosidl_generator_c.dir/rosidl_generator_c/yolo_msgs/msg/detail/vector2__functions.c.o[0m
[3.582s] [  7%] [32mBuilding C object CMakeFiles/yolo_msgs__rosidl_generator_c.dir/rosidl_generator_c/yolo_msgs/msg/detail/pose2_d__functions.c.o[0m
[3.582s] [  9%] [32mBuilding C object CMakeFiles/yolo_msgs__rosidl_generator_c.dir/rosidl_generator_c/yolo_msgs/srv/detail/set_classes__functions.c.o[0m
[3.582s] [  9%] [32mBuilding C object CMakeFiles/yolo_msgs__rosidl_generator_c.dir/rosidl_generator_c/yolo_msgs/msg/detail/point2_d__functions.c.o[0m
[3.582s] [ 10%] [32mBuilding C object CMakeFiles/yolo_msgs__rosidl_generator_c.dir/rosidl_generator_c/yolo_msgs/msg/detail/key_point3_d__functions.c.o[0m
[3.583s] [ 11%] [32mBuilding C object CMakeFiles/yolo_msgs__rosidl_generator_c.dir/rosidl_generator_c/yolo_msgs/msg/detail/key_point2_d_array__functions.c.o[0m
[3.583s] [ 12%] [32mBuilding C object CMakeFiles/yolo_msgs__rosidl_generator_c.dir/rosidl_generator_c/yolo_msgs/msg/detail/detection__functions.c.o[0m
[3.584s] [ 13%] [32mBuilding C object CMakeFiles/yolo_msgs__rosidl_generator_c.dir/rosidl_generator_c/yolo_msgs/msg/detail/key_point3_d_array__functions.c.o[0m
[3.584s] [ 13%] [32mBuilding C object CMakeFiles/yolo_msgs__rosidl_generator_c.dir/rosidl_generator_c/yolo_msgs/msg/detail/detection_array__functions.c.o[0m
[3.658s] [ 14%] [32m[1mLinking C shared library libyolo_msgs__rosidl_generator_c.so[0m
[3.702s] [ 14%] Built target yolo_msgs__rosidl_generator_c
[3.714s] [ 16%] [34m[1mGenerating C type support dispatch for ROS interfaces[0m
[3.714s] [ 16%] [34m[1mGenerating C introspection for ROS interfaces[0m
[3.715s] [ 17%] [34m[1mGenerating C type support for eProsima Fast-RTPS[0m
[4.299s] [ 20%] [32mBuilding CXX object CMakeFiles/yolo_msgs__rosidl_typesupport_cpp.dir/rosidl_typesupport_cpp/yolo_msgs/msg/key_point2_d__type_support.cpp.o[0m
[4.299s] [ 20%] [32mBuilding CXX object CMakeFiles/yolo_msgs__rosidl_typesupport_cpp.dir/rosidl_typesupport_cpp/yolo_msgs/msg/detection_array__type_support.cpp.o[0m
[4.299s] [ 20%] [32mBuilding CXX object CMakeFiles/yolo_msgs__rosidl_typesupport_cpp.dir/rosidl_typesupport_cpp/yolo_msgs/msg/detection__type_support.cpp.o[0m
[4.299s] [ 22%] [32mBuilding CXX object CMakeFiles/yolo_msgs__rosidl_typesupport_cpp.dir/rosidl_typesupport_cpp/yolo_msgs/msg/point2_d__type_support.cpp.o[0m
[4.299s] [ 22%] [32mBuilding CXX object CMakeFiles/yolo_msgs__rosidl_typesupport_cpp.dir/rosidl_typesupport_cpp/yolo_msgs/msg/vector2__type_support.cpp.o[0m
[4.299s] [ 23%] [32mBuilding CXX object CMakeFiles/yolo_msgs__rosidl_typesupport_cpp.dir/rosidl_typesupport_cpp/yolo_msgs/msg/pose2_d__type_support.cpp.o[0m
[4.299s] [ 23%] [32mBuilding CXX object CMakeFiles/yolo_msgs__rosidl_typesupport_cpp.dir/rosidl_typesupport_cpp/yolo_msgs/msg/bounding_box3_d__type_support.cpp.o[0m
[4.299s] [ 24%] [32mBuilding CXX object CMakeFiles/yolo_msgs__rosidl_typesupport_cpp.dir/rosidl_typesupport_cpp/yolo_msgs/msg/bounding_box2_d__type_support.cpp.o[0m
[4.300s] [ 25%] [32mBuilding CXX object CMakeFiles/yolo_msgs__rosidl_typesupport_cpp.dir/rosidl_typesupport_cpp/yolo_msgs/msg/mask__type_support.cpp.o[0m
[4.301s] [ 26%] [32mBuilding CXX object CMakeFiles/yolo_msgs__rosidl_typesupport_cpp.dir/rosidl_typesupport_cpp/yolo_msgs/msg/key_point3_d__type_support.cpp.o[0m
[4.301s] [ 27%] [32mBuilding CXX object CMakeFiles/yolo_msgs__rosidl_typesupport_cpp.dir/rosidl_typesupport_cpp/yolo_msgs/msg/key_point3_d_array__type_support.cpp.o[0m
[4.304s] [ 27%] [32mBuilding CXX object CMakeFiles/yolo_msgs__rosidl_typesupport_cpp.dir/rosidl_typesupport_cpp/yolo_msgs/msg/key_point2_d_array__type_support.cpp.o[0m
[4.310s] [ 27%] [32mBuilding CXX object CMakeFiles/yolo_msgs__rosidl_typesupport_cpp.dir/rosidl_typesupport_cpp/yolo_msgs/srv/set_classes__type_support.cpp.o[0m
[4.512s] [ 29%] [32mBuilding CXX object CMakeFiles/yolo_msgs__rosidl_typesupport_introspection_cpp.dir/rosidl_typesupport_introspection_cpp/yolo_msgs/msg/detail/vector2__type_support.cpp.o[0m
[4.513s] [ 29%] [32mBuilding CXX object CMakeFiles/yolo_msgs__rosidl_typesupport_introspection_cpp.dir/rosidl_typesupport_introspection_cpp/yolo_msgs/msg/detail/pose2_d__type_support.cpp.o[0m
[4.513s] [ 29%] [32mBuilding CXX object CMakeFiles/yolo_msgs__rosidl_typesupport_introspection_cpp.dir/rosidl_typesupport_introspection_cpp/yolo_msgs/msg/detail/bounding_box3_d__type_support.cpp.o[0m
[4.514s] [ 30%] [32mBuilding CXX object CMakeFiles/yolo_msgs__rosidl_typesupport_introspection_cpp.dir/rosidl_typesupport_introspection_cpp/yolo_msgs/msg/detail/point2_d__type_support.cpp.o[0m
[4.523s] [ 31%] [32mBuilding CXX object CMakeFiles/yolo_msgs__rosidl_typesupport_introspection_cpp.dir/rosidl_typesupport_introspection_cpp/yolo_msgs/msg/detail/bounding_box2_d__type_support.cpp.o[0m
[4.671s] [ 32%] [32mBuilding CXX object CMakeFiles/yolo_msgs__rosidl_typesupport_introspection_cpp.dir/rosidl_typesupport_introspection_cpp/yolo_msgs/msg/detail/mask__type_support.cpp.o[0m
[4.671s] [ 33%] [32mBuilding CXX object CMakeFiles/yolo_msgs__rosidl_typesupport_introspection_cpp.dir/rosidl_typesupport_introspection_cpp/yolo_msgs/msg/detail/key_point2_d__type_support.cpp.o[0m
[4.677s] [ 33%] [32mBuilding CXX object CMakeFiles/yolo_msgs__rosidl_typesupport_c.dir/rosidl_typesupport_c/yolo_msgs/msg/point2_d__type_support.cpp.o[0m
[4.700s] [ 34%] [32mBuilding CXX object CMakeFiles/yolo_msgs__rosidl_typesupport_c.dir/rosidl_typesupport_c/yolo_msgs/msg/vector2__type_support.cpp.o[0m
[4.716s] [ 35%] [32mBuilding CXX object CMakeFiles/yolo_msgs__rosidl_typesupport_c.dir/rosidl_typesupport_c/yolo_msgs/msg/bounding_box2_d__type_support.cpp.o[0m
[4.720s] [ 36%] [32mBuilding CXX object CMakeFiles/yolo_msgs__rosidl_typesupport_c.dir/rosidl_typesupport_c/yolo_msgs/msg/pose2_d__type_support.cpp.o[0m
[4.723s] [ 37%] [32mBuilding CXX object CMakeFiles/yolo_msgs__rosidl_typesupport_c.dir/rosidl_typesupport_c/yolo_msgs/msg/bounding_box3_d__type_support.cpp.o[0m
[4.738s] [ 38%] [32mBuilding CXX object CMakeFiles/yolo_msgs__rosidl_typesupport_introspection_cpp.dir/rosidl_typesupport_introspection_cpp/yolo_msgs/msg/detail/key_point2_d_array__type_support.cpp.o[0m
[4.749s] [ 38%] [32mBuilding CXX object CMakeFiles/yolo_msgs__rosidl_typesupport_c.dir/rosidl_typesupport_c/yolo_msgs/msg/mask__type_support.cpp.o[0m
[4.780s] [ 39%] [32mBuilding CXX object CMakeFiles/yolo_msgs__rosidl_typesupport_introspection_cpp.dir/rosidl_typesupport_introspection_cpp/yolo_msgs/msg/detail/key_point3_d__type_support.cpp.o[0m
[4.784s] [ 39%] [32mBuilding CXX object CMakeFiles/yolo_msgs__rosidl_typesupport_introspection_cpp.dir/rosidl_typesupport_introspection_cpp/yolo_msgs/msg/detail/key_point3_d_array__type_support.cpp.o[0m
[4.785s] [ 40%] [32mBuilding CXX object CMakeFiles/yolo_msgs__rosidl_typesupport_introspection_cpp.dir/rosidl_typesupport_introspection_cpp/yolo_msgs/msg/detail/detection__type_support.cpp.o[0m
[4.792s] [ 41%] [32mBuilding CXX object CMakeFiles/yolo_msgs__rosidl_typesupport_c.dir/rosidl_typesupport_c/yolo_msgs/msg/key_point2_d__type_support.cpp.o[0m
[4.798s] [ 42%] [32mBuilding CXX object CMakeFiles/yolo_msgs__rosidl_typesupport_c.dir/rosidl_typesupport_c/yolo_msgs/msg/key_point2_d_array__type_support.cpp.o[0m
[4.806s] [ 43%] [32mBuilding CXX object CMakeFiles/yolo_msgs__rosidl_typesupport_c.dir/rosidl_typesupport_c/yolo_msgs/msg/key_point3_d__type_support.cpp.o[0m
[4.807s] [ 44%] [32mBuilding CXX object CMakeFiles/yolo_msgs__rosidl_typesupport_introspection_cpp.dir/rosidl_typesupport_introspection_cpp/yolo_msgs/srv/detail/set_classes__type_support.cpp.o[0m
[4.812s] [ 45%] [32mBuilding CXX object CMakeFiles/yolo_msgs__rosidl_typesupport_introspection_cpp.dir/rosidl_typesupport_introspection_cpp/yolo_msgs/msg/detail/detection_array__type_support.cpp.o[0m
[4.829s] [ 46%] [32mBuilding CXX object CMakeFiles/yolo_msgs__rosidl_typesupport_fastrtps_cpp.dir/rosidl_typesupport_fastrtps_cpp/yolo_msgs/msg/detail/dds_fastrtps/point2_d__type_support.cpp.o[0m
[4.837s] [ 47%] [32mBuilding CXX object CMakeFiles/yolo_msgs__rosidl_typesupport_c.dir/rosidl_typesupport_c/yolo_msgs/msg/key_point3_d_array__type_support.cpp.o[0m
[4.854s] [ 49%] [32mBuilding CXX object CMakeFiles/yolo_msgs__rosidl_typesupport_fastrtps_cpp.dir/rosidl_typesupport_fastrtps_cpp/yolo_msgs/msg/detail/dds_fastrtps/vector2__type_support.cpp.o[0m
[4.854s] [ 49%] [32mBuilding CXX object CMakeFiles/yolo_msgs__rosidl_typesupport_fastrtps_cpp.dir/rosidl_typesupport_fastrtps_cpp/yolo_msgs/msg/detail/dds_fastrtps/pose2_d__type_support.cpp.o[0m
[4.887s] [ 49%] [32mBuilding CXX object CMakeFiles/yolo_msgs__rosidl_typesupport_fastrtps_cpp.dir/rosidl_typesupport_fastrtps_cpp/yolo_msgs/msg/detail/dds_fastrtps/bounding_box2_d__type_support.cpp.o[0m
[4.907s] [ 50%] [32mBuilding CXX object CMakeFiles/yolo_msgs__rosidl_typesupport_fastrtps_cpp.dir/rosidl_typesupport_fastrtps_cpp/yolo_msgs/msg/detail/dds_fastrtps/bounding_box3_d__type_support.cpp.o[0m
[4.918s] [ 50%] [32mBuilding CXX object CMakeFiles/yolo_msgs__rosidl_typesupport_c.dir/rosidl_typesupport_c/yolo_msgs/msg/detection__type_support.cpp.o[0m
[4.976s] [ 51%] [32mBuilding CXX object CMakeFiles/yolo_msgs__rosidl_typesupport_c.dir/rosidl_typesupport_c/yolo_msgs/msg/detection_array__type_support.cpp.o[0m
[5.064s] [ 52%] [32m[1mLinking CXX shared library libyolo_msgs__rosidl_typesupport_cpp.so[0m
[5.065s] [ 53%] [32mBuilding CXX object CMakeFiles/yolo_msgs__rosidl_typesupport_c.dir/rosidl_typesupport_c/yolo_msgs/srv/set_classes__type_support.cpp.o[0m
[5.129s] [ 54%] [32m[1mLinking CXX shared library libyolo_msgs__rosidl_typesupport_c.so[0m
[5.145s] [ 55%] [32mBuilding CXX object CMakeFiles/yolo_msgs__rosidl_typesupport_fastrtps_cpp.dir/rosidl_typesupport_fastrtps_cpp/yolo_msgs/msg/detail/dds_fastrtps/mask__type_support.cpp.o[0m
[5.151s] [ 56%] [32mBuilding CXX object CMakeFiles/yolo_msgs__rosidl_typesupport_fastrtps_cpp.dir/rosidl_typesupport_fastrtps_cpp/yolo_msgs/msg/detail/dds_fastrtps/key_point2_d__type_support.cpp.o[0m
[5.166s] [ 57%] [32mBuilding CXX object CMakeFiles/yolo_msgs__rosidl_typesupport_fastrtps_cpp.dir/rosidl_typesupport_fastrtps_cpp/yolo_msgs/msg/detail/dds_fastrtps/key_point2_d_array__type_support.cpp.o[0m
[5.176s] [ 57%] Built target yolo_msgs__rosidl_typesupport_cpp
[5.176s] [ 57%] [32mBuilding CXX object CMakeFiles/yolo_msgs__rosidl_typesupport_fastrtps_cpp.dir/rosidl_typesupport_fastrtps_cpp/yolo_msgs/msg/detail/dds_fastrtps/key_point3_d__type_support.cpp.o[0m
[5.206s] [ 58%] [32mBuilding CXX object CMakeFiles/yolo_msgs__rosidl_typesupport_fastrtps_cpp.dir/rosidl_typesupport_fastrtps_cpp/yolo_msgs/msg/detail/dds_fastrtps/key_point3_d_array__type_support.cpp.o[0m
[5.220s] [ 59%] [32mBuilding CXX object CMakeFiles/yolo_msgs__rosidl_typesupport_fastrtps_c.dir/rosidl_typesupport_fastrtps_c/yolo_msgs/msg/detail/point2_d__type_support_c.cpp.o[0m
[5.230s] [ 59%] Built target yolo_msgs__rosidl_typesupport_c
[5.248s] [ 60%] [32mBuilding CXX object CMakeFiles/yolo_msgs__rosidl_typesupport_fastrtps_cpp.dir/rosidl_typesupport_fastrtps_cpp/yolo_msgs/msg/detail/dds_fastrtps/detection__type_support.cpp.o[0m
[5.283s] [ 61%] [32mBuilding CXX object CMakeFiles/yolo_msgs__rosidl_typesupport_fastrtps_cpp.dir/rosidl_typesupport_fastrtps_cpp/yolo_msgs/msg/detail/dds_fastrtps/detection_array__type_support.cpp.o[0m
[5.304s] [ 62%] [32mBuilding C object CMakeFiles/yolo_msgs__rosidl_typesupport_introspection_c.dir/rosidl_typesupport_introspection_c/yolo_msgs/msg/detail/point2_d__type_support.c.o[0m
[5.320s] [ 63%] [32mBuilding CXX object CMakeFiles/yolo_msgs__rosidl_typesupport_fastrtps_cpp.dir/rosidl_typesupport_fastrtps_cpp/yolo_msgs/srv/detail/dds_fastrtps/set_classes__type_support.cpp.o[0m
[5.341s] [ 64%] [32mBuilding C object CMakeFiles/yolo_msgs__rosidl_typesupport_introspection_c.dir/rosidl_typesupport_introspection_c/yolo_msgs/msg/detail/vector2__type_support.c.o[0m
[5.358s] [ 64%] [32mBuilding C object CMakeFiles/yolo_msgs__rosidl_typesupport_introspection_c.dir/rosidl_typesupport_introspection_c/yolo_msgs/msg/detail/pose2_d__type_support.c.o[0m
[5.420s] [ 65%] [32mBuilding C object CMakeFiles/yolo_msgs__rosidl_typesupport_introspection_c.dir/rosidl_typesupport_introspection_c/yolo_msgs/msg/detail/bounding_box2_d__type_support.c.o[0m
[5.423s] [ 65%] [32mBuilding CXX object CMakeFiles/yolo_msgs__rosidl_typesupport_fastrtps_c.dir/rosidl_typesupport_fastrtps_c/yolo_msgs/msg/detail/vector2__type_support_c.cpp.o[0m
[5.439s] [ 66%] [32mBuilding CXX object CMakeFiles/yolo_msgs__rosidl_typesupport_fastrtps_c.dir/rosidl_typesupport_fastrtps_c/yolo_msgs/msg/detail/pose2_d__type_support_c.cpp.o[0m
[5.448s] [ 67%] [32mBuilding C object CMakeFiles/yolo_msgs__rosidl_typesupport_introspection_c.dir/rosidl_typesupport_introspection_c/yolo_msgs/msg/detail/bounding_box3_d__type_support.c.o[0m
[5.455s] [ 68%] [32mBuilding CXX object CMakeFiles/yolo_msgs__rosidl_typesupport_fastrtps_c.dir/rosidl_typesupport_fastrtps_c/yolo_msgs/msg/detail/bounding_box2_d__type_support_c.cpp.o[0m
[5.501s] [ 69%] [32mBuilding C object CMakeFiles/yolo_msgs__rosidl_typesupport_introspection_c.dir/rosidl_typesupport_introspection_c/yolo_msgs/msg/detail/mask__type_support.c.o[0m
[5.518s] [ 70%] [32mBuilding C object CMakeFiles/yolo_msgs__rosidl_typesupport_introspection_c.dir/rosidl_typesupport_introspection_c/yolo_msgs/msg/detail/key_point2_d__type_support.c.o[0m
[5.545s] [ 71%] [32mBuilding C object CMakeFiles/yolo_msgs__rosidl_typesupport_introspection_c.dir/rosidl_typesupport_introspection_c/yolo_msgs/msg/detail/key_point3_d__type_support.c.o[0m
[5.549s] [ 71%] [32mBuilding C object CMakeFiles/yolo_msgs__rosidl_typesupport_introspection_c.dir/rosidl_typesupport_introspection_c/yolo_msgs/msg/detail/key_point2_d_array__type_support.c.o[0m
[5.574s] [ 72%] [32mBuilding C object CMakeFiles/yolo_msgs__rosidl_typesupport_introspection_c.dir/rosidl_typesupport_introspection_c/yolo_msgs/msg/detail/key_point3_d_array__type_support.c.o[0m
[5.575s] [ 73%] [32mBuilding C object CMakeFiles/yolo_msgs__rosidl_typesupport_introspection_c.dir/rosidl_typesupport_introspection_c/yolo_msgs/msg/detail/detection_array__type_support.c.o[0m
[5.575s] [ 74%] [32mBuilding C object CMakeFiles/yolo_msgs__rosidl_typesupport_introspection_c.dir/rosidl_typesupport_introspection_c/yolo_msgs/msg/detail/detection__type_support.c.o[0m
[5.597s] [ 74%] [32mBuilding C object CMakeFiles/yolo_msgs__rosidl_typesupport_introspection_c.dir/rosidl_typesupport_introspection_c/yolo_msgs/srv/detail/set_classes__type_support.c.o[0m
[5.612s] [ 75%] [32mBuilding CXX object CMakeFiles/yolo_msgs__rosidl_typesupport_fastrtps_c.dir/rosidl_typesupport_fastrtps_c/yolo_msgs/msg/detail/bounding_box3_d__type_support_c.cpp.o[0m
[5.622s] [ 76%] [32mBuilding CXX object CMakeFiles/yolo_msgs__rosidl_typesupport_fastrtps_c.dir/rosidl_typesupport_fastrtps_c/yolo_msgs/msg/detail/mask__type_support_c.cpp.o[0m
[5.626s] [ 76%] [32mBuilding CXX object CMakeFiles/yolo_msgs__rosidl_typesupport_fastrtps_c.dir/rosidl_typesupport_fastrtps_c/yolo_msgs/msg/detail/key_point2_d__type_support_c.cpp.o[0m
[5.633s] [ 77%] [32mBuilding CXX object CMakeFiles/yolo_msgs__rosidl_typesupport_fastrtps_c.dir/rosidl_typesupport_fastrtps_c/yolo_msgs/msg/detail/key_point2_d_array__type_support_c.cpp.o[0m
[5.644s] [ 78%] [32mBuilding CXX object CMakeFiles/yolo_msgs__rosidl_typesupport_fastrtps_c.dir/rosidl_typesupport_fastrtps_c/yolo_msgs/msg/detail/key_point3_d_array__type_support_c.cpp.o[0m
[5.648s] [ 79%] [32mBuilding CXX object CMakeFiles/yolo_msgs__rosidl_typesupport_fastrtps_c.dir/rosidl_typesupport_fastrtps_c/yolo_msgs/msg/detail/key_point3_d__type_support_c.cpp.o[0m
[5.658s] [ 80%] [32m[1mLinking C shared library libyolo_msgs__rosidl_typesupport_introspection_c.so[0m
[5.669s] [ 81%] [32mBuilding CXX object CMakeFiles/yolo_msgs__rosidl_typesupport_fastrtps_c.dir/rosidl_typesupport_fastrtps_c/yolo_msgs/msg/detail/detection__type_support_c.cpp.o[0m
[5.699s] [ 81%] [32mBuilding CXX object CMakeFiles/yolo_msgs__rosidl_typesupport_fastrtps_c.dir/rosidl_typesupport_fastrtps_c/yolo_msgs/msg/detail/detection_array__type_support_c.cpp.o[0m
[5.711s] [ 81%] Built target yolo_msgs__rosidl_typesupport_introspection_c
[5.726s] [ 82%] [32mBuilding CXX object CMakeFiles/yolo_msgs__rosidl_typesupport_fastrtps_c.dir/rosidl_typesupport_fastrtps_c/yolo_msgs/srv/detail/set_classes__type_support_c.cpp.o[0m
[6.105s] [ 83%] [32m[1mLinking CXX shared library libyolo_msgs__rosidl_typesupport_introspection_cpp.so[0m
[6.205s] [ 83%] Built target yolo_msgs__rosidl_typesupport_introspection_cpp
[6.263s] [ 84%] [32m[1mLinking CXX shared library libyolo_msgs__rosidl_typesupport_fastrtps_c.so[0m
[6.309s] [ 84%] [32m[1mLinking CXX shared library libyolo_msgs__rosidl_typesupport_fastrtps_cpp.so[0m
[6.360s] [ 84%] Built target yolo_msgs__rosidl_typesupport_fastrtps_c
[6.413s] [ 84%] Built target yolo_msgs__rosidl_typesupport_fastrtps_cpp
[6.437s] [ 84%] Built target yolo_msgs
[6.464s] [ 85%] [34m[1mGenerating Python code for ROS interfaces[0m
[8.252s] [ 85%] Built target yolo_msgs__py
[8.280s] [ 87%] [32mBuilding C object CMakeFiles/yolo_msgs__rosidl_generator_py.dir/rosidl_generator_py/yolo_msgs/msg/_bounding_box2_d_s.c.o[0m
[8.280s] [ 87%] [32mBuilding C object CMakeFiles/yolo_msgs__rosidl_generator_py.dir/rosidl_generator_py/yolo_msgs/msg/_pose2_d_s.c.o[0m
[8.280s] [ 89%] [32mBuilding C object CMakeFiles/yolo_msgs__rosidl_generator_py.dir/rosidl_generator_py/yolo_msgs/msg/_key_point2_d_array_s.c.o[0m
[8.281s] [ 89%] [32mBuilding C object CMakeFiles/yolo_msgs__rosidl_generator_py.dir/rosidl_generator_py/yolo_msgs/msg/_bounding_box3_d_s.c.o[0m
[8.281s] [ 90%] [32mBuilding C object CMakeFiles/yolo_msgs__rosidl_generator_py.dir/rosidl_generator_py/yolo_msgs/msg/_key_point3_d_array_s.c.o[0m
[8.281s] [ 91%] [32mBuilding C object CMakeFiles/yolo_msgs__rosidl_generator_py.dir/rosidl_generator_py/yolo_msgs/msg/_point2_d_s.c.o[0m
[8.281s] [ 91%] [32mBuilding C object CMakeFiles/yolo_msgs__rosidl_generator_py.dir/rosidl_generator_py/yolo_msgs/msg/_vector2_s.c.o[0m
[8.281s] [ 91%] [32mBuilding C object CMakeFiles/yolo_msgs__rosidl_generator_py.dir/rosidl_generator_py/yolo_msgs/msg/_detection_array_s.c.o[0m
[8.281s] [ 93%] [32mBuilding C object CMakeFiles/yolo_msgs__rosidl_generator_py.dir/rosidl_generator_py/yolo_msgs/msg/_key_point3_d_s.c.o[0m
[8.281s] [ 93%] [32mBuilding C object CMakeFiles/yolo_msgs__rosidl_generator_py.dir/rosidl_generator_py/yolo_msgs/msg/_key_point2_d_s.c.o[0m
[8.281s] [ 93%] [32mBuilding C object CMakeFiles/yolo_msgs__rosidl_generator_py.dir/rosidl_generator_py/yolo_msgs/msg/_mask_s.c.o[0m
[8.283s] [ 94%] [32mBuilding C object CMakeFiles/yolo_msgs__rosidl_generator_py.dir/rosidl_generator_py/yolo_msgs/msg/_detection_s.c.o[0m
[8.284s] [ 95%] [32mBuilding C object CMakeFiles/yolo_msgs__rosidl_generator_py.dir/rosidl_generator_py/yolo_msgs/srv/_set_classes_s.c.o[0m
[8.445s] [ 96%] [32m[1mLinking C shared library rosidl_generator_py/yolo_msgs/libyolo_msgs__rosidl_generator_py.so[0m
[8.497s] [ 96%] Built target yolo_msgs__rosidl_generator_py
[8.521s] [ 97%] [32mBuilding C object CMakeFiles/yolo_msgs__rosidl_typesupport_fastrtps_c__pyext.dir/rosidl_generator_py/yolo_msgs/_yolo_msgs_s.ep.rosidl_typesupport_fastrtps_c.c.o[0m
[8.521s] [ 98%] [32mBuilding C object CMakeFiles/yolo_msgs__rosidl_typesupport_c__pyext.dir/rosidl_generator_py/yolo_msgs/_yolo_msgs_s.ep.rosidl_typesupport_c.c.o[0m
[8.522s] [ 99%] [32mBuilding C object CMakeFiles/yolo_msgs__rosidl_typesupport_introspection_c__pyext.dir/rosidl_generator_py/yolo_msgs/_yolo_msgs_s.ep.rosidl_typesupport_introspection_c.c.o[0m
[8.661s] [ 99%] [32m[1mLinking C shared library rosidl_generator_py/yolo_msgs/yolo_msgs_s__rosidl_typesupport_c.cpython-310-x86_64-linux-gnu.so[0m
[8.661s] [ 99%] [32m[1mLinking C shared library rosidl_generator_py/yolo_msgs/yolo_msgs_s__rosidl_typesupport_fastrtps_c.cpython-310-x86_64-linux-gnu.so[0m
[8.663s] [100%] [32m[1mLinking C shared library rosidl_generator_py/yolo_msgs/yolo_msgs_s__rosidl_typesupport_introspection_c.cpython-310-x86_64-linux-gnu.so[0m
[8.705s] [100%] Built target yolo_msgs__rosidl_typesupport_fastrtps_c__pyext
[8.710s] [100%] Built target yolo_msgs__rosidl_typesupport_introspection_c__pyext
[8.710s] [100%] Built target yolo_msgs__rosidl_typesupport_c__pyext
[8.723s] Invoked command in '/home/park/dev_ws/build/yolo_msgs' returned '0': CMAKE_PREFIX_PATH=${CMAKE_PREFIX_PATH}:/home/park/turtlebot3_ws/install/my_map_utils:/home/park/dev_ws/install/yolo_ros:/opt/ros/humble /usr/bin/cmake --build /home/park/dev_ws/build/yolo_msgs -- -j22 -l22
[8.725s] Invoking command in '/home/park/dev_ws/build/yolo_msgs': CMAKE_PREFIX_PATH=${CMAKE_PREFIX_PATH}:/home/park/turtlebot3_ws/install/my_map_utils:/home/park/dev_ws/install/yolo_ros:/opt/ros/humble /usr/bin/cmake --install /home/park/dev_ws/build/yolo_msgs
[8.735s] -- Install configuration: ""
[8.735s] -- Installing: /home/park/dev_ws/install/yolo_msgs/share/ament_index/resource_index/rosidl_interfaces/yolo_msgs
[8.735s] -- Installing: /home/park/dev_ws/install/yolo_msgs/include/yolo_msgs/yolo_msgs
[8.735s] -- Installing: /home/park/dev_ws/install/yolo_msgs/include/yolo_msgs/yolo_msgs/srv
[8.735s] -- Installing: /home/park/dev_ws/install/yolo_msgs/include/yolo_msgs/yolo_msgs/srv/detail
[8.736s] -- Installing: /home/park/dev_ws/install/yolo_msgs/include/yolo_msgs/yolo_msgs/srv/detail/set_classes__functions.h
[8.736s] -- Installing: /home/park/dev_ws/install/yolo_msgs/include/yolo_msgs/yolo_msgs/srv/detail/set_classes__functions.c
[8.736s] -- Installing: /home/park/dev_ws/install/yolo_msgs/include/yolo_msgs/yolo_msgs/srv/detail/set_classes__type_support.h
[8.736s] -- Installing: /home/park/dev_ws/install/yolo_msgs/include/yolo_msgs/yolo_msgs/srv/detail/set_classes__struct.h
[8.736s] -- Installing: /home/park/dev_ws/install/yolo_msgs/include/yolo_msgs/yolo_msgs/srv/set_classes.h
[8.736s] -- Installing: /home/park/dev_ws/install/yolo_msgs/include/yolo_msgs/yolo_msgs/msg
[8.736s] -- Installing: /home/park/dev_ws/install/yolo_msgs/include/yolo_msgs/yolo_msgs/msg/detail
[8.736s] -- Installing: /home/park/dev_ws/install/yolo_msgs/include/yolo_msgs/yolo_msgs/msg/detail/key_point2_d__type_support.h
[8.736s] -- Installing: /home/park/dev_ws/install/yolo_msgs/include/yolo_msgs/yolo_msgs/msg/detail/vector2__type_support.h
[8.736s] -- Installing: /home/park/dev_ws/install/yolo_msgs/include/yolo_msgs/yolo_msgs/msg/detail/key_point3_d_array__struct.h
[8.736s] -- Installing: /home/park/dev_ws/install/yolo_msgs/include/yolo_msgs/yolo_msgs/msg/detail/pose2_d__type_support.h
[8.736s] -- Installing: /home/park/dev_ws/install/yolo_msgs/include/yolo_msgs/yolo_msgs/msg/detail/vector2__functions.c
[8.736s] -- Installing: /home/park/dev_ws/install/yolo_msgs/include/yolo_msgs/yolo_msgs/msg/detail/detection_array__type_support.h
[8.736s] -- Installing: /home/park/dev_ws/install/yolo_msgs/include/yolo_msgs/yolo_msgs/msg/detail/key_point3_d__struct.h
[8.736s] -- Installing: /home/park/dev_ws/install/yolo_msgs/include/yolo_msgs/yolo_msgs/msg/detail/key_point3_d_array__functions.h
[8.737s] -- Installing: /home/park/dev_ws/install/yolo_msgs/include/yolo_msgs/yolo_msgs/msg/detail/bounding_box2_d__functions.c
[8.737s] -- Installing: /home/park/dev_ws/install/yolo_msgs/include/yolo_msgs/yolo_msgs/msg/detail/key_point3_d__functions.c
[8.737s] -- Installing: /home/park/dev_ws/install/yolo_msgs/include/yolo_msgs/yolo_msgs/msg/detail/detection__type_support.h
[8.737s] -- Installing: /home/park/dev_ws/install/yolo_msgs/include/yolo_msgs/yolo_msgs/msg/detail/vector2__functions.h
[8.737s] -- Installing: /home/park/dev_ws/install/yolo_msgs/include/yolo_msgs/yolo_msgs/msg/detail/key_point3_d__type_support.h
[8.737s] -- Installing: /home/park/dev_ws/install/yolo_msgs/include/yolo_msgs/yolo_msgs/msg/detail/key_point3_d__functions.h
[8.737s] -- Installing: /home/park/dev_ws/install/yolo_msgs/include/yolo_msgs/yolo_msgs/msg/detail/bounding_box2_d__functions.h
[8.737s] -- Installing: /home/park/dev_ws/install/yolo_msgs/include/yolo_msgs/yolo_msgs/msg/detail/detection_array__struct.h
[8.737s] -- Installing: /home/park/dev_ws/install/yolo_msgs/include/yolo_msgs/yolo_msgs/msg/detail/detection_array__functions.c
[8.737s] -- Installing: /home/park/dev_ws/install/yolo_msgs/include/yolo_msgs/yolo_msgs/msg/detail/key_point2_d__functions.c
[8.737s] -- Installing: /home/park/dev_ws/install/yolo_msgs/include/yolo_msgs/yolo_msgs/msg/detail/key_point2_d__struct.h
[8.737s] -- Installing: /home/park/dev_ws/install/yolo_msgs/include/yolo_msgs/yolo_msgs/msg/detail/bounding_box3_d__struct.h
[8.737s] -- Installing: /home/park/dev_ws/install/yolo_msgs/include/yolo_msgs/yolo_msgs/msg/detail/key_point2_d__functions.h
[8.738s] -- Installing: /home/park/dev_ws/install/yolo_msgs/include/yolo_msgs/yolo_msgs/msg/detail/bounding_box2_d__type_support.h
[8.738s] -- Installing: /home/park/dev_ws/install/yolo_msgs/include/yolo_msgs/yolo_msgs/msg/detail/mask__type_support.h
[8.738s] -- Installing: /home/park/dev_ws/install/yolo_msgs/include/yolo_msgs/yolo_msgs/msg/detail/mask__functions.c
[8.738s] -- Installing: /home/park/dev_ws/install/yolo_msgs/include/yolo_msgs/yolo_msgs/msg/detail/point2_d__functions.h
[8.738s] -- Installing: /home/park/dev_ws/install/yolo_msgs/include/yolo_msgs/yolo_msgs/msg/detail/mask__struct.h
[8.738s] -- Installing: /home/park/dev_ws/install/yolo_msgs/include/yolo_msgs/yolo_msgs/msg/detail/detection__functions.h
[8.738s] -- Installing: /home/park/dev_ws/install/yolo_msgs/include/yolo_msgs/yolo_msgs/msg/detail/point2_d__struct.h
[8.738s] -- Installing: /home/park/dev_ws/install/yolo_msgs/include/yolo_msgs/yolo_msgs/msg/detail/key_point2_d_array__type_support.h
[8.738s] -- Installing: /home/park/dev_ws/install/yolo_msgs/include/yolo_msgs/yolo_msgs/msg/detail/bounding_box3_d__functions.h
[8.738s] -- Installing: /home/park/dev_ws/install/yolo_msgs/include/yolo_msgs/yolo_msgs/msg/detail/pose2_d__struct.h
[8.738s] -- Installing: /home/park/dev_ws/install/yolo_msgs/include/yolo_msgs/yolo_msgs/msg/detail/bounding_box2_d__struct.h
[8.738s] -- Installing: /home/park/dev_ws/install/yolo_msgs/include/yolo_msgs/yolo_msgs/msg/detail/mask__functions.h
[8.738s] -- Installing: /home/park/dev_ws/install/yolo_msgs/include/yolo_msgs/yolo_msgs/msg/detail/detection__functions.c
[8.738s] -- Installing: /home/park/dev_ws/install/yolo_msgs/include/yolo_msgs/yolo_msgs/msg/detail/bounding_box3_d__functions.c
[8.739s] -- Installing: /home/park/dev_ws/install/yolo_msgs/include/yolo_msgs/yolo_msgs/msg/detail/vector2__struct.h
[8.739s] -- Installing: /home/park/dev_ws/install/yolo_msgs/include/yolo_msgs/yolo_msgs/msg/detail/key_point3_d_array__type_support.h
[8.739s] -- Installing: /home/park/dev_ws/install/yolo_msgs/include/yolo_msgs/yolo_msgs/msg/detail/bounding_box3_d__type_support.h
[8.739s] -- Installing: /home/park/dev_ws/install/yolo_msgs/include/yolo_msgs/yolo_msgs/msg/detail/key_point2_d_array__functions.h
[8.739s] -- Installing: /home/park/dev_ws/install/yolo_msgs/include/yolo_msgs/yolo_msgs/msg/detail/key_point2_d_array__functions.c
[8.739s] -- Installing: /home/park/dev_ws/install/yolo_msgs/include/yolo_msgs/yolo_msgs/msg/detail/point2_d__type_support.h
[8.739s] -- Installing: /home/park/dev_ws/install/yolo_msgs/include/yolo_msgs/yolo_msgs/msg/detail/pose2_d__functions.c
[8.739s] -- Installing: /home/park/dev_ws/install/yolo_msgs/include/yolo_msgs/yolo_msgs/msg/detail/key_point2_d_array__struct.h
[8.739s] -- Installing: /home/park/dev_ws/install/yolo_msgs/include/yolo_msgs/yolo_msgs/msg/detail/point2_d__functions.c
[8.739s] -- Installing: /home/park/dev_ws/install/yolo_msgs/include/yolo_msgs/yolo_msgs/msg/detail/detection__struct.h
[8.739s] -- Installing: /home/park/dev_ws/install/yolo_msgs/include/yolo_msgs/yolo_msgs/msg/detail/detection_array__functions.h
[8.739s] -- Installing: /home/park/dev_ws/install/yolo_msgs/include/yolo_msgs/yolo_msgs/msg/detail/pose2_d__functions.h
[8.739s] -- Installing: /home/park/dev_ws/install/yolo_msgs/include/yolo_msgs/yolo_msgs/msg/detail/key_point3_d_array__functions.c
[8.740s] -- Installing: /home/park/dev_ws/install/yolo_msgs/include/yolo_msgs/yolo_msgs/msg/detection.h
[8.740s] -- Installing: /home/park/dev_ws/install/yolo_msgs/include/yolo_msgs/yolo_msgs/msg/point2_d.h
[8.740s] -- Installing: /home/park/dev_ws/install/yolo_msgs/include/yolo_msgs/yolo_msgs/msg/vector2.h
[8.740s] -- Installing: /home/park/dev_ws/install/yolo_msgs/include/yolo_msgs/yolo_msgs/msg/rosidl_generator_c__visibility_control.h
[8.740s] -- Installing: /home/park/dev_ws/install/yolo_msgs/include/yolo_msgs/yolo_msgs/msg/key_point2_d_array.h
[8.740s] -- Installing: /home/park/dev_ws/install/yolo_msgs/include/yolo_msgs/yolo_msgs/msg/bounding_box2_d.h
[8.740s] -- Installing: /home/park/dev_ws/install/yolo_msgs/include/yolo_msgs/yolo_msgs/msg/key_point3_d_array.h
[8.740s] -- Installing: /home/park/dev_ws/install/yolo_msgs/include/yolo_msgs/yolo_msgs/msg/key_point3_d.h
[8.740s] -- Installing: /home/park/dev_ws/install/yolo_msgs/include/yolo_msgs/yolo_msgs/msg/mask.h
[8.740s] -- Installing: /home/park/dev_ws/install/yolo_msgs/include/yolo_msgs/yolo_msgs/msg/bounding_box3_d.h
[8.740s] -- Installing: /home/park/dev_ws/install/yolo_msgs/include/yolo_msgs/yolo_msgs/msg/pose2_d.h
[8.740s] -- Installing: /home/park/dev_ws/install/yolo_msgs/include/yolo_msgs/yolo_msgs/msg/key_point2_d.h
[8.740s] -- Installing: /home/park/dev_ws/install/yolo_msgs/include/yolo_msgs/yolo_msgs/msg/detection_array.h
[8.741s] -- Installing: /home/park/dev_ws/install/yolo_msgs/share/yolo_msgs/environment/library_path.sh
[8.741s] -- Installing: /home/park/dev_ws/install/yolo_msgs/share/yolo_msgs/environment/library_path.dsv
[8.741s] -- Installing: /home/park/dev_ws/install/yolo_msgs/lib/libyolo_msgs__rosidl_generator_c.so
[8.741s] -- Set runtime path of "/home/park/dev_ws/install/yolo_msgs/lib/libyolo_msgs__rosidl_generator_c.so" to ""
[8.741s] -- Up-to-date: /home/park/dev_ws/install/yolo_msgs/include/yolo_msgs/yolo_msgs
[8.741s] -- Up-to-date: /home/park/dev_ws/install/yolo_msgs/include/yolo_msgs/yolo_msgs/srv
[8.741s] -- Up-to-date: /home/park/dev_ws/install/yolo_msgs/include/yolo_msgs/yolo_msgs/srv/detail
[8.742s] -- Installing: /home/park/dev_ws/install/yolo_msgs/include/yolo_msgs/yolo_msgs/srv/detail/set_classes__rosidl_typesupport_fastrtps_c.h
[8.742s] -- Up-to-date: /home/park/dev_ws/install/yolo_msgs/include/yolo_msgs/yolo_msgs/msg
[8.742s] -- Up-to-date: /home/park/dev_ws/install/yolo_msgs/include/yolo_msgs/yolo_msgs/msg/detail
[8.742s] -- Installing: /home/park/dev_ws/install/yolo_msgs/include/yolo_msgs/yolo_msgs/msg/detail/key_point3_d_array__rosidl_typesupport_fastrtps_c.h
[8.742s] -- Installing: /home/park/dev_ws/install/yolo_msgs/include/yolo_msgs/yolo_msgs/msg/detail/key_point2_d__rosidl_typesupport_fastrtps_c.h
[8.742s] -- Installing: /home/park/dev_ws/install/yolo_msgs/include/yolo_msgs/yolo_msgs/msg/detail/key_point2_d_array__rosidl_typesupport_fastrtps_c.h
[8.742s] -- Installing: /home/park/dev_ws/install/yolo_msgs/include/yolo_msgs/yolo_msgs/msg/detail/key_point3_d__rosidl_typesupport_fastrtps_c.h
[8.742s] -- Installing: /home/park/dev_ws/install/yolo_msgs/include/yolo_msgs/yolo_msgs/msg/detail/bounding_box2_d__rosidl_typesupport_fastrtps_c.h
[8.742s] -- Installing: /home/park/dev_ws/install/yolo_msgs/include/yolo_msgs/yolo_msgs/msg/detail/detection__rosidl_typesupport_fastrtps_c.h
[8.742s] -- Installing: /home/park/dev_ws/install/yolo_msgs/include/yolo_msgs/yolo_msgs/msg/detail/point2_d__rosidl_typesupport_fastrtps_c.h
[8.742s] -- Installing: /home/park/dev_ws/install/yolo_msgs/include/yolo_msgs/yolo_msgs/msg/detail/mask__rosidl_typesupport_fastrtps_c.h
[8.742s] -- Installing: /home/park/dev_ws/install/yolo_msgs/include/yolo_msgs/yolo_msgs/msg/detail/pose2_d__rosidl_typesupport_fastrtps_c.h
[8.742s] -- Installing: /home/park/dev_ws/install/yolo_msgs/include/yolo_msgs/yolo_msgs/msg/detail/detection_array__rosidl_typesupport_fastrtps_c.h
[8.742s] -- Installing: /home/park/dev_ws/install/yolo_msgs/include/yolo_msgs/yolo_msgs/msg/detail/vector2__rosidl_typesupport_fastrtps_c.h
[8.742s] -- Installing: /home/park/dev_ws/install/yolo_msgs/include/yolo_msgs/yolo_msgs/msg/detail/bounding_box3_d__rosidl_typesupport_fastrtps_c.h
[8.743s] -- Installing: /home/park/dev_ws/install/yolo_msgs/include/yolo_msgs/yolo_msgs/msg/rosidl_typesupport_fastrtps_c__visibility_control.h
[8.743s] -- Installing: /home/park/dev_ws/install/yolo_msgs/lib/libyolo_msgs__rosidl_typesupport_fastrtps_c.so
[8.743s] -- Set runtime path of "/home/park/dev_ws/install/yolo_msgs/lib/libyolo_msgs__rosidl_typesupport_fastrtps_c.so" to ""
[8.743s] -- Up-to-date: /home/park/dev_ws/install/yolo_msgs/include/yolo_msgs/yolo_msgs
[8.743s] -- Up-to-date: /home/park/dev_ws/install/yolo_msgs/include/yolo_msgs/yolo_msgs/srv
[8.743s] -- Up-to-date: /home/park/dev_ws/install/yolo_msgs/include/yolo_msgs/yolo_msgs/srv/detail
[8.743s] -- Installing: /home/park/dev_ws/install/yolo_msgs/include/yolo_msgs/yolo_msgs/srv/detail/set_classes__type_support.c
[8.743s] -- Installing: /home/park/dev_ws/install/yolo_msgs/include/yolo_msgs/yolo_msgs/srv/detail/set_classes__rosidl_typesupport_introspection_c.h
[8.743s] -- Up-to-date: /home/park/dev_ws/install/yolo_msgs/include/yolo_msgs/yolo_msgs/msg
[8.743s] -- Up-to-date: /home/park/dev_ws/install/yolo_msgs/include/yolo_msgs/yolo_msgs/msg/detail
[8.743s] -- Installing: /home/park/dev_ws/install/yolo_msgs/include/yolo_msgs/yolo_msgs/msg/detail/key_point3_d__type_support.c
[8.744s] -- Installing: /home/park/dev_ws/install/yolo_msgs/include/yolo_msgs/yolo_msgs/msg/detail/detection__rosidl_typesupport_introspection_c.h
[8.744s] -- Installing: /home/park/dev_ws/install/yolo_msgs/include/yolo_msgs/yolo_msgs/msg/detail/bounding_box2_d__rosidl_typesupport_introspection_c.h
[8.744s] -- Installing: /home/park/dev_ws/install/yolo_msgs/include/yolo_msgs/yolo_msgs/msg/detail/detection_array__type_support.c
[8.744s] -- Installing: /home/park/dev_ws/install/yolo_msgs/include/yolo_msgs/yolo_msgs/msg/detail/vector2__type_support.c
[8.744s] -- Installing: /home/park/dev_ws/install/yolo_msgs/include/yolo_msgs/yolo_msgs/msg/detail/point2_d__rosidl_typesupport_introspection_c.h
[8.744s] -- Installing: /home/park/dev_ws/install/yolo_msgs/include/yolo_msgs/yolo_msgs/msg/detail/vector2__rosidl_typesupport_introspection_c.h
[8.744s] -- Installing: /home/park/dev_ws/install/yolo_msgs/include/yolo_msgs/yolo_msgs/msg/detail/key_point3_d_array__type_support.c
[8.744s] -- Installing: /home/park/dev_ws/install/yolo_msgs/include/yolo_msgs/yolo_msgs/msg/detail/pose2_d__type_support.c
[8.744s] -- Installing: /home/park/dev_ws/install/yolo_msgs/include/yolo_msgs/yolo_msgs/msg/detail/detection__type_support.c
[8.744s] -- Installing: /home/park/dev_ws/install/yolo_msgs/include/yolo_msgs/yolo_msgs/msg/detail/bounding_box3_d__rosidl_typesupport_introspection_c.h
[8.744s] -- Installing: /home/park/dev_ws/install/yolo_msgs/include/yolo_msgs/yolo_msgs/msg/detail/key_point3_d_array__rosidl_typesupport_introspection_c.h
[8.744s] -- Installing: /home/park/dev_ws/install/yolo_msgs/include/yolo_msgs/yolo_msgs/msg/detail/mask__rosidl_typesupport_introspection_c.h
[8.745s] -- Installing: /home/park/dev_ws/install/yolo_msgs/include/yolo_msgs/yolo_msgs/msg/detail/bounding_box3_d__type_support.c
[8.745s] -- Installing: /home/park/dev_ws/install/yolo_msgs/include/yolo_msgs/yolo_msgs/msg/detail/key_point3_d__rosidl_typesupport_introspection_c.h
[8.745s] -- Installing: /home/park/dev_ws/install/yolo_msgs/include/yolo_msgs/yolo_msgs/msg/detail/detection_array__rosidl_typesupport_introspection_c.h
[8.745s] -- Installing: /home/park/dev_ws/install/yolo_msgs/include/yolo_msgs/yolo_msgs/msg/detail/mask__type_support.c
[8.745s] -- Installing: /home/park/dev_ws/install/yolo_msgs/include/yolo_msgs/yolo_msgs/msg/detail/key_point2_d__rosidl_typesupport_introspection_c.h
[8.745s] -- Installing: /home/park/dev_ws/install/yolo_msgs/include/yolo_msgs/yolo_msgs/msg/detail/bounding_box2_d__type_support.c
[8.745s] -- Installing: /home/park/dev_ws/install/yolo_msgs/include/yolo_msgs/yolo_msgs/msg/detail/key_point2_d_array__rosidl_typesupport_introspection_c.h
[8.745s] -- Installing: /home/park/dev_ws/install/yolo_msgs/include/yolo_msgs/yolo_msgs/msg/detail/point2_d__type_support.c
[8.745s] -- Installing: /home/park/dev_ws/install/yolo_msgs/include/yolo_msgs/yolo_msgs/msg/detail/key_point2_d__type_support.c
[8.745s] -- Installing: /home/park/dev_ws/install/yolo_msgs/include/yolo_msgs/yolo_msgs/msg/detail/key_point2_d_array__type_support.c
[8.745s] -- Installing: /home/park/dev_ws/install/yolo_msgs/include/yolo_msgs/yolo_msgs/msg/detail/pose2_d__rosidl_typesupport_introspection_c.h
[8.745s] -- Installing: /home/park/dev_ws/install/yolo_msgs/include/yolo_msgs/yolo_msgs/msg/rosidl_typesupport_introspection_c__visibility_control.h
[8.746s] -- Installing: /home/park/dev_ws/install/yolo_msgs/lib/libyolo_msgs__rosidl_typesupport_introspection_c.so
[8.746s] -- Set runtime path of "/home/park/dev_ws/install/yolo_msgs/lib/libyolo_msgs__rosidl_typesupport_introspection_c.so" to ""
[8.746s] -- Installing: /home/park/dev_ws/install/yolo_msgs/lib/libyolo_msgs__rosidl_typesupport_c.so
[8.746s] -- Set runtime path of "/home/park/dev_ws/install/yolo_msgs/lib/libyolo_msgs__rosidl_typesupport_c.so" to ""
[8.746s] -- Up-to-date: /home/park/dev_ws/install/yolo_msgs/include/yolo_msgs/yolo_msgs
[8.746s] -- Up-to-date: /home/park/dev_ws/install/yolo_msgs/include/yolo_msgs/yolo_msgs/srv
[8.746s] -- Up-to-date: /home/park/dev_ws/install/yolo_msgs/include/yolo_msgs/yolo_msgs/srv/detail
[8.746s] -- Installing: /home/park/dev_ws/install/yolo_msgs/include/yolo_msgs/yolo_msgs/srv/detail/set_classes__builder.hpp
[8.747s] -- Installing: /home/park/dev_ws/install/yolo_msgs/include/yolo_msgs/yolo_msgs/srv/detail/set_classes__struct.hpp
[8.747s] -- Installing: /home/park/dev_ws/install/yolo_msgs/include/yolo_msgs/yolo_msgs/srv/detail/set_classes__traits.hpp
[8.747s] -- Installing: /home/park/dev_ws/install/yolo_msgs/include/yolo_msgs/yolo_msgs/srv/detail/set_classes__type_support.hpp
[8.747s] -- Installing: /home/park/dev_ws/install/yolo_msgs/include/yolo_msgs/yolo_msgs/srv/set_classes.hpp
[8.747s] -- Up-to-date: /home/park/dev_ws/install/yolo_msgs/include/yolo_msgs/yolo_msgs/msg
[8.747s] -- Up-to-date: /home/park/dev_ws/install/yolo_msgs/include/yolo_msgs/yolo_msgs/msg/detail
[8.747s] -- Installing: /home/park/dev_ws/install/yolo_msgs/include/yolo_msgs/yolo_msgs/msg/detail/point2_d__builder.hpp
[8.747s] -- Installing: /home/park/dev_ws/install/yolo_msgs/include/yolo_msgs/yolo_msgs/msg/detail/key_point3_d__struct.hpp
[8.747s] -- Installing: /home/park/dev_ws/install/yolo_msgs/include/yolo_msgs/yolo_msgs/msg/detail/detection__type_support.hpp
[8.747s] -- Installing: /home/park/dev_ws/install/yolo_msgs/include/yolo_msgs/yolo_msgs/msg/detail/mask__traits.hpp
[8.747s] -- Installing: /home/park/dev_ws/install/yolo_msgs/include/yolo_msgs/yolo_msgs/msg/detail/vector2__traits.hpp
[8.747s] -- Installing: /home/park/dev_ws/install/yolo_msgs/include/yolo_msgs/yolo_msgs/msg/detail/detection__traits.hpp
[8.747s] -- Installing: /home/park/dev_ws/install/yolo_msgs/include/yolo_msgs/yolo_msgs/msg/detail/detection__builder.hpp
[8.747s] -- Installing: /home/park/dev_ws/install/yolo_msgs/include/yolo_msgs/yolo_msgs/msg/detail/bounding_box3_d__struct.hpp
[8.748s] -- Installing: /home/park/dev_ws/install/yolo_msgs/include/yolo_msgs/yolo_msgs/msg/detail/detection_array__builder.hpp
[8.748s] -- Installing: /home/park/dev_ws/install/yolo_msgs/include/yolo_msgs/yolo_msgs/msg/detail/mask__type_support.hpp
[8.748s] -- Installing: /home/park/dev_ws/install/yolo_msgs/include/yolo_msgs/yolo_msgs/msg/detail/vector2__builder.hpp
[8.748s] -- Installing: /home/park/dev_ws/install/yolo_msgs/include/yolo_msgs/yolo_msgs/msg/detail/detection__struct.hpp
[8.748s] -- Installing: /home/park/dev_ws/install/yolo_msgs/include/yolo_msgs/yolo_msgs/msg/detail/key_point3_d__builder.hpp
[8.748s] -- Installing: /home/park/dev_ws/install/yolo_msgs/include/yolo_msgs/yolo_msgs/msg/detail/detection_array__type_support.hpp
[8.748s] -- Installing: /home/park/dev_ws/install/yolo_msgs/include/yolo_msgs/yolo_msgs/msg/detail/point2_d__type_support.hpp
[8.748s] -- Installing: /home/park/dev_ws/install/yolo_msgs/include/yolo_msgs/yolo_msgs/msg/detail/bounding_box3_d__builder.hpp
[8.748s] -- Installing: /home/park/dev_ws/install/yolo_msgs/include/yolo_msgs/yolo_msgs/msg/detail/key_point3_d_array__builder.hpp
[8.748s] -- Installing: /home/park/dev_ws/install/yolo_msgs/include/yolo_msgs/yolo_msgs/msg/detail/vector2__struct.hpp
[8.748s] -- Installing: /home/park/dev_ws/install/yolo_msgs/include/yolo_msgs/yolo_msgs/msg/detail/point2_d__traits.hpp
[8.749s] -- Installing: /home/park/dev_ws/install/yolo_msgs/include/yolo_msgs/yolo_msgs/msg/detail/key_point2_d_array__type_support.hpp
[8.749s] -- Installing: /home/park/dev_ws/install/yolo_msgs/include/yolo_msgs/yolo_msgs/msg/detail/key_point2_d_array__struct.hpp
[8.749s] -- Installing: /home/park/dev_ws/install/yolo_msgs/include/yolo_msgs/yolo_msgs/msg/detail/key_point3_d__traits.hpp
[8.749s] -- Installing: /home/park/dev_ws/install/yolo_msgs/include/yolo_msgs/yolo_msgs/msg/detail/key_point2_d__builder.hpp
[8.749s] -- Installing: /home/park/dev_ws/install/yolo_msgs/include/yolo_msgs/yolo_msgs/msg/detail/pose2_d__builder.hpp
[8.749s] -- Installing: /home/park/dev_ws/install/yolo_msgs/include/yolo_msgs/yolo_msgs/msg/detail/pose2_d__type_support.hpp
[8.749s] -- Installing: /home/park/dev_ws/install/yolo_msgs/include/yolo_msgs/yolo_msgs/msg/detail/key_point2_d_array__builder.hpp
[8.749s] -- Installing: /home/park/dev_ws/install/yolo_msgs/include/yolo_msgs/yolo_msgs/msg/detail/mask__struct.hpp
[8.749s] -- Installing: /home/park/dev_ws/install/yolo_msgs/include/yolo_msgs/yolo_msgs/msg/detail/key_point2_d__traits.hpp
[8.749s] -- Installing: /home/park/dev_ws/install/yolo_msgs/include/yolo_msgs/yolo_msgs/msg/detail/key_point3_d_array__traits.hpp
[8.749s] -- Installing: /home/park/dev_ws/install/yolo_msgs/include/yolo_msgs/yolo_msgs/msg/detail/key_point2_d__type_support.hpp
[8.749s] -- Installing: /home/park/dev_ws/install/yolo_msgs/include/yolo_msgs/yolo_msgs/msg/detail/key_point2_d_array__traits.hpp
[8.750s] -- Installing: /home/park/dev_ws/install/yolo_msgs/include/yolo_msgs/yolo_msgs/msg/detail/bounding_box2_d__struct.hpp
[8.750s] -- Installing: /home/park/dev_ws/install/yolo_msgs/include/yolo_msgs/yolo_msgs/msg/detail/mask__builder.hpp
[8.750s] -- Installing: /home/park/dev_ws/install/yolo_msgs/include/yolo_msgs/yolo_msgs/msg/detail/vector2__type_support.hpp
[8.750s] -- Installing: /home/park/dev_ws/install/yolo_msgs/include/yolo_msgs/yolo_msgs/msg/detail/key_point3_d_array__type_support.hpp
[8.750s] -- Installing: /home/park/dev_ws/install/yolo_msgs/include/yolo_msgs/yolo_msgs/msg/detail/bounding_box2_d__traits.hpp
[8.750s] -- Installing: /home/park/dev_ws/install/yolo_msgs/include/yolo_msgs/yolo_msgs/msg/detail/point2_d__struct.hpp
[8.750s] -- Installing: /home/park/dev_ws/install/yolo_msgs/include/yolo_msgs/yolo_msgs/msg/detail/detection_array__traits.hpp
[8.750s] -- Installing: /home/park/dev_ws/install/yolo_msgs/include/yolo_msgs/yolo_msgs/msg/detail/key_point3_d_array__struct.hpp
[8.750s] -- Installing: /home/park/dev_ws/install/yolo_msgs/include/yolo_msgs/yolo_msgs/msg/detail/bounding_box2_d__type_support.hpp
[8.750s] -- Installing: /home/park/dev_ws/install/yolo_msgs/include/yolo_msgs/yolo_msgs/msg/detail/key_point3_d__type_support.hpp
[8.750s] -- Installing: /home/park/dev_ws/install/yolo_msgs/include/yolo_msgs/yolo_msgs/msg/detail/pose2_d__struct.hpp
[8.750s] -- Installing: /home/park/dev_ws/install/yolo_msgs/include/yolo_msgs/yolo_msgs/msg/detail/key_point2_d__struct.hpp
[8.751s] -- Installing: /home/park/dev_ws/install/yolo_msgs/include/yolo_msgs/yolo_msgs/msg/detail/bounding_box2_d__builder.hpp
[8.751s] -- Installing: /home/park/dev_ws/install/yolo_msgs/include/yolo_msgs/yolo_msgs/msg/detail/detection_array__struct.hpp
[8.751s] -- Installing: /home/park/dev_ws/install/yolo_msgs/include/yolo_msgs/yolo_msgs/msg/detail/pose2_d__traits.hpp
[8.751s] -- Installing: /home/park/dev_ws/install/yolo_msgs/include/yolo_msgs/yolo_msgs/msg/detail/bounding_box3_d__traits.hpp
[8.751s] -- Installing: /home/park/dev_ws/install/yolo_msgs/include/yolo_msgs/yolo_msgs/msg/detail/bounding_box3_d__type_support.hpp
[8.751s] -- Installing: /home/park/dev_ws/install/yolo_msgs/include/yolo_msgs/yolo_msgs/msg/rosidl_generator_cpp__visibility_control.hpp
[8.751s] -- Installing: /home/park/dev_ws/install/yolo_msgs/include/yolo_msgs/yolo_msgs/msg/key_point2_d_array.hpp
[8.751s] -- Installing: /home/park/dev_ws/install/yolo_msgs/include/yolo_msgs/yolo_msgs/msg/mask.hpp
[8.751s] -- Installing: /home/park/dev_ws/install/yolo_msgs/include/yolo_msgs/yolo_msgs/msg/vector2.hpp
[8.751s] -- Installing: /home/park/dev_ws/install/yolo_msgs/include/yolo_msgs/yolo_msgs/msg/point2_d.hpp
[8.751s] -- Installing: /home/park/dev_ws/install/yolo_msgs/include/yolo_msgs/yolo_msgs/msg/detection.hpp
[8.751s] -- Installing: /home/park/dev_ws/install/yolo_msgs/include/yolo_msgs/yolo_msgs/msg/key_point3_d_array.hpp
[8.751s] -- Installing: /home/park/dev_ws/install/yolo_msgs/include/yolo_msgs/yolo_msgs/msg/key_point3_d.hpp
[8.752s] -- Installing: /home/park/dev_ws/install/yolo_msgs/include/yolo_msgs/yolo_msgs/msg/bounding_box2_d.hpp
[8.752s] -- Installing: /home/park/dev_ws/install/yolo_msgs/include/yolo_msgs/yolo_msgs/msg/pose2_d.hpp
[8.752s] -- Installing: /home/park/dev_ws/install/yolo_msgs/include/yolo_msgs/yolo_msgs/msg/detection_array.hpp
[8.752s] -- Installing: /home/park/dev_ws/install/yolo_msgs/include/yolo_msgs/yolo_msgs/msg/key_point2_d.hpp
[8.752s] -- Installing: /home/park/dev_ws/install/yolo_msgs/include/yolo_msgs/yolo_msgs/msg/bounding_box3_d.hpp
[8.752s] -- Up-to-date: /home/park/dev_ws/install/yolo_msgs/include/yolo_msgs/yolo_msgs
[8.752s] -- Up-to-date: /home/park/dev_ws/install/yolo_msgs/include/yolo_msgs/yolo_msgs/srv
[8.752s] -- Up-to-date: /home/park/dev_ws/install/yolo_msgs/include/yolo_msgs/yolo_msgs/srv/detail
[8.752s] -- Installing: /home/park/dev_ws/install/yolo_msgs/include/yolo_msgs/yolo_msgs/srv/detail/set_classes__rosidl_typesupport_fastrtps_cpp.hpp
[8.752s] -- Installing: /home/park/dev_ws/install/yolo_msgs/include/yolo_msgs/yolo_msgs/srv/detail/dds_fastrtps
[8.752s] -- Up-to-date: /home/park/dev_ws/install/yolo_msgs/include/yolo_msgs/yolo_msgs/msg
[8.752s] -- Up-to-date: /home/park/dev_ws/install/yolo_msgs/include/yolo_msgs/yolo_msgs/msg/detail
[8.752s] -- Installing: /home/park/dev_ws/install/yolo_msgs/include/yolo_msgs/yolo_msgs/msg/detail/detection_array__rosidl_typesupport_fastrtps_cpp.hpp
[8.752s] -- Installing: /home/park/dev_ws/install/yolo_msgs/include/yolo_msgs/yolo_msgs/msg/detail/detection__rosidl_typesupport_fastrtps_cpp.hpp
[8.753s] -- Installing: /home/park/dev_ws/install/yolo_msgs/include/yolo_msgs/yolo_msgs/msg/detail/bounding_box2_d__rosidl_typesupport_fastrtps_cpp.hpp
[8.753s] -- Installing: /home/park/dev_ws/install/yolo_msgs/include/yolo_msgs/yolo_msgs/msg/detail/pose2_d__rosidl_typesupport_fastrtps_cpp.hpp
[8.753s] -- Installing: /home/park/dev_ws/install/yolo_msgs/include/yolo_msgs/yolo_msgs/msg/detail/key_point2_d__rosidl_typesupport_fastrtps_cpp.hpp
[8.753s] -- Installing: /home/park/dev_ws/install/yolo_msgs/include/yolo_msgs/yolo_msgs/msg/detail/key_point2_d_array__rosidl_typesupport_fastrtps_cpp.hpp
[8.753s] -- Installing: /home/park/dev_ws/install/yolo_msgs/include/yolo_msgs/yolo_msgs/msg/detail/mask__rosidl_typesupport_fastrtps_cpp.hpp
[8.753s] -- Installing: /home/park/dev_ws/install/yolo_msgs/include/yolo_msgs/yolo_msgs/msg/detail/key_point3_d_array__rosidl_typesupport_fastrtps_cpp.hpp
[8.753s] -- Installing: /home/park/dev_ws/install/yolo_msgs/include/yolo_msgs/yolo_msgs/msg/detail/vector2__rosidl_typesupport_fastrtps_cpp.hpp
[8.753s] -- Installing: /home/park/dev_ws/install/yolo_msgs/include/yolo_msgs/yolo_msgs/msg/detail/point2_d__rosidl_typesupport_fastrtps_cpp.hpp
[8.753s] -- Installing: /home/park/dev_ws/install/yolo_msgs/include/yolo_msgs/yolo_msgs/msg/detail/bounding_box3_d__rosidl_typesupport_fastrtps_cpp.hpp
[8.753s] -- Installing: /home/park/dev_ws/install/yolo_msgs/include/yolo_msgs/yolo_msgs/msg/detail/dds_fastrtps
[8.753s] -- Installing: /home/park/dev_ws/install/yolo_msgs/include/yolo_msgs/yolo_msgs/msg/detail/key_point3_d__rosidl_typesupport_fastrtps_cpp.hpp
[8.753s] -- Installing: /home/park/dev_ws/install/yolo_msgs/include/yolo_msgs/yolo_msgs/msg/rosidl_typesupport_fastrtps_cpp__visibility_control.h
[8.754s] -- Installing: /home/park/dev_ws/install/yolo_msgs/lib/libyolo_msgs__rosidl_typesupport_fastrtps_cpp.so
[8.754s] -- Set runtime path of "/home/park/dev_ws/install/yolo_msgs/lib/libyolo_msgs__rosidl_typesupport_fastrtps_cpp.so" to ""
[8.754s] -- Up-to-date: /home/park/dev_ws/install/yolo_msgs/include/yolo_msgs/yolo_msgs
[8.754s] -- Up-to-date: /home/park/dev_ws/install/yolo_msgs/include/yolo_msgs/yolo_msgs/srv
[8.754s] -- Up-to-date: /home/park/dev_ws/install/yolo_msgs/include/yolo_msgs/yolo_msgs/srv/detail
[8.754s] -- Installing: /home/park/dev_ws/install/yolo_msgs/include/yolo_msgs/yolo_msgs/srv/detail/set_classes__rosidl_typesupport_introspection_cpp.hpp
[8.754s] -- Installing: /home/park/dev_ws/install/yolo_msgs/include/yolo_msgs/yolo_msgs/srv/detail/set_classes__type_support.cpp
[8.754s] -- Up-to-date: /home/park/dev_ws/install/yolo_msgs/include/yolo_msgs/yolo_msgs/msg
[8.754s] -- Up-to-date: /home/park/dev_ws/install/yolo_msgs/include/yolo_msgs/yolo_msgs/msg/detail
[8.755s] -- Installing: /home/park/dev_ws/install/yolo_msgs/include/yolo_msgs/yolo_msgs/msg/detail/detection__rosidl_typesupport_introspection_cpp.hpp
[8.755s] -- Installing: /home/park/dev_ws/install/yolo_msgs/include/yolo_msgs/yolo_msgs/msg/detail/key_point3_d_array__type_support.cpp
[8.755s] -- Installing: /home/park/dev_ws/install/yolo_msgs/include/yolo_msgs/yolo_msgs/msg/detail/pose2_d__type_support.cpp
[8.755s] -- Installing: /home/park/dev_ws/install/yolo_msgs/include/yolo_msgs/yolo_msgs/msg/detail/detection__type_support.cpp
[8.755s] -- Installing: /home/park/dev_ws/install/yolo_msgs/include/yolo_msgs/yolo_msgs/msg/detail/bounding_box3_d__rosidl_typesupport_introspection_cpp.hpp
[8.755s] -- Installing: /home/park/dev_ws/install/yolo_msgs/include/yolo_msgs/yolo_msgs/msg/detail/bounding_box3_d__type_support.cpp
[8.755s] -- Installing: /home/park/dev_ws/install/yolo_msgs/include/yolo_msgs/yolo_msgs/msg/detail/key_point3_d__type_support.cpp
[8.755s] -- Installing: /home/park/dev_ws/install/yolo_msgs/include/yolo_msgs/yolo_msgs/msg/detail/vector2__rosidl_typesupport_introspection_cpp.hpp
[8.755s] -- Installing: /home/park/dev_ws/install/yolo_msgs/include/yolo_msgs/yolo_msgs/msg/detail/key_point3_d_array__rosidl_typesupport_introspection_cpp.hpp
[8.755s] -- Installing: /home/park/dev_ws/install/yolo_msgs/include/yolo_msgs/yolo_msgs/msg/detail/key_point2_d__type_support.cpp
[8.755s] -- Installing: /home/park/dev_ws/install/yolo_msgs/include/yolo_msgs/yolo_msgs/msg/detail/point2_d__type_support.cpp
[8.755s] -- Installing: /home/park/dev_ws/install/yolo_msgs/include/yolo_msgs/yolo_msgs/msg/detail/detection_array__rosidl_typesupport_introspection_cpp.hpp
[8.755s] -- Installing: /home/park/dev_ws/install/yolo_msgs/include/yolo_msgs/yolo_msgs/msg/detail/key_point2_d_array__rosidl_typesupport_introspection_cpp.hpp
[8.756s] -- Installing: /home/park/dev_ws/install/yolo_msgs/include/yolo_msgs/yolo_msgs/msg/detail/mask__type_support.cpp
[8.756s] -- Installing: /home/park/dev_ws/install/yolo_msgs/include/yolo_msgs/yolo_msgs/msg/detail/pose2_d__rosidl_typesupport_introspection_cpp.hpp
[8.756s] -- Installing: /home/park/dev_ws/install/yolo_msgs/include/yolo_msgs/yolo_msgs/msg/detail/vector2__type_support.cpp
[8.756s] -- Installing: /home/park/dev_ws/install/yolo_msgs/include/yolo_msgs/yolo_msgs/msg/detail/bounding_box2_d__rosidl_typesupport_introspection_cpp.hpp
[8.756s] -- Installing: /home/park/dev_ws/install/yolo_msgs/include/yolo_msgs/yolo_msgs/msg/detail/mask__rosidl_typesupport_introspection_cpp.hpp
[8.756s] -- Installing: /home/park/dev_ws/install/yolo_msgs/include/yolo_msgs/yolo_msgs/msg/detail/key_point2_d__rosidl_typesupport_introspection_cpp.hpp
[8.756s] -- Installing: /home/park/dev_ws/install/yolo_msgs/include/yolo_msgs/yolo_msgs/msg/detail/key_point2_d_array__type_support.cpp
[8.756s] -- Installing: /home/park/dev_ws/install/yolo_msgs/include/yolo_msgs/yolo_msgs/msg/detail/detection_array__type_support.cpp
[8.756s] -- Installing: /home/park/dev_ws/install/yolo_msgs/include/yolo_msgs/yolo_msgs/msg/detail/key_point3_d__rosidl_typesupport_introspection_cpp.hpp
[8.756s] -- Installing: /home/park/dev_ws/install/yolo_msgs/include/yolo_msgs/yolo_msgs/msg/detail/bounding_box2_d__type_support.cpp
[8.756s] -- Installing: /home/park/dev_ws/install/yolo_msgs/include/yolo_msgs/yolo_msgs/msg/detail/point2_d__rosidl_typesupport_introspection_cpp.hpp
[8.757s] -- Installing: /home/park/dev_ws/install/yolo_msgs/lib/libyolo_msgs__rosidl_typesupport_introspection_cpp.so
[8.757s] -- Set runtime path of "/home/park/dev_ws/install/yolo_msgs/lib/libyolo_msgs__rosidl_typesupport_introspection_cpp.so" to ""
[8.757s] -- Installing: /home/park/dev_ws/install/yolo_msgs/lib/libyolo_msgs__rosidl_typesupport_cpp.so
[8.758s] -- Set runtime path of "/home/park/dev_ws/install/yolo_msgs/lib/libyolo_msgs__rosidl_typesupport_cpp.so" to ""
[8.758s] -- Installing: /home/park/dev_ws/install/yolo_msgs/share/yolo_msgs/environment/pythonpath.sh
[8.758s] -- Installing: /home/park/dev_ws/install/yolo_msgs/share/yolo_msgs/environment/pythonpath.dsv
[8.758s] -- Installing: /home/park/dev_ws/install/yolo_msgs/local/lib/python3.10/dist-packages/yolo_msgs-4.3.1-py3.10.egg-info
[8.758s] -- Installing: /home/park/dev_ws/install/yolo_msgs/local/lib/python3.10/dist-packages/yolo_msgs-4.3.1-py3.10.egg-info/PKG-INFO
[8.758s] -- Installing: /home/park/dev_ws/install/yolo_msgs/local/lib/python3.10/dist-packages/yolo_msgs-4.3.1-py3.10.egg-info/top_level.txt
[8.758s] -- Installing: /home/park/dev_ws/install/yolo_msgs/local/lib/python3.10/dist-packages/yolo_msgs-4.3.1-py3.10.egg-info/dependency_links.txt
[8.758s] -- Installing: /home/park/dev_ws/install/yolo_msgs/local/lib/python3.10/dist-packages/yolo_msgs-4.3.1-py3.10.egg-info/SOURCES.txt
[8.758s] -- Installing: /home/park/dev_ws/install/yolo_msgs/local/lib/python3.10/dist-packages/yolo_msgs
[8.759s] -- Installing: /home/park/dev_ws/install/yolo_msgs/local/lib/python3.10/dist-packages/yolo_msgs/libyolo_msgs__rosidl_generator_py.so
[8.759s] -- Installing: /home/park/dev_ws/install/yolo_msgs/local/lib/python3.10/dist-packages/yolo_msgs/_yolo_msgs_s.ep.rosidl_typesupport_fastrtps_c.c
[8.759s] -- Installing: /home/park/dev_ws/install/yolo_msgs/local/lib/python3.10/dist-packages/yolo_msgs/srv
[8.759s] -- Installing: /home/park/dev_ws/install/yolo_msgs/local/lib/python3.10/dist-packages/yolo_msgs/srv/_set_classes_s.c
[8.759s] -- Installing: /home/park/dev_ws/install/yolo_msgs/local/lib/python3.10/dist-packages/yolo_msgs/srv/_set_classes.py
[8.759s] -- Installing: /home/park/dev_ws/install/yolo_msgs/local/lib/python3.10/dist-packages/yolo_msgs/srv/__init__.py
[8.759s] -- Installing: /home/park/dev_ws/install/yolo_msgs/local/lib/python3.10/dist-packages/yolo_msgs/yolo_msgs_s__rosidl_typesupport_introspection_c.cpython-310-x86_64-linux-gnu.so
[8.759s] -- Installing: /home/park/dev_ws/install/yolo_msgs/local/lib/python3.10/dist-packages/yolo_msgs/_yolo_msgs_s.ep.rosidl_typesupport_introspection_c.c
[8.759s] -- Installing: /home/park/dev_ws/install/yolo_msgs/local/lib/python3.10/dist-packages/yolo_msgs/msg
[8.759s] -- Installing: /home/park/dev_ws/install/yolo_msgs/local/lib/python3.10/dist-packages/yolo_msgs/msg/_key_point2_d.py
[8.760s] -- Installing: /home/park/dev_ws/install/yolo_msgs/local/lib/python3.10/dist-packages/yolo_msgs/msg/_detection_s.c
[8.760s] -- Installing: /home/park/dev_ws/install/yolo_msgs/local/lib/python3.10/dist-packages/yolo_msgs/msg/_vector2.py
[8.760s] -- Installing: /home/park/dev_ws/install/yolo_msgs/local/lib/python3.10/dist-packages/yolo_msgs/msg/_key_point2_d_s.c
[8.760s] -- Installing: /home/park/dev_ws/install/yolo_msgs/local/lib/python3.10/dist-packages/yolo_msgs/msg/_pose2_d_s.c
[8.760s] -- Installing: /home/park/dev_ws/install/yolo_msgs/local/lib/python3.10/dist-packages/yolo_msgs/msg/_key_point2_d_array_s.c
[8.760s] -- Installing: /home/park/dev_ws/install/yolo_msgs/local/lib/python3.10/dist-packages/yolo_msgs/msg/_mask_s.c
[8.761s] -- Installing: /home/park/dev_ws/install/yolo_msgs/local/lib/python3.10/dist-packages/yolo_msgs/msg/_key_point3_d.py
[8.761s] -- Installing: /home/park/dev_ws/install/yolo_msgs/local/lib/python3.10/dist-packages/yolo_msgs/msg/_key_point3_d_array.py
[8.761s] -- Installing: /home/park/dev_ws/install/yolo_msgs/local/lib/python3.10/dist-packages/yolo_msgs/msg/_bounding_box3_d.py
[8.761s] -- Installing: /home/park/dev_ws/install/yolo_msgs/local/lib/python3.10/dist-packages/yolo_msgs/msg/_point2_d_s.c
[8.761s] -- Installing: /home/park/dev_ws/install/yolo_msgs/local/lib/python3.10/dist-packages/yolo_msgs/msg/_bounding_box3_d_s.c
[8.761s] -- Installing: /home/park/dev_ws/install/yolo_msgs/local/lib/python3.10/dist-packages/yolo_msgs/msg/_key_point2_d_array.py
[8.761s] -- Installing: /home/park/dev_ws/install/yolo_msgs/local/lib/python3.10/dist-packages/yolo_msgs/msg/_key_point3_d_array_s.c
[8.761s] -- Installing: /home/park/dev_ws/install/yolo_msgs/local/lib/python3.10/dist-packages/yolo_msgs/msg/_pose2_d.py
[8.761s] -- Installing: /home/park/dev_ws/install/yolo_msgs/local/lib/python3.10/dist-packages/yolo_msgs/msg/_mask.py
[8.761s] -- Installing: /home/park/dev_ws/install/yolo_msgs/local/lib/python3.10/dist-packages/yolo_msgs/msg/_detection_array.py
[8.761s] -- Installing: /home/park/dev_ws/install/yolo_msgs/local/lib/python3.10/dist-packages/yolo_msgs/msg/_bounding_box2_d_s.c
[8.761s] -- Installing: /home/park/dev_ws/install/yolo_msgs/local/lib/python3.10/dist-packages/yolo_msgs/msg/_point2_d.py
[8.761s] -- Installing: /home/park/dev_ws/install/yolo_msgs/local/lib/python3.10/dist-packages/yolo_msgs/msg/_key_point3_d_s.c
[8.761s] -- Installing: /home/park/dev_ws/install/yolo_msgs/local/lib/python3.10/dist-packages/yolo_msgs/msg/_bounding_box2_d.py
[8.761s] -- Installing: /home/park/dev_ws/install/yolo_msgs/local/lib/python3.10/dist-packages/yolo_msgs/msg/_detection_array_s.c
[8.762s] -- Installing: /home/park/dev_ws/install/yolo_msgs/local/lib/python3.10/dist-packages/yolo_msgs/msg/_detection.py
[8.762s] -- Installing: /home/park/dev_ws/install/yolo_msgs/local/lib/python3.10/dist-packages/yolo_msgs/msg/_vector2_s.c
[8.762s] -- Installing: /home/park/dev_ws/install/yolo_msgs/local/lib/python3.10/dist-packages/yolo_msgs/msg/__init__.py
[8.762s] -- Installing: /home/park/dev_ws/install/yolo_msgs/local/lib/python3.10/dist-packages/yolo_msgs/_yolo_msgs_s.ep.rosidl_typesupport_c.c
[8.762s] -- Installing: /home/park/dev_ws/install/yolo_msgs/local/lib/python3.10/dist-packages/yolo_msgs/yolo_msgs_s__rosidl_typesupport_fastrtps_c.cpython-310-x86_64-linux-gnu.so
[8.762s] -- Installing: /home/park/dev_ws/install/yolo_msgs/local/lib/python3.10/dist-packages/yolo_msgs/yolo_msgs_s__rosidl_typesupport_c.cpython-310-x86_64-linux-gnu.so
[8.762s] -- Installing: /home/park/dev_ws/install/yolo_msgs/local/lib/python3.10/dist-packages/yolo_msgs/__init__.py
[8.815s] Listing '/home/park/dev_ws/install/yolo_msgs/local/lib/python3.10/dist-packages/yolo_msgs'...
[8.815s] Compiling '/home/park/dev_ws/install/yolo_msgs/local/lib/python3.10/dist-packages/yolo_msgs/__init__.py'...
[8.815s] Listing '/home/park/dev_ws/install/yolo_msgs/local/lib/python3.10/dist-packages/yolo_msgs/msg'...
[8.815s] Compiling '/home/park/dev_ws/install/yolo_msgs/local/lib/python3.10/dist-packages/yolo_msgs/msg/__init__.py'...
[8.815s] Compiling '/home/park/dev_ws/install/yolo_msgs/local/lib/python3.10/dist-packages/yolo_msgs/msg/_bounding_box2_d.py'...
[8.815s] Compiling '/home/park/dev_ws/install/yolo_msgs/local/lib/python3.10/dist-packages/yolo_msgs/msg/_bounding_box3_d.py'...
[8.815s] Compiling '/home/park/dev_ws/install/yolo_msgs/local/lib/python3.10/dist-packages/yolo_msgs/msg/_detection.py'...
[8.815s] Compiling '/home/park/dev_ws/install/yolo_msgs/local/lib/python3.10/dist-packages/yolo_msgs/msg/_detection_array.py'...
[8.815s] Compiling '/home/park/dev_ws/install/yolo_msgs/local/lib/python3.10/dist-packages/yolo_msgs/msg/_key_point2_d.py'...
[8.815s] Compiling '/home/park/dev_ws/install/yolo_msgs/local/lib/python3.10/dist-packages/yolo_msgs/msg/_key_point2_d_array.py'...
[8.815s] Compiling '/home/park/dev_ws/install/yolo_msgs/local/lib/python3.10/dist-packages/yolo_msgs/msg/_key_point3_d.py'...
[8.816s] Compiling '/home/park/dev_ws/install/yolo_msgs/local/lib/python3.10/dist-packages/yolo_msgs/msg/_key_point3_d_array.py'...
[8.816s] Compiling '/home/park/dev_ws/install/yolo_msgs/local/lib/python3.10/dist-packages/yolo_msgs/msg/_mask.py'...
[8.816s] Compiling '/home/park/dev_ws/install/yolo_msgs/local/lib/python3.10/dist-packages/yolo_msgs/msg/_point2_d.py'...
[8.816s] Compiling '/home/park/dev_ws/install/yolo_msgs/local/lib/python3.10/dist-packages/yolo_msgs/msg/_pose2_d.py'...
[8.816s] Compiling '/home/park/dev_ws/install/yolo_msgs/local/lib/python3.10/dist-packages/yolo_msgs/msg/_vector2.py'...
[8.816s] Listing '/home/park/dev_ws/install/yolo_msgs/local/lib/python3.10/dist-packages/yolo_msgs/srv'...
[8.816s] Compiling '/home/park/dev_ws/install/yolo_msgs/local/lib/python3.10/dist-packages/yolo_msgs/srv/__init__.py'...
[8.816s] Compiling '/home/park/dev_ws/install/yolo_msgs/local/lib/python3.10/dist-packages/yolo_msgs/srv/_set_classes.py'...
[8.819s] -- Installing: /home/park/dev_ws/install/yolo_msgs/local/lib/python3.10/dist-packages/yolo_msgs/yolo_msgs_s__rosidl_typesupport_fastrtps_c.cpython-310-x86_64-linux-gnu.so
[8.820s] -- Set runtime path of "/home/park/dev_ws/install/yolo_msgs/local/lib/python3.10/dist-packages/yolo_msgs/yolo_msgs_s__rosidl_typesupport_fastrtps_c.cpython-310-x86_64-linux-gnu.so" to ""
[8.820s] -- Installing: /home/park/dev_ws/install/yolo_msgs/local/lib/python3.10/dist-packages/yolo_msgs/yolo_msgs_s__rosidl_typesupport_introspection_c.cpython-310-x86_64-linux-gnu.so
[8.820s] -- Set runtime path of "/home/park/dev_ws/install/yolo_msgs/local/lib/python3.10/dist-packages/yolo_msgs/yolo_msgs_s__rosidl_typesupport_introspection_c.cpython-310-x86_64-linux-gnu.so" to ""
[8.820s] -- Installing: /home/park/dev_ws/install/yolo_msgs/local/lib/python3.10/dist-packages/yolo_msgs/yolo_msgs_s__rosidl_typesupport_c.cpython-310-x86_64-linux-gnu.so
[8.821s] -- Set runtime path of "/home/park/dev_ws/install/yolo_msgs/local/lib/python3.10/dist-packages/yolo_msgs/yolo_msgs_s__rosidl_typesupport_c.cpython-310-x86_64-linux-gnu.so" to ""
[8.821s] -- Installing: /home/park/dev_ws/install/yolo_msgs/lib/libyolo_msgs__rosidl_generator_py.so
[8.821s] -- Set runtime path of "/home/park/dev_ws/install/yolo_msgs/lib/libyolo_msgs__rosidl_generator_py.so" to ""
[8.821s] -- Installing: /home/park/dev_ws/install/yolo_msgs/share/yolo_msgs/msg/Point2D.idl
[8.821s] -- Installing: /home/park/dev_ws/install/yolo_msgs/share/yolo_msgs/msg/Vector2.idl
[8.822s] -- Installing: /home/park/dev_ws/install/yolo_msgs/share/yolo_msgs/msg/Pose2D.idl
[8.822s] -- Installing: /home/park/dev_ws/install/yolo_msgs/share/yolo_msgs/msg/BoundingBox2D.idl
[8.822s] -- Installing: /home/park/dev_ws/install/yolo_msgs/share/yolo_msgs/msg/BoundingBox3D.idl
[8.822s] -- Installing: /home/park/dev_ws/install/yolo_msgs/share/yolo_msgs/msg/Mask.idl
[8.822s] -- Installing: /home/park/dev_ws/install/yolo_msgs/share/yolo_msgs/msg/KeyPoint2D.idl
[8.822s] -- Installing: /home/park/dev_ws/install/yolo_msgs/share/yolo_msgs/msg/KeyPoint2DArray.idl
[8.822s] -- Installing: /home/park/dev_ws/install/yolo_msgs/share/yolo_msgs/msg/KeyPoint3D.idl
[8.822s] -- Installing: /home/park/dev_ws/install/yolo_msgs/share/yolo_msgs/msg/KeyPoint3DArray.idl
[8.823s] -- Installing: /home/park/dev_ws/install/yolo_msgs/share/yolo_msgs/msg/Detection.idl
[8.823s] -- Installing: /home/park/dev_ws/install/yolo_msgs/share/yolo_msgs/msg/DetectionArray.idl
[8.823s] -- Installing: /home/park/dev_ws/install/yolo_msgs/share/yolo_msgs/srv/SetClasses.idl
[8.823s] -- Installing: /home/park/dev_ws/install/yolo_msgs/share/yolo_msgs/msg/Point2D.msg
[8.823s] -- Installing: /home/park/dev_ws/install/yolo_msgs/share/yolo_msgs/msg/Vector2.msg
[8.823s] -- Installing: /home/park/dev_ws/install/yolo_msgs/share/yolo_msgs/msg/Pose2D.msg
[8.823s] -- Installing: /home/park/dev_ws/install/yolo_msgs/share/yolo_msgs/msg/BoundingBox2D.msg
[8.823s] -- Installing: /home/park/dev_ws/install/yolo_msgs/share/yolo_msgs/msg/BoundingBox3D.msg
[8.823s] -- Installing: /home/park/dev_ws/install/yolo_msgs/share/yolo_msgs/msg/Mask.msg
[8.824s] -- Installing: /home/park/dev_ws/install/yolo_msgs/share/yolo_msgs/msg/KeyPoint2D.msg
[8.824s] -- Installing: /home/park/dev_ws/install/yolo_msgs/share/yolo_msgs/msg/KeyPoint2DArray.msg
[8.824s] -- Installing: /home/park/dev_ws/install/yolo_msgs/share/yolo_msgs/msg/KeyPoint3D.msg
[8.824s] -- Installing: /home/park/dev_ws/install/yolo_msgs/share/yolo_msgs/msg/KeyPoint3DArray.msg
[8.824s] -- Installing: /home/park/dev_ws/install/yolo_msgs/share/yolo_msgs/msg/Detection.msg
[8.824s] -- Installing: /home/park/dev_ws/install/yolo_msgs/share/yolo_msgs/msg/DetectionArray.msg
[8.824s] -- Installing: /home/park/dev_ws/install/yolo_msgs/share/yolo_msgs/srv/SetClasses.srv
[8.824s] -- Installing: /home/park/dev_ws/install/yolo_msgs/share/yolo_msgs/srv/SetClasses_Request.msg
[8.824s] -- Installing: /home/park/dev_ws/install/yolo_msgs/share/yolo_msgs/srv/SetClasses_Response.msg
[8.825s] -- Installing: /home/park/dev_ws/install/yolo_msgs/share/ament_index/resource_index/package_run_dependencies/yolo_msgs
[8.825s] -- Installing: /home/park/dev_ws/install/yolo_msgs/share/ament_index/resource_index/parent_prefix_path/yolo_msgs
[8.825s] -- Installing: /home/park/dev_ws/install/yolo_msgs/share/yolo_msgs/environment/ament_prefix_path.sh
[8.825s] -- Installing: /home/park/dev_ws/install/yolo_msgs/share/yolo_msgs/environment/ament_prefix_path.dsv
[8.825s] -- Installing: /home/park/dev_ws/install/yolo_msgs/share/yolo_msgs/environment/path.sh
[8.825s] -- Installing: /home/park/dev_ws/install/yolo_msgs/share/yolo_msgs/environment/path.dsv
[8.825s] -- Installing: /home/park/dev_ws/install/yolo_msgs/share/yolo_msgs/local_setup.bash
[8.825s] -- Installing: /home/park/dev_ws/install/yolo_msgs/share/yolo_msgs/local_setup.sh
[8.825s] -- Installing: /home/park/dev_ws/install/yolo_msgs/share/yolo_msgs/local_setup.zsh
[8.825s] -- Installing: /home/park/dev_ws/install/yolo_msgs/share/yolo_msgs/local_setup.dsv
[8.825s] -- Installing: /home/park/dev_ws/install/yolo_msgs/share/yolo_msgs/package.dsv
[8.826s] -- Installing: /home/park/dev_ws/install/yolo_msgs/share/ament_index/resource_index/packages/yolo_msgs
[8.826s] -- Installing: /home/park/dev_ws/install/yolo_msgs/share/yolo_msgs/cmake/export_yolo_msgs__rosidl_generator_cExport.cmake
[8.826s] -- Installing: /home/park/dev_ws/install/yolo_msgs/share/yolo_msgs/cmake/export_yolo_msgs__rosidl_generator_cExport-noconfig.cmake
[8.826s] -- Installing: /home/park/dev_ws/install/yolo_msgs/share/yolo_msgs/cmake/export_yolo_msgs__rosidl_typesupport_fastrtps_cExport.cmake
[8.826s] -- Installing: /home/park/dev_ws/install/yolo_msgs/share/yolo_msgs/cmake/export_yolo_msgs__rosidl_typesupport_fastrtps_cExport-noconfig.cmake
[8.826s] -- Installing: /home/park/dev_ws/install/yolo_msgs/share/yolo_msgs/cmake/yolo_msgs__rosidl_typesupport_introspection_cExport.cmake
[8.826s] -- Installing: /home/park/dev_ws/install/yolo_msgs/share/yolo_msgs/cmake/yolo_msgs__rosidl_typesupport_introspection_cExport-noconfig.cmake
[8.827s] -- Installing: /home/park/dev_ws/install/yolo_msgs/share/yolo_msgs/cmake/yolo_msgs__rosidl_typesupport_cExport.cmake
[8.827s] -- Installing: /home/park/dev_ws/install/yolo_msgs/share/yolo_msgs/cmake/yolo_msgs__rosidl_typesupport_cExport-noconfig.cmake
[8.827s] -- Installing: /home/park/dev_ws/install/yolo_msgs/share/yolo_msgs/cmake/export_yolo_msgs__rosidl_generator_cppExport.cmake
[8.827s] -- Installing: /home/park/dev_ws/install/yolo_msgs/share/yolo_msgs/cmake/export_yolo_msgs__rosidl_typesupport_fastrtps_cppExport.cmake
[8.827s] -- Installing: /home/park/dev_ws/install/yolo_msgs/share/yolo_msgs/cmake/export_yolo_msgs__rosidl_typesupport_fastrtps_cppExport-noconfig.cmake
[8.827s] -- Installing: /home/park/dev_ws/install/yolo_msgs/share/yolo_msgs/cmake/yolo_msgs__rosidl_typesupport_introspection_cppExport.cmake
[8.827s] -- Installing: /home/park/dev_ws/install/yolo_msgs/share/yolo_msgs/cmake/yolo_msgs__rosidl_typesupport_introspection_cppExport-noconfig.cmake
[8.827s] -- Installing: /home/park/dev_ws/install/yolo_msgs/share/yolo_msgs/cmake/yolo_msgs__rosidl_typesupport_cppExport.cmake
[8.827s] -- Installing: /home/park/dev_ws/install/yolo_msgs/share/yolo_msgs/cmake/yolo_msgs__rosidl_typesupport_cppExport-noconfig.cmake
[8.828s] -- Installing: /home/park/dev_ws/install/yolo_msgs/share/yolo_msgs/cmake/export_yolo_msgs__rosidl_generator_pyExport.cmake
[8.828s] -- Installing: /home/park/dev_ws/install/yolo_msgs/share/yolo_msgs/cmake/export_yolo_msgs__rosidl_generator_pyExport-noconfig.cmake
[8.828s] -- Installing: /home/park/dev_ws/install/yolo_msgs/share/yolo_msgs/cmake/rosidl_cmake-extras.cmake
[8.828s] -- Installing: /home/park/dev_ws/install/yolo_msgs/share/yolo_msgs/cmake/ament_cmake_export_dependencies-extras.cmake
[8.828s] -- Installing: /home/park/dev_ws/install/yolo_msgs/share/yolo_msgs/cmake/ament_cmake_export_include_directories-extras.cmake
[8.828s] -- Installing: /home/park/dev_ws/install/yolo_msgs/share/yolo_msgs/cmake/ament_cmake_export_libraries-extras.cmake
[8.828s] -- Installing: /home/park/dev_ws/install/yolo_msgs/share/yolo_msgs/cmake/ament_cmake_export_targets-extras.cmake
[8.829s] -- Installing: /home/park/dev_ws/install/yolo_msgs/share/yolo_msgs/cmake/rosidl_cmake_export_typesupport_targets-extras.cmake
[8.829s] -- Installing: /home/park/dev_ws/install/yolo_msgs/share/yolo_msgs/cmake/rosidl_cmake_export_typesupport_libraries-extras.cmake
[8.829s] -- Installing: /home/park/dev_ws/install/yolo_msgs/share/yolo_msgs/cmake/yolo_msgsConfig.cmake
[8.829s] -- Installing: /home/park/dev_ws/install/yolo_msgs/share/yolo_msgs/cmake/yolo_msgsConfig-version.cmake
[8.829s] -- Installing: /home/park/dev_ws/install/yolo_msgs/share/yolo_msgs/package.xml
[8.832s] Invoked command in '/home/park/dev_ws/build/yolo_msgs' returned '0': CMAKE_PREFIX_PATH=${CMAKE_PREFIX_PATH}:/home/park/turtlebot3_ws/install/my_map_utils:/home/park/dev_ws/install/yolo_ros:/opt/ros/humble /usr/bin/cmake --install /home/park/dev_ws/build/yolo_msgs
