[0.037s] Invoking command in '/home/park/dev_ws/build/turtlebot3_description': CMAKE_PREFIX_PATH=${CMAKE_PREFIX_PATH}:/home/park/dev_ws/install/yolo_ros:/opt/ros/humble /usr/bin/cmake /home/park/dev_ws/src/turtlebot3_description -DCMAKE_INSTALL_PREFIX=/home/park/dev_ws/install/turtlebot3_description
[0.140s] -- The C compiler identification is GNU 11.4.0
[0.230s] -- The CXX compiler identification is GNU 11.4.0
[0.238s] -- Detecting C compiler ABI info
[0.317s] -- Detecting C compiler ABI info - done
[0.328s] -- Check for working C compiler: /usr/bin/cc - skipped
[0.328s] -- Detecting C compile features
[0.329s] -- Detecting C compile features - done
[0.333s] -- Detecting CXX compiler ABI info
[0.432s] -- Detecting CXX compiler ABI info - done
[0.442s] -- Check for working CXX compiler: /usr/bin/c++ - skipped
[0.442s] -- Detecting CXX compile features
[0.443s] -- Detecting CXX compile features - done
[0.447s] -- Found ament_cmake: 1.3.11 (/opt/ros/humble/share/ament_cmake/cmake)
[0.864s] -- Found Python3: /usr/bin/python3 (found version "3.10.12") found components: Interpreter 
[0.979s] -- Found urdf: 2.6.1 (/opt/ros/humble/share/urdf/cmake)
[1.122s] -- Configuring done
[1.124s] -- Generating done
[1.126s] -- Build files have been written to: /home/park/dev_ws/build/turtlebot3_description
[1.135s] Invoked command in '/home/park/dev_ws/build/turtlebot3_description' returned '0': CMAKE_PREFIX_PATH=${CMAKE_PREFIX_PATH}:/home/park/dev_ws/install/yolo_ros:/opt/ros/humble /usr/bin/cmake /home/park/dev_ws/src/turtlebot3_description -DCMAKE_INSTALL_PREFIX=/home/park/dev_ws/install/turtlebot3_description
[1.138s] Invoking command in '/home/park/dev_ws/build/turtlebot3_description': CMAKE_PREFIX_PATH=${CMAKE_PREFIX_PATH}:/home/park/dev_ws/install/yolo_ros:/opt/ros/humble /usr/bin/cmake --build /home/park/dev_ws/build/turtlebot3_description -- -j22 -l22
[1.184s] Invoked command in '/home/park/dev_ws/build/turtlebot3_description' returned '0': CMAKE_PREFIX_PATH=${CMAKE_PREFIX_PATH}:/home/park/dev_ws/install/yolo_ros:/opt/ros/humble /usr/bin/cmake --build /home/park/dev_ws/build/turtlebot3_description -- -j22 -l22
[1.185s] Invoking command in '/home/park/dev_ws/build/turtlebot3_description': CMAKE_PREFIX_PATH=${CMAKE_PREFIX_PATH}:/home/park/dev_ws/install/yolo_ros:/opt/ros/humble /usr/bin/cmake --install /home/park/dev_ws/build/turtlebot3_description
[1.190s] -- Install configuration: ""
[1.191s] -- Installing: /home/park/dev_ws/install/turtlebot3_description/share/turtlebot3_description/meshes
[1.191s] -- Installing: /home/park/dev_ws/install/turtlebot3_description/share/turtlebot3_description/meshes/wheels
[1.191s] -- Installing: /home/park/dev_ws/install/turtlebot3_description/share/turtlebot3_description/meshes/wheels/left_tire.stl
[1.192s] -- Installing: /home/park/dev_ws/install/turtlebot3_description/share/turtlebot3_description/meshes/wheels/right_tire.stl
[1.193s] -- Installing: /home/park/dev_ws/install/turtlebot3_description/share/turtlebot3_description/meshes/bases
[1.193s] -- Installing: /home/park/dev_ws/install/turtlebot3_description/share/turtlebot3_description/meshes/bases/burger_base.stl
[1.196s] -- Installing: /home/park/dev_ws/install/turtlebot3_description/share/turtlebot3_description/meshes/bases/waffle_base.stl
[1.209s] -- Installing: /home/park/dev_ws/install/turtlebot3_description/share/turtlebot3_description/meshes/bases/waffle_pi_base.stl
[1.215s] -- Installing: /home/park/dev_ws/install/turtlebot3_description/share/turtlebot3_description/meshes/sensors
[1.215s] -- Installing: /home/park/dev_ws/install/turtlebot3_description/share/turtlebot3_description/meshes/sensors/lds.stl
[1.215s] -- Installing: /home/park/dev_ws/install/turtlebot3_description/share/turtlebot3_description/meshes/sensors/r200.dae
[1.215s] -- Installing: /home/park/dev_ws/install/turtlebot3_description/share/turtlebot3_description/meshes/sensors/astra.jpg
[1.216s] -- Installing: /home/park/dev_ws/install/turtlebot3_description/share/turtlebot3_description/meshes/sensors/r200.jpg
[1.216s] -- Installing: /home/park/dev_ws/install/turtlebot3_description/share/turtlebot3_description/meshes/sensors/astra.dae
[1.223s] -- Installing: /home/park/dev_ws/install/turtlebot3_description/share/turtlebot3_description/rviz
[1.223s] -- Installing: /home/park/dev_ws/install/turtlebot3_description/share/turtlebot3_description/rviz/model.rviz
[1.223s] -- Installing: /home/park/dev_ws/install/turtlebot3_description/share/turtlebot3_description/urdf
[1.223s] -- Installing: /home/park/dev_ws/install/turtlebot3_description/share/turtlebot3_description/urdf/turtlebot3_waffle.urdf
[1.223s] -- Installing: /home/park/dev_ws/install/turtlebot3_description/share/turtlebot3_description/urdf/turtlebot3_burger.urdf
[1.223s] -- Installing: /home/park/dev_ws/install/turtlebot3_description/share/turtlebot3_description/urdf/common_properties.urdf
[1.223s] -- Installing: /home/park/dev_ws/install/turtlebot3_description/share/turtlebot3_description/urdf/turtlebot3_waffle_pi.urdf
[1.223s] -- Installing: /home/park/dev_ws/install/turtlebot3_description/share/ament_index/resource_index/package_run_dependencies/turtlebot3_description
[1.223s] -- Installing: /home/park/dev_ws/install/turtlebot3_description/share/ament_index/resource_index/parent_prefix_path/turtlebot3_description
[1.223s] -- Installing: /home/park/dev_ws/install/turtlebot3_description/share/turtlebot3_description/environment/ament_prefix_path.sh
[1.223s] -- Installing: /home/park/dev_ws/install/turtlebot3_description/share/turtlebot3_description/environment/ament_prefix_path.dsv
[1.224s] -- Installing: /home/park/dev_ws/install/turtlebot3_description/share/turtlebot3_description/environment/path.sh
[1.224s] -- Installing: /home/park/dev_ws/install/turtlebot3_description/share/turtlebot3_description/environment/path.dsv
[1.224s] -- Installing: /home/park/dev_ws/install/turtlebot3_description/share/turtlebot3_description/local_setup.bash
[1.224s] -- Installing: /home/park/dev_ws/install/turtlebot3_description/share/turtlebot3_description/local_setup.sh
[1.224s] -- Installing: /home/park/dev_ws/install/turtlebot3_description/share/turtlebot3_description/local_setup.zsh
[1.224s] -- Installing: /home/park/dev_ws/install/turtlebot3_description/share/turtlebot3_description/local_setup.dsv
[1.224s] -- Installing: /home/park/dev_ws/install/turtlebot3_description/share/turtlebot3_description/package.dsv
[1.224s] -- Installing: /home/park/dev_ws/install/turtlebot3_description/share/ament_index/resource_index/packages/turtlebot3_description
[1.224s] -- Installing: /home/park/dev_ws/install/turtlebot3_description/share/turtlebot3_description/cmake/turtlebot3_descriptionConfig.cmake
[1.224s] -- Installing: /home/park/dev_ws/install/turtlebot3_description/share/turtlebot3_description/cmake/turtlebot3_descriptionConfig-version.cmake
[1.224s] -- Installing: /home/park/dev_ws/install/turtlebot3_description/share/turtlebot3_description/package.xml
[1.226s] Invoked command in '/home/park/dev_ws/build/turtlebot3_description' returned '0': CMAKE_PREFIX_PATH=${CMAKE_PREFIX_PATH}:/home/park/dev_ws/install/yolo_ros:/opt/ros/humble /usr/bin/cmake --install /home/park/dev_ws/build/turtlebot3_description
