[0.175s] DEBUG:colcon:Command line arguments: ['/usr/bin/colcon', 'build', '--symlink-install']
[0.175s] DEBUG:colcon:Parsed command line arguments: Namespace(log_base=None, log_level=None, verb_name='build', build_base='build', install_base='install', merge_install=False, symlink_install=True, test_result_base=None, continue_on_error=False, executor='parallel', parallel_workers=22, event_handlers=None, ignore_user_meta=False, metas=['./colcon.meta'], base_paths=['.'], packages_ignore=None, packages_ignore_regex=None, paths=None, packages_up_to=None, packages_up_to_regex=None, packages_above=None, packages_above_and_dependencies=None, packages_above_depth=None, packages_select_by_dep=None, packages_skip_by_dep=None, packages_skip_up_to=None, packages_select_build_failed=False, packages_skip_build_finished=False, packages_select_test_failures=False, packages_skip_test_passed=False, packages_select=None, packages_skip=None, packages_select_regex=None, packages_skip_regex=None, packages_start=None, packages_end=None, allow_overriding=[], cmake_args=None, cmake_target=None, cmake_target_skip_unavailable=False, cmake_clean_cache=False, cmake_clean_first=False, cmake_force_configure=False, ament_cmake_args=None, catkin_cmake_args=None, catkin_skip_building_tests=False, mixin_files=None, mixin=None, verb_parser=<colcon_mixin.mixin.mixin_argument.MixinArgumentDecorator object at 0x7c701f19a2f0>, verb_extension=<colcon_core.verb.build.BuildVerb object at 0x7c701f27f8b0>, main=<bound method BuildVerb.main of <colcon_core.verb.build.BuildVerb object at 0x7c701f27f8b0>>, mixin_verb=('build',))
[0.240s] Level 1:colcon.colcon_core.package_discovery:discover_packages(colcon_meta) check parameters
[0.240s] Level 1:colcon.colcon_core.package_discovery:discover_packages(recursive) check parameters
[0.240s] Level 1:colcon.colcon_core.package_discovery:discover_packages(ignore) check parameters
[0.240s] Level 1:colcon.colcon_core.package_discovery:discover_packages(path) check parameters
[0.240s] Level 1:colcon.colcon_core.package_discovery:discover_packages(colcon_meta) discover
[0.240s] Level 1:colcon.colcon_core.package_discovery:discover_packages(recursive) discover
[0.240s] INFO:colcon.colcon_core.package_discovery:Crawling recursively for packages in '/home/park/dev_ws'
[0.240s] Level 1:colcon.colcon_core.package_identification:_identify(.) by extensions ['ignore', 'ignore_ament_install']
[0.240s] Level 1:colcon.colcon_core.package_identification:_identify(.) by extension 'ignore'
[0.241s] Level 1:colcon.colcon_core.package_identification:_identify(.) by extension 'ignore_ament_install'
[0.241s] Level 1:colcon.colcon_core.package_identification:_identify(.) by extensions ['colcon_pkg']
[0.241s] Level 1:colcon.colcon_core.package_identification:_identify(.) by extension 'colcon_pkg'
[0.241s] Level 1:colcon.colcon_core.package_identification:_identify(.) by extensions ['colcon_meta']
[0.241s] Level 1:colcon.colcon_core.package_identification:_identify(.) by extension 'colcon_meta'
[0.241s] Level 1:colcon.colcon_core.package_identification:_identify(.) by extensions ['ros']
[0.241s] Level 1:colcon.colcon_core.package_identification:_identify(.) by extension 'ros'
[0.262s] Level 1:colcon.colcon_core.package_identification:_identify(.) by extensions ['cmake', 'python']
[0.262s] Level 1:colcon.colcon_core.package_identification:_identify(.) by extension 'cmake'
[0.262s] Level 1:colcon.colcon_core.package_identification:_identify(.) by extension 'python'
[0.262s] Level 1:colcon.colcon_core.package_identification:_identify(.) by extensions ['python_setup_py']
[0.262s] Level 1:colcon.colcon_core.package_identification:_identify(.) by extension 'python_setup_py'
[0.262s] Level 1:colcon.colcon_core.package_identification:_identify(build) by extensions ['ignore', 'ignore_ament_install']
[0.262s] Level 1:colcon.colcon_core.package_identification:_identify(build) by extension 'ignore'
[0.262s] Level 1:colcon.colcon_core.package_identification:_identify(build) ignored
[0.263s] Level 1:colcon.colcon_core.package_identification:_identify(config) by extensions ['ignore', 'ignore_ament_install']
[0.263s] Level 1:colcon.colcon_core.package_identification:_identify(config) by extension 'ignore'
[0.263s] Level 1:colcon.colcon_core.package_identification:_identify(config) by extension 'ignore_ament_install'
[0.263s] Level 1:colcon.colcon_core.package_identification:_identify(config) by extensions ['colcon_pkg']
[0.263s] Level 1:colcon.colcon_core.package_identification:_identify(config) by extension 'colcon_pkg'
[0.263s] Level 1:colcon.colcon_core.package_identification:_identify(config) by extensions ['colcon_meta']
[0.263s] Level 1:colcon.colcon_core.package_identification:_identify(config) by extension 'colcon_meta'
[0.263s] Level 1:colcon.colcon_core.package_identification:_identify(config) by extensions ['ros']
[0.263s] Level 1:colcon.colcon_core.package_identification:_identify(config) by extension 'ros'
[0.263s] Level 1:colcon.colcon_core.package_identification:_identify(config) by extensions ['cmake', 'python']
[0.263s] Level 1:colcon.colcon_core.package_identification:_identify(config) by extension 'cmake'
[0.263s] Level 1:colcon.colcon_core.package_identification:_identify(config) by extension 'python'
[0.263s] Level 1:colcon.colcon_core.package_identification:_identify(config) by extensions ['python_setup_py']
[0.263s] Level 1:colcon.colcon_core.package_identification:_identify(config) by extension 'python_setup_py'
[0.263s] Level 1:colcon.colcon_core.package_identification:_identify(install) by extensions ['ignore', 'ignore_ament_install']
[0.264s] Level 1:colcon.colcon_core.package_identification:_identify(install) by extension 'ignore'
[0.264s] Level 1:colcon.colcon_core.package_identification:_identify(install) ignored
[0.264s] Level 1:colcon.colcon_core.package_identification:_identify(launch) by extensions ['ignore', 'ignore_ament_install']
[0.264s] Level 1:colcon.colcon_core.package_identification:_identify(launch) by extension 'ignore'
[0.264s] Level 1:colcon.colcon_core.package_identification:_identify(launch) by extension 'ignore_ament_install'
[0.264s] Level 1:colcon.colcon_core.package_identification:_identify(launch) by extensions ['colcon_pkg']
[0.264s] Level 1:colcon.colcon_core.package_identification:_identify(launch) by extension 'colcon_pkg'
[0.264s] Level 1:colcon.colcon_core.package_identification:_identify(launch) by extensions ['colcon_meta']
[0.264s] Level 1:colcon.colcon_core.package_identification:_identify(launch) by extension 'colcon_meta'
[0.264s] Level 1:colcon.colcon_core.package_identification:_identify(launch) by extensions ['ros']
[0.264s] Level 1:colcon.colcon_core.package_identification:_identify(launch) by extension 'ros'
[0.264s] Level 1:colcon.colcon_core.package_identification:_identify(launch) by extensions ['cmake', 'python']
[0.264s] Level 1:colcon.colcon_core.package_identification:_identify(launch) by extension 'cmake'
[0.264s] Level 1:colcon.colcon_core.package_identification:_identify(launch) by extension 'python'
[0.264s] Level 1:colcon.colcon_core.package_identification:_identify(launch) by extensions ['python_setup_py']
[0.264s] Level 1:colcon.colcon_core.package_identification:_identify(launch) by extension 'python_setup_py'
[0.264s] Level 1:colcon.colcon_core.package_identification:_identify(log) by extensions ['ignore', 'ignore_ament_install']
[0.264s] Level 1:colcon.colcon_core.package_identification:_identify(log) by extension 'ignore'
[0.265s] Level 1:colcon.colcon_core.package_identification:_identify(log) ignored
[0.265s] Level 1:colcon.colcon_core.package_identification:_identify(maps) by extensions ['ignore', 'ignore_ament_install']
[0.265s] Level 1:colcon.colcon_core.package_identification:_identify(maps) by extension 'ignore'
[0.265s] Level 1:colcon.colcon_core.package_identification:_identify(maps) by extension 'ignore_ament_install'
[0.265s] Level 1:colcon.colcon_core.package_identification:_identify(maps) by extensions ['colcon_pkg']
[0.265s] Level 1:colcon.colcon_core.package_identification:_identify(maps) by extension 'colcon_pkg'
[0.265s] Level 1:colcon.colcon_core.package_identification:_identify(maps) by extensions ['colcon_meta']
[0.265s] Level 1:colcon.colcon_core.package_identification:_identify(maps) by extension 'colcon_meta'
[0.265s] Level 1:colcon.colcon_core.package_identification:_identify(maps) by extensions ['ros']
[0.265s] Level 1:colcon.colcon_core.package_identification:_identify(maps) by extension 'ros'
[0.265s] Level 1:colcon.colcon_core.package_identification:_identify(maps) by extensions ['cmake', 'python']
[0.265s] Level 1:colcon.colcon_core.package_identification:_identify(maps) by extension 'cmake'
[0.265s] Level 1:colcon.colcon_core.package_identification:_identify(maps) by extension 'python'
[0.265s] Level 1:colcon.colcon_core.package_identification:_identify(maps) by extensions ['python_setup_py']
[0.265s] Level 1:colcon.colcon_core.package_identification:_identify(maps) by extension 'python_setup_py'
[0.265s] Level 1:colcon.colcon_core.package_identification:_identify(media) by extensions ['ignore', 'ignore_ament_install']
[0.265s] Level 1:colcon.colcon_core.package_identification:_identify(media) by extension 'ignore'
[0.265s] Level 1:colcon.colcon_core.package_identification:_identify(media) by extension 'ignore_ament_install'
[0.265s] Level 1:colcon.colcon_core.package_identification:_identify(media) by extensions ['colcon_pkg']
[0.266s] Level 1:colcon.colcon_core.package_identification:_identify(media) by extension 'colcon_pkg'
[0.266s] Level 1:colcon.colcon_core.package_identification:_identify(media) by extensions ['colcon_meta']
[0.266s] Level 1:colcon.colcon_core.package_identification:_identify(media) by extension 'colcon_meta'
[0.266s] Level 1:colcon.colcon_core.package_identification:_identify(media) by extensions ['ros']
[0.266s] Level 1:colcon.colcon_core.package_identification:_identify(media) by extension 'ros'
[0.266s] Level 1:colcon.colcon_core.package_identification:_identify(media) by extensions ['cmake', 'python']
[0.266s] Level 1:colcon.colcon_core.package_identification:_identify(media) by extension 'cmake'
[0.266s] Level 1:colcon.colcon_core.package_identification:_identify(media) by extension 'python'
[0.266s] Level 1:colcon.colcon_core.package_identification:_identify(media) by extensions ['python_setup_py']
[0.266s] Level 1:colcon.colcon_core.package_identification:_identify(media) by extension 'python_setup_py'
[0.266s] Level 1:colcon.colcon_core.package_identification:_identify(meshes) by extensions ['ignore', 'ignore_ament_install']
[0.266s] Level 1:colcon.colcon_core.package_identification:_identify(meshes) by extension 'ignore'
[0.266s] Level 1:colcon.colcon_core.package_identification:_identify(meshes) by extension 'ignore_ament_install'
[0.266s] Level 1:colcon.colcon_core.package_identification:_identify(meshes) by extensions ['colcon_pkg']
[0.266s] Level 1:colcon.colcon_core.package_identification:_identify(meshes) by extension 'colcon_pkg'
[0.266s] Level 1:colcon.colcon_core.package_identification:_identify(meshes) by extensions ['colcon_meta']
[0.266s] Level 1:colcon.colcon_core.package_identification:_identify(meshes) by extension 'colcon_meta'
[0.266s] Level 1:colcon.colcon_core.package_identification:_identify(meshes) by extensions ['ros']
[0.266s] Level 1:colcon.colcon_core.package_identification:_identify(meshes) by extension 'ros'
[0.266s] Level 1:colcon.colcon_core.package_identification:_identify(meshes) by extensions ['cmake', 'python']
[0.266s] Level 1:colcon.colcon_core.package_identification:_identify(meshes) by extension 'cmake'
[0.266s] Level 1:colcon.colcon_core.package_identification:_identify(meshes) by extension 'python'
[0.266s] Level 1:colcon.colcon_core.package_identification:_identify(meshes) by extensions ['python_setup_py']
[0.267s] Level 1:colcon.colcon_core.package_identification:_identify(meshes) by extension 'python_setup_py'
[0.267s] Level 1:colcon.colcon_core.package_identification:_identify(models) by extensions ['ignore', 'ignore_ament_install']
[0.267s] Level 1:colcon.colcon_core.package_identification:_identify(models) by extension 'ignore'
[0.267s] Level 1:colcon.colcon_core.package_identification:_identify(models) by extension 'ignore_ament_install'
[0.267s] Level 1:colcon.colcon_core.package_identification:_identify(models) by extensions ['colcon_pkg']
[0.267s] Level 1:colcon.colcon_core.package_identification:_identify(models) by extension 'colcon_pkg'
[0.267s] Level 1:colcon.colcon_core.package_identification:_identify(models) by extensions ['colcon_meta']
[0.267s] Level 1:colcon.colcon_core.package_identification:_identify(models) by extension 'colcon_meta'
[0.267s] Level 1:colcon.colcon_core.package_identification:_identify(models) by extensions ['ros']
[0.267s] Level 1:colcon.colcon_core.package_identification:_identify(models) by extension 'ros'
[0.267s] Level 1:colcon.colcon_core.package_identification:_identify(models) by extensions ['cmake', 'python']
[0.267s] Level 1:colcon.colcon_core.package_identification:_identify(models) by extension 'cmake'
[0.267s] Level 1:colcon.colcon_core.package_identification:_identify(models) by extension 'python'
[0.267s] Level 1:colcon.colcon_core.package_identification:_identify(models) by extensions ['python_setup_py']
[0.267s] Level 1:colcon.colcon_core.package_identification:_identify(models) by extension 'python_setup_py'
[0.267s] Level 1:colcon.colcon_core.package_identification:_identify(params) by extensions ['ignore', 'ignore_ament_install']
[0.267s] Level 1:colcon.colcon_core.package_identification:_identify(params) by extension 'ignore'
[0.267s] Level 1:colcon.colcon_core.package_identification:_identify(params) by extension 'ignore_ament_install'
[0.267s] Level 1:colcon.colcon_core.package_identification:_identify(params) by extensions ['colcon_pkg']
[0.267s] Level 1:colcon.colcon_core.package_identification:_identify(params) by extension 'colcon_pkg'
[0.268s] Level 1:colcon.colcon_core.package_identification:_identify(params) by extensions ['colcon_meta']
[0.268s] Level 1:colcon.colcon_core.package_identification:_identify(params) by extension 'colcon_meta'
[0.268s] Level 1:colcon.colcon_core.package_identification:_identify(params) by extensions ['ros']
[0.268s] Level 1:colcon.colcon_core.package_identification:_identify(params) by extension 'ros'
[0.268s] Level 1:colcon.colcon_core.package_identification:_identify(params) by extensions ['cmake', 'python']
[0.268s] Level 1:colcon.colcon_core.package_identification:_identify(params) by extension 'cmake'
[0.268s] Level 1:colcon.colcon_core.package_identification:_identify(params) by extension 'python'
[0.268s] Level 1:colcon.colcon_core.package_identification:_identify(params) by extensions ['python_setup_py']
[0.268s] Level 1:colcon.colcon_core.package_identification:_identify(params) by extension 'python_setup_py'
[0.268s] Level 1:colcon.colcon_core.package_identification:_identify(rviz) by extensions ['ignore', 'ignore_ament_install']
[0.268s] Level 1:colcon.colcon_core.package_identification:_identify(rviz) by extension 'ignore'
[0.268s] Level 1:colcon.colcon_core.package_identification:_identify(rviz) by extension 'ignore_ament_install'
[0.268s] Level 1:colcon.colcon_core.package_identification:_identify(rviz) by extensions ['colcon_pkg']
[0.268s] Level 1:colcon.colcon_core.package_identification:_identify(rviz) by extension 'colcon_pkg'
[0.268s] Level 1:colcon.colcon_core.package_identification:_identify(rviz) by extensions ['colcon_meta']
[0.268s] Level 1:colcon.colcon_core.package_identification:_identify(rviz) by extension 'colcon_meta'
[0.268s] Level 1:colcon.colcon_core.package_identification:_identify(rviz) by extensions ['ros']
[0.268s] Level 1:colcon.colcon_core.package_identification:_identify(rviz) by extension 'ros'
[0.268s] Level 1:colcon.colcon_core.package_identification:_identify(rviz) by extensions ['cmake', 'python']
[0.268s] Level 1:colcon.colcon_core.package_identification:_identify(rviz) by extension 'cmake'
[0.268s] Level 1:colcon.colcon_core.package_identification:_identify(rviz) by extension 'python'
[0.268s] Level 1:colcon.colcon_core.package_identification:_identify(rviz) by extensions ['python_setup_py']
[0.268s] Level 1:colcon.colcon_core.package_identification:_identify(rviz) by extension 'python_setup_py'
[0.269s] Level 1:colcon.colcon_core.package_identification:_identify(src) by extensions ['ignore', 'ignore_ament_install']
[0.269s] Level 1:colcon.colcon_core.package_identification:_identify(src) by extension 'ignore'
[0.269s] Level 1:colcon.colcon_core.package_identification:_identify(src) by extension 'ignore_ament_install'
[0.269s] Level 1:colcon.colcon_core.package_identification:_identify(src) by extensions ['colcon_pkg']
[0.269s] Level 1:colcon.colcon_core.package_identification:_identify(src) by extension 'colcon_pkg'
[0.269s] Level 1:colcon.colcon_core.package_identification:_identify(src) by extensions ['colcon_meta']
[0.269s] Level 1:colcon.colcon_core.package_identification:_identify(src) by extension 'colcon_meta'
[0.269s] Level 1:colcon.colcon_core.package_identification:_identify(src) by extensions ['ros']
[0.269s] Level 1:colcon.colcon_core.package_identification:_identify(src) by extension 'ros'
[0.269s] Level 1:colcon.colcon_core.package_identification:_identify(src) by extensions ['cmake', 'python']
[0.269s] Level 1:colcon.colcon_core.package_identification:_identify(src) by extension 'cmake'
[0.269s] Level 1:colcon.colcon_core.package_identification:_identify(src) by extension 'python'
[0.269s] Level 1:colcon.colcon_core.package_identification:_identify(src) by extensions ['python_setup_py']
[0.269s] Level 1:colcon.colcon_core.package_identification:_identify(src) by extension 'python_setup_py'
[0.269s] Level 1:colcon.colcon_core.package_identification:_identify(src/cpp_service_tutorial) by extensions ['ignore', 'ignore_ament_install']
[0.269s] Level 1:colcon.colcon_core.package_identification:_identify(src/cpp_service_tutorial) by extension 'ignore'
[0.270s] Level 1:colcon.colcon_core.package_identification:_identify(src/cpp_service_tutorial) by extension 'ignore_ament_install'
[0.270s] Level 1:colcon.colcon_core.package_identification:_identify(src/cpp_service_tutorial) by extensions ['colcon_pkg']
[0.270s] Level 1:colcon.colcon_core.package_identification:_identify(src/cpp_service_tutorial) by extension 'colcon_pkg'
[0.270s] Level 1:colcon.colcon_core.package_identification:_identify(src/cpp_service_tutorial) by extensions ['colcon_meta']
[0.270s] Level 1:colcon.colcon_core.package_identification:_identify(src/cpp_service_tutorial) by extension 'colcon_meta'
[0.270s] Level 1:colcon.colcon_core.package_identification:_identify(src/cpp_service_tutorial) by extensions ['ros']
[0.270s] Level 1:colcon.colcon_core.package_identification:_identify(src/cpp_service_tutorial) by extension 'ros'
[0.273s] DEBUG:colcon.colcon_core.package_identification:Package 'src/cpp_service_tutorial' with type 'ros.ament_cmake' and name 'cpp_service_tutorial'
[0.273s] Level 1:colcon.colcon_core.package_identification:_identify(src/my_test_pkg) by extensions ['ignore', 'ignore_ament_install']
[0.274s] Level 1:colcon.colcon_core.package_identification:_identify(src/my_test_pkg) by extension 'ignore'
[0.274s] Level 1:colcon.colcon_core.package_identification:_identify(src/my_test_pkg) by extension 'ignore_ament_install'
[0.274s] Level 1:colcon.colcon_core.package_identification:_identify(src/my_test_pkg) by extensions ['colcon_pkg']
[0.274s] Level 1:colcon.colcon_core.package_identification:_identify(src/my_test_pkg) by extension 'colcon_pkg'
[0.274s] Level 1:colcon.colcon_core.package_identification:_identify(src/my_test_pkg) by extensions ['colcon_meta']
[0.274s] Level 1:colcon.colcon_core.package_identification:_identify(src/my_test_pkg) by extension 'colcon_meta'
[0.274s] Level 1:colcon.colcon_core.package_identification:_identify(src/my_test_pkg) by extensions ['ros']
[0.274s] Level 1:colcon.colcon_core.package_identification:_identify(src/my_test_pkg) by extension 'ros'
[0.275s] DEBUG:colcon.colcon_core.package_identification:Package 'src/my_test_pkg' with type 'ros.ament_cmake' and name 'my_test_pkg'
[0.275s] Level 1:colcon.colcon_core.package_identification:_identify(src/two_wheeled_robot) by extensions ['ignore', 'ignore_ament_install']
[0.275s] Level 1:colcon.colcon_core.package_identification:_identify(src/two_wheeled_robot) by extension 'ignore'
[0.275s] Level 1:colcon.colcon_core.package_identification:_identify(src/two_wheeled_robot) by extension 'ignore_ament_install'
[0.275s] Level 1:colcon.colcon_core.package_identification:_identify(src/two_wheeled_robot) by extensions ['colcon_pkg']
[0.275s] Level 1:colcon.colcon_core.package_identification:_identify(src/two_wheeled_robot) by extension 'colcon_pkg'
[0.275s] Level 1:colcon.colcon_core.package_identification:_identify(src/two_wheeled_robot) by extensions ['colcon_meta']
[0.275s] Level 1:colcon.colcon_core.package_identification:_identify(src/two_wheeled_robot) by extension 'colcon_meta'
[0.276s] Level 1:colcon.colcon_core.package_identification:_identify(src/two_wheeled_robot) by extensions ['ros']
[0.276s] Level 1:colcon.colcon_core.package_identification:_identify(src/two_wheeled_robot) by extension 'ros'
[0.276s] Level 1:colcon.colcon_core.package_identification:_identify(src/two_wheeled_robot) by extensions ['cmake', 'python']
[0.276s] Level 1:colcon.colcon_core.package_identification:_identify(src/two_wheeled_robot) by extension 'cmake'
[0.276s] Level 1:colcon.colcon_core.package_identification:_identify(src/two_wheeled_robot) by extension 'python'
[0.276s] Level 1:colcon.colcon_core.package_identification:_identify(src/two_wheeled_robot) by extensions ['python_setup_py']
[0.276s] Level 1:colcon.colcon_core.package_identification:_identify(src/two_wheeled_robot) by extension 'python_setup_py'
[0.276s] Level 1:colcon.colcon_core.package_identification:_identify(src/two_wheeled_robot/two_wheeled_robot) by extensions ['ignore', 'ignore_ament_install']
[0.276s] Level 1:colcon.colcon_core.package_identification:_identify(src/two_wheeled_robot/two_wheeled_robot) by extension 'ignore'
[0.276s] Level 1:colcon.colcon_core.package_identification:_identify(src/two_wheeled_robot/two_wheeled_robot) by extension 'ignore_ament_install'
[0.276s] Level 1:colcon.colcon_core.package_identification:_identify(src/two_wheeled_robot/two_wheeled_robot) by extensions ['colcon_pkg']
[0.276s] Level 1:colcon.colcon_core.package_identification:_identify(src/two_wheeled_robot/two_wheeled_robot) by extension 'colcon_pkg'
[0.276s] Level 1:colcon.colcon_core.package_identification:_identify(src/two_wheeled_robot/two_wheeled_robot) by extensions ['colcon_meta']
[0.276s] Level 1:colcon.colcon_core.package_identification:_identify(src/two_wheeled_robot/two_wheeled_robot) by extension 'colcon_meta'
[0.276s] Level 1:colcon.colcon_core.package_identification:_identify(src/two_wheeled_robot/two_wheeled_robot) by extensions ['ros']
[0.276s] Level 1:colcon.colcon_core.package_identification:_identify(src/two_wheeled_robot/two_wheeled_robot) by extension 'ros'
[0.277s] DEBUG:colcon.colcon_core.package_identification:Package 'src/two_wheeled_robot/two_wheeled_robot' with type 'ros.ament_cmake' and name 'two_wheeled_robot'
[0.277s] Level 1:colcon.colcon_core.package_identification:_identify(src/yolo_bringup) by extensions ['ignore', 'ignore_ament_install']
[0.278s] Level 1:colcon.colcon_core.package_identification:_identify(src/yolo_bringup) by extension 'ignore'
[0.278s] Level 1:colcon.colcon_core.package_identification:_identify(src/yolo_bringup) by extension 'ignore_ament_install'
[0.278s] Level 1:colcon.colcon_core.package_identification:_identify(src/yolo_bringup) by extensions ['colcon_pkg']
[0.278s] Level 1:colcon.colcon_core.package_identification:_identify(src/yolo_bringup) by extension 'colcon_pkg'
[0.278s] Level 1:colcon.colcon_core.package_identification:_identify(src/yolo_bringup) by extensions ['colcon_meta']
[0.278s] Level 1:colcon.colcon_core.package_identification:_identify(src/yolo_bringup) by extension 'colcon_meta'
[0.278s] Level 1:colcon.colcon_core.package_identification:_identify(src/yolo_bringup) by extensions ['ros']
[0.278s] Level 1:colcon.colcon_core.package_identification:_identify(src/yolo_bringup) by extension 'ros'
[0.279s] DEBUG:colcon.colcon_core.package_identification:Package 'src/yolo_bringup' with type 'ros.ament_cmake' and name 'yolo_bringup'
[0.279s] Level 1:colcon.colcon_core.package_identification:_identify(src/yolo_msgs) by extensions ['ignore', 'ignore_ament_install']
[0.279s] Level 1:colcon.colcon_core.package_identification:_identify(src/yolo_msgs) by extension 'ignore'
[0.279s] Level 1:colcon.colcon_core.package_identification:_identify(src/yolo_msgs) by extension 'ignore_ament_install'
[0.279s] Level 1:colcon.colcon_core.package_identification:_identify(src/yolo_msgs) by extensions ['colcon_pkg']
[0.279s] Level 1:colcon.colcon_core.package_identification:_identify(src/yolo_msgs) by extension 'colcon_pkg'
[0.279s] Level 1:colcon.colcon_core.package_identification:_identify(src/yolo_msgs) by extensions ['colcon_meta']
[0.279s] Level 1:colcon.colcon_core.package_identification:_identify(src/yolo_msgs) by extension 'colcon_meta'
[0.279s] Level 1:colcon.colcon_core.package_identification:_identify(src/yolo_msgs) by extensions ['ros']
[0.279s] Level 1:colcon.colcon_core.package_identification:_identify(src/yolo_msgs) by extension 'ros'
[0.280s] DEBUG:colcon.colcon_core.package_identification:Package 'src/yolo_msgs' with type 'ros.ament_cmake' and name 'yolo_msgs'
[0.280s] Level 1:colcon.colcon_core.package_identification:_identify(src/yolo_ros) by extensions ['ignore', 'ignore_ament_install']
[0.280s] Level 1:colcon.colcon_core.package_identification:_identify(src/yolo_ros) by extension 'ignore'
[0.280s] Level 1:colcon.colcon_core.package_identification:_identify(src/yolo_ros) by extension 'ignore_ament_install'
[0.280s] Level 1:colcon.colcon_core.package_identification:_identify(src/yolo_ros) by extensions ['colcon_pkg']
[0.280s] Level 1:colcon.colcon_core.package_identification:_identify(src/yolo_ros) by extension 'colcon_pkg'
[0.281s] Level 1:colcon.colcon_core.package_identification:_identify(src/yolo_ros) by extensions ['colcon_meta']
[0.281s] Level 1:colcon.colcon_core.package_identification:_identify(src/yolo_ros) by extension 'colcon_meta'
[0.281s] Level 1:colcon.colcon_core.package_identification:_identify(src/yolo_ros) by extensions ['ros']
[0.281s] Level 1:colcon.colcon_core.package_identification:_identify(src/yolo_ros) by extension 'ros'
[0.282s] DEBUG:colcon.colcon_core.package_identification:Package 'src/yolo_ros' with type 'ros.ament_python' and name 'yolo_ros'
[0.282s] Level 1:colcon.colcon_core.package_identification:_identify(src/yolo_ros_firstv) by extensions ['ignore', 'ignore_ament_install']
[0.282s] Level 1:colcon.colcon_core.package_identification:_identify(src/yolo_ros_firstv) by extension 'ignore'
[0.282s] Level 1:colcon.colcon_core.package_identification:_identify(src/yolo_ros_firstv) by extension 'ignore_ament_install'
[0.282s] Level 1:colcon.colcon_core.package_identification:_identify(src/yolo_ros_firstv) by extensions ['colcon_pkg']
[0.282s] Level 1:colcon.colcon_core.package_identification:_identify(src/yolo_ros_firstv) by extension 'colcon_pkg'
[0.282s] Level 1:colcon.colcon_core.package_identification:_identify(src/yolo_ros_firstv) by extensions ['colcon_meta']
[0.282s] Level 1:colcon.colcon_core.package_identification:_identify(src/yolo_ros_firstv) by extension 'colcon_meta'
[0.282s] Level 1:colcon.colcon_core.package_identification:_identify(src/yolo_ros_firstv) by extensions ['ros']
[0.282s] Level 1:colcon.colcon_core.package_identification:_identify(src/yolo_ros_firstv) by extension 'ros'
[0.282s] Level 1:colcon.colcon_core.package_identification:_identify(src/yolo_ros_firstv) by extensions ['cmake', 'python']
[0.282s] Level 1:colcon.colcon_core.package_identification:_identify(src/yolo_ros_firstv) by extension 'cmake'
[0.282s] Level 1:colcon.colcon_core.package_identification:_identify(src/yolo_ros_firstv) by extension 'python'
[0.282s] Level 1:colcon.colcon_core.package_identification:_identify(src/yolo_ros_firstv) by extensions ['python_setup_py']
[0.283s] Level 1:colcon.colcon_core.package_identification:_identify(src/yolo_ros_firstv) by extension 'python_setup_py'
[0.283s] Level 1:colcon.colcon_core.package_identification:_identify(src/yolo_ros_firstv/docs) by extensions ['ignore', 'ignore_ament_install']
[0.283s] Level 1:colcon.colcon_core.package_identification:_identify(src/yolo_ros_firstv/docs) by extension 'ignore'
[0.283s] Level 1:colcon.colcon_core.package_identification:_identify(src/yolo_ros_firstv/docs) by extension 'ignore_ament_install'
[0.283s] Level 1:colcon.colcon_core.package_identification:_identify(src/yolo_ros_firstv/docs) by extensions ['colcon_pkg']
[0.283s] Level 1:colcon.colcon_core.package_identification:_identify(src/yolo_ros_firstv/docs) by extension 'colcon_pkg'
[0.283s] Level 1:colcon.colcon_core.package_identification:_identify(src/yolo_ros_firstv/docs) by extensions ['colcon_meta']
[0.283s] Level 1:colcon.colcon_core.package_identification:_identify(src/yolo_ros_firstv/docs) by extension 'colcon_meta'
[0.283s] Level 1:colcon.colcon_core.package_identification:_identify(src/yolo_ros_firstv/docs) by extensions ['ros']
[0.283s] Level 1:colcon.colcon_core.package_identification:_identify(src/yolo_ros_firstv/docs) by extension 'ros'
[0.283s] Level 1:colcon.colcon_core.package_identification:_identify(src/yolo_ros_firstv/docs) by extensions ['cmake', 'python']
[0.283s] Level 1:colcon.colcon_core.package_identification:_identify(src/yolo_ros_firstv/docs) by extension 'cmake'
[0.283s] Level 1:colcon.colcon_core.package_identification:_identify(src/yolo_ros_firstv/docs) by extension 'python'
[0.283s] Level 1:colcon.colcon_core.package_identification:_identify(src/yolo_ros_firstv/docs) by extensions ['python_setup_py']
[0.283s] Level 1:colcon.colcon_core.package_identification:_identify(src/yolo_ros_firstv/docs) by extension 'python_setup_py'
[0.283s] Level 1:colcon.colcon_core.package_identification:_identify(urdf) by extensions ['ignore', 'ignore_ament_install']
[0.283s] Level 1:colcon.colcon_core.package_identification:_identify(urdf) by extension 'ignore'
[0.284s] Level 1:colcon.colcon_core.package_identification:_identify(urdf) by extension 'ignore_ament_install'
[0.284s] Level 1:colcon.colcon_core.package_identification:_identify(urdf) by extensions ['colcon_pkg']
[0.284s] Level 1:colcon.colcon_core.package_identification:_identify(urdf) by extension 'colcon_pkg'
[0.284s] Level 1:colcon.colcon_core.package_identification:_identify(urdf) by extensions ['colcon_meta']
[0.284s] Level 1:colcon.colcon_core.package_identification:_identify(urdf) by extension 'colcon_meta'
[0.284s] Level 1:colcon.colcon_core.package_identification:_identify(urdf) by extensions ['ros']
[0.284s] Level 1:colcon.colcon_core.package_identification:_identify(urdf) by extension 'ros'
[0.284s] Level 1:colcon.colcon_core.package_identification:_identify(urdf) by extensions ['cmake', 'python']
[0.284s] Level 1:colcon.colcon_core.package_identification:_identify(urdf) by extension 'cmake'
[0.284s] Level 1:colcon.colcon_core.package_identification:_identify(urdf) by extension 'python'
[0.284s] Level 1:colcon.colcon_core.package_identification:_identify(urdf) by extensions ['python_setup_py']
[0.284s] Level 1:colcon.colcon_core.package_identification:_identify(urdf) by extension 'python_setup_py'
[0.284s] Level 1:colcon.colcon_core.package_identification:_identify(worlds) by extensions ['ignore', 'ignore_ament_install']
[0.284s] Level 1:colcon.colcon_core.package_identification:_identify(worlds) by extension 'ignore'
[0.284s] Level 1:colcon.colcon_core.package_identification:_identify(worlds) by extension 'ignore_ament_install'
[0.284s] Level 1:colcon.colcon_core.package_identification:_identify(worlds) by extensions ['colcon_pkg']
[0.284s] Level 1:colcon.colcon_core.package_identification:_identify(worlds) by extension 'colcon_pkg'
[0.284s] Level 1:colcon.colcon_core.package_identification:_identify(worlds) by extensions ['colcon_meta']
[0.284s] Level 1:colcon.colcon_core.package_identification:_identify(worlds) by extension 'colcon_meta'
[0.284s] Level 1:colcon.colcon_core.package_identification:_identify(worlds) by extensions ['ros']
[0.284s] Level 1:colcon.colcon_core.package_identification:_identify(worlds) by extension 'ros'
[0.284s] Level 1:colcon.colcon_core.package_identification:_identify(worlds) by extensions ['cmake', 'python']
[0.284s] Level 1:colcon.colcon_core.package_identification:_identify(worlds) by extension 'cmake'
[0.285s] Level 1:colcon.colcon_core.package_identification:_identify(worlds) by extension 'python'
[0.285s] Level 1:colcon.colcon_core.package_identification:_identify(worlds) by extensions ['python_setup_py']
[0.285s] Level 1:colcon.colcon_core.package_identification:_identify(worlds) by extension 'python_setup_py'
[0.285s] Level 1:colcon.colcon_core.package_discovery:discover_packages(recursive) using defaults
[0.285s] Level 1:colcon.colcon_core.package_discovery:discover_packages(ignore) discover
[0.285s] Level 1:colcon.colcon_core.package_discovery:discover_packages(ignore) using defaults
[0.285s] Level 1:colcon.colcon_core.package_discovery:discover_packages(path) discover
[0.285s] Level 1:colcon.colcon_core.package_discovery:discover_packages(path) using defaults
[0.314s] Level 1:colcon.colcon_core.package_discovery:discover_packages(prefix_path) check parameters
[0.314s] Level 1:colcon.colcon_core.package_discovery:discover_packages(prefix_path) discover
[0.315s] WARNING:colcon.colcon_ros.prefix_path.ament:The path '/home/park/dev_ws/install/yolo_bringup' in the environment variable AMENT_PREFIX_PATH doesn't exist
[0.316s] WARNING:colcon.colcon_ros.prefix_path.ament:The path '/home/park/dev_ws/install/yolo_ros' in the environment variable AMENT_PREFIX_PATH doesn't exist
[0.316s] WARNING:colcon.colcon_ros.prefix_path.ament:The path '/home/park/dev_ws/install/yolo_msgs' in the environment variable AMENT_PREFIX_PATH doesn't exist
[0.316s] WARNING:colcon.colcon_ros.prefix_path.ament:The path '/home/park/dev_ws/install/two_wheeled_robot' in the environment variable AMENT_PREFIX_PATH doesn't exist
[0.316s] WARNING:colcon.colcon_ros.prefix_path.ament:The path '/home/park/dev_ws/install/my_test_pkg' in the environment variable AMENT_PREFIX_PATH doesn't exist
[0.316s] WARNING:colcon.colcon_ros.prefix_path.ament:The path '/home/park/dev_ws/install/cpp_service_tutorial' in the environment variable AMENT_PREFIX_PATH doesn't exist
[0.316s] WARNING:colcon.colcon_ros.prefix_path.catkin:The path '/home/park/dev_ws/install/yolo_bringup' in the environment variable CMAKE_PREFIX_PATH doesn't exist
[0.316s] WARNING:colcon.colcon_ros.prefix_path.catkin:The path '/home/park/dev_ws/install/yolo_msgs' in the environment variable CMAKE_PREFIX_PATH doesn't exist
[0.316s] WARNING:colcon.colcon_ros.prefix_path.catkin:The path '/home/park/dev_ws/install/two_wheeled_robot' in the environment variable CMAKE_PREFIX_PATH doesn't exist
[0.316s] WARNING:colcon.colcon_ros.prefix_path.catkin:The path '/home/park/dev_ws/install/my_test_pkg' in the environment variable CMAKE_PREFIX_PATH doesn't exist
[0.316s] WARNING:colcon.colcon_ros.prefix_path.catkin:The path '/home/park/dev_ws/install/cpp_service_tutorial' in the environment variable CMAKE_PREFIX_PATH doesn't exist
[0.317s] DEBUG:colcon.colcon_installed_package_information.package_discovery:Found 0 installed packages in /home/park/dev_ws/install
[0.319s] DEBUG:colcon.colcon_installed_package_information.package_discovery:Found 413 installed packages in /opt/ros/humble
[0.321s] Level 1:colcon.colcon_core.package_discovery:discover_packages(prefix_path) using defaults
[0.368s] Level 5:colcon.colcon_core.verb:set package 'cpp_service_tutorial' build argument 'cmake_args' from command line to 'None'
[0.369s] Level 5:colcon.colcon_core.verb:set package 'cpp_service_tutorial' build argument 'cmake_target' from command line to 'None'
[0.369s] Level 5:colcon.colcon_core.verb:set package 'cpp_service_tutorial' build argument 'cmake_target_skip_unavailable' from command line to 'False'
[0.369s] Level 5:colcon.colcon_core.verb:set package 'cpp_service_tutorial' build argument 'cmake_clean_cache' from command line to 'False'
[0.369s] Level 5:colcon.colcon_core.verb:set package 'cpp_service_tutorial' build argument 'cmake_clean_first' from command line to 'False'
[0.369s] Level 5:colcon.colcon_core.verb:set package 'cpp_service_tutorial' build argument 'cmake_force_configure' from command line to 'False'
[0.369s] Level 5:colcon.colcon_core.verb:set package 'cpp_service_tutorial' build argument 'ament_cmake_args' from command line to 'None'
[0.369s] Level 5:colcon.colcon_core.verb:set package 'cpp_service_tutorial' build argument 'catkin_cmake_args' from command line to 'None'
[0.369s] Level 5:colcon.colcon_core.verb:set package 'cpp_service_tutorial' build argument 'catkin_skip_building_tests' from command line to 'False'
[0.369s] DEBUG:colcon.colcon_core.verb:Building package 'cpp_service_tutorial' with the following arguments: {'ament_cmake_args': None, 'build_base': '/home/park/dev_ws/build/cpp_service_tutorial', 'catkin_cmake_args': None, 'catkin_skip_building_tests': False, 'cmake_args': None, 'cmake_clean_cache': False, 'cmake_clean_first': False, 'cmake_force_configure': False, 'cmake_target': None, 'cmake_target_skip_unavailable': False, 'install_base': '/home/park/dev_ws/install/cpp_service_tutorial', 'merge_install': False, 'path': '/home/park/dev_ws/src/cpp_service_tutorial', 'symlink_install': True, 'test_result_base': None}
[0.369s] Level 5:colcon.colcon_core.verb:set package 'my_test_pkg' build argument 'cmake_args' from command line to 'None'
[0.369s] Level 5:colcon.colcon_core.verb:set package 'my_test_pkg' build argument 'cmake_target' from command line to 'None'
[0.369s] Level 5:colcon.colcon_core.verb:set package 'my_test_pkg' build argument 'cmake_target_skip_unavailable' from command line to 'False'
[0.369s] Level 5:colcon.colcon_core.verb:set package 'my_test_pkg' build argument 'cmake_clean_cache' from command line to 'False'
[0.369s] Level 5:colcon.colcon_core.verb:set package 'my_test_pkg' build argument 'cmake_clean_first' from command line to 'False'
[0.369s] Level 5:colcon.colcon_core.verb:set package 'my_test_pkg' build argument 'cmake_force_configure' from command line to 'False'
[0.369s] Level 5:colcon.colcon_core.verb:set package 'my_test_pkg' build argument 'ament_cmake_args' from command line to 'None'
[0.369s] Level 5:colcon.colcon_core.verb:set package 'my_test_pkg' build argument 'catkin_cmake_args' from command line to 'None'
[0.369s] Level 5:colcon.colcon_core.verb:set package 'my_test_pkg' build argument 'catkin_skip_building_tests' from command line to 'False'
[0.369s] DEBUG:colcon.colcon_core.verb:Building package 'my_test_pkg' with the following arguments: {'ament_cmake_args': None, 'build_base': '/home/park/dev_ws/build/my_test_pkg', 'catkin_cmake_args': None, 'catkin_skip_building_tests': False, 'cmake_args': None, 'cmake_clean_cache': False, 'cmake_clean_first': False, 'cmake_force_configure': False, 'cmake_target': None, 'cmake_target_skip_unavailable': False, 'install_base': '/home/park/dev_ws/install/my_test_pkg', 'merge_install': False, 'path': '/home/park/dev_ws/src/my_test_pkg', 'symlink_install': True, 'test_result_base': None}
[0.370s] Level 5:colcon.colcon_core.verb:set package 'two_wheeled_robot' build argument 'cmake_args' from command line to 'None'
[0.370s] Level 5:colcon.colcon_core.verb:set package 'two_wheeled_robot' build argument 'cmake_target' from command line to 'None'
[0.370s] Level 5:colcon.colcon_core.verb:set package 'two_wheeled_robot' build argument 'cmake_target_skip_unavailable' from command line to 'False'
[0.370s] Level 5:colcon.colcon_core.verb:set package 'two_wheeled_robot' build argument 'cmake_clean_cache' from command line to 'False'
[0.370s] Level 5:colcon.colcon_core.verb:set package 'two_wheeled_robot' build argument 'cmake_clean_first' from command line to 'False'
[0.370s] Level 5:colcon.colcon_core.verb:set package 'two_wheeled_robot' build argument 'cmake_force_configure' from command line to 'False'
[0.370s] Level 5:colcon.colcon_core.verb:set package 'two_wheeled_robot' build argument 'ament_cmake_args' from command line to 'None'
[0.370s] Level 5:colcon.colcon_core.verb:set package 'two_wheeled_robot' build argument 'catkin_cmake_args' from command line to 'None'
[0.370s] Level 5:colcon.colcon_core.verb:set package 'two_wheeled_robot' build argument 'catkin_skip_building_tests' from command line to 'False'
[0.370s] DEBUG:colcon.colcon_core.verb:Building package 'two_wheeled_robot' with the following arguments: {'ament_cmake_args': None, 'build_base': '/home/park/dev_ws/build/two_wheeled_robot', 'catkin_cmake_args': None, 'catkin_skip_building_tests': False, 'cmake_args': None, 'cmake_clean_cache': False, 'cmake_clean_first': False, 'cmake_force_configure': False, 'cmake_target': None, 'cmake_target_skip_unavailable': False, 'install_base': '/home/park/dev_ws/install/two_wheeled_robot', 'merge_install': False, 'path': '/home/park/dev_ws/src/two_wheeled_robot/two_wheeled_robot', 'symlink_install': True, 'test_result_base': None}
[0.370s] Level 5:colcon.colcon_core.verb:set package 'yolo_msgs' build argument 'cmake_args' from command line to 'None'
[0.370s] Level 5:colcon.colcon_core.verb:set package 'yolo_msgs' build argument 'cmake_target' from command line to 'None'
[0.370s] Level 5:colcon.colcon_core.verb:set package 'yolo_msgs' build argument 'cmake_target_skip_unavailable' from command line to 'False'
[0.370s] Level 5:colcon.colcon_core.verb:set package 'yolo_msgs' build argument 'cmake_clean_cache' from command line to 'False'
[0.370s] Level 5:colcon.colcon_core.verb:set package 'yolo_msgs' build argument 'cmake_clean_first' from command line to 'False'
[0.370s] Level 5:colcon.colcon_core.verb:set package 'yolo_msgs' build argument 'cmake_force_configure' from command line to 'False'
[0.370s] Level 5:colcon.colcon_core.verb:set package 'yolo_msgs' build argument 'ament_cmake_args' from command line to 'None'
[0.370s] Level 5:colcon.colcon_core.verb:set package 'yolo_msgs' build argument 'catkin_cmake_args' from command line to 'None'
[0.370s] Level 5:colcon.colcon_core.verb:set package 'yolo_msgs' build argument 'catkin_skip_building_tests' from command line to 'False'
[0.370s] DEBUG:colcon.colcon_core.verb:Building package 'yolo_msgs' with the following arguments: {'ament_cmake_args': None, 'build_base': '/home/park/dev_ws/build/yolo_msgs', 'catkin_cmake_args': None, 'catkin_skip_building_tests': False, 'cmake_args': None, 'cmake_clean_cache': False, 'cmake_clean_first': False, 'cmake_force_configure': False, 'cmake_target': None, 'cmake_target_skip_unavailable': False, 'install_base': '/home/park/dev_ws/install/yolo_msgs', 'merge_install': False, 'path': '/home/park/dev_ws/src/yolo_msgs', 'symlink_install': True, 'test_result_base': None}
[0.371s] Level 5:colcon.colcon_core.verb:set package 'yolo_ros' build argument 'cmake_args' from command line to 'None'
[0.371s] Level 5:colcon.colcon_core.verb:set package 'yolo_ros' build argument 'cmake_target' from command line to 'None'
[0.371s] Level 5:colcon.colcon_core.verb:set package 'yolo_ros' build argument 'cmake_target_skip_unavailable' from command line to 'False'
[0.371s] Level 5:colcon.colcon_core.verb:set package 'yolo_ros' build argument 'cmake_clean_cache' from command line to 'False'
[0.371s] Level 5:colcon.colcon_core.verb:set package 'yolo_ros' build argument 'cmake_clean_first' from command line to 'False'
[0.371s] Level 5:colcon.colcon_core.verb:set package 'yolo_ros' build argument 'cmake_force_configure' from command line to 'False'
[0.371s] Level 5:colcon.colcon_core.verb:set package 'yolo_ros' build argument 'ament_cmake_args' from command line to 'None'
[0.371s] Level 5:colcon.colcon_core.verb:set package 'yolo_ros' build argument 'catkin_cmake_args' from command line to 'None'
[0.371s] Level 5:colcon.colcon_core.verb:set package 'yolo_ros' build argument 'catkin_skip_building_tests' from command line to 'False'
[0.371s] DEBUG:colcon.colcon_core.verb:Building package 'yolo_ros' with the following arguments: {'ament_cmake_args': None, 'build_base': '/home/park/dev_ws/build/yolo_ros', 'catkin_cmake_args': None, 'catkin_skip_building_tests': False, 'cmake_args': None, 'cmake_clean_cache': False, 'cmake_clean_first': False, 'cmake_force_configure': False, 'cmake_target': None, 'cmake_target_skip_unavailable': False, 'install_base': '/home/park/dev_ws/install/yolo_ros', 'merge_install': False, 'path': '/home/park/dev_ws/src/yolo_ros', 'symlink_install': True, 'test_result_base': None}
[0.371s] Level 5:colcon.colcon_core.verb:set package 'yolo_bringup' build argument 'cmake_args' from command line to 'None'
[0.371s] Level 5:colcon.colcon_core.verb:set package 'yolo_bringup' build argument 'cmake_target' from command line to 'None'
[0.371s] Level 5:colcon.colcon_core.verb:set package 'yolo_bringup' build argument 'cmake_target_skip_unavailable' from command line to 'False'
[0.371s] Level 5:colcon.colcon_core.verb:set package 'yolo_bringup' build argument 'cmake_clean_cache' from command line to 'False'
[0.371s] Level 5:colcon.colcon_core.verb:set package 'yolo_bringup' build argument 'cmake_clean_first' from command line to 'False'
[0.371s] Level 5:colcon.colcon_core.verb:set package 'yolo_bringup' build argument 'cmake_force_configure' from command line to 'False'
[0.371s] Level 5:colcon.colcon_core.verb:set package 'yolo_bringup' build argument 'ament_cmake_args' from command line to 'None'
[0.371s] Level 5:colcon.colcon_core.verb:set package 'yolo_bringup' build argument 'catkin_cmake_args' from command line to 'None'
[0.371s] Level 5:colcon.colcon_core.verb:set package 'yolo_bringup' build argument 'catkin_skip_building_tests' from command line to 'False'
[0.371s] DEBUG:colcon.colcon_core.verb:Building package 'yolo_bringup' with the following arguments: {'ament_cmake_args': None, 'build_base': '/home/park/dev_ws/build/yolo_bringup', 'catkin_cmake_args': None, 'catkin_skip_building_tests': False, 'cmake_args': None, 'cmake_clean_cache': False, 'cmake_clean_first': False, 'cmake_force_configure': False, 'cmake_target': None, 'cmake_target_skip_unavailable': False, 'install_base': '/home/park/dev_ws/install/yolo_bringup', 'merge_install': False, 'path': '/home/park/dev_ws/src/yolo_bringup', 'symlink_install': True, 'test_result_base': None}
[0.371s] INFO:colcon.colcon_core.executor:Executing jobs using 'parallel' executor
[0.373s] DEBUG:colcon.colcon_parallel_executor.executor.parallel:run_until_complete
[0.373s] INFO:colcon.colcon_ros.task.ament_cmake.build:Building ROS package in '/home/park/dev_ws/src/yolo_msgs' with build type 'ament_cmake'
[0.373s] INFO:colcon.colcon_cmake.task.cmake.build:Building CMake package in '/home/park/dev_ws/src/yolo_msgs'
[0.380s] INFO:colcon.colcon_core.plugin_system:Skipping extension 'colcon_core.shell.bat': Not used on non-Windows systems
[0.381s] INFO:colcon.colcon_core.shell:Skip shell extension 'powershell' for command environment: Not usable outside of PowerShell
[0.381s] DEBUG:colcon.colcon_core.shell:Skip shell extension 'dsv' for command environment
[0.386s] INFO:colcon.colcon_ros.task.ament_cmake.build:Building ROS package in '/home/park/dev_ws/src/cpp_service_tutorial' with build type 'ament_cmake'
[0.386s] INFO:colcon.colcon_cmake.task.cmake.build:Building CMake package in '/home/park/dev_ws/src/cpp_service_tutorial'
[0.387s] INFO:colcon.colcon_core.shell:Skip shell extension 'powershell' for command environment: Not usable outside of PowerShell
[0.387s] DEBUG:colcon.colcon_core.shell:Skip shell extension 'dsv' for command environment
[0.390s] INFO:colcon.colcon_ros.task.ament_cmake.build:Building ROS package in '/home/park/dev_ws/src/my_test_pkg' with build type 'ament_cmake'
[0.390s] INFO:colcon.colcon_cmake.task.cmake.build:Building CMake package in '/home/park/dev_ws/src/my_test_pkg'
[0.390s] INFO:colcon.colcon_core.shell:Skip shell extension 'powershell' for command environment: Not usable outside of PowerShell
[0.390s] DEBUG:colcon.colcon_core.shell:Skip shell extension 'dsv' for command environment
[0.393s] INFO:colcon.colcon_ros.task.ament_cmake.build:Building ROS package in '/home/park/dev_ws/src/two_wheeled_robot/two_wheeled_robot' with build type 'ament_cmake'
[0.393s] INFO:colcon.colcon_cmake.task.cmake.build:Building CMake package in '/home/park/dev_ws/src/two_wheeled_robot/two_wheeled_robot'
[0.394s] INFO:colcon.colcon_core.shell:Skip shell extension 'powershell' for command environment: Not usable outside of PowerShell
[0.394s] DEBUG:colcon.colcon_core.shell:Skip shell extension 'dsv' for command environment
[0.401s] DEBUG:colcon.colcon_core.event_handler.log_command:Invoking command in '/home/park/dev_ws/build/yolo_msgs': CMAKE_PREFIX_PATH=${CMAKE_PREFIX_PATH}:/home/park/dev_ws/install/yolo_ros:/opt/ros/humble /usr/bin/cmake /home/park/dev_ws/src/yolo_msgs -DAMENT_CMAKE_SYMLINK_INSTALL=1 -DCMAKE_INSTALL_PREFIX=/home/park/dev_ws/install/yolo_msgs
[0.403s] DEBUG:colcon.colcon_core.event_handler.log_command:Invoking command in '/home/park/dev_ws/build/cpp_service_tutorial': CMAKE_PREFIX_PATH=${CMAKE_PREFIX_PATH}:/home/park/dev_ws/install/yolo_ros:/opt/ros/humble /usr/bin/cmake /home/park/dev_ws/src/cpp_service_tutorial -DAMENT_CMAKE_SYMLINK_INSTALL=1 -DCMAKE_INSTALL_PREFIX=/home/park/dev_ws/install/cpp_service_tutorial
[0.408s] DEBUG:colcon.colcon_core.event_handler.log_command:Invoking command in '/home/park/dev_ws/build/my_test_pkg': CMAKE_PREFIX_PATH=${CMAKE_PREFIX_PATH}:/home/park/dev_ws/install/yolo_ros:/opt/ros/humble /usr/bin/cmake /home/park/dev_ws/src/my_test_pkg -DAMENT_CMAKE_SYMLINK_INSTALL=1 -DCMAKE_INSTALL_PREFIX=/home/park/dev_ws/install/my_test_pkg
[0.444s] DEBUG:colcon.colcon_core.event_handler.log_command:Invoking command in '/home/park/dev_ws/build/two_wheeled_robot': CMAKE_PREFIX_PATH=${CMAKE_PREFIX_PATH}:/home/park/dev_ws/install/yolo_ros:/opt/ros/humble /usr/bin/cmake /home/park/dev_ws/src/two_wheeled_robot/two_wheeled_robot -DAMENT_CMAKE_SYMLINK_INSTALL=1 -DCMAKE_INSTALL_PREFIX=/home/park/dev_ws/install/two_wheeled_robot
[1.506s] DEBUG:colcon.colcon_core.event_handler.log_command:Invoked command in '/home/park/dev_ws/build/cpp_service_tutorial' returned '0': CMAKE_PREFIX_PATH=${CMAKE_PREFIX_PATH}:/home/park/dev_ws/install/yolo_ros:/opt/ros/humble /usr/bin/cmake /home/park/dev_ws/src/cpp_service_tutorial -DAMENT_CMAKE_SYMLINK_INSTALL=1 -DCMAKE_INSTALL_PREFIX=/home/park/dev_ws/install/cpp_service_tutorial
[1.508s] DEBUG:colcon.colcon_core.event_handler.log_command:Invoking command in '/home/park/dev_ws/build/cpp_service_tutorial': CMAKE_PREFIX_PATH=${CMAKE_PREFIX_PATH}:/home/park/dev_ws/install/yolo_ros:/opt/ros/humble /usr/bin/cmake --build /home/park/dev_ws/build/cpp_service_tutorial -- -j22 -l22
[1.510s] DEBUG:colcon.colcon_core.event_handler.log_command:Invoked command in '/home/park/dev_ws/build/my_test_pkg' returned '0': CMAKE_PREFIX_PATH=${CMAKE_PREFIX_PATH}:/home/park/dev_ws/install/yolo_ros:/opt/ros/humble /usr/bin/cmake /home/park/dev_ws/src/my_test_pkg -DAMENT_CMAKE_SYMLINK_INSTALL=1 -DCMAKE_INSTALL_PREFIX=/home/park/dev_ws/install/my_test_pkg
[1.512s] DEBUG:colcon.colcon_core.event_handler.log_command:Invoking command in '/home/park/dev_ws/build/my_test_pkg': CMAKE_PREFIX_PATH=${CMAKE_PREFIX_PATH}:/home/park/dev_ws/install/yolo_ros:/opt/ros/humble /usr/bin/cmake --build /home/park/dev_ws/build/my_test_pkg -- -j22 -l22
[1.549s] DEBUG:colcon.colcon_core.event_handler.log_command:Invoked command in '/home/park/dev_ws/build/cpp_service_tutorial' returned '0': CMAKE_PREFIX_PATH=${CMAKE_PREFIX_PATH}:/home/park/dev_ws/install/yolo_ros:/opt/ros/humble /usr/bin/cmake --build /home/park/dev_ws/build/cpp_service_tutorial -- -j22 -l22
[1.560s] DEBUG:colcon.colcon_core.event_handler.log_command:Invoking command in '/home/park/dev_ws/build/cpp_service_tutorial': CMAKE_PREFIX_PATH=${CMAKE_PREFIX_PATH}:/home/park/dev_ws/install/yolo_ros:/opt/ros/humble /usr/bin/cmake --install /home/park/dev_ws/build/cpp_service_tutorial
[1.562s] DEBUG:colcon.colcon_core.event_handler.log_command:Invoked command in '/home/park/dev_ws/build/two_wheeled_robot' returned '0': CMAKE_PREFIX_PATH=${CMAKE_PREFIX_PATH}:/home/park/dev_ws/install/yolo_ros:/opt/ros/humble /usr/bin/cmake /home/park/dev_ws/src/two_wheeled_robot/two_wheeled_robot -DAMENT_CMAKE_SYMLINK_INSTALL=1 -DCMAKE_INSTALL_PREFIX=/home/park/dev_ws/install/two_wheeled_robot
[1.565s] DEBUG:colcon.colcon_core.event_handler.log_command:Invoking command in '/home/park/dev_ws/build/two_wheeled_robot': CMAKE_PREFIX_PATH=${CMAKE_PREFIX_PATH}:/home/park/dev_ws/install/yolo_ros:/opt/ros/humble /usr/bin/cmake --build /home/park/dev_ws/build/two_wheeled_robot -- -j22 -l22
[1.605s] DEBUG:colcon.colcon_core.event_handler.log_command:Invoked command in '/home/park/dev_ws/build/two_wheeled_robot' returned '0': CMAKE_PREFIX_PATH=${CMAKE_PREFIX_PATH}:/home/park/dev_ws/install/yolo_ros:/opt/ros/humble /usr/bin/cmake --build /home/park/dev_ws/build/two_wheeled_robot -- -j22 -l22
[1.607s] DEBUG:colcon.colcon_core.event_handler.log_command:Invoking command in '/home/park/dev_ws/build/two_wheeled_robot': CMAKE_PREFIX_PATH=${CMAKE_PREFIX_PATH}:/home/park/dev_ws/install/yolo_ros:/opt/ros/humble /usr/bin/cmake --install /home/park/dev_ws/build/two_wheeled_robot
[1.687s] DEBUG:colcon.colcon_core.event_handler.log_command:Invoked command in '/home/park/dev_ws/build/my_test_pkg' returned '0': CMAKE_PREFIX_PATH=${CMAKE_PREFIX_PATH}:/home/park/dev_ws/install/yolo_ros:/opt/ros/humble /usr/bin/cmake --build /home/park/dev_ws/build/my_test_pkg -- -j22 -l22
[1.688s] DEBUG:colcon.colcon_core.event_handler.log_command:Invoking command in '/home/park/dev_ws/build/my_test_pkg': CMAKE_PREFIX_PATH=${CMAKE_PREFIX_PATH}:/home/park/dev_ws/install/yolo_ros:/opt/ros/humble /usr/bin/cmake --install /home/park/dev_ws/build/my_test_pkg
[1.731s] Level 1:colcon.colcon_core.environment:create_environment_scripts_only(cpp_service_tutorial)
[1.732s] DEBUG:colcon.colcon_core.event_handler.log_command:Invoked command in '/home/park/dev_ws/build/cpp_service_tutorial' returned '0': CMAKE_PREFIX_PATH=${CMAKE_PREFIX_PATH}:/home/park/dev_ws/install/yolo_ros:/opt/ros/humble /usr/bin/cmake --install /home/park/dev_ws/build/cpp_service_tutorial
[1.739s] Level 1:colcon.colcon_core.environment:checking '/home/park/dev_ws/install/cpp_service_tutorial' for CMake module files
[1.740s] Level 1:colcon.colcon_core.environment:checking '/home/park/dev_ws/install/cpp_service_tutorial' for CMake config files
[1.740s] Level 1:colcon.colcon_core.shell:create_environment_hook('cpp_service_tutorial', 'cmake_prefix_path')
[1.740s] INFO:colcon.colcon_core.shell:Creating environment hook '/home/park/dev_ws/install/cpp_service_tutorial/share/cpp_service_tutorial/hook/cmake_prefix_path.ps1'
[1.742s] INFO:colcon.colcon_core.shell:Creating environment descriptor '/home/park/dev_ws/install/cpp_service_tutorial/share/cpp_service_tutorial/hook/cmake_prefix_path.dsv'
[1.743s] INFO:colcon.colcon_core.shell:Creating environment hook '/home/park/dev_ws/install/cpp_service_tutorial/share/cpp_service_tutorial/hook/cmake_prefix_path.sh'
[1.745s] Level 1:colcon.colcon_core.environment:checking '/home/park/dev_ws/install/cpp_service_tutorial/bin'
[1.745s] Level 1:colcon.colcon_core.environment:checking '/home/park/dev_ws/install/cpp_service_tutorial/lib/pkgconfig/cpp_service_tutorial.pc'
[1.745s] Level 1:colcon.colcon_core.environment:checking '/home/park/dev_ws/install/cpp_service_tutorial/lib/python3.10/site-packages'
[1.745s] Level 1:colcon.colcon_core.environment:checking '/home/park/dev_ws/install/cpp_service_tutorial/bin'
[1.746s] INFO:colcon.colcon_core.shell:Creating package script '/home/park/dev_ws/install/cpp_service_tutorial/share/cpp_service_tutorial/package.ps1'
[1.746s] INFO:colcon.colcon_core.shell:Creating package descriptor '/home/park/dev_ws/install/cpp_service_tutorial/share/cpp_service_tutorial/package.dsv'
[1.747s] INFO:colcon.colcon_core.shell:Creating package script '/home/park/dev_ws/install/cpp_service_tutorial/share/cpp_service_tutorial/package.sh'
[1.749s] INFO:colcon.colcon_core.shell:Creating package script '/home/park/dev_ws/install/cpp_service_tutorial/share/cpp_service_tutorial/package.bash'
[1.750s] INFO:colcon.colcon_core.shell:Creating package script '/home/park/dev_ws/install/cpp_service_tutorial/share/cpp_service_tutorial/package.zsh'
[1.751s] Level 1:colcon.colcon_core.environment:create_file_with_runtime_dependencies(/home/park/dev_ws/install/cpp_service_tutorial/share/colcon-core/packages/cpp_service_tutorial)
[1.752s] Level 1:colcon.colcon_core.environment:create_environment_scripts_only(cpp_service_tutorial)
[1.752s] Level 1:colcon.colcon_core.environment:checking '/home/park/dev_ws/install/cpp_service_tutorial' for CMake module files
[1.753s] Level 1:colcon.colcon_core.environment:checking '/home/park/dev_ws/install/cpp_service_tutorial' for CMake config files
[1.753s] Level 1:colcon.colcon_core.shell:create_environment_hook('cpp_service_tutorial', 'cmake_prefix_path')
[1.753s] INFO:colcon.colcon_core.shell:Creating environment hook '/home/park/dev_ws/install/cpp_service_tutorial/share/cpp_service_tutorial/hook/cmake_prefix_path.ps1'
[1.754s] INFO:colcon.colcon_core.shell:Creating environment descriptor '/home/park/dev_ws/install/cpp_service_tutorial/share/cpp_service_tutorial/hook/cmake_prefix_path.dsv'
[1.754s] INFO:colcon.colcon_core.shell:Creating environment hook '/home/park/dev_ws/install/cpp_service_tutorial/share/cpp_service_tutorial/hook/cmake_prefix_path.sh'
[1.755s] Level 1:colcon.colcon_core.environment:checking '/home/park/dev_ws/install/cpp_service_tutorial/bin'
[1.755s] Level 1:colcon.colcon_core.environment:checking '/home/park/dev_ws/install/cpp_service_tutorial/lib/pkgconfig/cpp_service_tutorial.pc'
[1.755s] Level 1:colcon.colcon_core.environment:checking '/home/park/dev_ws/install/cpp_service_tutorial/lib/python3.10/site-packages'
[1.755s] Level 1:colcon.colcon_core.environment:checking '/home/park/dev_ws/install/cpp_service_tutorial/bin'
[1.755s] INFO:colcon.colcon_core.shell:Creating package script '/home/park/dev_ws/install/cpp_service_tutorial/share/cpp_service_tutorial/package.ps1'
[1.756s] INFO:colcon.colcon_core.shell:Creating package descriptor '/home/park/dev_ws/install/cpp_service_tutorial/share/cpp_service_tutorial/package.dsv'
[1.756s] INFO:colcon.colcon_core.shell:Creating package script '/home/park/dev_ws/install/cpp_service_tutorial/share/cpp_service_tutorial/package.sh'
[1.757s] INFO:colcon.colcon_core.shell:Creating package script '/home/park/dev_ws/install/cpp_service_tutorial/share/cpp_service_tutorial/package.bash'
[1.757s] INFO:colcon.colcon_core.shell:Creating package script '/home/park/dev_ws/install/cpp_service_tutorial/share/cpp_service_tutorial/package.zsh'
[1.758s] Level 1:colcon.colcon_core.environment:create_file_with_runtime_dependencies(/home/park/dev_ws/install/cpp_service_tutorial/share/colcon-core/packages/cpp_service_tutorial)
[1.867s] Level 1:colcon.colcon_core.environment:create_environment_scripts_only(my_test_pkg)
[1.868s] DEBUG:colcon.colcon_core.event_handler.log_command:Invoked command in '/home/park/dev_ws/build/my_test_pkg' returned '0': CMAKE_PREFIX_PATH=${CMAKE_PREFIX_PATH}:/home/park/dev_ws/install/yolo_ros:/opt/ros/humble /usr/bin/cmake --install /home/park/dev_ws/build/my_test_pkg
[1.869s] Level 1:colcon.colcon_core.environment:checking '/home/park/dev_ws/install/my_test_pkg' for CMake module files
[1.870s] Level 1:colcon.colcon_core.environment:checking '/home/park/dev_ws/install/my_test_pkg' for CMake config files
[1.871s] Level 1:colcon.colcon_core.shell:create_environment_hook('my_test_pkg', 'cmake_prefix_path')
[1.871s] INFO:colcon.colcon_core.shell:Creating environment hook '/home/park/dev_ws/install/my_test_pkg/share/my_test_pkg/hook/cmake_prefix_path.ps1'
[1.872s] INFO:colcon.colcon_core.shell:Creating environment descriptor '/home/park/dev_ws/install/my_test_pkg/share/my_test_pkg/hook/cmake_prefix_path.dsv'
[1.873s] INFO:colcon.colcon_core.shell:Creating environment hook '/home/park/dev_ws/install/my_test_pkg/share/my_test_pkg/hook/cmake_prefix_path.sh'
[1.874s] Level 1:colcon.colcon_core.environment:checking '/home/park/dev_ws/install/my_test_pkg/lib'
[1.874s] Level 1:colcon.colcon_core.environment:checking '/home/park/dev_ws/install/my_test_pkg/bin'
[1.874s] Level 1:colcon.colcon_core.environment:checking '/home/park/dev_ws/install/my_test_pkg/lib/pkgconfig/my_test_pkg.pc'
[1.875s] Level 1:colcon.colcon_core.environment:checking '/home/park/dev_ws/install/my_test_pkg/lib/python3.10/site-packages'
[1.875s] Level 1:colcon.colcon_core.environment:checking '/home/park/dev_ws/install/my_test_pkg/bin'
[1.876s] INFO:colcon.colcon_core.shell:Creating package script '/home/park/dev_ws/install/my_test_pkg/share/my_test_pkg/package.ps1'
[1.877s] INFO:colcon.colcon_core.shell:Creating package descriptor '/home/park/dev_ws/install/my_test_pkg/share/my_test_pkg/package.dsv'
[1.878s] INFO:colcon.colcon_core.shell:Creating package script '/home/park/dev_ws/install/my_test_pkg/share/my_test_pkg/package.sh'
[1.879s] INFO:colcon.colcon_core.shell:Creating package script '/home/park/dev_ws/install/my_test_pkg/share/my_test_pkg/package.bash'
[1.879s] INFO:colcon.colcon_core.shell:Creating package script '/home/park/dev_ws/install/my_test_pkg/share/my_test_pkg/package.zsh'
[1.880s] Level 1:colcon.colcon_core.environment:create_file_with_runtime_dependencies(/home/park/dev_ws/install/my_test_pkg/share/colcon-core/packages/my_test_pkg)
[1.882s] Level 1:colcon.colcon_core.environment:create_environment_scripts_only(my_test_pkg)
[1.882s] Level 1:colcon.colcon_core.environment:checking '/home/park/dev_ws/install/my_test_pkg' for CMake module files
[1.883s] Level 1:colcon.colcon_core.environment:checking '/home/park/dev_ws/install/my_test_pkg' for CMake config files
[1.883s] Level 1:colcon.colcon_core.shell:create_environment_hook('my_test_pkg', 'cmake_prefix_path')
[1.884s] INFO:colcon.colcon_core.shell:Creating environment hook '/home/park/dev_ws/install/my_test_pkg/share/my_test_pkg/hook/cmake_prefix_path.ps1'
[1.884s] INFO:colcon.colcon_core.shell:Creating environment descriptor '/home/park/dev_ws/install/my_test_pkg/share/my_test_pkg/hook/cmake_prefix_path.dsv'
[1.885s] INFO:colcon.colcon_core.shell:Creating environment hook '/home/park/dev_ws/install/my_test_pkg/share/my_test_pkg/hook/cmake_prefix_path.sh'
[1.886s] Level 1:colcon.colcon_core.environment:checking '/home/park/dev_ws/install/my_test_pkg/lib'
[1.886s] Level 1:colcon.colcon_core.environment:checking '/home/park/dev_ws/install/my_test_pkg/bin'
[1.886s] Level 1:colcon.colcon_core.environment:checking '/home/park/dev_ws/install/my_test_pkg/lib/pkgconfig/my_test_pkg.pc'
[1.886s] Level 1:colcon.colcon_core.environment:checking '/home/park/dev_ws/install/my_test_pkg/lib/python3.10/site-packages'
[1.887s] Level 1:colcon.colcon_core.environment:checking '/home/park/dev_ws/install/my_test_pkg/bin'
[1.887s] INFO:colcon.colcon_core.shell:Creating package script '/home/park/dev_ws/install/my_test_pkg/share/my_test_pkg/package.ps1'
[1.888s] INFO:colcon.colcon_core.shell:Creating package descriptor '/home/park/dev_ws/install/my_test_pkg/share/my_test_pkg/package.dsv'
[1.889s] INFO:colcon.colcon_core.shell:Creating package script '/home/park/dev_ws/install/my_test_pkg/share/my_test_pkg/package.sh'
[1.889s] INFO:colcon.colcon_core.shell:Creating package script '/home/park/dev_ws/install/my_test_pkg/share/my_test_pkg/package.bash'
[1.890s] INFO:colcon.colcon_core.shell:Creating package script '/home/park/dev_ws/install/my_test_pkg/share/my_test_pkg/package.zsh'
[1.891s] Level 1:colcon.colcon_core.environment:create_file_with_runtime_dependencies(/home/park/dev_ws/install/my_test_pkg/share/colcon-core/packages/my_test_pkg)
[2.223s] Level 1:colcon.colcon_core.environment:create_environment_scripts_only(two_wheeled_robot)
[2.224s] Level 1:colcon.colcon_core.environment:checking '/home/park/dev_ws/install/two_wheeled_robot' for CMake module files
[2.225s] DEBUG:colcon.colcon_core.event_handler.log_command:Invoked command in '/home/park/dev_ws/build/two_wheeled_robot' returned '0': CMAKE_PREFIX_PATH=${CMAKE_PREFIX_PATH}:/home/park/dev_ws/install/yolo_ros:/opt/ros/humble /usr/bin/cmake --install /home/park/dev_ws/build/two_wheeled_robot
[2.226s] Level 1:colcon.colcon_core.environment:checking '/home/park/dev_ws/install/two_wheeled_robot' for CMake config files
[2.226s] Level 1:colcon.colcon_core.shell:create_environment_hook('two_wheeled_robot', 'cmake_prefix_path')
[2.227s] INFO:colcon.colcon_core.shell:Creating environment hook '/home/park/dev_ws/install/two_wheeled_robot/share/two_wheeled_robot/hook/cmake_prefix_path.ps1'
[2.227s] INFO:colcon.colcon_core.shell:Creating environment descriptor '/home/park/dev_ws/install/two_wheeled_robot/share/two_wheeled_robot/hook/cmake_prefix_path.dsv'
[2.228s] INFO:colcon.colcon_core.shell:Creating environment hook '/home/park/dev_ws/install/two_wheeled_robot/share/two_wheeled_robot/hook/cmake_prefix_path.sh'
[2.229s] Level 1:colcon.colcon_core.environment:checking '/home/park/dev_ws/install/two_wheeled_robot/bin'
[2.229s] Level 1:colcon.colcon_core.environment:checking '/home/park/dev_ws/install/two_wheeled_robot/lib/pkgconfig/two_wheeled_robot.pc'
[2.229s] Level 1:colcon.colcon_core.environment:checking '/home/park/dev_ws/install/two_wheeled_robot/lib/python3.10/site-packages'
[2.230s] Level 1:colcon.colcon_core.environment:checking '/home/park/dev_ws/install/two_wheeled_robot/bin'
[2.230s] INFO:colcon.colcon_core.shell:Creating package script '/home/park/dev_ws/install/two_wheeled_robot/share/two_wheeled_robot/package.ps1'
[2.231s] INFO:colcon.colcon_core.shell:Creating package descriptor '/home/park/dev_ws/install/two_wheeled_robot/share/two_wheeled_robot/package.dsv'
[2.231s] INFO:colcon.colcon_core.shell:Creating package script '/home/park/dev_ws/install/two_wheeled_robot/share/two_wheeled_robot/package.sh'
[2.232s] INFO:colcon.colcon_core.shell:Creating package script '/home/park/dev_ws/install/two_wheeled_robot/share/two_wheeled_robot/package.bash'
[2.232s] INFO:colcon.colcon_core.shell:Creating package script '/home/park/dev_ws/install/two_wheeled_robot/share/two_wheeled_robot/package.zsh'
[2.233s] Level 1:colcon.colcon_core.environment:create_file_with_runtime_dependencies(/home/park/dev_ws/install/two_wheeled_robot/share/colcon-core/packages/two_wheeled_robot)
[2.234s] Level 1:colcon.colcon_core.environment:create_environment_scripts_only(two_wheeled_robot)
[2.234s] Level 1:colcon.colcon_core.environment:checking '/home/park/dev_ws/install/two_wheeled_robot' for CMake module files
[2.235s] Level 1:colcon.colcon_core.environment:checking '/home/park/dev_ws/install/two_wheeled_robot' for CMake config files
[2.235s] Level 1:colcon.colcon_core.shell:create_environment_hook('two_wheeled_robot', 'cmake_prefix_path')
[2.235s] INFO:colcon.colcon_core.shell:Creating environment hook '/home/park/dev_ws/install/two_wheeled_robot/share/two_wheeled_robot/hook/cmake_prefix_path.ps1'
[2.236s] INFO:colcon.colcon_core.shell:Creating environment descriptor '/home/park/dev_ws/install/two_wheeled_robot/share/two_wheeled_robot/hook/cmake_prefix_path.dsv'
[2.236s] INFO:colcon.colcon_core.shell:Creating environment hook '/home/park/dev_ws/install/two_wheeled_robot/share/two_wheeled_robot/hook/cmake_prefix_path.sh'
[2.237s] Level 1:colcon.colcon_core.environment:checking '/home/park/dev_ws/install/two_wheeled_robot/bin'
[2.237s] Level 1:colcon.colcon_core.environment:checking '/home/park/dev_ws/install/two_wheeled_robot/lib/pkgconfig/two_wheeled_robot.pc'
[2.237s] Level 1:colcon.colcon_core.environment:checking '/home/park/dev_ws/install/two_wheeled_robot/lib/python3.10/site-packages'
[2.237s] Level 1:colcon.colcon_core.environment:checking '/home/park/dev_ws/install/two_wheeled_robot/bin'
[2.238s] INFO:colcon.colcon_core.shell:Creating package script '/home/park/dev_ws/install/two_wheeled_robot/share/two_wheeled_robot/package.ps1'
[2.238s] INFO:colcon.colcon_core.shell:Creating package descriptor '/home/park/dev_ws/install/two_wheeled_robot/share/two_wheeled_robot/package.dsv'
[2.239s] INFO:colcon.colcon_core.shell:Creating package script '/home/park/dev_ws/install/two_wheeled_robot/share/two_wheeled_robot/package.sh'
[2.239s] INFO:colcon.colcon_core.shell:Creating package script '/home/park/dev_ws/install/two_wheeled_robot/share/two_wheeled_robot/package.bash'
[2.239s] INFO:colcon.colcon_core.shell:Creating package script '/home/park/dev_ws/install/two_wheeled_robot/share/two_wheeled_robot/package.zsh'
[2.240s] Level 1:colcon.colcon_core.environment:create_file_with_runtime_dependencies(/home/park/dev_ws/install/two_wheeled_robot/share/colcon-core/packages/two_wheeled_robot)
[2.911s] DEBUG:colcon.colcon_core.event_handler.log_command:Invoked command in '/home/park/dev_ws/build/yolo_msgs' returned '0': CMAKE_PREFIX_PATH=${CMAKE_PREFIX_PATH}:/home/park/dev_ws/install/yolo_ros:/opt/ros/humble /usr/bin/cmake /home/park/dev_ws/src/yolo_msgs -DAMENT_CMAKE_SYMLINK_INSTALL=1 -DCMAKE_INSTALL_PREFIX=/home/park/dev_ws/install/yolo_msgs
[2.913s] DEBUG:colcon.colcon_core.event_handler.log_command:Invoking command in '/home/park/dev_ws/build/yolo_msgs': CMAKE_PREFIX_PATH=${CMAKE_PREFIX_PATH}:/home/park/dev_ws/install/yolo_ros:/opt/ros/humble /usr/bin/cmake --build /home/park/dev_ws/build/yolo_msgs -- -j22 -l22
[9.582s] DEBUG:colcon.colcon_core.event_handler.log_command:Invoked command in '/home/park/dev_ws/build/yolo_msgs' returned '0': CMAKE_PREFIX_PATH=${CMAKE_PREFIX_PATH}:/home/park/dev_ws/install/yolo_ros:/opt/ros/humble /usr/bin/cmake --build /home/park/dev_ws/build/yolo_msgs -- -j22 -l22
[9.583s] DEBUG:colcon.colcon_core.event_handler.log_command:Invoking command in '/home/park/dev_ws/build/yolo_msgs': CMAKE_PREFIX_PATH=${CMAKE_PREFIX_PATH}:/home/park/dev_ws/install/yolo_ros:/opt/ros/humble /usr/bin/cmake --install /home/park/dev_ws/build/yolo_msgs
[12.422s] Level 1:colcon.colcon_core.environment:create_environment_scripts_only(yolo_msgs)
[12.423s] Level 1:colcon.colcon_core.environment:checking '/home/park/dev_ws/install/yolo_msgs' for CMake module files
[12.424s] DEBUG:colcon.colcon_core.event_handler.log_command:Invoked command in '/home/park/dev_ws/build/yolo_msgs' returned '0': CMAKE_PREFIX_PATH=${CMAKE_PREFIX_PATH}:/home/park/dev_ws/install/yolo_ros:/opt/ros/humble /usr/bin/cmake --install /home/park/dev_ws/build/yolo_msgs
[12.425s] Level 1:colcon.colcon_core.environment:checking '/home/park/dev_ws/install/yolo_msgs' for CMake config files
[12.425s] Level 1:colcon.colcon_core.shell:create_environment_hook('yolo_msgs', 'cmake_prefix_path')
[12.425s] INFO:colcon.colcon_core.shell:Creating environment hook '/home/park/dev_ws/install/yolo_msgs/share/yolo_msgs/hook/cmake_prefix_path.ps1'
[12.426s] INFO:colcon.colcon_core.shell:Creating environment descriptor '/home/park/dev_ws/install/yolo_msgs/share/yolo_msgs/hook/cmake_prefix_path.dsv'
[12.426s] INFO:colcon.colcon_core.shell:Creating environment hook '/home/park/dev_ws/install/yolo_msgs/share/yolo_msgs/hook/cmake_prefix_path.sh'
[12.427s] Level 1:colcon.colcon_core.environment:checking '/home/park/dev_ws/install/yolo_msgs/lib'
[12.427s] Level 1:colcon.colcon_core.shell:create_environment_hook('yolo_msgs', 'ld_library_path_lib')
[12.427s] INFO:colcon.colcon_core.shell:Creating environment hook '/home/park/dev_ws/install/yolo_msgs/share/yolo_msgs/hook/ld_library_path_lib.ps1'
[12.428s] INFO:colcon.colcon_core.shell:Creating environment descriptor '/home/park/dev_ws/install/yolo_msgs/share/yolo_msgs/hook/ld_library_path_lib.dsv'
[12.428s] INFO:colcon.colcon_core.shell:Creating environment hook '/home/park/dev_ws/install/yolo_msgs/share/yolo_msgs/hook/ld_library_path_lib.sh'
[12.428s] Level 1:colcon.colcon_core.environment:checking '/home/park/dev_ws/install/yolo_msgs/bin'
[12.428s] Level 1:colcon.colcon_core.environment:checking '/home/park/dev_ws/install/yolo_msgs/lib/pkgconfig/yolo_msgs.pc'
[12.429s] Level 1:colcon.colcon_core.environment:checking '/home/park/dev_ws/install/yolo_msgs/lib/python3.10/site-packages'
[12.429s] Level 1:colcon.colcon_core.environment:checking '/home/park/dev_ws/install/yolo_msgs/bin'
[12.430s] INFO:colcon.colcon_core.shell:Creating package script '/home/park/dev_ws/install/yolo_msgs/share/yolo_msgs/package.ps1'
[12.430s] INFO:colcon.colcon_core.shell:Creating package descriptor '/home/park/dev_ws/install/yolo_msgs/share/yolo_msgs/package.dsv'
[12.431s] INFO:colcon.colcon_core.shell:Creating package script '/home/park/dev_ws/install/yolo_msgs/share/yolo_msgs/package.sh'
[12.431s] INFO:colcon.colcon_core.shell:Creating package script '/home/park/dev_ws/install/yolo_msgs/share/yolo_msgs/package.bash'
[12.432s] INFO:colcon.colcon_core.shell:Creating package script '/home/park/dev_ws/install/yolo_msgs/share/yolo_msgs/package.zsh'
[12.432s] Level 1:colcon.colcon_core.environment:create_file_with_runtime_dependencies(/home/park/dev_ws/install/yolo_msgs/share/colcon-core/packages/yolo_msgs)
[12.433s] Level 1:colcon.colcon_core.environment:create_environment_scripts_only(yolo_msgs)
[12.433s] Level 1:colcon.colcon_core.environment:checking '/home/park/dev_ws/install/yolo_msgs' for CMake module files
[12.434s] Level 1:colcon.colcon_core.environment:checking '/home/park/dev_ws/install/yolo_msgs' for CMake config files
[12.434s] Level 1:colcon.colcon_core.shell:create_environment_hook('yolo_msgs', 'cmake_prefix_path')
[12.434s] INFO:colcon.colcon_core.shell:Creating environment hook '/home/park/dev_ws/install/yolo_msgs/share/yolo_msgs/hook/cmake_prefix_path.ps1'
[12.435s] INFO:colcon.colcon_core.shell:Creating environment descriptor '/home/park/dev_ws/install/yolo_msgs/share/yolo_msgs/hook/cmake_prefix_path.dsv'
[12.435s] INFO:colcon.colcon_core.shell:Creating environment hook '/home/park/dev_ws/install/yolo_msgs/share/yolo_msgs/hook/cmake_prefix_path.sh'
[12.436s] Level 1:colcon.colcon_core.environment:checking '/home/park/dev_ws/install/yolo_msgs/lib'
[12.436s] Level 1:colcon.colcon_core.shell:create_environment_hook('yolo_msgs', 'ld_library_path_lib')
[12.436s] INFO:colcon.colcon_core.shell:Creating environment hook '/home/park/dev_ws/install/yolo_msgs/share/yolo_msgs/hook/ld_library_path_lib.ps1'
[12.436s] INFO:colcon.colcon_core.shell:Creating environment descriptor '/home/park/dev_ws/install/yolo_msgs/share/yolo_msgs/hook/ld_library_path_lib.dsv'
[12.437s] INFO:colcon.colcon_core.shell:Creating environment hook '/home/park/dev_ws/install/yolo_msgs/share/yolo_msgs/hook/ld_library_path_lib.sh'
[12.437s] Level 1:colcon.colcon_core.environment:checking '/home/park/dev_ws/install/yolo_msgs/bin'
[12.437s] Level 1:colcon.colcon_core.environment:checking '/home/park/dev_ws/install/yolo_msgs/lib/pkgconfig/yolo_msgs.pc'
[12.438s] Level 1:colcon.colcon_core.environment:checking '/home/park/dev_ws/install/yolo_msgs/lib/python3.10/site-packages'
[12.438s] Level 1:colcon.colcon_core.environment:checking '/home/park/dev_ws/install/yolo_msgs/bin'
[12.438s] INFO:colcon.colcon_core.shell:Creating package script '/home/park/dev_ws/install/yolo_msgs/share/yolo_msgs/package.ps1'
[12.439s] INFO:colcon.colcon_core.shell:Creating package descriptor '/home/park/dev_ws/install/yolo_msgs/share/yolo_msgs/package.dsv'
[12.439s] INFO:colcon.colcon_core.shell:Creating package script '/home/park/dev_ws/install/yolo_msgs/share/yolo_msgs/package.sh'
[12.440s] INFO:colcon.colcon_core.shell:Creating package script '/home/park/dev_ws/install/yolo_msgs/share/yolo_msgs/package.bash'
[12.440s] INFO:colcon.colcon_core.shell:Creating package script '/home/park/dev_ws/install/yolo_msgs/share/yolo_msgs/package.zsh'
[12.441s] Level 1:colcon.colcon_core.environment:create_file_with_runtime_dependencies(/home/park/dev_ws/install/yolo_msgs/share/colcon-core/packages/yolo_msgs)
[12.441s] INFO:colcon.colcon_ros.task.ament_python.build:Building ROS package in '/home/park/dev_ws/src/yolo_ros' with build type 'ament_python'
[12.441s] Level 1:colcon.colcon_core.shell:create_environment_hook('yolo_ros', 'ament_prefix_path')
[12.441s] INFO:colcon.colcon_core.shell:Creating environment hook '/home/park/dev_ws/install/yolo_ros/share/yolo_ros/hook/ament_prefix_path.ps1'
[12.442s] INFO:colcon.colcon_core.shell:Creating environment descriptor '/home/park/dev_ws/install/yolo_ros/share/yolo_ros/hook/ament_prefix_path.dsv'
[12.443s] INFO:colcon.colcon_core.shell:Creating environment hook '/home/park/dev_ws/install/yolo_ros/share/yolo_ros/hook/ament_prefix_path.sh'
[12.444s] INFO:colcon.colcon_core.shell:Skip shell extension 'powershell' for command environment: Not usable outside of PowerShell
[12.444s] DEBUG:colcon.colcon_core.shell:Skip shell extension 'dsv' for command environment
[12.687s] INFO:colcon.colcon_core.task.python.build:Building Python package in '/home/park/dev_ws/src/yolo_ros'
[12.688s] INFO:colcon.colcon_core.shell:Skip shell extension 'powershell' for command environment: Not usable outside of PowerShell
[12.688s] DEBUG:colcon.colcon_core.shell:Skip shell extension 'dsv' for command environment
[13.409s] DEBUG:colcon.colcon_core.event_handler.log_command:Invoking command in '/home/park/dev_ws/build/yolo_ros': CMAKE_PREFIX_PATH=/home/park/dev_ws/install/yolo_msgs:/home/park/dev_ws/install/yolo_bringup:/home/park/dev_ws/install/two_wheeled_robot:/home/park/dev_ws/install/my_test_pkg:/home/park/dev_ws/install/cpp_service_tutorial PYTHONPATH=/home/park/dev_ws/build/yolo_ros/prefix_override:/usr/lib/python3/dist-packages/colcon_core/task/python/colcon_distutils_commands:/home/park/dev_ws/install/yolo_ros/lib/python3.10/site-packages:${PYTHONPATH} /usr/bin/python3 -W ignore:setup.py install is deprecated -W ignore:easy_install command is deprecated setup.py develop --editable --build-directory /home/park/dev_ws/build/yolo_ros/build --no-deps symlink_data
[14.137s] Level 1:colcon.colcon_core.shell:create_environment_hook('yolo_ros', 'pythonpath_develop')
[14.138s] INFO:colcon.colcon_core.shell:Creating environment hook '/home/park/dev_ws/build/yolo_ros/share/yolo_ros/hook/pythonpath_develop.ps1'
[14.139s] DEBUG:colcon.colcon_core.event_handler.log_command:Invoked command in '/home/park/dev_ws/build/yolo_ros' returned '0': CMAKE_PREFIX_PATH=/home/park/dev_ws/install/yolo_msgs:/home/park/dev_ws/install/yolo_bringup:/home/park/dev_ws/install/two_wheeled_robot:/home/park/dev_ws/install/my_test_pkg:/home/park/dev_ws/install/cpp_service_tutorial PYTHONPATH=/home/park/dev_ws/build/yolo_ros/prefix_override:/usr/lib/python3/dist-packages/colcon_core/task/python/colcon_distutils_commands:/home/park/dev_ws/install/yolo_ros/lib/python3.10/site-packages:${PYTHONPATH} /usr/bin/python3 -W ignore:setup.py install is deprecated -W ignore:easy_install command is deprecated setup.py develop --editable --build-directory /home/park/dev_ws/build/yolo_ros/build --no-deps symlink_data
[14.140s] INFO:colcon.colcon_core.shell:Creating environment descriptor '/home/park/dev_ws/build/yolo_ros/share/yolo_ros/hook/pythonpath_develop.dsv'
[14.141s] INFO:colcon.colcon_core.shell:Creating environment hook '/home/park/dev_ws/build/yolo_ros/share/yolo_ros/hook/pythonpath_develop.sh'
[14.142s] Level 1:colcon.colcon_core.environment:checking '/home/park/dev_ws/install/yolo_ros' for CMake module files
[14.142s] Level 1:colcon.colcon_core.environment:checking '/home/park/dev_ws/install/yolo_ros' for CMake config files
[14.143s] Level 1:colcon.colcon_core.environment:checking '/home/park/dev_ws/install/yolo_ros/lib'
[14.143s] Level 1:colcon.colcon_core.environment:checking '/home/park/dev_ws/install/yolo_ros/bin'
[14.143s] Level 1:colcon.colcon_core.environment:checking '/home/park/dev_ws/install/yolo_ros/lib/pkgconfig/yolo_ros.pc'
[14.144s] Level 1:colcon.colcon_core.environment:checking '/home/park/dev_ws/install/yolo_ros/lib/python3.10/site-packages'
[14.144s] Level 1:colcon.colcon_core.shell:create_environment_hook('yolo_ros', 'pythonpath')
[14.144s] INFO:colcon.colcon_core.shell:Creating environment hook '/home/park/dev_ws/install/yolo_ros/share/yolo_ros/hook/pythonpath.ps1'
[14.145s] INFO:colcon.colcon_core.shell:Creating environment descriptor '/home/park/dev_ws/install/yolo_ros/share/yolo_ros/hook/pythonpath.dsv'
[14.145s] INFO:colcon.colcon_core.shell:Creating environment hook '/home/park/dev_ws/install/yolo_ros/share/yolo_ros/hook/pythonpath.sh'
[14.146s] Level 1:colcon.colcon_core.environment:checking '/home/park/dev_ws/install/yolo_ros/bin'
[14.146s] Level 1:colcon.colcon_core.environment:create_environment_scripts_only(yolo_ros)
[14.146s] INFO:colcon.colcon_core.shell:Creating package script '/home/park/dev_ws/install/yolo_ros/share/yolo_ros/package.ps1'
[14.147s] INFO:colcon.colcon_core.shell:Creating package descriptor '/home/park/dev_ws/install/yolo_ros/share/yolo_ros/package.dsv'
[14.148s] INFO:colcon.colcon_core.shell:Creating package script '/home/park/dev_ws/install/yolo_ros/share/yolo_ros/package.sh'
[14.149s] INFO:colcon.colcon_core.shell:Creating package script '/home/park/dev_ws/install/yolo_ros/share/yolo_ros/package.bash'
[14.149s] INFO:colcon.colcon_core.shell:Creating package script '/home/park/dev_ws/install/yolo_ros/share/yolo_ros/package.zsh'
[14.149s] Level 1:colcon.colcon_core.environment:create_file_with_runtime_dependencies(/home/park/dev_ws/install/yolo_ros/share/colcon-core/packages/yolo_ros)
[14.150s] INFO:colcon.colcon_ros.task.ament_cmake.build:Building ROS package in '/home/park/dev_ws/src/yolo_bringup' with build type 'ament_cmake'
[14.150s] INFO:colcon.colcon_cmake.task.cmake.build:Building CMake package in '/home/park/dev_ws/src/yolo_bringup'
[14.151s] INFO:colcon.colcon_core.shell:Skip shell extension 'powershell' for command environment: Not usable outside of PowerShell
[14.151s] DEBUG:colcon.colcon_core.shell:Skip shell extension 'dsv' for command environment
[14.165s] DEBUG:colcon.colcon_core.event_handler.log_command:Invoking command in '/home/park/dev_ws/build/yolo_bringup': AMENT_PREFIX_PATH=/home/park/dev_ws/install/yolo_ros:/home/park/dev_ws/install/yolo_bringup:/home/park/dev_ws/install/yolo_msgs:/home/park/dev_ws/install/two_wheeled_robot:/home/park/dev_ws/install/my_test_pkg:/home/park/dev_ws/install/cpp_service_tutorial:/opt/ros/humble CMAKE_PREFIX_PATH=/home/park/dev_ws/install/yolo_msgs:/home/park/dev_ws/install/yolo_bringup:/home/park/dev_ws/install/two_wheeled_robot:/home/park/dev_ws/install/my_test_pkg:/home/park/dev_ws/install/cpp_service_tutorial:/home/park/dev_ws/install/yolo_ros:/opt/ros/humble PYTHONPATH=/home/park/dev_ws/build/yolo_ros:/home/park/dev_ws/install/yolo_ros/lib/python3.10/site-packages:/home/park/dev_ws/install/yolo_msgs/local/lib/python3.10/dist-packages:/opt/ros/humble/local/lib/python3.10/dist-packages:/opt/ros/humble/lib/python3.10/site-packages /usr/bin/cmake /home/park/dev_ws/src/yolo_bringup -DAMENT_CMAKE_SYMLINK_INSTALL=1 -DCMAKE_INSTALL_PREFIX=/home/park/dev_ws/install/yolo_bringup
[15.114s] DEBUG:colcon.colcon_core.event_handler.log_command:Invoked command in '/home/park/dev_ws/build/yolo_bringup' returned '0': AMENT_PREFIX_PATH=/home/park/dev_ws/install/yolo_ros:/home/park/dev_ws/install/yolo_bringup:/home/park/dev_ws/install/yolo_msgs:/home/park/dev_ws/install/two_wheeled_robot:/home/park/dev_ws/install/my_test_pkg:/home/park/dev_ws/install/cpp_service_tutorial:/opt/ros/humble CMAKE_PREFIX_PATH=/home/park/dev_ws/install/yolo_msgs:/home/park/dev_ws/install/yolo_bringup:/home/park/dev_ws/install/two_wheeled_robot:/home/park/dev_ws/install/my_test_pkg:/home/park/dev_ws/install/cpp_service_tutorial:/home/park/dev_ws/install/yolo_ros:/opt/ros/humble PYTHONPATH=/home/park/dev_ws/build/yolo_ros:/home/park/dev_ws/install/yolo_ros/lib/python3.10/site-packages:/home/park/dev_ws/install/yolo_msgs/local/lib/python3.10/dist-packages:/opt/ros/humble/local/lib/python3.10/dist-packages:/opt/ros/humble/lib/python3.10/site-packages /usr/bin/cmake /home/park/dev_ws/src/yolo_bringup -DAMENT_CMAKE_SYMLINK_INSTALL=1 -DCMAKE_INSTALL_PREFIX=/home/park/dev_ws/install/yolo_bringup
[15.116s] DEBUG:colcon.colcon_core.event_handler.log_command:Invoking command in '/home/park/dev_ws/build/yolo_bringup': AMENT_PREFIX_PATH=/home/park/dev_ws/install/yolo_ros:/home/park/dev_ws/install/yolo_bringup:/home/park/dev_ws/install/yolo_msgs:/home/park/dev_ws/install/two_wheeled_robot:/home/park/dev_ws/install/my_test_pkg:/home/park/dev_ws/install/cpp_service_tutorial:/opt/ros/humble CMAKE_PREFIX_PATH=/home/park/dev_ws/install/yolo_msgs:/home/park/dev_ws/install/yolo_bringup:/home/park/dev_ws/install/two_wheeled_robot:/home/park/dev_ws/install/my_test_pkg:/home/park/dev_ws/install/cpp_service_tutorial:/home/park/dev_ws/install/yolo_ros:/opt/ros/humble PYTHONPATH=/home/park/dev_ws/build/yolo_ros:/home/park/dev_ws/install/yolo_ros/lib/python3.10/site-packages:/home/park/dev_ws/install/yolo_msgs/local/lib/python3.10/dist-packages:/opt/ros/humble/local/lib/python3.10/dist-packages:/opt/ros/humble/lib/python3.10/site-packages /usr/bin/cmake --build /home/park/dev_ws/build/yolo_bringup -- -j22 -l22
[15.162s] DEBUG:colcon.colcon_core.event_handler.log_command:Invoked command in '/home/park/dev_ws/build/yolo_bringup' returned '0': AMENT_PREFIX_PATH=/home/park/dev_ws/install/yolo_ros:/home/park/dev_ws/install/yolo_bringup:/home/park/dev_ws/install/yolo_msgs:/home/park/dev_ws/install/two_wheeled_robot:/home/park/dev_ws/install/my_test_pkg:/home/park/dev_ws/install/cpp_service_tutorial:/opt/ros/humble CMAKE_PREFIX_PATH=/home/park/dev_ws/install/yolo_msgs:/home/park/dev_ws/install/yolo_bringup:/home/park/dev_ws/install/two_wheeled_robot:/home/park/dev_ws/install/my_test_pkg:/home/park/dev_ws/install/cpp_service_tutorial:/home/park/dev_ws/install/yolo_ros:/opt/ros/humble PYTHONPATH=/home/park/dev_ws/build/yolo_ros:/home/park/dev_ws/install/yolo_ros/lib/python3.10/site-packages:/home/park/dev_ws/install/yolo_msgs/local/lib/python3.10/dist-packages:/opt/ros/humble/local/lib/python3.10/dist-packages:/opt/ros/humble/lib/python3.10/site-packages /usr/bin/cmake --build /home/park/dev_ws/build/yolo_bringup -- -j22 -l22
[15.166s] DEBUG:colcon.colcon_core.event_handler.log_command:Invoking command in '/home/park/dev_ws/build/yolo_bringup': AMENT_PREFIX_PATH=/home/park/dev_ws/install/yolo_ros:/home/park/dev_ws/install/yolo_bringup:/home/park/dev_ws/install/yolo_msgs:/home/park/dev_ws/install/two_wheeled_robot:/home/park/dev_ws/install/my_test_pkg:/home/park/dev_ws/install/cpp_service_tutorial:/opt/ros/humble CMAKE_PREFIX_PATH=/home/park/dev_ws/install/yolo_msgs:/home/park/dev_ws/install/yolo_bringup:/home/park/dev_ws/install/two_wheeled_robot:/home/park/dev_ws/install/my_test_pkg:/home/park/dev_ws/install/cpp_service_tutorial:/home/park/dev_ws/install/yolo_ros:/opt/ros/humble PYTHONPATH=/home/park/dev_ws/build/yolo_ros:/home/park/dev_ws/install/yolo_ros/lib/python3.10/site-packages:/home/park/dev_ws/install/yolo_msgs/local/lib/python3.10/dist-packages:/opt/ros/humble/local/lib/python3.10/dist-packages:/opt/ros/humble/lib/python3.10/site-packages /usr/bin/cmake --install /home/park/dev_ws/build/yolo_bringup
[15.424s] Level 1:colcon.colcon_core.environment:create_environment_scripts_only(yolo_bringup)
[15.425s] DEBUG:colcon.colcon_core.event_handler.log_command:Invoked command in '/home/park/dev_ws/build/yolo_bringup' returned '0': AMENT_PREFIX_PATH=/home/park/dev_ws/install/yolo_ros:/home/park/dev_ws/install/yolo_bringup:/home/park/dev_ws/install/yolo_msgs:/home/park/dev_ws/install/two_wheeled_robot:/home/park/dev_ws/install/my_test_pkg:/home/park/dev_ws/install/cpp_service_tutorial:/opt/ros/humble CMAKE_PREFIX_PATH=/home/park/dev_ws/install/yolo_msgs:/home/park/dev_ws/install/yolo_bringup:/home/park/dev_ws/install/two_wheeled_robot:/home/park/dev_ws/install/my_test_pkg:/home/park/dev_ws/install/cpp_service_tutorial:/home/park/dev_ws/install/yolo_ros:/opt/ros/humble PYTHONPATH=/home/park/dev_ws/build/yolo_ros:/home/park/dev_ws/install/yolo_ros/lib/python3.10/site-packages:/home/park/dev_ws/install/yolo_msgs/local/lib/python3.10/dist-packages:/opt/ros/humble/local/lib/python3.10/dist-packages:/opt/ros/humble/lib/python3.10/site-packages /usr/bin/cmake --install /home/park/dev_ws/build/yolo_bringup
[15.425s] Level 1:colcon.colcon_core.environment:checking '/home/park/dev_ws/install/yolo_bringup' for CMake module files
[15.426s] Level 1:colcon.colcon_core.environment:checking '/home/park/dev_ws/install/yolo_bringup' for CMake config files
[15.427s] Level 1:colcon.colcon_core.shell:create_environment_hook('yolo_bringup', 'cmake_prefix_path')
[15.427s] INFO:colcon.colcon_core.shell:Creating environment hook '/home/park/dev_ws/install/yolo_bringup/share/yolo_bringup/hook/cmake_prefix_path.ps1'
[15.428s] INFO:colcon.colcon_core.shell:Creating environment descriptor '/home/park/dev_ws/install/yolo_bringup/share/yolo_bringup/hook/cmake_prefix_path.dsv'
[15.428s] INFO:colcon.colcon_core.shell:Creating environment hook '/home/park/dev_ws/install/yolo_bringup/share/yolo_bringup/hook/cmake_prefix_path.sh'
[15.429s] Level 1:colcon.colcon_core.environment:checking '/home/park/dev_ws/install/yolo_bringup/bin'
[15.429s] Level 1:colcon.colcon_core.environment:checking '/home/park/dev_ws/install/yolo_bringup/lib/pkgconfig/yolo_bringup.pc'
[15.429s] Level 1:colcon.colcon_core.environment:checking '/home/park/dev_ws/install/yolo_bringup/lib/python3.10/site-packages'
[15.429s] Level 1:colcon.colcon_core.environment:checking '/home/park/dev_ws/install/yolo_bringup/bin'
[15.429s] INFO:colcon.colcon_core.shell:Creating package script '/home/park/dev_ws/install/yolo_bringup/share/yolo_bringup/package.ps1'
[15.430s] INFO:colcon.colcon_core.shell:Creating package descriptor '/home/park/dev_ws/install/yolo_bringup/share/yolo_bringup/package.dsv'
[15.430s] INFO:colcon.colcon_core.shell:Creating package script '/home/park/dev_ws/install/yolo_bringup/share/yolo_bringup/package.sh'
[15.430s] INFO:colcon.colcon_core.shell:Creating package script '/home/park/dev_ws/install/yolo_bringup/share/yolo_bringup/package.bash'
[15.431s] INFO:colcon.colcon_core.shell:Creating package script '/home/park/dev_ws/install/yolo_bringup/share/yolo_bringup/package.zsh'
[15.431s] Level 1:colcon.colcon_core.environment:create_file_with_runtime_dependencies(/home/park/dev_ws/install/yolo_bringup/share/colcon-core/packages/yolo_bringup)
[15.432s] Level 1:colcon.colcon_core.environment:create_environment_scripts_only(yolo_bringup)
[15.432s] Level 1:colcon.colcon_core.environment:checking '/home/park/dev_ws/install/yolo_bringup' for CMake module files
[15.432s] Level 1:colcon.colcon_core.environment:checking '/home/park/dev_ws/install/yolo_bringup' for CMake config files
[15.432s] Level 1:colcon.colcon_core.shell:create_environment_hook('yolo_bringup', 'cmake_prefix_path')
[15.432s] INFO:colcon.colcon_core.shell:Creating environment hook '/home/park/dev_ws/install/yolo_bringup/share/yolo_bringup/hook/cmake_prefix_path.ps1'
[15.433s] INFO:colcon.colcon_core.shell:Creating environment descriptor '/home/park/dev_ws/install/yolo_bringup/share/yolo_bringup/hook/cmake_prefix_path.dsv'
[15.433s] INFO:colcon.colcon_core.shell:Creating environment hook '/home/park/dev_ws/install/yolo_bringup/share/yolo_bringup/hook/cmake_prefix_path.sh'
[15.434s] Level 1:colcon.colcon_core.environment:checking '/home/park/dev_ws/install/yolo_bringup/bin'
[15.434s] Level 1:colcon.colcon_core.environment:checking '/home/park/dev_ws/install/yolo_bringup/lib/pkgconfig/yolo_bringup.pc'
[15.434s] Level 1:colcon.colcon_core.environment:checking '/home/park/dev_ws/install/yolo_bringup/lib/python3.10/site-packages'
[15.434s] Level 1:colcon.colcon_core.environment:checking '/home/park/dev_ws/install/yolo_bringup/bin'
[15.434s] INFO:colcon.colcon_core.shell:Creating package script '/home/park/dev_ws/install/yolo_bringup/share/yolo_bringup/package.ps1'
[15.435s] INFO:colcon.colcon_core.shell:Creating package descriptor '/home/park/dev_ws/install/yolo_bringup/share/yolo_bringup/package.dsv'
[15.435s] INFO:colcon.colcon_core.shell:Creating package script '/home/park/dev_ws/install/yolo_bringup/share/yolo_bringup/package.sh'
[15.436s] INFO:colcon.colcon_core.shell:Creating package script '/home/park/dev_ws/install/yolo_bringup/share/yolo_bringup/package.bash'
[15.436s] INFO:colcon.colcon_core.shell:Creating package script '/home/park/dev_ws/install/yolo_bringup/share/yolo_bringup/package.zsh'
[15.436s] Level 1:colcon.colcon_core.environment:create_file_with_runtime_dependencies(/home/park/dev_ws/install/yolo_bringup/share/colcon-core/packages/yolo_bringup)
[15.437s] DEBUG:colcon.colcon_parallel_executor.executor.parallel:closing loop
[15.437s] DEBUG:colcon.colcon_parallel_executor.executor.parallel:loop closed
[15.437s] DEBUG:colcon.colcon_parallel_executor.executor.parallel:run_until_complete finished with '0'
[15.437s] DEBUG:colcon.colcon_core.event_reactor:joining thread
[15.446s] INFO:colcon.colcon_core.plugin_system:Skipping extension 'colcon_notification.desktop_notification.terminal_notifier': Not used on non-Darwin systems
[15.446s] INFO:colcon.colcon_core.plugin_system:Skipping extension 'colcon_notification.desktop_notification.win32': Not used on non-Windows systems
[15.446s] INFO:colcon.colcon_notification.desktop_notification:Sending desktop notification using 'notify2'
[15.469s] DEBUG:colcon.colcon_core.event_reactor:joined thread
[15.470s] INFO:colcon.colcon_core.shell:Creating prefix script '/home/park/dev_ws/install/local_setup.ps1'
[15.472s] INFO:colcon.colcon_core.shell:Creating prefix util module '/home/park/dev_ws/install/_local_setup_util_ps1.py'
[15.474s] INFO:colcon.colcon_core.shell:Creating prefix chain script '/home/park/dev_ws/install/setup.ps1'
[15.475s] INFO:colcon.colcon_core.shell:Creating prefix script '/home/park/dev_ws/install/local_setup.sh'
[15.475s] INFO:colcon.colcon_core.shell:Creating prefix util module '/home/park/dev_ws/install/_local_setup_util_sh.py'
[15.476s] INFO:colcon.colcon_core.shell:Creating prefix chain script '/home/park/dev_ws/install/setup.sh'
[15.477s] INFO:colcon.colcon_core.shell:Creating prefix script '/home/park/dev_ws/install/local_setup.bash'
[15.478s] INFO:colcon.colcon_core.shell:Creating prefix chain script '/home/park/dev_ws/install/setup.bash'
[15.479s] INFO:colcon.colcon_core.shell:Creating prefix script '/home/park/dev_ws/install/local_setup.zsh'
[15.479s] INFO:colcon.colcon_core.shell:Creating prefix chain script '/home/park/dev_ws/install/setup.zsh'
