[0.111s] DEBUG:colcon:Command line arguments: ['/usr/bin/colcon', 'build']
[0.112s] DEBUG:colcon:Parsed command line arguments: Namespace(log_base=None, log_level=None, verb_name='build', build_base='build', install_base='install', merge_install=False, symlink_install=False, test_result_base=None, continue_on_error=False, executor='parallel', parallel_workers=22, event_handlers=None, ignore_user_meta=False, metas=['./colcon.meta'], base_paths=['.'], packages_ignore=None, packages_ignore_regex=None, paths=None, packages_up_to=None, packages_up_to_regex=None, packages_above=None, packages_above_and_dependencies=None, packages_above_depth=None, packages_select_by_dep=None, packages_skip_by_dep=None, packages_skip_up_to=None, packages_select_build_failed=False, packages_skip_build_finished=False, packages_select_test_failures=False, packages_skip_test_passed=False, packages_select=None, packages_skip=None, packages_select_regex=None, packages_skip_regex=None, packages_start=None, packages_end=None, allow_overriding=[], cmake_args=None, cmake_target=None, cmake_target_skip_unavailable=False, cmake_clean_cache=False, cmake_clean_first=False, cmake_force_configure=False, ament_cmake_args=None, catkin_cmake_args=None, catkin_skip_building_tests=False, mixin_files=None, mixin=None, verb_parser=<colcon_mixin.mixin.mixin_argument.MixinArgumentDecorator object at 0x760c72966110>, verb_extension=<colcon_core.verb.build.BuildVerb object at 0x760c72a976d0>, main=<bound method BuildVerb.main of <colcon_core.verb.build.BuildVerb object at 0x760c72a976d0>>, mixin_verb=('build',))
[0.149s] Level 1:colcon.colcon_core.package_discovery:discover_packages(colcon_meta) check parameters
[0.149s] Level 1:colcon.colcon_core.package_discovery:discover_packages(recursive) check parameters
[0.149s] Level 1:colcon.colcon_core.package_discovery:discover_packages(ignore) check parameters
[0.149s] Level 1:colcon.colcon_core.package_discovery:discover_packages(path) check parameters
[0.149s] Level 1:colcon.colcon_core.package_discovery:discover_packages(colcon_meta) discover
[0.149s] Level 1:colcon.colcon_core.package_discovery:discover_packages(recursive) discover
[0.149s] INFO:colcon.colcon_core.package_discovery:Crawling recursively for packages in '/home/park/dev_ws'
[0.149s] Level 1:colcon.colcon_core.package_identification:_identify(.) by extensions ['ignore', 'ignore_ament_install']
[0.149s] Level 1:colcon.colcon_core.package_identification:_identify(.) by extension 'ignore'
[0.149s] Level 1:colcon.colcon_core.package_identification:_identify(.) by extension 'ignore_ament_install'
[0.150s] Level 1:colcon.colcon_core.package_identification:_identify(.) by extensions ['colcon_pkg']
[0.150s] Level 1:colcon.colcon_core.package_identification:_identify(.) by extension 'colcon_pkg'
[0.150s] Level 1:colcon.colcon_core.package_identification:_identify(.) by extensions ['colcon_meta']
[0.150s] Level 1:colcon.colcon_core.package_identification:_identify(.) by extension 'colcon_meta'
[0.150s] Level 1:colcon.colcon_core.package_identification:_identify(.) by extensions ['ros']
[0.150s] Level 1:colcon.colcon_core.package_identification:_identify(.) by extension 'ros'
[0.165s] Level 1:colcon.colcon_core.package_identification:_identify(.) by extensions ['cmake', 'python']
[0.165s] Level 1:colcon.colcon_core.package_identification:_identify(.) by extension 'cmake'
[0.165s] Level 1:colcon.colcon_core.package_identification:_identify(.) by extension 'python'
[0.165s] Level 1:colcon.colcon_core.package_identification:_identify(.) by extensions ['python_setup_py']
[0.165s] Level 1:colcon.colcon_core.package_identification:_identify(.) by extension 'python_setup_py'
[0.165s] Level 1:colcon.colcon_core.package_identification:_identify(build) by extensions ['ignore', 'ignore_ament_install']
[0.165s] Level 1:colcon.colcon_core.package_identification:_identify(build) by extension 'ignore'
[0.165s] Level 1:colcon.colcon_core.package_identification:_identify(build) ignored
[0.165s] Level 1:colcon.colcon_core.package_identification:_identify(config) by extensions ['ignore', 'ignore_ament_install']
[0.165s] Level 1:colcon.colcon_core.package_identification:_identify(config) by extension 'ignore'
[0.165s] Level 1:colcon.colcon_core.package_identification:_identify(config) by extension 'ignore_ament_install'
[0.166s] Level 1:colcon.colcon_core.package_identification:_identify(config) by extensions ['colcon_pkg']
[0.166s] Level 1:colcon.colcon_core.package_identification:_identify(config) by extension 'colcon_pkg'
[0.166s] Level 1:colcon.colcon_core.package_identification:_identify(config) by extensions ['colcon_meta']
[0.166s] Level 1:colcon.colcon_core.package_identification:_identify(config) by extension 'colcon_meta'
[0.166s] Level 1:colcon.colcon_core.package_identification:_identify(config) by extensions ['ros']
[0.166s] Level 1:colcon.colcon_core.package_identification:_identify(config) by extension 'ros'
[0.166s] Level 1:colcon.colcon_core.package_identification:_identify(config) by extensions ['cmake', 'python']
[0.166s] Level 1:colcon.colcon_core.package_identification:_identify(config) by extension 'cmake'
[0.166s] Level 1:colcon.colcon_core.package_identification:_identify(config) by extension 'python'
[0.166s] Level 1:colcon.colcon_core.package_identification:_identify(config) by extensions ['python_setup_py']
[0.166s] Level 1:colcon.colcon_core.package_identification:_identify(config) by extension 'python_setup_py'
[0.166s] Level 1:colcon.colcon_core.package_identification:_identify(install) by extensions ['ignore', 'ignore_ament_install']
[0.166s] Level 1:colcon.colcon_core.package_identification:_identify(install) by extension 'ignore'
[0.166s] Level 1:colcon.colcon_core.package_identification:_identify(install) ignored
[0.166s] Level 1:colcon.colcon_core.package_identification:_identify(launch) by extensions ['ignore', 'ignore_ament_install']
[0.166s] Level 1:colcon.colcon_core.package_identification:_identify(launch) by extension 'ignore'
[0.166s] Level 1:colcon.colcon_core.package_identification:_identify(launch) by extension 'ignore_ament_install'
[0.166s] Level 1:colcon.colcon_core.package_identification:_identify(launch) by extensions ['colcon_pkg']
[0.166s] Level 1:colcon.colcon_core.package_identification:_identify(launch) by extension 'colcon_pkg'
[0.166s] Level 1:colcon.colcon_core.package_identification:_identify(launch) by extensions ['colcon_meta']
[0.166s] Level 1:colcon.colcon_core.package_identification:_identify(launch) by extension 'colcon_meta'
[0.166s] Level 1:colcon.colcon_core.package_identification:_identify(launch) by extensions ['ros']
[0.166s] Level 1:colcon.colcon_core.package_identification:_identify(launch) by extension 'ros'
[0.166s] Level 1:colcon.colcon_core.package_identification:_identify(launch) by extensions ['cmake', 'python']
[0.166s] Level 1:colcon.colcon_core.package_identification:_identify(launch) by extension 'cmake'
[0.167s] Level 1:colcon.colcon_core.package_identification:_identify(launch) by extension 'python'
[0.167s] Level 1:colcon.colcon_core.package_identification:_identify(launch) by extensions ['python_setup_py']
[0.167s] Level 1:colcon.colcon_core.package_identification:_identify(launch) by extension 'python_setup_py'
[0.167s] Level 1:colcon.colcon_core.package_identification:_identify(log) by extensions ['ignore', 'ignore_ament_install']
[0.167s] Level 1:colcon.colcon_core.package_identification:_identify(log) by extension 'ignore'
[0.167s] Level 1:colcon.colcon_core.package_identification:_identify(log) ignored
[0.167s] Level 1:colcon.colcon_core.package_identification:_identify(maps) by extensions ['ignore', 'ignore_ament_install']
[0.167s] Level 1:colcon.colcon_core.package_identification:_identify(maps) by extension 'ignore'
[0.167s] Level 1:colcon.colcon_core.package_identification:_identify(maps) by extension 'ignore_ament_install'
[0.167s] Level 1:colcon.colcon_core.package_identification:_identify(maps) by extensions ['colcon_pkg']
[0.167s] Level 1:colcon.colcon_core.package_identification:_identify(maps) by extension 'colcon_pkg'
[0.167s] Level 1:colcon.colcon_core.package_identification:_identify(maps) by extensions ['colcon_meta']
[0.167s] Level 1:colcon.colcon_core.package_identification:_identify(maps) by extension 'colcon_meta'
[0.167s] Level 1:colcon.colcon_core.package_identification:_identify(maps) by extensions ['ros']
[0.167s] Level 1:colcon.colcon_core.package_identification:_identify(maps) by extension 'ros'
[0.167s] Level 1:colcon.colcon_core.package_identification:_identify(maps) by extensions ['cmake', 'python']
[0.167s] Level 1:colcon.colcon_core.package_identification:_identify(maps) by extension 'cmake'
[0.167s] Level 1:colcon.colcon_core.package_identification:_identify(maps) by extension 'python'
[0.167s] Level 1:colcon.colcon_core.package_identification:_identify(maps) by extensions ['python_setup_py']
[0.167s] Level 1:colcon.colcon_core.package_identification:_identify(maps) by extension 'python_setup_py'
[0.167s] Level 1:colcon.colcon_core.package_identification:_identify(media) by extensions ['ignore', 'ignore_ament_install']
[0.167s] Level 1:colcon.colcon_core.package_identification:_identify(media) by extension 'ignore'
[0.167s] Level 1:colcon.colcon_core.package_identification:_identify(media) by extension 'ignore_ament_install'
[0.167s] Level 1:colcon.colcon_core.package_identification:_identify(media) by extensions ['colcon_pkg']
[0.167s] Level 1:colcon.colcon_core.package_identification:_identify(media) by extension 'colcon_pkg'
[0.168s] Level 1:colcon.colcon_core.package_identification:_identify(media) by extensions ['colcon_meta']
[0.168s] Level 1:colcon.colcon_core.package_identification:_identify(media) by extension 'colcon_meta'
[0.168s] Level 1:colcon.colcon_core.package_identification:_identify(media) by extensions ['ros']
[0.168s] Level 1:colcon.colcon_core.package_identification:_identify(media) by extension 'ros'
[0.168s] Level 1:colcon.colcon_core.package_identification:_identify(media) by extensions ['cmake', 'python']
[0.168s] Level 1:colcon.colcon_core.package_identification:_identify(media) by extension 'cmake'
[0.168s] Level 1:colcon.colcon_core.package_identification:_identify(media) by extension 'python'
[0.168s] Level 1:colcon.colcon_core.package_identification:_identify(media) by extensions ['python_setup_py']
[0.168s] Level 1:colcon.colcon_core.package_identification:_identify(media) by extension 'python_setup_py'
[0.168s] Level 1:colcon.colcon_core.package_identification:_identify(meshes) by extensions ['ignore', 'ignore_ament_install']
[0.168s] Level 1:colcon.colcon_core.package_identification:_identify(meshes) by extension 'ignore'
[0.168s] Level 1:colcon.colcon_core.package_identification:_identify(meshes) by extension 'ignore_ament_install'
[0.168s] Level 1:colcon.colcon_core.package_identification:_identify(meshes) by extensions ['colcon_pkg']
[0.168s] Level 1:colcon.colcon_core.package_identification:_identify(meshes) by extension 'colcon_pkg'
[0.168s] Level 1:colcon.colcon_core.package_identification:_identify(meshes) by extensions ['colcon_meta']
[0.168s] Level 1:colcon.colcon_core.package_identification:_identify(meshes) by extension 'colcon_meta'
[0.168s] Level 1:colcon.colcon_core.package_identification:_identify(meshes) by extensions ['ros']
[0.168s] Level 1:colcon.colcon_core.package_identification:_identify(meshes) by extension 'ros'
[0.168s] Level 1:colcon.colcon_core.package_identification:_identify(meshes) by extensions ['cmake', 'python']
[0.168s] Level 1:colcon.colcon_core.package_identification:_identify(meshes) by extension 'cmake'
[0.168s] Level 1:colcon.colcon_core.package_identification:_identify(meshes) by extension 'python'
[0.168s] Level 1:colcon.colcon_core.package_identification:_identify(meshes) by extensions ['python_setup_py']
[0.168s] Level 1:colcon.colcon_core.package_identification:_identify(meshes) by extension 'python_setup_py'
[0.168s] Level 1:colcon.colcon_core.package_identification:_identify(models) by extensions ['ignore', 'ignore_ament_install']
[0.168s] Level 1:colcon.colcon_core.package_identification:_identify(models) by extension 'ignore'
[0.168s] Level 1:colcon.colcon_core.package_identification:_identify(models) by extension 'ignore_ament_install'
[0.168s] Level 1:colcon.colcon_core.package_identification:_identify(models) by extensions ['colcon_pkg']
[0.169s] Level 1:colcon.colcon_core.package_identification:_identify(models) by extension 'colcon_pkg'
[0.169s] Level 1:colcon.colcon_core.package_identification:_identify(models) by extensions ['colcon_meta']
[0.169s] Level 1:colcon.colcon_core.package_identification:_identify(models) by extension 'colcon_meta'
[0.169s] Level 1:colcon.colcon_core.package_identification:_identify(models) by extensions ['ros']
[0.169s] Level 1:colcon.colcon_core.package_identification:_identify(models) by extension 'ros'
[0.169s] Level 1:colcon.colcon_core.package_identification:_identify(models) by extensions ['cmake', 'python']
[0.169s] Level 1:colcon.colcon_core.package_identification:_identify(models) by extension 'cmake'
[0.169s] Level 1:colcon.colcon_core.package_identification:_identify(models) by extension 'python'
[0.169s] Level 1:colcon.colcon_core.package_identification:_identify(models) by extensions ['python_setup_py']
[0.169s] Level 1:colcon.colcon_core.package_identification:_identify(models) by extension 'python_setup_py'
[0.169s] Level 1:colcon.colcon_core.package_identification:_identify(params) by extensions ['ignore', 'ignore_ament_install']
[0.169s] Level 1:colcon.colcon_core.package_identification:_identify(params) by extension 'ignore'
[0.169s] Level 1:colcon.colcon_core.package_identification:_identify(params) by extension 'ignore_ament_install'
[0.169s] Level 1:colcon.colcon_core.package_identification:_identify(params) by extensions ['colcon_pkg']
[0.169s] Level 1:colcon.colcon_core.package_identification:_identify(params) by extension 'colcon_pkg'
[0.169s] Level 1:colcon.colcon_core.package_identification:_identify(params) by extensions ['colcon_meta']
[0.169s] Level 1:colcon.colcon_core.package_identification:_identify(params) by extension 'colcon_meta'
[0.169s] Level 1:colcon.colcon_core.package_identification:_identify(params) by extensions ['ros']
[0.169s] Level 1:colcon.colcon_core.package_identification:_identify(params) by extension 'ros'
[0.169s] Level 1:colcon.colcon_core.package_identification:_identify(params) by extensions ['cmake', 'python']
[0.169s] Level 1:colcon.colcon_core.package_identification:_identify(params) by extension 'cmake'
[0.169s] Level 1:colcon.colcon_core.package_identification:_identify(params) by extension 'python'
[0.169s] Level 1:colcon.colcon_core.package_identification:_identify(params) by extensions ['python_setup_py']
[0.169s] Level 1:colcon.colcon_core.package_identification:_identify(params) by extension 'python_setup_py'
[0.169s] Level 1:colcon.colcon_core.package_identification:_identify(rviz) by extensions ['ignore', 'ignore_ament_install']
[0.169s] Level 1:colcon.colcon_core.package_identification:_identify(rviz) by extension 'ignore'
[0.169s] Level 1:colcon.colcon_core.package_identification:_identify(rviz) by extension 'ignore_ament_install'
[0.169s] Level 1:colcon.colcon_core.package_identification:_identify(rviz) by extensions ['colcon_pkg']
[0.169s] Level 1:colcon.colcon_core.package_identification:_identify(rviz) by extension 'colcon_pkg'
[0.170s] Level 1:colcon.colcon_core.package_identification:_identify(rviz) by extensions ['colcon_meta']
[0.170s] Level 1:colcon.colcon_core.package_identification:_identify(rviz) by extension 'colcon_meta'
[0.170s] Level 1:colcon.colcon_core.package_identification:_identify(rviz) by extensions ['ros']
[0.170s] Level 1:colcon.colcon_core.package_identification:_identify(rviz) by extension 'ros'
[0.170s] Level 1:colcon.colcon_core.package_identification:_identify(rviz) by extensions ['cmake', 'python']
[0.170s] Level 1:colcon.colcon_core.package_identification:_identify(rviz) by extension 'cmake'
[0.170s] Level 1:colcon.colcon_core.package_identification:_identify(rviz) by extension 'python'
[0.170s] Level 1:colcon.colcon_core.package_identification:_identify(rviz) by extensions ['python_setup_py']
[0.170s] Level 1:colcon.colcon_core.package_identification:_identify(rviz) by extension 'python_setup_py'
[0.170s] Level 1:colcon.colcon_core.package_identification:_identify(src) by extensions ['ignore', 'ignore_ament_install']
[0.170s] Level 1:colcon.colcon_core.package_identification:_identify(src) by extension 'ignore'
[0.170s] Level 1:colcon.colcon_core.package_identification:_identify(src) by extension 'ignore_ament_install'
[0.170s] Level 1:colcon.colcon_core.package_identification:_identify(src) by extensions ['colcon_pkg']
[0.170s] Level 1:colcon.colcon_core.package_identification:_identify(src) by extension 'colcon_pkg'
[0.170s] Level 1:colcon.colcon_core.package_identification:_identify(src) by extensions ['colcon_meta']
[0.170s] Level 1:colcon.colcon_core.package_identification:_identify(src) by extension 'colcon_meta'
[0.170s] Level 1:colcon.colcon_core.package_identification:_identify(src) by extensions ['ros']
[0.170s] Level 1:colcon.colcon_core.package_identification:_identify(src) by extension 'ros'
[0.170s] Level 1:colcon.colcon_core.package_identification:_identify(src) by extensions ['cmake', 'python']
[0.170s] Level 1:colcon.colcon_core.package_identification:_identify(src) by extension 'cmake'
[0.170s] Level 1:colcon.colcon_core.package_identification:_identify(src) by extension 'python'
[0.170s] Level 1:colcon.colcon_core.package_identification:_identify(src) by extensions ['python_setup_py']
[0.170s] Level 1:colcon.colcon_core.package_identification:_identify(src) by extension 'python_setup_py'
[0.170s] Level 1:colcon.colcon_core.package_identification:_identify(src/cpp_service_tutorial) by extensions ['ignore', 'ignore_ament_install']
[0.170s] Level 1:colcon.colcon_core.package_identification:_identify(src/cpp_service_tutorial) by extension 'ignore'
[0.170s] Level 1:colcon.colcon_core.package_identification:_identify(src/cpp_service_tutorial) by extension 'ignore_ament_install'
[0.171s] Level 1:colcon.colcon_core.package_identification:_identify(src/cpp_service_tutorial) by extensions ['colcon_pkg']
[0.171s] Level 1:colcon.colcon_core.package_identification:_identify(src/cpp_service_tutorial) by extension 'colcon_pkg'
[0.171s] Level 1:colcon.colcon_core.package_identification:_identify(src/cpp_service_tutorial) by extensions ['colcon_meta']
[0.171s] Level 1:colcon.colcon_core.package_identification:_identify(src/cpp_service_tutorial) by extension 'colcon_meta'
[0.171s] Level 1:colcon.colcon_core.package_identification:_identify(src/cpp_service_tutorial) by extensions ['ros']
[0.171s] Level 1:colcon.colcon_core.package_identification:_identify(src/cpp_service_tutorial) by extension 'ros'
[0.173s] DEBUG:colcon.colcon_core.package_identification:Package 'src/cpp_service_tutorial' with type 'ros.ament_cmake' and name 'cpp_service_tutorial'
[0.173s] Level 1:colcon.colcon_core.package_identification:_identify(src/my_test_pkg) by extensions ['ignore', 'ignore_ament_install']
[0.173s] Level 1:colcon.colcon_core.package_identification:_identify(src/my_test_pkg) by extension 'ignore'
[0.173s] Level 1:colcon.colcon_core.package_identification:_identify(src/my_test_pkg) by extension 'ignore_ament_install'
[0.173s] Level 1:colcon.colcon_core.package_identification:_identify(src/my_test_pkg) by extensions ['colcon_pkg']
[0.173s] Level 1:colcon.colcon_core.package_identification:_identify(src/my_test_pkg) by extension 'colcon_pkg'
[0.173s] Level 1:colcon.colcon_core.package_identification:_identify(src/my_test_pkg) by extensions ['colcon_meta']
[0.173s] Level 1:colcon.colcon_core.package_identification:_identify(src/my_test_pkg) by extension 'colcon_meta'
[0.173s] Level 1:colcon.colcon_core.package_identification:_identify(src/my_test_pkg) by extensions ['ros']
[0.173s] Level 1:colcon.colcon_core.package_identification:_identify(src/my_test_pkg) by extension 'ros'
[0.174s] DEBUG:colcon.colcon_core.package_identification:Package 'src/my_test_pkg' with type 'ros.ament_cmake' and name 'my_test_pkg'
[0.174s] Level 1:colcon.colcon_core.package_identification:_identify(src/ros2_yolo) by extensions ['ignore', 'ignore_ament_install']
[0.174s] Level 1:colcon.colcon_core.package_identification:_identify(src/ros2_yolo) by extension 'ignore'
[0.174s] Level 1:colcon.colcon_core.package_identification:_identify(src/ros2_yolo) by extension 'ignore_ament_install'
[0.174s] Level 1:colcon.colcon_core.package_identification:_identify(src/ros2_yolo) by extensions ['colcon_pkg']
[0.174s] Level 1:colcon.colcon_core.package_identification:_identify(src/ros2_yolo) by extension 'colcon_pkg'
[0.174s] Level 1:colcon.colcon_core.package_identification:_identify(src/ros2_yolo) by extensions ['colcon_meta']
[0.174s] Level 1:colcon.colcon_core.package_identification:_identify(src/ros2_yolo) by extension 'colcon_meta'
[0.174s] Level 1:colcon.colcon_core.package_identification:_identify(src/ros2_yolo) by extensions ['ros']
[0.174s] Level 1:colcon.colcon_core.package_identification:_identify(src/ros2_yolo) by extension 'ros'
[0.175s] Level 1:colcon.colcon_core.package_identification:_identify(src/ros2_yolo) by extensions ['cmake', 'python']
[0.175s] Level 1:colcon.colcon_core.package_identification:_identify(src/ros2_yolo) by extension 'cmake'
[0.175s] Level 1:colcon.colcon_core.package_identification:_identify(src/ros2_yolo) by extension 'python'
[0.175s] Level 1:colcon.colcon_core.package_identification:_identify(src/ros2_yolo) by extensions ['python_setup_py']
[0.175s] Level 1:colcon.colcon_core.package_identification:_identify(src/ros2_yolo) by extension 'python_setup_py'
[0.175s] Level 1:colcon.colcon_core.package_identification:_identify(src/ros2_yolo/docs) by extensions ['ignore', 'ignore_ament_install']
[0.175s] Level 1:colcon.colcon_core.package_identification:_identify(src/ros2_yolo/docs) by extension 'ignore'
[0.175s] Level 1:colcon.colcon_core.package_identification:_identify(src/ros2_yolo/docs) by extension 'ignore_ament_install'
[0.175s] Level 1:colcon.colcon_core.package_identification:_identify(src/ros2_yolo/docs) by extensions ['colcon_pkg']
[0.175s] Level 1:colcon.colcon_core.package_identification:_identify(src/ros2_yolo/docs) by extension 'colcon_pkg'
[0.175s] Level 1:colcon.colcon_core.package_identification:_identify(src/ros2_yolo/docs) by extensions ['colcon_meta']
[0.175s] Level 1:colcon.colcon_core.package_identification:_identify(src/ros2_yolo/docs) by extension 'colcon_meta'
[0.175s] Level 1:colcon.colcon_core.package_identification:_identify(src/ros2_yolo/docs) by extensions ['ros']
[0.175s] Level 1:colcon.colcon_core.package_identification:_identify(src/ros2_yolo/docs) by extension 'ros'
[0.175s] Level 1:colcon.colcon_core.package_identification:_identify(src/ros2_yolo/docs) by extensions ['cmake', 'python']
[0.175s] Level 1:colcon.colcon_core.package_identification:_identify(src/ros2_yolo/docs) by extension 'cmake'
[0.175s] Level 1:colcon.colcon_core.package_identification:_identify(src/ros2_yolo/docs) by extension 'python'
[0.175s] Level 1:colcon.colcon_core.package_identification:_identify(src/ros2_yolo/docs) by extensions ['python_setup_py']
[0.175s] Level 1:colcon.colcon_core.package_identification:_identify(src/ros2_yolo/docs) by extension 'python_setup_py'
[0.175s] Level 1:colcon.colcon_core.package_identification:_identify(src/ros2_yolo/yolo_bringup) by extensions ['ignore', 'ignore_ament_install']
[0.175s] Level 1:colcon.colcon_core.package_identification:_identify(src/ros2_yolo/yolo_bringup) by extension 'ignore'
[0.175s] Level 1:colcon.colcon_core.package_identification:_identify(src/ros2_yolo/yolo_bringup) by extension 'ignore_ament_install'
[0.175s] Level 1:colcon.colcon_core.package_identification:_identify(src/ros2_yolo/yolo_bringup) by extensions ['colcon_pkg']
[0.175s] Level 1:colcon.colcon_core.package_identification:_identify(src/ros2_yolo/yolo_bringup) by extension 'colcon_pkg'
[0.175s] Level 1:colcon.colcon_core.package_identification:_identify(src/ros2_yolo/yolo_bringup) by extensions ['colcon_meta']
[0.176s] Level 1:colcon.colcon_core.package_identification:_identify(src/ros2_yolo/yolo_bringup) by extension 'colcon_meta'
[0.176s] Level 1:colcon.colcon_core.package_identification:_identify(src/ros2_yolo/yolo_bringup) by extensions ['ros']
[0.176s] Level 1:colcon.colcon_core.package_identification:_identify(src/ros2_yolo/yolo_bringup) by extension 'ros'
[0.176s] DEBUG:colcon.colcon_core.package_identification:Package 'src/ros2_yolo/yolo_bringup' with type 'ros.ament_cmake' and name 'yolo_bringup'
[0.176s] Level 1:colcon.colcon_core.package_identification:_identify(src/ros2_yolo/yolo_msgs) by extensions ['ignore', 'ignore_ament_install']
[0.176s] Level 1:colcon.colcon_core.package_identification:_identify(src/ros2_yolo/yolo_msgs) by extension 'ignore'
[0.176s] Level 1:colcon.colcon_core.package_identification:_identify(src/ros2_yolo/yolo_msgs) by extension 'ignore_ament_install'
[0.176s] Level 1:colcon.colcon_core.package_identification:_identify(src/ros2_yolo/yolo_msgs) by extensions ['colcon_pkg']
[0.176s] Level 1:colcon.colcon_core.package_identification:_identify(src/ros2_yolo/yolo_msgs) by extension 'colcon_pkg'
[0.176s] Level 1:colcon.colcon_core.package_identification:_identify(src/ros2_yolo/yolo_msgs) by extensions ['colcon_meta']
[0.176s] Level 1:colcon.colcon_core.package_identification:_identify(src/ros2_yolo/yolo_msgs) by extension 'colcon_meta'
[0.176s] Level 1:colcon.colcon_core.package_identification:_identify(src/ros2_yolo/yolo_msgs) by extensions ['ros']
[0.176s] Level 1:colcon.colcon_core.package_identification:_identify(src/ros2_yolo/yolo_msgs) by extension 'ros'
[0.177s] DEBUG:colcon.colcon_core.package_identification:Package 'src/ros2_yolo/yolo_msgs' with type 'ros.ament_cmake' and name 'yolo_msgs'
[0.177s] Level 1:colcon.colcon_core.package_identification:_identify(src/ros2_yolo/yolo_ros) by extensions ['ignore', 'ignore_ament_install']
[0.177s] Level 1:colcon.colcon_core.package_identification:_identify(src/ros2_yolo/yolo_ros) by extension 'ignore'
[0.177s] Level 1:colcon.colcon_core.package_identification:_identify(src/ros2_yolo/yolo_ros) by extension 'ignore_ament_install'
[0.177s] Level 1:colcon.colcon_core.package_identification:_identify(src/ros2_yolo/yolo_ros) by extensions ['colcon_pkg']
[0.177s] Level 1:colcon.colcon_core.package_identification:_identify(src/ros2_yolo/yolo_ros) by extension 'colcon_pkg'
[0.177s] Level 1:colcon.colcon_core.package_identification:_identify(src/ros2_yolo/yolo_ros) by extensions ['colcon_meta']
[0.177s] Level 1:colcon.colcon_core.package_identification:_identify(src/ros2_yolo/yolo_ros) by extension 'colcon_meta'
[0.177s] Level 1:colcon.colcon_core.package_identification:_identify(src/ros2_yolo/yolo_ros) by extensions ['ros']
[0.178s] Level 1:colcon.colcon_core.package_identification:_identify(src/ros2_yolo/yolo_ros) by extension 'ros'
[0.178s] DEBUG:colcon.colcon_core.package_identification:Package 'src/ros2_yolo/yolo_ros' with type 'ros.ament_python' and name 'yolo_ros'
[0.179s] Level 1:colcon.colcon_core.package_identification:_identify(src/two_wheeled_robot) by extensions ['ignore', 'ignore_ament_install']
[0.179s] Level 1:colcon.colcon_core.package_identification:_identify(src/two_wheeled_robot) by extension 'ignore'
[0.179s] Level 1:colcon.colcon_core.package_identification:_identify(src/two_wheeled_robot) by extension 'ignore_ament_install'
[0.179s] Level 1:colcon.colcon_core.package_identification:_identify(src/two_wheeled_robot) by extensions ['colcon_pkg']
[0.179s] Level 1:colcon.colcon_core.package_identification:_identify(src/two_wheeled_robot) by extension 'colcon_pkg'
[0.179s] Level 1:colcon.colcon_core.package_identification:_identify(src/two_wheeled_robot) by extensions ['colcon_meta']
[0.179s] Level 1:colcon.colcon_core.package_identification:_identify(src/two_wheeled_robot) by extension 'colcon_meta'
[0.179s] Level 1:colcon.colcon_core.package_identification:_identify(src/two_wheeled_robot) by extensions ['ros']
[0.179s] Level 1:colcon.colcon_core.package_identification:_identify(src/two_wheeled_robot) by extension 'ros'
[0.179s] Level 1:colcon.colcon_core.package_identification:_identify(src/two_wheeled_robot) by extensions ['cmake', 'python']
[0.179s] Level 1:colcon.colcon_core.package_identification:_identify(src/two_wheeled_robot) by extension 'cmake'
[0.179s] Level 1:colcon.colcon_core.package_identification:_identify(src/two_wheeled_robot) by extension 'python'
[0.179s] Level 1:colcon.colcon_core.package_identification:_identify(src/two_wheeled_robot) by extensions ['python_setup_py']
[0.179s] Level 1:colcon.colcon_core.package_identification:_identify(src/two_wheeled_robot) by extension 'python_setup_py'
[0.179s] Level 1:colcon.colcon_core.package_identification:_identify(src/two_wheeled_robot/two_wheeled_robot) by extensions ['ignore', 'ignore_ament_install']
[0.179s] Level 1:colcon.colcon_core.package_identification:_identify(src/two_wheeled_robot/two_wheeled_robot) by extension 'ignore'
[0.179s] Level 1:colcon.colcon_core.package_identification:_identify(src/two_wheeled_robot/two_wheeled_robot) by extension 'ignore_ament_install'
[0.179s] Level 1:colcon.colcon_core.package_identification:_identify(src/two_wheeled_robot/two_wheeled_robot) by extensions ['colcon_pkg']
[0.179s] Level 1:colcon.colcon_core.package_identification:_identify(src/two_wheeled_robot/two_wheeled_robot) by extension 'colcon_pkg'
[0.179s] Level 1:colcon.colcon_core.package_identification:_identify(src/two_wheeled_robot/two_wheeled_robot) by extensions ['colcon_meta']
[0.179s] Level 1:colcon.colcon_core.package_identification:_identify(src/two_wheeled_robot/two_wheeled_robot) by extension 'colcon_meta'
[0.179s] Level 1:colcon.colcon_core.package_identification:_identify(src/two_wheeled_robot/two_wheeled_robot) by extensions ['ros']
[0.179s] Level 1:colcon.colcon_core.package_identification:_identify(src/two_wheeled_robot/two_wheeled_robot) by extension 'ros'
[0.180s] DEBUG:colcon.colcon_core.package_identification:Package 'src/two_wheeled_robot/two_wheeled_robot' with type 'ros.ament_cmake' and name 'two_wheeled_robot'
[0.180s] Level 1:colcon.colcon_core.package_identification:_identify(urdf) by extensions ['ignore', 'ignore_ament_install']
[0.180s] Level 1:colcon.colcon_core.package_identification:_identify(urdf) by extension 'ignore'
[0.180s] Level 1:colcon.colcon_core.package_identification:_identify(urdf) by extension 'ignore_ament_install'
[0.180s] Level 1:colcon.colcon_core.package_identification:_identify(urdf) by extensions ['colcon_pkg']
[0.180s] Level 1:colcon.colcon_core.package_identification:_identify(urdf) by extension 'colcon_pkg'
[0.180s] Level 1:colcon.colcon_core.package_identification:_identify(urdf) by extensions ['colcon_meta']
[0.180s] Level 1:colcon.colcon_core.package_identification:_identify(urdf) by extension 'colcon_meta'
[0.180s] Level 1:colcon.colcon_core.package_identification:_identify(urdf) by extensions ['ros']
[0.180s] Level 1:colcon.colcon_core.package_identification:_identify(urdf) by extension 'ros'
[0.180s] Level 1:colcon.colcon_core.package_identification:_identify(urdf) by extensions ['cmake', 'python']
[0.180s] Level 1:colcon.colcon_core.package_identification:_identify(urdf) by extension 'cmake'
[0.180s] Level 1:colcon.colcon_core.package_identification:_identify(urdf) by extension 'python'
[0.180s] Level 1:colcon.colcon_core.package_identification:_identify(urdf) by extensions ['python_setup_py']
[0.180s] Level 1:colcon.colcon_core.package_identification:_identify(urdf) by extension 'python_setup_py'
[0.181s] Level 1:colcon.colcon_core.package_identification:_identify(worlds) by extensions ['ignore', 'ignore_ament_install']
[0.181s] Level 1:colcon.colcon_core.package_identification:_identify(worlds) by extension 'ignore'
[0.181s] Level 1:colcon.colcon_core.package_identification:_identify(worlds) by extension 'ignore_ament_install'
[0.181s] Level 1:colcon.colcon_core.package_identification:_identify(worlds) by extensions ['colcon_pkg']
[0.181s] Level 1:colcon.colcon_core.package_identification:_identify(worlds) by extension 'colcon_pkg'
[0.181s] Level 1:colcon.colcon_core.package_identification:_identify(worlds) by extensions ['colcon_meta']
[0.181s] Level 1:colcon.colcon_core.package_identification:_identify(worlds) by extension 'colcon_meta'
[0.181s] Level 1:colcon.colcon_core.package_identification:_identify(worlds) by extensions ['ros']
[0.181s] Level 1:colcon.colcon_core.package_identification:_identify(worlds) by extension 'ros'
[0.181s] Level 1:colcon.colcon_core.package_identification:_identify(worlds) by extensions ['cmake', 'python']
[0.181s] Level 1:colcon.colcon_core.package_identification:_identify(worlds) by extension 'cmake'
[0.181s] Level 1:colcon.colcon_core.package_identification:_identify(worlds) by extension 'python'
[0.181s] Level 1:colcon.colcon_core.package_identification:_identify(worlds) by extensions ['python_setup_py']
[0.181s] Level 1:colcon.colcon_core.package_identification:_identify(worlds) by extension 'python_setup_py'
[0.181s] Level 1:colcon.colcon_core.package_discovery:discover_packages(recursive) using defaults
[0.181s] Level 1:colcon.colcon_core.package_discovery:discover_packages(ignore) discover
[0.181s] Level 1:colcon.colcon_core.package_discovery:discover_packages(ignore) using defaults
[0.181s] Level 1:colcon.colcon_core.package_discovery:discover_packages(path) discover
[0.181s] Level 1:colcon.colcon_core.package_discovery:discover_packages(path) using defaults
[0.202s] Level 1:colcon.colcon_core.package_discovery:discover_packages(prefix_path) check parameters
[0.202s] Level 1:colcon.colcon_core.package_discovery:discover_packages(prefix_path) discover
[0.204s] DEBUG:colcon.colcon_installed_package_information.package_discovery:Found 6 installed packages in /home/park/dev_ws/install
[0.204s] DEBUG:colcon.colcon_installed_package_information.package_discovery:Found 4 installed packages in /home/park/turtlebot3_ws/install
[0.206s] DEBUG:colcon.colcon_installed_package_information.package_discovery:Found 413 installed packages in /opt/ros/humble
[0.208s] Level 1:colcon.colcon_core.package_discovery:discover_packages(prefix_path) using defaults
[0.254s] Level 5:colcon.colcon_core.verb:set package 'cpp_service_tutorial' build argument 'cmake_args' from command line to 'None'
[0.254s] Level 5:colcon.colcon_core.verb:set package 'cpp_service_tutorial' build argument 'cmake_target' from command line to 'None'
[0.254s] Level 5:colcon.colcon_core.verb:set package 'cpp_service_tutorial' build argument 'cmake_target_skip_unavailable' from command line to 'False'
[0.254s] Level 5:colcon.colcon_core.verb:set package 'cpp_service_tutorial' build argument 'cmake_clean_cache' from command line to 'False'
[0.254s] Level 5:colcon.colcon_core.verb:set package 'cpp_service_tutorial' build argument 'cmake_clean_first' from command line to 'False'
[0.254s] Level 5:colcon.colcon_core.verb:set package 'cpp_service_tutorial' build argument 'cmake_force_configure' from command line to 'False'
[0.254s] Level 5:colcon.colcon_core.verb:set package 'cpp_service_tutorial' build argument 'ament_cmake_args' from command line to 'None'
[0.254s] Level 5:colcon.colcon_core.verb:set package 'cpp_service_tutorial' build argument 'catkin_cmake_args' from command line to 'None'
[0.254s] Level 5:colcon.colcon_core.verb:set package 'cpp_service_tutorial' build argument 'catkin_skip_building_tests' from command line to 'False'
[0.254s] DEBUG:colcon.colcon_core.verb:Building package 'cpp_service_tutorial' with the following arguments: {'ament_cmake_args': None, 'build_base': '/home/park/dev_ws/build/cpp_service_tutorial', 'catkin_cmake_args': None, 'catkin_skip_building_tests': False, 'cmake_args': None, 'cmake_clean_cache': False, 'cmake_clean_first': False, 'cmake_force_configure': False, 'cmake_target': None, 'cmake_target_skip_unavailable': False, 'install_base': '/home/park/dev_ws/install/cpp_service_tutorial', 'merge_install': False, 'path': '/home/park/dev_ws/src/cpp_service_tutorial', 'symlink_install': False, 'test_result_base': None}
[0.254s] Level 5:colcon.colcon_core.verb:set package 'my_test_pkg' build argument 'cmake_args' from command line to 'None'
[0.254s] Level 5:colcon.colcon_core.verb:set package 'my_test_pkg' build argument 'cmake_target' from command line to 'None'
[0.254s] Level 5:colcon.colcon_core.verb:set package 'my_test_pkg' build argument 'cmake_target_skip_unavailable' from command line to 'False'
[0.254s] Level 5:colcon.colcon_core.verb:set package 'my_test_pkg' build argument 'cmake_clean_cache' from command line to 'False'
[0.254s] Level 5:colcon.colcon_core.verb:set package 'my_test_pkg' build argument 'cmake_clean_first' from command line to 'False'
[0.254s] Level 5:colcon.colcon_core.verb:set package 'my_test_pkg' build argument 'cmake_force_configure' from command line to 'False'
[0.254s] Level 5:colcon.colcon_core.verb:set package 'my_test_pkg' build argument 'ament_cmake_args' from command line to 'None'
[0.254s] Level 5:colcon.colcon_core.verb:set package 'my_test_pkg' build argument 'catkin_cmake_args' from command line to 'None'
[0.254s] Level 5:colcon.colcon_core.verb:set package 'my_test_pkg' build argument 'catkin_skip_building_tests' from command line to 'False'
[0.255s] DEBUG:colcon.colcon_core.verb:Building package 'my_test_pkg' with the following arguments: {'ament_cmake_args': None, 'build_base': '/home/park/dev_ws/build/my_test_pkg', 'catkin_cmake_args': None, 'catkin_skip_building_tests': False, 'cmake_args': None, 'cmake_clean_cache': False, 'cmake_clean_first': False, 'cmake_force_configure': False, 'cmake_target': None, 'cmake_target_skip_unavailable': False, 'install_base': '/home/park/dev_ws/install/my_test_pkg', 'merge_install': False, 'path': '/home/park/dev_ws/src/my_test_pkg', 'symlink_install': False, 'test_result_base': None}
[0.255s] Level 5:colcon.colcon_core.verb:set package 'two_wheeled_robot' build argument 'cmake_args' from command line to 'None'
[0.255s] Level 5:colcon.colcon_core.verb:set package 'two_wheeled_robot' build argument 'cmake_target' from command line to 'None'
[0.255s] Level 5:colcon.colcon_core.verb:set package 'two_wheeled_robot' build argument 'cmake_target_skip_unavailable' from command line to 'False'
[0.255s] Level 5:colcon.colcon_core.verb:set package 'two_wheeled_robot' build argument 'cmake_clean_cache' from command line to 'False'
[0.255s] Level 5:colcon.colcon_core.verb:set package 'two_wheeled_robot' build argument 'cmake_clean_first' from command line to 'False'
[0.255s] Level 5:colcon.colcon_core.verb:set package 'two_wheeled_robot' build argument 'cmake_force_configure' from command line to 'False'
[0.255s] Level 5:colcon.colcon_core.verb:set package 'two_wheeled_robot' build argument 'ament_cmake_args' from command line to 'None'
[0.255s] Level 5:colcon.colcon_core.verb:set package 'two_wheeled_robot' build argument 'catkin_cmake_args' from command line to 'None'
[0.255s] Level 5:colcon.colcon_core.verb:set package 'two_wheeled_robot' build argument 'catkin_skip_building_tests' from command line to 'False'
[0.255s] DEBUG:colcon.colcon_core.verb:Building package 'two_wheeled_robot' with the following arguments: {'ament_cmake_args': None, 'build_base': '/home/park/dev_ws/build/two_wheeled_robot', 'catkin_cmake_args': None, 'catkin_skip_building_tests': False, 'cmake_args': None, 'cmake_clean_cache': False, 'cmake_clean_first': False, 'cmake_force_configure': False, 'cmake_target': None, 'cmake_target_skip_unavailable': False, 'install_base': '/home/park/dev_ws/install/two_wheeled_robot', 'merge_install': False, 'path': '/home/park/dev_ws/src/two_wheeled_robot/two_wheeled_robot', 'symlink_install': False, 'test_result_base': None}
[0.255s] Level 5:colcon.colcon_core.verb:set package 'yolo_msgs' build argument 'cmake_args' from command line to 'None'
[0.255s] Level 5:colcon.colcon_core.verb:set package 'yolo_msgs' build argument 'cmake_target' from command line to 'None'
[0.255s] Level 5:colcon.colcon_core.verb:set package 'yolo_msgs' build argument 'cmake_target_skip_unavailable' from command line to 'False'
[0.255s] Level 5:colcon.colcon_core.verb:set package 'yolo_msgs' build argument 'cmake_clean_cache' from command line to 'False'
[0.255s] Level 5:colcon.colcon_core.verb:set package 'yolo_msgs' build argument 'cmake_clean_first' from command line to 'False'
[0.255s] Level 5:colcon.colcon_core.verb:set package 'yolo_msgs' build argument 'cmake_force_configure' from command line to 'False'
[0.255s] Level 5:colcon.colcon_core.verb:set package 'yolo_msgs' build argument 'ament_cmake_args' from command line to 'None'
[0.255s] Level 5:colcon.colcon_core.verb:set package 'yolo_msgs' build argument 'catkin_cmake_args' from command line to 'None'
[0.255s] Level 5:colcon.colcon_core.verb:set package 'yolo_msgs' build argument 'catkin_skip_building_tests' from command line to 'False'
[0.256s] DEBUG:colcon.colcon_core.verb:Building package 'yolo_msgs' with the following arguments: {'ament_cmake_args': None, 'build_base': '/home/park/dev_ws/build/yolo_msgs', 'catkin_cmake_args': None, 'catkin_skip_building_tests': False, 'cmake_args': None, 'cmake_clean_cache': False, 'cmake_clean_first': False, 'cmake_force_configure': False, 'cmake_target': None, 'cmake_target_skip_unavailable': False, 'install_base': '/home/park/dev_ws/install/yolo_msgs', 'merge_install': False, 'path': '/home/park/dev_ws/src/ros2_yolo/yolo_msgs', 'symlink_install': False, 'test_result_base': None}
[0.256s] Level 5:colcon.colcon_core.verb:set package 'yolo_ros' build argument 'cmake_args' from command line to 'None'
[0.256s] Level 5:colcon.colcon_core.verb:set package 'yolo_ros' build argument 'cmake_target' from command line to 'None'
[0.256s] Level 5:colcon.colcon_core.verb:set package 'yolo_ros' build argument 'cmake_target_skip_unavailable' from command line to 'False'
[0.256s] Level 5:colcon.colcon_core.verb:set package 'yolo_ros' build argument 'cmake_clean_cache' from command line to 'False'
[0.256s] Level 5:colcon.colcon_core.verb:set package 'yolo_ros' build argument 'cmake_clean_first' from command line to 'False'
[0.256s] Level 5:colcon.colcon_core.verb:set package 'yolo_ros' build argument 'cmake_force_configure' from command line to 'False'
[0.256s] Level 5:colcon.colcon_core.verb:set package 'yolo_ros' build argument 'ament_cmake_args' from command line to 'None'
[0.256s] Level 5:colcon.colcon_core.verb:set package 'yolo_ros' build argument 'catkin_cmake_args' from command line to 'None'
[0.256s] Level 5:colcon.colcon_core.verb:set package 'yolo_ros' build argument 'catkin_skip_building_tests' from command line to 'False'
[0.256s] DEBUG:colcon.colcon_core.verb:Building package 'yolo_ros' with the following arguments: {'ament_cmake_args': None, 'build_base': '/home/park/dev_ws/build/yolo_ros', 'catkin_cmake_args': None, 'catkin_skip_building_tests': False, 'cmake_args': None, 'cmake_clean_cache': False, 'cmake_clean_first': False, 'cmake_force_configure': False, 'cmake_target': None, 'cmake_target_skip_unavailable': False, 'install_base': '/home/park/dev_ws/install/yolo_ros', 'merge_install': False, 'path': '/home/park/dev_ws/src/ros2_yolo/yolo_ros', 'symlink_install': False, 'test_result_base': None}
[0.256s] Level 5:colcon.colcon_core.verb:set package 'yolo_bringup' build argument 'cmake_args' from command line to 'None'
[0.256s] Level 5:colcon.colcon_core.verb:set package 'yolo_bringup' build argument 'cmake_target' from command line to 'None'
[0.256s] Level 5:colcon.colcon_core.verb:set package 'yolo_bringup' build argument 'cmake_target_skip_unavailable' from command line to 'False'
[0.256s] Level 5:colcon.colcon_core.verb:set package 'yolo_bringup' build argument 'cmake_clean_cache' from command line to 'False'
[0.256s] Level 5:colcon.colcon_core.verb:set package 'yolo_bringup' build argument 'cmake_clean_first' from command line to 'False'
[0.256s] Level 5:colcon.colcon_core.verb:set package 'yolo_bringup' build argument 'cmake_force_configure' from command line to 'False'
[0.256s] Level 5:colcon.colcon_core.verb:set package 'yolo_bringup' build argument 'ament_cmake_args' from command line to 'None'
[0.256s] Level 5:colcon.colcon_core.verb:set package 'yolo_bringup' build argument 'catkin_cmake_args' from command line to 'None'
[0.256s] Level 5:colcon.colcon_core.verb:set package 'yolo_bringup' build argument 'catkin_skip_building_tests' from command line to 'False'
[0.256s] DEBUG:colcon.colcon_core.verb:Building package 'yolo_bringup' with the following arguments: {'ament_cmake_args': None, 'build_base': '/home/park/dev_ws/build/yolo_bringup', 'catkin_cmake_args': None, 'catkin_skip_building_tests': False, 'cmake_args': None, 'cmake_clean_cache': False, 'cmake_clean_first': False, 'cmake_force_configure': False, 'cmake_target': None, 'cmake_target_skip_unavailable': False, 'install_base': '/home/park/dev_ws/install/yolo_bringup', 'merge_install': False, 'path': '/home/park/dev_ws/src/ros2_yolo/yolo_bringup', 'symlink_install': False, 'test_result_base': None}
[0.257s] INFO:colcon.colcon_core.executor:Executing jobs using 'parallel' executor
[0.258s] DEBUG:colcon.colcon_parallel_executor.executor.parallel:run_until_complete
[0.258s] INFO:colcon.colcon_ros.task.ament_cmake.build:Building ROS package in '/home/park/dev_ws/src/ros2_yolo/yolo_msgs' with build type 'ament_cmake'
[0.258s] INFO:colcon.colcon_cmake.task.cmake.build:Building CMake package in '/home/park/dev_ws/src/ros2_yolo/yolo_msgs'
[0.261s] INFO:colcon.colcon_core.plugin_system:Skipping extension 'colcon_core.shell.bat': Not used on non-Windows systems
[0.261s] INFO:colcon.colcon_core.shell:Skip shell extension 'powershell' for command environment: Not usable outside of PowerShell
[0.261s] DEBUG:colcon.colcon_core.shell:Skip shell extension 'dsv' for command environment
[0.266s] INFO:colcon.colcon_ros.task.ament_cmake.build:Building ROS package in '/home/park/dev_ws/src/cpp_service_tutorial' with build type 'ament_cmake'
[0.267s] INFO:colcon.colcon_cmake.task.cmake.build:Building CMake package in '/home/park/dev_ws/src/cpp_service_tutorial'
[0.267s] INFO:colcon.colcon_core.shell:Skip shell extension 'powershell' for command environment: Not usable outside of PowerShell
[0.267s] DEBUG:colcon.colcon_core.shell:Skip shell extension 'dsv' for command environment
[0.272s] INFO:colcon.colcon_ros.task.ament_cmake.build:Building ROS package in '/home/park/dev_ws/src/my_test_pkg' with build type 'ament_cmake'
[0.272s] INFO:colcon.colcon_cmake.task.cmake.build:Building CMake package in '/home/park/dev_ws/src/my_test_pkg'
[0.272s] INFO:colcon.colcon_core.shell:Skip shell extension 'powershell' for command environment: Not usable outside of PowerShell
[0.272s] DEBUG:colcon.colcon_core.shell:Skip shell extension 'dsv' for command environment
[0.276s] INFO:colcon.colcon_ros.task.ament_cmake.build:Building ROS package in '/home/park/dev_ws/src/two_wheeled_robot/two_wheeled_robot' with build type 'ament_cmake'
[0.277s] INFO:colcon.colcon_cmake.task.cmake.build:Building CMake package in '/home/park/dev_ws/src/two_wheeled_robot/two_wheeled_robot'
[0.277s] INFO:colcon.colcon_core.shell:Skip shell extension 'powershell' for command environment: Not usable outside of PowerShell
[0.277s] DEBUG:colcon.colcon_core.shell:Skip shell extension 'dsv' for command environment
[0.304s] DEBUG:colcon.colcon_core.event_handler.log_command:Invoking command in '/home/park/dev_ws/build/yolo_msgs': CMAKE_PREFIX_PATH=${CMAKE_PREFIX_PATH}:/home/park/turtlebot3_ws/install/my_map_utils:/home/park/dev_ws/install/yolo_ros:/opt/ros/humble /usr/bin/cmake --build /home/park/dev_ws/build/yolo_msgs -- -j22 -l22
[0.307s] DEBUG:colcon.colcon_core.event_handler.log_command:Invoking command in '/home/park/dev_ws/build/cpp_service_tutorial': CMAKE_PREFIX_PATH=${CMAKE_PREFIX_PATH}:/home/park/turtlebot3_ws/install/my_map_utils:/home/park/dev_ws/install/yolo_ros:/opt/ros/humble /usr/bin/cmake --build /home/park/dev_ws/build/cpp_service_tutorial -- -j22 -l22
[0.310s] DEBUG:colcon.colcon_core.event_handler.log_command:Invoking command in '/home/park/dev_ws/build/my_test_pkg': CMAKE_PREFIX_PATH=${CMAKE_PREFIX_PATH}:/home/park/turtlebot3_ws/install/my_map_utils:/home/park/dev_ws/install/yolo_ros:/opt/ros/humble /usr/bin/cmake --build /home/park/dev_ws/build/my_test_pkg -- -j22 -l22
[0.315s] DEBUG:colcon.colcon_core.event_handler.log_command:Invoking command in '/home/park/dev_ws/build/two_wheeled_robot': CMAKE_PREFIX_PATH=${CMAKE_PREFIX_PATH}:/home/park/turtlebot3_ws/install/my_map_utils:/home/park/dev_ws/install/yolo_ros:/opt/ros/humble /usr/bin/cmake --build /home/park/dev_ws/build/two_wheeled_robot -- -j22 -l22
[0.356s] DEBUG:colcon.colcon_core.event_handler.log_command:Invoked command in '/home/park/dev_ws/build/cpp_service_tutorial' returned '0': CMAKE_PREFIX_PATH=${CMAKE_PREFIX_PATH}:/home/park/turtlebot3_ws/install/my_map_utils:/home/park/dev_ws/install/yolo_ros:/opt/ros/humble /usr/bin/cmake --build /home/park/dev_ws/build/cpp_service_tutorial -- -j22 -l22
[0.370s] DEBUG:colcon.colcon_core.event_handler.log_command:Invoking command in '/home/park/dev_ws/build/cpp_service_tutorial': CMAKE_PREFIX_PATH=${CMAKE_PREFIX_PATH}:/home/park/turtlebot3_ws/install/my_map_utils:/home/park/dev_ws/install/yolo_ros:/opt/ros/humble /usr/bin/cmake --install /home/park/dev_ws/build/cpp_service_tutorial
[0.371s] DEBUG:colcon.colcon_core.event_handler.log_command:Invoked command in '/home/park/dev_ws/build/two_wheeled_robot' returned '0': CMAKE_PREFIX_PATH=${CMAKE_PREFIX_PATH}:/home/park/turtlebot3_ws/install/my_map_utils:/home/park/dev_ws/install/yolo_ros:/opt/ros/humble /usr/bin/cmake --build /home/park/dev_ws/build/two_wheeled_robot -- -j22 -l22
[0.373s] DEBUG:colcon.colcon_core.event_handler.log_command:Invoking command in '/home/park/dev_ws/build/two_wheeled_robot': CMAKE_PREFIX_PATH=${CMAKE_PREFIX_PATH}:/home/park/turtlebot3_ws/install/my_map_utils:/home/park/dev_ws/install/yolo_ros:/opt/ros/humble /usr/bin/cmake --install /home/park/dev_ws/build/two_wheeled_robot
[0.378s] Level 1:colcon.colcon_core.environment:create_environment_scripts_only(cpp_service_tutorial)
[0.379s] DEBUG:colcon.colcon_core.event_handler.log_command:Invoked command in '/home/park/dev_ws/build/cpp_service_tutorial' returned '0': CMAKE_PREFIX_PATH=${CMAKE_PREFIX_PATH}:/home/park/turtlebot3_ws/install/my_map_utils:/home/park/dev_ws/install/yolo_ros:/opt/ros/humble /usr/bin/cmake --install /home/park/dev_ws/build/cpp_service_tutorial
[0.392s] Level 1:colcon.colcon_core.environment:checking '/home/park/dev_ws/install/cpp_service_tutorial' for CMake module files
[0.393s] Level 1:colcon.colcon_core.environment:checking '/home/park/dev_ws/install/cpp_service_tutorial' for CMake config files
[0.394s] Level 1:colcon.colcon_core.shell:create_environment_hook('cpp_service_tutorial', 'cmake_prefix_path')
[0.394s] INFO:colcon.colcon_core.shell:Creating environment hook '/home/park/dev_ws/install/cpp_service_tutorial/share/cpp_service_tutorial/hook/cmake_prefix_path.ps1'
[0.396s] INFO:colcon.colcon_core.shell:Creating environment descriptor '/home/park/dev_ws/install/cpp_service_tutorial/share/cpp_service_tutorial/hook/cmake_prefix_path.dsv'
[0.397s] INFO:colcon.colcon_core.shell:Creating environment hook '/home/park/dev_ws/install/cpp_service_tutorial/share/cpp_service_tutorial/hook/cmake_prefix_path.sh'
[0.399s] Level 1:colcon.colcon_core.environment:checking '/home/park/dev_ws/install/cpp_service_tutorial/bin'
[0.399s] Level 1:colcon.colcon_core.environment:checking '/home/park/dev_ws/install/cpp_service_tutorial/lib/pkgconfig/cpp_service_tutorial.pc'
[0.399s] Level 1:colcon.colcon_core.environment:checking '/home/park/dev_ws/install/cpp_service_tutorial/lib/python3.10/site-packages'
[0.399s] Level 1:colcon.colcon_core.environment:checking '/home/park/dev_ws/install/cpp_service_tutorial/bin'
[0.400s] INFO:colcon.colcon_core.shell:Creating package script '/home/park/dev_ws/install/cpp_service_tutorial/share/cpp_service_tutorial/package.ps1'
[0.401s] INFO:colcon.colcon_core.shell:Creating package descriptor '/home/park/dev_ws/install/cpp_service_tutorial/share/cpp_service_tutorial/package.dsv'
[0.402s] INFO:colcon.colcon_core.shell:Creating package script '/home/park/dev_ws/install/cpp_service_tutorial/share/cpp_service_tutorial/package.sh'
[0.403s] INFO:colcon.colcon_core.shell:Creating package script '/home/park/dev_ws/install/cpp_service_tutorial/share/cpp_service_tutorial/package.bash'
[0.404s] INFO:colcon.colcon_core.shell:Creating package script '/home/park/dev_ws/install/cpp_service_tutorial/share/cpp_service_tutorial/package.zsh'
[0.405s] Level 1:colcon.colcon_core.environment:create_file_with_runtime_dependencies(/home/park/dev_ws/install/cpp_service_tutorial/share/colcon-core/packages/cpp_service_tutorial)
[0.406s] Level 1:colcon.colcon_core.environment:create_environment_scripts_only(cpp_service_tutorial)
[0.407s] Level 1:colcon.colcon_core.environment:checking '/home/park/dev_ws/install/cpp_service_tutorial' for CMake module files
[0.408s] Level 1:colcon.colcon_core.environment:checking '/home/park/dev_ws/install/cpp_service_tutorial' for CMake config files
[0.408s] Level 1:colcon.colcon_core.shell:create_environment_hook('cpp_service_tutorial', 'cmake_prefix_path')
[0.408s] INFO:colcon.colcon_core.shell:Creating environment hook '/home/park/dev_ws/install/cpp_service_tutorial/share/cpp_service_tutorial/hook/cmake_prefix_path.ps1'
[0.409s] INFO:colcon.colcon_core.shell:Creating environment descriptor '/home/park/dev_ws/install/cpp_service_tutorial/share/cpp_service_tutorial/hook/cmake_prefix_path.dsv'
[0.409s] INFO:colcon.colcon_core.shell:Creating environment hook '/home/park/dev_ws/install/cpp_service_tutorial/share/cpp_service_tutorial/hook/cmake_prefix_path.sh'
[0.411s] Level 1:colcon.colcon_core.environment:checking '/home/park/dev_ws/install/cpp_service_tutorial/bin'
[0.411s] Level 1:colcon.colcon_core.environment:checking '/home/park/dev_ws/install/cpp_service_tutorial/lib/pkgconfig/cpp_service_tutorial.pc'
[0.411s] Level 1:colcon.colcon_core.environment:checking '/home/park/dev_ws/install/cpp_service_tutorial/lib/python3.10/site-packages'
[0.412s] Level 1:colcon.colcon_core.environment:checking '/home/park/dev_ws/install/cpp_service_tutorial/bin'
[0.413s] INFO:colcon.colcon_core.shell:Creating package script '/home/park/dev_ws/install/cpp_service_tutorial/share/cpp_service_tutorial/package.ps1'
[0.415s] INFO:colcon.colcon_core.shell:Creating package descriptor '/home/park/dev_ws/install/cpp_service_tutorial/share/cpp_service_tutorial/package.dsv'
[0.416s] INFO:colcon.colcon_core.shell:Creating package script '/home/park/dev_ws/install/cpp_service_tutorial/share/cpp_service_tutorial/package.sh'
[0.416s] INFO:colcon.colcon_core.shell:Creating package script '/home/park/dev_ws/install/cpp_service_tutorial/share/cpp_service_tutorial/package.bash'
[0.417s] INFO:colcon.colcon_core.shell:Creating package script '/home/park/dev_ws/install/cpp_service_tutorial/share/cpp_service_tutorial/package.zsh'
[0.418s] Level 1:colcon.colcon_core.environment:create_file_with_runtime_dependencies(/home/park/dev_ws/install/cpp_service_tutorial/share/colcon-core/packages/cpp_service_tutorial)
[0.420s] DEBUG:colcon.colcon_core.event_handler.log_command:Invoked command in '/home/park/dev_ws/build/my_test_pkg' returned '0': CMAKE_PREFIX_PATH=${CMAKE_PREFIX_PATH}:/home/park/turtlebot3_ws/install/my_map_utils:/home/park/dev_ws/install/yolo_ros:/opt/ros/humble /usr/bin/cmake --build /home/park/dev_ws/build/my_test_pkg -- -j22 -l22
[0.422s] DEBUG:colcon.colcon_core.event_handler.log_command:Invoking command in '/home/park/dev_ws/build/my_test_pkg': CMAKE_PREFIX_PATH=${CMAKE_PREFIX_PATH}:/home/park/turtlebot3_ws/install/my_map_utils:/home/park/dev_ws/install/yolo_ros:/opt/ros/humble /usr/bin/cmake --install /home/park/dev_ws/build/my_test_pkg
[0.422s] Level 1:colcon.colcon_core.environment:create_environment_scripts_only(two_wheeled_robot)
[0.423s] DEBUG:colcon.colcon_core.event_handler.log_command:Invoked command in '/home/park/dev_ws/build/two_wheeled_robot' returned '0': CMAKE_PREFIX_PATH=${CMAKE_PREFIX_PATH}:/home/park/turtlebot3_ws/install/my_map_utils:/home/park/dev_ws/install/yolo_ros:/opt/ros/humble /usr/bin/cmake --install /home/park/dev_ws/build/two_wheeled_robot
[0.423s] Level 1:colcon.colcon_core.environment:checking '/home/park/dev_ws/install/two_wheeled_robot' for CMake module files
[0.424s] Level 1:colcon.colcon_core.environment:checking '/home/park/dev_ws/install/two_wheeled_robot' for CMake config files
[0.424s] Level 1:colcon.colcon_core.shell:create_environment_hook('two_wheeled_robot', 'cmake_prefix_path')
[0.424s] INFO:colcon.colcon_core.shell:Creating environment hook '/home/park/dev_ws/install/two_wheeled_robot/share/two_wheeled_robot/hook/cmake_prefix_path.ps1'
[0.425s] INFO:colcon.colcon_core.shell:Creating environment descriptor '/home/park/dev_ws/install/two_wheeled_robot/share/two_wheeled_robot/hook/cmake_prefix_path.dsv'
[0.425s] INFO:colcon.colcon_core.shell:Creating environment hook '/home/park/dev_ws/install/two_wheeled_robot/share/two_wheeled_robot/hook/cmake_prefix_path.sh'
[0.426s] Level 1:colcon.colcon_core.environment:checking '/home/park/dev_ws/install/two_wheeled_robot/bin'
[0.426s] Level 1:colcon.colcon_core.environment:checking '/home/park/dev_ws/install/two_wheeled_robot/lib/pkgconfig/two_wheeled_robot.pc'
[0.426s] Level 1:colcon.colcon_core.environment:checking '/home/park/dev_ws/install/two_wheeled_robot/lib/python3.10/site-packages'
[0.426s] Level 1:colcon.colcon_core.environment:checking '/home/park/dev_ws/install/two_wheeled_robot/bin'
[0.427s] INFO:colcon.colcon_core.shell:Creating package script '/home/park/dev_ws/install/two_wheeled_robot/share/two_wheeled_robot/package.ps1'
[0.427s] INFO:colcon.colcon_core.shell:Creating package descriptor '/home/park/dev_ws/install/two_wheeled_robot/share/two_wheeled_robot/package.dsv'
[0.428s] INFO:colcon.colcon_core.shell:Creating package script '/home/park/dev_ws/install/two_wheeled_robot/share/two_wheeled_robot/package.sh'
[0.428s] INFO:colcon.colcon_core.shell:Creating package script '/home/park/dev_ws/install/two_wheeled_robot/share/two_wheeled_robot/package.bash'
[0.428s] INFO:colcon.colcon_core.shell:Creating package script '/home/park/dev_ws/install/two_wheeled_robot/share/two_wheeled_robot/package.zsh'
[0.429s] Level 1:colcon.colcon_core.environment:create_file_with_runtime_dependencies(/home/park/dev_ws/install/two_wheeled_robot/share/colcon-core/packages/two_wheeled_robot)
[0.429s] Level 1:colcon.colcon_core.environment:create_environment_scripts_only(two_wheeled_robot)
[0.430s] Level 1:colcon.colcon_core.environment:checking '/home/park/dev_ws/install/two_wheeled_robot' for CMake module files
[0.430s] Level 1:colcon.colcon_core.environment:checking '/home/park/dev_ws/install/two_wheeled_robot' for CMake config files
[0.430s] Level 1:colcon.colcon_core.shell:create_environment_hook('two_wheeled_robot', 'cmake_prefix_path')
[0.431s] INFO:colcon.colcon_core.shell:Creating environment hook '/home/park/dev_ws/install/two_wheeled_robot/share/two_wheeled_robot/hook/cmake_prefix_path.ps1'
[0.432s] INFO:colcon.colcon_core.shell:Creating environment descriptor '/home/park/dev_ws/install/two_wheeled_robot/share/two_wheeled_robot/hook/cmake_prefix_path.dsv'
[0.433s] INFO:colcon.colcon_core.shell:Creating environment hook '/home/park/dev_ws/install/two_wheeled_robot/share/two_wheeled_robot/hook/cmake_prefix_path.sh'
[0.434s] Level 1:colcon.colcon_core.environment:checking '/home/park/dev_ws/install/two_wheeled_robot/bin'
[0.434s] Level 1:colcon.colcon_core.environment:checking '/home/park/dev_ws/install/two_wheeled_robot/lib/pkgconfig/two_wheeled_robot.pc'
[0.434s] Level 1:colcon.colcon_core.environment:checking '/home/park/dev_ws/install/two_wheeled_robot/lib/python3.10/site-packages'
[0.435s] Level 1:colcon.colcon_core.environment:checking '/home/park/dev_ws/install/two_wheeled_robot/bin'
[0.435s] INFO:colcon.colcon_core.shell:Creating package script '/home/park/dev_ws/install/two_wheeled_robot/share/two_wheeled_robot/package.ps1'
[0.435s] INFO:colcon.colcon_core.shell:Creating package descriptor '/home/park/dev_ws/install/two_wheeled_robot/share/two_wheeled_robot/package.dsv'
[0.436s] INFO:colcon.colcon_core.shell:Creating package script '/home/park/dev_ws/install/two_wheeled_robot/share/two_wheeled_robot/package.sh'
[0.436s] INFO:colcon.colcon_core.shell:Creating package script '/home/park/dev_ws/install/two_wheeled_robot/share/two_wheeled_robot/package.bash'
[0.437s] INFO:colcon.colcon_core.shell:Creating package script '/home/park/dev_ws/install/two_wheeled_robot/share/two_wheeled_robot/package.zsh'
[0.437s] Level 1:colcon.colcon_core.environment:create_file_with_runtime_dependencies(/home/park/dev_ws/install/two_wheeled_robot/share/colcon-core/packages/two_wheeled_robot)
[0.439s] Level 1:colcon.colcon_core.environment:create_environment_scripts_only(my_test_pkg)
[0.439s] Level 1:colcon.colcon_core.environment:checking '/home/park/dev_ws/install/my_test_pkg' for CMake module files
[0.440s] DEBUG:colcon.colcon_core.event_handler.log_command:Invoked command in '/home/park/dev_ws/build/my_test_pkg' returned '0': CMAKE_PREFIX_PATH=${CMAKE_PREFIX_PATH}:/home/park/turtlebot3_ws/install/my_map_utils:/home/park/dev_ws/install/yolo_ros:/opt/ros/humble /usr/bin/cmake --install /home/park/dev_ws/build/my_test_pkg
[0.440s] Level 1:colcon.colcon_core.environment:checking '/home/park/dev_ws/install/my_test_pkg' for CMake config files
[0.440s] Level 1:colcon.colcon_core.shell:create_environment_hook('my_test_pkg', 'cmake_prefix_path')
[0.441s] INFO:colcon.colcon_core.shell:Creating environment hook '/home/park/dev_ws/install/my_test_pkg/share/my_test_pkg/hook/cmake_prefix_path.ps1'
[0.441s] INFO:colcon.colcon_core.shell:Creating environment descriptor '/home/park/dev_ws/install/my_test_pkg/share/my_test_pkg/hook/cmake_prefix_path.dsv'
[0.442s] INFO:colcon.colcon_core.shell:Creating environment hook '/home/park/dev_ws/install/my_test_pkg/share/my_test_pkg/hook/cmake_prefix_path.sh'
[0.442s] Level 1:colcon.colcon_core.environment:checking '/home/park/dev_ws/install/my_test_pkg/lib'
[0.443s] Level 1:colcon.colcon_core.environment:checking '/home/park/dev_ws/install/my_test_pkg/bin'
[0.443s] Level 1:colcon.colcon_core.environment:checking '/home/park/dev_ws/install/my_test_pkg/lib/pkgconfig/my_test_pkg.pc'
[0.443s] Level 1:colcon.colcon_core.environment:checking '/home/park/dev_ws/install/my_test_pkg/lib/python3.10/site-packages'
[0.443s] Level 1:colcon.colcon_core.environment:checking '/home/park/dev_ws/install/my_test_pkg/bin'
[0.443s] INFO:colcon.colcon_core.shell:Creating package script '/home/park/dev_ws/install/my_test_pkg/share/my_test_pkg/package.ps1'
[0.444s] INFO:colcon.colcon_core.shell:Creating package descriptor '/home/park/dev_ws/install/my_test_pkg/share/my_test_pkg/package.dsv'
[0.444s] INFO:colcon.colcon_core.shell:Creating package script '/home/park/dev_ws/install/my_test_pkg/share/my_test_pkg/package.sh'
[0.445s] INFO:colcon.colcon_core.shell:Creating package script '/home/park/dev_ws/install/my_test_pkg/share/my_test_pkg/package.bash'
[0.445s] INFO:colcon.colcon_core.shell:Creating package script '/home/park/dev_ws/install/my_test_pkg/share/my_test_pkg/package.zsh'
[0.445s] Level 1:colcon.colcon_core.environment:create_file_with_runtime_dependencies(/home/park/dev_ws/install/my_test_pkg/share/colcon-core/packages/my_test_pkg)
[0.446s] Level 1:colcon.colcon_core.environment:create_environment_scripts_only(my_test_pkg)
[0.446s] Level 1:colcon.colcon_core.environment:checking '/home/park/dev_ws/install/my_test_pkg' for CMake module files
[0.447s] Level 1:colcon.colcon_core.environment:checking '/home/park/dev_ws/install/my_test_pkg' for CMake config files
[0.447s] Level 1:colcon.colcon_core.shell:create_environment_hook('my_test_pkg', 'cmake_prefix_path')
[0.447s] INFO:colcon.colcon_core.shell:Creating environment hook '/home/park/dev_ws/install/my_test_pkg/share/my_test_pkg/hook/cmake_prefix_path.ps1'
[0.448s] INFO:colcon.colcon_core.shell:Creating environment descriptor '/home/park/dev_ws/install/my_test_pkg/share/my_test_pkg/hook/cmake_prefix_path.dsv'
[0.448s] INFO:colcon.colcon_core.shell:Creating environment hook '/home/park/dev_ws/install/my_test_pkg/share/my_test_pkg/hook/cmake_prefix_path.sh'
[0.448s] Level 1:colcon.colcon_core.environment:checking '/home/park/dev_ws/install/my_test_pkg/lib'
[0.449s] Level 1:colcon.colcon_core.environment:checking '/home/park/dev_ws/install/my_test_pkg/bin'
[0.449s] Level 1:colcon.colcon_core.environment:checking '/home/park/dev_ws/install/my_test_pkg/lib/pkgconfig/my_test_pkg.pc'
[0.449s] Level 1:colcon.colcon_core.environment:checking '/home/park/dev_ws/install/my_test_pkg/lib/python3.10/site-packages'
[0.449s] Level 1:colcon.colcon_core.environment:checking '/home/park/dev_ws/install/my_test_pkg/bin'
[0.449s] INFO:colcon.colcon_core.shell:Creating package script '/home/park/dev_ws/install/my_test_pkg/share/my_test_pkg/package.ps1'
[0.450s] INFO:colcon.colcon_core.shell:Creating package descriptor '/home/park/dev_ws/install/my_test_pkg/share/my_test_pkg/package.dsv'
[0.450s] INFO:colcon.colcon_core.shell:Creating package script '/home/park/dev_ws/install/my_test_pkg/share/my_test_pkg/package.sh'
[0.451s] INFO:colcon.colcon_core.shell:Creating package script '/home/park/dev_ws/install/my_test_pkg/share/my_test_pkg/package.bash'
[0.451s] INFO:colcon.colcon_core.shell:Creating package script '/home/park/dev_ws/install/my_test_pkg/share/my_test_pkg/package.zsh'
[0.452s] Level 1:colcon.colcon_core.environment:create_file_with_runtime_dependencies(/home/park/dev_ws/install/my_test_pkg/share/colcon-core/packages/my_test_pkg)
[0.744s] DEBUG:colcon.colcon_core.event_handler.log_command:Invoked command in '/home/park/dev_ws/build/yolo_msgs' returned '0': CMAKE_PREFIX_PATH=${CMAKE_PREFIX_PATH}:/home/park/turtlebot3_ws/install/my_map_utils:/home/park/dev_ws/install/yolo_ros:/opt/ros/humble /usr/bin/cmake --build /home/park/dev_ws/build/yolo_msgs -- -j22 -l22
[0.746s] DEBUG:colcon.colcon_core.event_handler.log_command:Invoking command in '/home/park/dev_ws/build/yolo_msgs': CMAKE_PREFIX_PATH=${CMAKE_PREFIX_PATH}:/home/park/turtlebot3_ws/install/my_map_utils:/home/park/dev_ws/install/yolo_ros:/opt/ros/humble /usr/bin/cmake --install /home/park/dev_ws/build/yolo_msgs
[0.819s] Level 1:colcon.colcon_core.environment:create_environment_scripts_only(yolo_msgs)
[0.819s] DEBUG:colcon.colcon_core.event_handler.log_command:Invoked command in '/home/park/dev_ws/build/yolo_msgs' returned '0': CMAKE_PREFIX_PATH=${CMAKE_PREFIX_PATH}:/home/park/turtlebot3_ws/install/my_map_utils:/home/park/dev_ws/install/yolo_ros:/opt/ros/humble /usr/bin/cmake --install /home/park/dev_ws/build/yolo_msgs
[0.820s] Level 1:colcon.colcon_core.environment:checking '/home/park/dev_ws/install/yolo_msgs' for CMake module files
[0.821s] Level 1:colcon.colcon_core.environment:checking '/home/park/dev_ws/install/yolo_msgs' for CMake config files
[0.821s] Level 1:colcon.colcon_core.shell:create_environment_hook('yolo_msgs', 'cmake_prefix_path')
[0.822s] INFO:colcon.colcon_core.shell:Creating environment hook '/home/park/dev_ws/install/yolo_msgs/share/yolo_msgs/hook/cmake_prefix_path.ps1'
[0.823s] INFO:colcon.colcon_core.shell:Creating environment descriptor '/home/park/dev_ws/install/yolo_msgs/share/yolo_msgs/hook/cmake_prefix_path.dsv'
[0.823s] INFO:colcon.colcon_core.shell:Creating environment hook '/home/park/dev_ws/install/yolo_msgs/share/yolo_msgs/hook/cmake_prefix_path.sh'
[0.824s] Level 1:colcon.colcon_core.environment:checking '/home/park/dev_ws/install/yolo_msgs/lib'
[0.824s] Level 1:colcon.colcon_core.shell:create_environment_hook('yolo_msgs', 'ld_library_path_lib')
[0.825s] INFO:colcon.colcon_core.shell:Creating environment hook '/home/park/dev_ws/install/yolo_msgs/share/yolo_msgs/hook/ld_library_path_lib.ps1'
[0.825s] INFO:colcon.colcon_core.shell:Creating environment descriptor '/home/park/dev_ws/install/yolo_msgs/share/yolo_msgs/hook/ld_library_path_lib.dsv'
[0.826s] INFO:colcon.colcon_core.shell:Creating environment hook '/home/park/dev_ws/install/yolo_msgs/share/yolo_msgs/hook/ld_library_path_lib.sh'
[0.826s] Level 1:colcon.colcon_core.environment:checking '/home/park/dev_ws/install/yolo_msgs/bin'
[0.826s] Level 1:colcon.colcon_core.environment:checking '/home/park/dev_ws/install/yolo_msgs/lib/pkgconfig/yolo_msgs.pc'
[0.826s] Level 1:colcon.colcon_core.environment:checking '/home/park/dev_ws/install/yolo_msgs/lib/python3.10/site-packages'
[0.827s] Level 1:colcon.colcon_core.environment:checking '/home/park/dev_ws/install/yolo_msgs/bin'
[0.827s] INFO:colcon.colcon_core.shell:Creating package script '/home/park/dev_ws/install/yolo_msgs/share/yolo_msgs/package.ps1'
[0.828s] INFO:colcon.colcon_core.shell:Creating package descriptor '/home/park/dev_ws/install/yolo_msgs/share/yolo_msgs/package.dsv'
[0.828s] INFO:colcon.colcon_core.shell:Creating package script '/home/park/dev_ws/install/yolo_msgs/share/yolo_msgs/package.sh'
[0.829s] INFO:colcon.colcon_core.shell:Creating package script '/home/park/dev_ws/install/yolo_msgs/share/yolo_msgs/package.bash'
[0.829s] INFO:colcon.colcon_core.shell:Creating package script '/home/park/dev_ws/install/yolo_msgs/share/yolo_msgs/package.zsh'
[0.829s] Level 1:colcon.colcon_core.environment:create_file_with_runtime_dependencies(/home/park/dev_ws/install/yolo_msgs/share/colcon-core/packages/yolo_msgs)
[0.830s] Level 1:colcon.colcon_core.environment:create_environment_scripts_only(yolo_msgs)
[0.830s] Level 1:colcon.colcon_core.environment:checking '/home/park/dev_ws/install/yolo_msgs' for CMake module files
[0.831s] Level 1:colcon.colcon_core.environment:checking '/home/park/dev_ws/install/yolo_msgs' for CMake config files
[0.831s] Level 1:colcon.colcon_core.shell:create_environment_hook('yolo_msgs', 'cmake_prefix_path')
[0.831s] INFO:colcon.colcon_core.shell:Creating environment hook '/home/park/dev_ws/install/yolo_msgs/share/yolo_msgs/hook/cmake_prefix_path.ps1'
[0.832s] INFO:colcon.colcon_core.shell:Creating environment descriptor '/home/park/dev_ws/install/yolo_msgs/share/yolo_msgs/hook/cmake_prefix_path.dsv'
[0.832s] INFO:colcon.colcon_core.shell:Creating environment hook '/home/park/dev_ws/install/yolo_msgs/share/yolo_msgs/hook/cmake_prefix_path.sh'
[0.833s] Level 1:colcon.colcon_core.environment:checking '/home/park/dev_ws/install/yolo_msgs/lib'
[0.833s] Level 1:colcon.colcon_core.shell:create_environment_hook('yolo_msgs', 'ld_library_path_lib')
[0.833s] INFO:colcon.colcon_core.shell:Creating environment hook '/home/park/dev_ws/install/yolo_msgs/share/yolo_msgs/hook/ld_library_path_lib.ps1'
[0.834s] INFO:colcon.colcon_core.shell:Creating environment descriptor '/home/park/dev_ws/install/yolo_msgs/share/yolo_msgs/hook/ld_library_path_lib.dsv'
[0.834s] INFO:colcon.colcon_core.shell:Creating environment hook '/home/park/dev_ws/install/yolo_msgs/share/yolo_msgs/hook/ld_library_path_lib.sh'
[0.834s] Level 1:colcon.colcon_core.environment:checking '/home/park/dev_ws/install/yolo_msgs/bin'
[0.835s] Level 1:colcon.colcon_core.environment:checking '/home/park/dev_ws/install/yolo_msgs/lib/pkgconfig/yolo_msgs.pc'
[0.835s] Level 1:colcon.colcon_core.environment:checking '/home/park/dev_ws/install/yolo_msgs/lib/python3.10/site-packages'
[0.835s] Level 1:colcon.colcon_core.environment:checking '/home/park/dev_ws/install/yolo_msgs/bin'
[0.835s] INFO:colcon.colcon_core.shell:Creating package script '/home/park/dev_ws/install/yolo_msgs/share/yolo_msgs/package.ps1'
[0.836s] INFO:colcon.colcon_core.shell:Creating package descriptor '/home/park/dev_ws/install/yolo_msgs/share/yolo_msgs/package.dsv'
[0.836s] INFO:colcon.colcon_core.shell:Creating package script '/home/park/dev_ws/install/yolo_msgs/share/yolo_msgs/package.sh'
[0.837s] INFO:colcon.colcon_core.shell:Creating package script '/home/park/dev_ws/install/yolo_msgs/share/yolo_msgs/package.bash'
[0.837s] INFO:colcon.colcon_core.shell:Creating package script '/home/park/dev_ws/install/yolo_msgs/share/yolo_msgs/package.zsh'
[0.838s] Level 1:colcon.colcon_core.environment:create_file_with_runtime_dependencies(/home/park/dev_ws/install/yolo_msgs/share/colcon-core/packages/yolo_msgs)
[0.838s] INFO:colcon.colcon_ros.task.ament_python.build:Building ROS package in '/home/park/dev_ws/src/ros2_yolo/yolo_ros' with build type 'ament_python'
[0.839s] Level 1:colcon.colcon_core.shell:create_environment_hook('yolo_ros', 'ament_prefix_path')
[0.839s] INFO:colcon.colcon_core.shell:Creating environment hook '/home/park/dev_ws/install/yolo_ros/share/yolo_ros/hook/ament_prefix_path.ps1'
[0.840s] INFO:colcon.colcon_core.shell:Creating environment descriptor '/home/park/dev_ws/install/yolo_ros/share/yolo_ros/hook/ament_prefix_path.dsv'
[0.840s] INFO:colcon.colcon_core.shell:Creating environment hook '/home/park/dev_ws/install/yolo_ros/share/yolo_ros/hook/ament_prefix_path.sh'
[0.841s] INFO:colcon.colcon_core.shell:Skip shell extension 'powershell' for command environment: Not usable outside of PowerShell
[0.841s] DEBUG:colcon.colcon_core.shell:Skip shell extension 'dsv' for command environment
[1.069s] INFO:colcon.colcon_core.task.python.build:Building Python package in '/home/park/dev_ws/src/ros2_yolo/yolo_ros'
[1.070s] INFO:colcon.colcon_core.shell:Skip shell extension 'powershell' for command environment: Not usable outside of PowerShell
[1.070s] DEBUG:colcon.colcon_core.shell:Skip shell extension 'dsv' for command environment
[1.610s] DEBUG:colcon.colcon_core.event_handler.log_command:Invoking command in '/home/park/dev_ws/src/ros2_yolo/yolo_ros': CMAKE_PREFIX_PATH=/home/park/dev_ws/install/yolo_msgs:/home/park/turtlebot3_ws/install/turtlebot3_simulations:/home/park/turtlebot3_ws/install/turtlebot3_gazebo:/home/park/turtlebot3_ws/install/turtlebot3_fake_node:/home/park/dev_ws/install/yolo_bringup:/home/park/dev_ws/install/two_wheeled_robot:/home/park/dev_ws/install/my_test_pkg:/home/park/dev_ws/install/cpp_service_tutorial PYTHONPATH=/home/park/dev_ws/build/yolo_ros/prefix_override:/usr/lib/python3/dist-packages/colcon_core/task/python/colcon_distutils_commands:/home/park/dev_ws/install/yolo_ros/lib/python3.10/site-packages:${PYTHONPATH} /usr/bin/python3 -W ignore:setup.py install is deprecated -W ignore:easy_install command is deprecated setup.py egg_info --egg-base ../../../build/yolo_ros build --build-base /home/park/dev_ws/build/yolo_ros/build install --record /home/park/dev_ws/build/yolo_ros/install.log --single-version-externally-managed install_data
[2.141s] Level 1:colcon.colcon_core.environment:checking '/home/park/dev_ws/install/yolo_ros' for CMake module files
[2.141s] DEBUG:colcon.colcon_core.event_handler.log_command:Invoked command in '/home/park/dev_ws/src/ros2_yolo/yolo_ros' returned '0': CMAKE_PREFIX_PATH=/home/park/dev_ws/install/yolo_msgs:/home/park/turtlebot3_ws/install/turtlebot3_simulations:/home/park/turtlebot3_ws/install/turtlebot3_gazebo:/home/park/turtlebot3_ws/install/turtlebot3_fake_node:/home/park/dev_ws/install/yolo_bringup:/home/park/dev_ws/install/two_wheeled_robot:/home/park/dev_ws/install/my_test_pkg:/home/park/dev_ws/install/cpp_service_tutorial PYTHONPATH=/home/park/dev_ws/build/yolo_ros/prefix_override:/usr/lib/python3/dist-packages/colcon_core/task/python/colcon_distutils_commands:/home/park/dev_ws/install/yolo_ros/lib/python3.10/site-packages:${PYTHONPATH} /usr/bin/python3 -W ignore:setup.py install is deprecated -W ignore:easy_install command is deprecated setup.py egg_info --egg-base ../../../build/yolo_ros build --build-base /home/park/dev_ws/build/yolo_ros/build install --record /home/park/dev_ws/build/yolo_ros/install.log --single-version-externally-managed install_data
[2.142s] Level 1:colcon.colcon_core.environment:checking '/home/park/dev_ws/install/yolo_ros' for CMake config files
[2.143s] Level 1:colcon.colcon_core.environment:checking '/home/park/dev_ws/install/yolo_ros/lib'
[2.143s] Level 1:colcon.colcon_core.environment:checking '/home/park/dev_ws/install/yolo_ros/bin'
[2.143s] Level 1:colcon.colcon_core.environment:checking '/home/park/dev_ws/install/yolo_ros/lib/pkgconfig/yolo_ros.pc'
[2.143s] Level 1:colcon.colcon_core.environment:checking '/home/park/dev_ws/install/yolo_ros/lib/python3.10/site-packages'
[2.143s] Level 1:colcon.colcon_core.shell:create_environment_hook('yolo_ros', 'pythonpath')
[2.143s] INFO:colcon.colcon_core.shell:Creating environment hook '/home/park/dev_ws/install/yolo_ros/share/yolo_ros/hook/pythonpath.ps1'
[2.144s] INFO:colcon.colcon_core.shell:Creating environment descriptor '/home/park/dev_ws/install/yolo_ros/share/yolo_ros/hook/pythonpath.dsv'
[2.145s] INFO:colcon.colcon_core.shell:Creating environment hook '/home/park/dev_ws/install/yolo_ros/share/yolo_ros/hook/pythonpath.sh'
[2.145s] Level 1:colcon.colcon_core.environment:checking '/home/park/dev_ws/install/yolo_ros/bin'
[2.145s] Level 1:colcon.colcon_core.environment:create_environment_scripts_only(yolo_ros)
[2.146s] INFO:colcon.colcon_core.shell:Creating package script '/home/park/dev_ws/install/yolo_ros/share/yolo_ros/package.ps1'
[2.147s] INFO:colcon.colcon_core.shell:Creating package descriptor '/home/park/dev_ws/install/yolo_ros/share/yolo_ros/package.dsv'
[2.147s] INFO:colcon.colcon_core.shell:Creating package script '/home/park/dev_ws/install/yolo_ros/share/yolo_ros/package.sh'
[2.148s] INFO:colcon.colcon_core.shell:Creating package script '/home/park/dev_ws/install/yolo_ros/share/yolo_ros/package.bash'
[2.148s] INFO:colcon.colcon_core.shell:Creating package script '/home/park/dev_ws/install/yolo_ros/share/yolo_ros/package.zsh'
[2.148s] Level 1:colcon.colcon_core.environment:create_file_with_runtime_dependencies(/home/park/dev_ws/install/yolo_ros/share/colcon-core/packages/yolo_ros)
[2.149s] INFO:colcon.colcon_ros.task.ament_cmake.build:Building ROS package in '/home/park/dev_ws/src/ros2_yolo/yolo_bringup' with build type 'ament_cmake'
[2.149s] INFO:colcon.colcon_cmake.task.cmake.build:Building CMake package in '/home/park/dev_ws/src/ros2_yolo/yolo_bringup'
[2.149s] INFO:colcon.colcon_core.shell:Skip shell extension 'powershell' for command environment: Not usable outside of PowerShell
[2.150s] DEBUG:colcon.colcon_core.shell:Skip shell extension 'dsv' for command environment
[2.164s] DEBUG:colcon.colcon_core.event_handler.log_command:Invoking command in '/home/park/dev_ws/build/yolo_bringup': AMENT_PREFIX_PATH=/home/park/dev_ws/install/yolo_ros:/home/park/turtlebot3_ws/install/turtlebot3_simulations:/home/park/turtlebot3_ws/install/turtlebot3_gazebo:/home/park/turtlebot3_ws/install/turtlebot3_fake_node:/home/park/turtlebot3_ws/install/my_map_utils:/home/park/dev_ws/install/yolo_bringup:/home/park/dev_ws/install/yolo_msgs:/home/park/dev_ws/install/two_wheeled_robot:/home/park/dev_ws/install/my_test_pkg:/home/park/dev_ws/install/cpp_service_tutorial:/opt/ros/humble CMAKE_PREFIX_PATH=/home/park/dev_ws/install/yolo_msgs:/home/park/turtlebot3_ws/install/turtlebot3_simulations:/home/park/turtlebot3_ws/install/turtlebot3_gazebo:/home/park/turtlebot3_ws/install/turtlebot3_fake_node:/home/park/dev_ws/install/yolo_bringup:/home/park/dev_ws/install/two_wheeled_robot:/home/park/dev_ws/install/my_test_pkg:/home/park/dev_ws/install/cpp_service_tutorial:/home/park/turtlebot3_ws/install/my_map_utils:/home/park/dev_ws/install/yolo_ros:/opt/ros/humble PYTHONPATH=/home/park/dev_ws/install/yolo_ros/lib/python3.10/site-packages:/home/park/turtlebot3_ws/install/my_map_utils/lib/python3.10/site-packages:/home/park/dev_ws/install/yolo_msgs/local/lib/python3.10/dist-packages:/opt/ros/humble/local/lib/python3.10/dist-packages:/opt/ros/humble/lib/python3.10/site-packages /usr/bin/cmake --build /home/park/dev_ws/build/yolo_bringup -- -j22 -l22
[2.207s] DEBUG:colcon.colcon_core.event_handler.log_command:Invoked command in '/home/park/dev_ws/build/yolo_bringup' returned '0': AMENT_PREFIX_PATH=/home/park/dev_ws/install/yolo_ros:/home/park/turtlebot3_ws/install/turtlebot3_simulations:/home/park/turtlebot3_ws/install/turtlebot3_gazebo:/home/park/turtlebot3_ws/install/turtlebot3_fake_node:/home/park/turtlebot3_ws/install/my_map_utils:/home/park/dev_ws/install/yolo_bringup:/home/park/dev_ws/install/yolo_msgs:/home/park/dev_ws/install/two_wheeled_robot:/home/park/dev_ws/install/my_test_pkg:/home/park/dev_ws/install/cpp_service_tutorial:/opt/ros/humble CMAKE_PREFIX_PATH=/home/park/dev_ws/install/yolo_msgs:/home/park/turtlebot3_ws/install/turtlebot3_simulations:/home/park/turtlebot3_ws/install/turtlebot3_gazebo:/home/park/turtlebot3_ws/install/turtlebot3_fake_node:/home/park/dev_ws/install/yolo_bringup:/home/park/dev_ws/install/two_wheeled_robot:/home/park/dev_ws/install/my_test_pkg:/home/park/dev_ws/install/cpp_service_tutorial:/home/park/turtlebot3_ws/install/my_map_utils:/home/park/dev_ws/install/yolo_ros:/opt/ros/humble PYTHONPATH=/home/park/dev_ws/install/yolo_ros/lib/python3.10/site-packages:/home/park/turtlebot3_ws/install/my_map_utils/lib/python3.10/site-packages:/home/park/dev_ws/install/yolo_msgs/local/lib/python3.10/dist-packages:/opt/ros/humble/local/lib/python3.10/dist-packages:/opt/ros/humble/lib/python3.10/site-packages /usr/bin/cmake --build /home/park/dev_ws/build/yolo_bringup -- -j22 -l22
[2.208s] DEBUG:colcon.colcon_core.event_handler.log_command:Invoking command in '/home/park/dev_ws/build/yolo_bringup': AMENT_PREFIX_PATH=/home/park/dev_ws/install/yolo_ros:/home/park/turtlebot3_ws/install/turtlebot3_simulations:/home/park/turtlebot3_ws/install/turtlebot3_gazebo:/home/park/turtlebot3_ws/install/turtlebot3_fake_node:/home/park/turtlebot3_ws/install/my_map_utils:/home/park/dev_ws/install/yolo_bringup:/home/park/dev_ws/install/yolo_msgs:/home/park/dev_ws/install/two_wheeled_robot:/home/park/dev_ws/install/my_test_pkg:/home/park/dev_ws/install/cpp_service_tutorial:/opt/ros/humble CMAKE_PREFIX_PATH=/home/park/dev_ws/install/yolo_msgs:/home/park/turtlebot3_ws/install/turtlebot3_simulations:/home/park/turtlebot3_ws/install/turtlebot3_gazebo:/home/park/turtlebot3_ws/install/turtlebot3_fake_node:/home/park/dev_ws/install/yolo_bringup:/home/park/dev_ws/install/two_wheeled_robot:/home/park/dev_ws/install/my_test_pkg:/home/park/dev_ws/install/cpp_service_tutorial:/home/park/turtlebot3_ws/install/my_map_utils:/home/park/dev_ws/install/yolo_ros:/opt/ros/humble PYTHONPATH=/home/park/dev_ws/install/yolo_ros/lib/python3.10/site-packages:/home/park/turtlebot3_ws/install/my_map_utils/lib/python3.10/site-packages:/home/park/dev_ws/install/yolo_msgs/local/lib/python3.10/dist-packages:/opt/ros/humble/local/lib/python3.10/dist-packages:/opt/ros/humble/lib/python3.10/site-packages /usr/bin/cmake --install /home/park/dev_ws/build/yolo_bringup
[2.222s] Level 1:colcon.colcon_core.environment:create_environment_scripts_only(yolo_bringup)
[2.223s] Level 1:colcon.colcon_core.environment:checking '/home/park/dev_ws/install/yolo_bringup' for CMake module files
[2.223s] DEBUG:colcon.colcon_core.event_handler.log_command:Invoked command in '/home/park/dev_ws/build/yolo_bringup' returned '0': AMENT_PREFIX_PATH=/home/park/dev_ws/install/yolo_ros:/home/park/turtlebot3_ws/install/turtlebot3_simulations:/home/park/turtlebot3_ws/install/turtlebot3_gazebo:/home/park/turtlebot3_ws/install/turtlebot3_fake_node:/home/park/turtlebot3_ws/install/my_map_utils:/home/park/dev_ws/install/yolo_bringup:/home/park/dev_ws/install/yolo_msgs:/home/park/dev_ws/install/two_wheeled_robot:/home/park/dev_ws/install/my_test_pkg:/home/park/dev_ws/install/cpp_service_tutorial:/opt/ros/humble CMAKE_PREFIX_PATH=/home/park/dev_ws/install/yolo_msgs:/home/park/turtlebot3_ws/install/turtlebot3_simulations:/home/park/turtlebot3_ws/install/turtlebot3_gazebo:/home/park/turtlebot3_ws/install/turtlebot3_fake_node:/home/park/dev_ws/install/yolo_bringup:/home/park/dev_ws/install/two_wheeled_robot:/home/park/dev_ws/install/my_test_pkg:/home/park/dev_ws/install/cpp_service_tutorial:/home/park/turtlebot3_ws/install/my_map_utils:/home/park/dev_ws/install/yolo_ros:/opt/ros/humble PYTHONPATH=/home/park/dev_ws/install/yolo_ros/lib/python3.10/site-packages:/home/park/turtlebot3_ws/install/my_map_utils/lib/python3.10/site-packages:/home/park/dev_ws/install/yolo_msgs/local/lib/python3.10/dist-packages:/opt/ros/humble/local/lib/python3.10/dist-packages:/opt/ros/humble/lib/python3.10/site-packages /usr/bin/cmake --install /home/park/dev_ws/build/yolo_bringup
[2.224s] Level 1:colcon.colcon_core.environment:checking '/home/park/dev_ws/install/yolo_bringup' for CMake config files
[2.224s] Level 1:colcon.colcon_core.shell:create_environment_hook('yolo_bringup', 'cmake_prefix_path')
[2.224s] INFO:colcon.colcon_core.shell:Creating environment hook '/home/park/dev_ws/install/yolo_bringup/share/yolo_bringup/hook/cmake_prefix_path.ps1'
[2.225s] INFO:colcon.colcon_core.shell:Creating environment descriptor '/home/park/dev_ws/install/yolo_bringup/share/yolo_bringup/hook/cmake_prefix_path.dsv'
[2.225s] INFO:colcon.colcon_core.shell:Creating environment hook '/home/park/dev_ws/install/yolo_bringup/share/yolo_bringup/hook/cmake_prefix_path.sh'
[2.226s] Level 1:colcon.colcon_core.environment:checking '/home/park/dev_ws/install/yolo_bringup/bin'
[2.226s] Level 1:colcon.colcon_core.environment:checking '/home/park/dev_ws/install/yolo_bringup/lib/pkgconfig/yolo_bringup.pc'
[2.226s] Level 1:colcon.colcon_core.environment:checking '/home/park/dev_ws/install/yolo_bringup/lib/python3.10/site-packages'
[2.227s] Level 1:colcon.colcon_core.environment:checking '/home/park/dev_ws/install/yolo_bringup/bin'
[2.227s] INFO:colcon.colcon_core.shell:Creating package script '/home/park/dev_ws/install/yolo_bringup/share/yolo_bringup/package.ps1'
[2.228s] INFO:colcon.colcon_core.shell:Creating package descriptor '/home/park/dev_ws/install/yolo_bringup/share/yolo_bringup/package.dsv'
[2.228s] INFO:colcon.colcon_core.shell:Creating package script '/home/park/dev_ws/install/yolo_bringup/share/yolo_bringup/package.sh'
[2.228s] INFO:colcon.colcon_core.shell:Creating package script '/home/park/dev_ws/install/yolo_bringup/share/yolo_bringup/package.bash'
[2.229s] INFO:colcon.colcon_core.shell:Creating package script '/home/park/dev_ws/install/yolo_bringup/share/yolo_bringup/package.zsh'
[2.229s] Level 1:colcon.colcon_core.environment:create_file_with_runtime_dependencies(/home/park/dev_ws/install/yolo_bringup/share/colcon-core/packages/yolo_bringup)
[2.230s] Level 1:colcon.colcon_core.environment:create_environment_scripts_only(yolo_bringup)
[2.230s] Level 1:colcon.colcon_core.environment:checking '/home/park/dev_ws/install/yolo_bringup' for CMake module files
[2.230s] Level 1:colcon.colcon_core.environment:checking '/home/park/dev_ws/install/yolo_bringup' for CMake config files
[2.231s] Level 1:colcon.colcon_core.shell:create_environment_hook('yolo_bringup', 'cmake_prefix_path')
[2.231s] INFO:colcon.colcon_core.shell:Creating environment hook '/home/park/dev_ws/install/yolo_bringup/share/yolo_bringup/hook/cmake_prefix_path.ps1'
[2.231s] INFO:colcon.colcon_core.shell:Creating environment descriptor '/home/park/dev_ws/install/yolo_bringup/share/yolo_bringup/hook/cmake_prefix_path.dsv'
[2.232s] INFO:colcon.colcon_core.shell:Creating environment hook '/home/park/dev_ws/install/yolo_bringup/share/yolo_bringup/hook/cmake_prefix_path.sh'
[2.232s] Level 1:colcon.colcon_core.environment:checking '/home/park/dev_ws/install/yolo_bringup/bin'
[2.232s] Level 1:colcon.colcon_core.environment:checking '/home/park/dev_ws/install/yolo_bringup/lib/pkgconfig/yolo_bringup.pc'
[2.233s] Level 1:colcon.colcon_core.environment:checking '/home/park/dev_ws/install/yolo_bringup/lib/python3.10/site-packages'
[2.233s] Level 1:colcon.colcon_core.environment:checking '/home/park/dev_ws/install/yolo_bringup/bin'
[2.233s] INFO:colcon.colcon_core.shell:Creating package script '/home/park/dev_ws/install/yolo_bringup/share/yolo_bringup/package.ps1'
[2.234s] INFO:colcon.colcon_core.shell:Creating package descriptor '/home/park/dev_ws/install/yolo_bringup/share/yolo_bringup/package.dsv'
[2.234s] INFO:colcon.colcon_core.shell:Creating package script '/home/park/dev_ws/install/yolo_bringup/share/yolo_bringup/package.sh'
[2.235s] INFO:colcon.colcon_core.shell:Creating package script '/home/park/dev_ws/install/yolo_bringup/share/yolo_bringup/package.bash'
[2.235s] INFO:colcon.colcon_core.shell:Creating package script '/home/park/dev_ws/install/yolo_bringup/share/yolo_bringup/package.zsh'
[2.235s] Level 1:colcon.colcon_core.environment:create_file_with_runtime_dependencies(/home/park/dev_ws/install/yolo_bringup/share/colcon-core/packages/yolo_bringup)
[2.236s] DEBUG:colcon.colcon_parallel_executor.executor.parallel:closing loop
[2.236s] DEBUG:colcon.colcon_parallel_executor.executor.parallel:loop closed
[2.236s] DEBUG:colcon.colcon_parallel_executor.executor.parallel:run_until_complete finished with '0'
[2.236s] DEBUG:colcon.colcon_core.event_reactor:joining thread
[2.244s] INFO:colcon.colcon_core.plugin_system:Skipping extension 'colcon_notification.desktop_notification.terminal_notifier': Not used on non-Darwin systems
[2.244s] INFO:colcon.colcon_core.plugin_system:Skipping extension 'colcon_notification.desktop_notification.win32': Not used on non-Windows systems
[2.244s] INFO:colcon.colcon_notification.desktop_notification:Sending desktop notification using 'notify2'
[2.259s] DEBUG:colcon.colcon_core.event_reactor:joined thread
[2.259s] INFO:colcon.colcon_core.shell:Creating prefix script '/home/park/dev_ws/install/local_setup.ps1'
[2.261s] INFO:colcon.colcon_core.shell:Creating prefix util module '/home/park/dev_ws/install/_local_setup_util_ps1.py'
[2.262s] INFO:colcon.colcon_core.shell:Creating prefix chain script '/home/park/dev_ws/install/setup.ps1'
[2.264s] INFO:colcon.colcon_core.shell:Creating prefix script '/home/park/dev_ws/install/local_setup.sh'
[2.264s] INFO:colcon.colcon_core.shell:Creating prefix util module '/home/park/dev_ws/install/_local_setup_util_sh.py'
[2.265s] INFO:colcon.colcon_core.shell:Creating prefix chain script '/home/park/dev_ws/install/setup.sh'
[2.267s] INFO:colcon.colcon_core.shell:Creating prefix script '/home/park/dev_ws/install/local_setup.bash'
[2.267s] INFO:colcon.colcon_core.shell:Creating prefix chain script '/home/park/dev_ws/install/setup.bash'
[2.269s] INFO:colcon.colcon_core.shell:Creating prefix script '/home/park/dev_ws/install/local_setup.zsh'
[2.270s] INFO:colcon.colcon_core.shell:Creating prefix chain script '/home/park/dev_ws/install/setup.zsh'
