[0.017s] Invoking command in '/home/park/dev_ws/build/cpp_service_tutorial': CMAKE_PREFIX_PATH=${CMAKE_PREFIX_PATH}:/home/park/turtlebot3_ws/install/my_map_utils:/home/park/dev_ws/install/yolo_ros:/opt/ros/humble /usr/bin/cmake /home/park/dev_ws/src/cpp_service_tutorial -DCMAKE_INSTALL_PREFIX=/home/park/dev_ws/install/cpp_service_tutorial
[0.086s] -- The C compiler identification is GNU 11.4.0
[0.152s] -- The CXX compiler identification is GNU 11.4.0
[0.160s] -- Detecting C compiler ABI info
[0.240s] -- Detecting C compiler ABI info - done
[0.249s] -- Check for working C compiler: /usr/bin/cc - skipped
[0.250s] -- Detecting C compile features
[0.250s] -- Detecting C compile features - done
[0.254s] -- Detecting CXX compiler ABI info
[0.348s] -- Detecting CXX compiler ABI info - done
[0.359s] -- Check for working CXX compiler: /usr/bin/c++ - skipped
[0.359s] -- Detecting CXX compile features
[0.360s] -- Detecting CXX compile features - done
[0.364s] -- Found ament_cmake: 1.3.11 (/opt/ros/humble/share/ament_cmake/cmake)
[0.794s] -- Found Python3: /usr/bin/python3 (found version "3.10.12") found components: Interpreter 
[0.914s] -- Found ament_lint_auto: 0.12.12 (/opt/ros/humble/share/ament_lint_auto/cmake)
[1.000s] -- Added test 'lint_cmake' to check CMake code style
[1.002s] -- Added test 'xmllint' to check XML markup files
[1.003s] -- Configuring done
[1.005s] -- Generating done
[1.007s] -- Build files have been written to: /home/park/dev_ws/build/cpp_service_tutorial
[1.013s] Invoked command in '/home/park/dev_ws/build/cpp_service_tutorial' returned '0': CMAKE_PREFIX_PATH=${CMAKE_PREFIX_PATH}:/home/park/turtlebot3_ws/install/my_map_utils:/home/park/dev_ws/install/yolo_ros:/opt/ros/humble /usr/bin/cmake /home/park/dev_ws/src/cpp_service_tutorial -DCMAKE_INSTALL_PREFIX=/home/park/dev_ws/install/cpp_service_tutorial
[1.014s] Invoking command in '/home/park/dev_ws/build/cpp_service_tutorial': CMAKE_PREFIX_PATH=${CMAKE_PREFIX_PATH}:/home/park/turtlebot3_ws/install/my_map_utils:/home/park/dev_ws/install/yolo_ros:/opt/ros/humble /usr/bin/cmake --build /home/park/dev_ws/build/cpp_service_tutorial -- -j22 -l22
[1.058s] Invoked command in '/home/park/dev_ws/build/cpp_service_tutorial' returned '0': CMAKE_PREFIX_PATH=${CMAKE_PREFIX_PATH}:/home/park/turtlebot3_ws/install/my_map_utils:/home/park/dev_ws/install/yolo_ros:/opt/ros/humble /usr/bin/cmake --build /home/park/dev_ws/build/cpp_service_tutorial -- -j22 -l22
[1.068s] Invoking command in '/home/park/dev_ws/build/cpp_service_tutorial': CMAKE_PREFIX_PATH=${CMAKE_PREFIX_PATH}:/home/park/turtlebot3_ws/install/my_map_utils:/home/park/dev_ws/install/yolo_ros:/opt/ros/humble /usr/bin/cmake --install /home/park/dev_ws/build/cpp_service_tutorial
[1.075s] -- Install configuration: ""
[1.075s] -- Installing: /home/park/dev_ws/install/cpp_service_tutorial/share/ament_index/resource_index/package_run_dependencies/cpp_service_tutorial
[1.075s] -- Installing: /home/park/dev_ws/install/cpp_service_tutorial/share/ament_index/resource_index/parent_prefix_path/cpp_service_tutorial
[1.075s] -- Installing: /home/park/dev_ws/install/cpp_service_tutorial/share/cpp_service_tutorial/environment/ament_prefix_path.sh
[1.075s] -- Installing: /home/park/dev_ws/install/cpp_service_tutorial/share/cpp_service_tutorial/environment/ament_prefix_path.dsv
[1.076s] -- Installing: /home/park/dev_ws/install/cpp_service_tutorial/share/cpp_service_tutorial/environment/path.sh
[1.076s] -- Installing: /home/park/dev_ws/install/cpp_service_tutorial/share/cpp_service_tutorial/environment/path.dsv
[1.076s] -- Installing: /home/park/dev_ws/install/cpp_service_tutorial/share/cpp_service_tutorial/local_setup.bash
[1.076s] -- Installing: /home/park/dev_ws/install/cpp_service_tutorial/share/cpp_service_tutorial/local_setup.sh
[1.076s] -- Installing: /home/park/dev_ws/install/cpp_service_tutorial/share/cpp_service_tutorial/local_setup.zsh
[1.076s] -- Installing: /home/park/dev_ws/install/cpp_service_tutorial/share/cpp_service_tutorial/local_setup.dsv
[1.076s] -- Installing: /home/park/dev_ws/install/cpp_service_tutorial/share/cpp_service_tutorial/package.dsv
[1.076s] -- Installing: /home/park/dev_ws/install/cpp_service_tutorial/share/ament_index/resource_index/packages/cpp_service_tutorial
[1.077s] -- Installing: /home/park/dev_ws/install/cpp_service_tutorial/share/cpp_service_tutorial/cmake/cpp_service_tutorialConfig.cmake
[1.077s] -- Installing: /home/park/dev_ws/install/cpp_service_tutorial/share/cpp_service_tutorial/cmake/cpp_service_tutorialConfig-version.cmake
[1.077s] -- Installing: /home/park/dev_ws/install/cpp_service_tutorial/share/cpp_service_tutorial/package.xml
[1.079s] Invoked command in '/home/park/dev_ws/build/cpp_service_tutorial' returned '0': CMAKE_PREFIX_PATH=${CMAKE_PREFIX_PATH}:/home/park/turtlebot3_ws/install/my_map_utils:/home/park/dev_ws/install/yolo_ros:/opt/ros/humble /usr/bin/cmake --install /home/park/dev_ws/build/cpp_service_tutorial
