[0.030s] Invoking command in '/home/park/dev_ws/build/cpp_service_tutorial': CMAKE_PREFIX_PATH=${CMAKE_PREFIX_PATH}:/home/park/turtlebot3_ws/install/my_map_utils:/home/park/dev_ws/install/yolo_ros:/opt/ros/humble /usr/bin/cmake --build /home/park/dev_ws/build/cpp_service_tutorial -- -j22 -l22
[0.090s] Invoked command in '/home/park/dev_ws/build/cpp_service_tutorial' returned '0': CMAKE_PREFIX_PATH=${CMAKE_PREFIX_PATH}:/home/park/turtlebot3_ws/install/my_map_utils:/home/park/dev_ws/install/yolo_ros:/opt/ros/humble /usr/bin/cmake --build /home/park/dev_ws/build/cpp_service_tutorial -- -j22 -l22
[0.092s] Invoking command in '/home/park/dev_ws/build/cpp_service_tutorial': CMAKE_PREFIX_PATH=${CMAKE_PREFIX_PATH}:/home/park/turtlebot3_ws/install/my_map_utils:/home/park/dev_ws/install/yolo_ros:/opt/ros/humble /usr/bin/cmake --install /home/park/dev_ws/build/cpp_service_tutorial
[0.103s] -- Install configuration: ""
[0.104s] -- Up-to-date: /home/park/dev_ws/install/cpp_service_tutorial/share/ament_index/resource_index/package_run_dependencies/cpp_service_tutorial
[0.104s] -- Up-to-date: /home/park/dev_ws/install/cpp_service_tutorial/share/ament_index/resource_index/parent_prefix_path/cpp_service_tutorial
[0.104s] -- Up-to-date: /home/park/dev_ws/install/cpp_service_tutorial/share/cpp_service_tutorial/environment/ament_prefix_path.sh
[0.104s] -- Up-to-date: /home/park/dev_ws/install/cpp_service_tutorial/share/cpp_service_tutorial/environment/ament_prefix_path.dsv
[0.104s] -- Up-to-date: /home/park/dev_ws/install/cpp_service_tutorial/share/cpp_service_tutorial/environment/path.sh
[0.104s] -- Up-to-date: /home/park/dev_ws/install/cpp_service_tutorial/share/cpp_service_tutorial/environment/path.dsv
[0.104s] -- Up-to-date: /home/park/dev_ws/install/cpp_service_tutorial/share/cpp_service_tutorial/local_setup.bash
[0.104s] -- Up-to-date: /home/park/dev_ws/install/cpp_service_tutorial/share/cpp_service_tutorial/local_setup.sh
[0.105s] -- Up-to-date: /home/park/dev_ws/install/cpp_service_tutorial/share/cpp_service_tutorial/local_setup.zsh
[0.105s] -- Up-to-date: /home/park/dev_ws/install/cpp_service_tutorial/share/cpp_service_tutorial/local_setup.dsv
[0.105s] -- Installing: /home/park/dev_ws/install/cpp_service_tutorial/share/cpp_service_tutorial/package.dsv
[0.105s] -- Up-to-date: /home/park/dev_ws/install/cpp_service_tutorial/share/ament_index/resource_index/packages/cpp_service_tutorial
[0.105s] -- Up-to-date: /home/park/dev_ws/install/cpp_service_tutorial/share/cpp_service_tutorial/cmake/cpp_service_tutorialConfig.cmake
[0.105s] -- Up-to-date: /home/park/dev_ws/install/cpp_service_tutorial/share/cpp_service_tutorial/cmake/cpp_service_tutorialConfig-version.cmake
[0.105s] -- Up-to-date: /home/park/dev_ws/install/cpp_service_tutorial/share/cpp_service_tutorial/package.xml
[0.115s] Invoked command in '/home/park/dev_ws/build/cpp_service_tutorial' returned '0': CMAKE_PREFIX_PATH=${CMAKE_PREFIX_PATH}:/home/park/turtlebot3_ws/install/my_map_utils:/home/park/dev_ws/install/yolo_ros:/opt/ros/humble /usr/bin/cmake --install /home/park/dev_ws/build/cpp_service_tutorial
