[0.038s] Invoking command in '/home/park/dev_ws/build/two_wheeled_robot': CMAKE_PREFIX_PATH=${CMAKE_PREFIX_PATH}:/home/park/dev_ws/install/yolo_ros:/opt/ros/humble /usr/bin/cmake --build /home/park/dev_ws/build/two_wheeled_robot -- -j22 -l22
[0.084s] Invoked command in '/home/park/dev_ws/build/two_wheeled_robot' returned '0': CMAKE_PREFIX_PATH=${CMAKE_PREFIX_PATH}:/home/park/dev_ws/install/yolo_ros:/opt/ros/humble /usr/bin/cmake --build /home/park/dev_ws/build/two_wheeled_robot -- -j22 -l22
[0.086s] Invoking command in '/home/park/dev_ws/build/two_wheeled_robot': CMAKE_PREFIX_PATH=${CMAKE_PREFIX_PATH}:/home/park/dev_ws/install/yolo_ros:/opt/ros/humble /usr/bin/cmake --install /home/park/dev_ws/build/two_wheeled_robot
[0.095s] -- Install configuration: ""
[0.095s] -- Execute custom install script
[0.098s] -- Up-to-date symlink: /home/park/dev_ws/install/two_wheeled_robot/share/two_wheeled_robot/launch/cafe_turtlebot3.launch.py
[0.098s] -- Up-to-date symlink: /home/park/dev_ws/install/two_wheeled_robot/share/two_wheeled_robot/launch/empty_cafe.launch.py
[0.098s] -- Up-to-date symlink: /home/park/dev_ws/install/two_wheeled_robot/share/two_wheeled_robot/launch/load_world_into_gazebo.launch.py
[0.098s] -- Up-to-date symlink: /home/park/dev_ws/install/two_wheeled_robot/share/two_wheeled_robot/launch/two_wheeled_robot_rviz.launch.py
[0.099s] -- Up-to-date symlink: /home/park/dev_ws/install/two_wheeled_robot/share/two_wheeled_robot/media/frames/frames.gv
[0.099s] -- Up-to-date symlink: /home/park/dev_ws/install/two_wheeled_robot/share/two_wheeled_robot/media/frames/frames.pdf
[0.099s] -- Up-to-date symlink: /home/park/dev_ws/install/two_wheeled_robot/share/two_wheeled_robot/media/node_graph/rviz_launch_rosgraph.png
[0.099s] -- Up-to-date symlink: /home/park/dev_ws/install/two_wheeled_robot/share/two_wheeled_robot/meshes/cafe/walk.dae
[0.100s] -- Up-to-date symlink: /home/park/dev_ws/install/two_wheeled_robot/share/two_wheeled_robot/meshes/robot_base.stl
[0.102s] -- Up-to-date symlink: /home/park/dev_ws/install/two_wheeled_robot/share/two_wheeled_robot/models/cafe/materials/textures/__auto_10.jpg
[0.102s] -- Up-to-date symlink: /home/park/dev_ws/install/two_wheeled_robot/share/two_wheeled_robot/models/cafe/materials/textures/__auto_2.jpg
[0.102s] -- Up-to-date symlink: /home/park/dev_ws/install/two_wheeled_robot/share/two_wheeled_robot/models/cafe/materials/textures/__auto_21.jpg
[0.103s] -- Up-to-date symlink: /home/park/dev_ws/install/two_wheeled_robot/share/two_wheeled_robot/models/cafe/materials/textures/__auto_22.jpg
[0.103s] -- Up-to-date symlink: /home/park/dev_ws/install/two_wheeled_robot/share/two_wheeled_robot/models/cafe/materials/textures/__auto_23.jpg
[0.103s] -- Up-to-date symlink: /home/park/dev_ws/install/two_wheeled_robot/share/two_wheeled_robot/models/cafe/materials/textures/__auto_24.jpg
[0.103s] -- Up-to-date symlink: /home/park/dev_ws/install/two_wheeled_robot/share/two_wheeled_robot/models/cafe/materials/textures/__auto_25.jpg
[0.104s] -- Up-to-date symlink: /home/park/dev_ws/install/two_wheeled_robot/share/two_wheeled_robot/models/cafe/materials/textures/__auto_26.jpg
[0.104s] -- Up-to-date symlink: /home/park/dev_ws/install/two_wheeled_robot/share/two_wheeled_robot/models/cafe/materials/textures/__auto_28.jpg
[0.104s] -- Up-to-date symlink: /home/park/dev_ws/install/two_wheeled_robot/share/two_wheeled_robot/models/cafe/materials/textures/__auto_29.jpg
[0.104s] -- Up-to-date symlink: /home/park/dev_ws/install/two_wheeled_robot/share/two_wheeled_robot/models/cafe/materials/textures/__auto_30.jpg
[0.105s] -- Up-to-date symlink: /home/park/dev_ws/install/two_wheeled_robot/share/two_wheeled_robot/models/cafe/materials/textures/__auto_31.jpg
[0.105s] -- Up-to-date symlink: /home/park/dev_ws/install/two_wheeled_robot/share/two_wheeled_robot/models/cafe/materials/textures/__auto_34.jpg
[0.105s] -- Up-to-date symlink: /home/park/dev_ws/install/two_wheeled_robot/share/two_wheeled_robot/models/cafe/materials/textures/__auto_35.jpg
[0.106s] -- Up-to-date symlink: /home/park/dev_ws/install/two_wheeled_robot/share/two_wheeled_robot/models/cafe/materials/textures/__auto_37.jpg
[0.106s] -- Up-to-date symlink: /home/park/dev_ws/install/two_wheeled_robot/share/two_wheeled_robot/models/cafe/meshes/cafe.dae
[0.106s] -- Up-to-date symlink: /home/park/dev_ws/install/two_wheeled_robot/share/two_wheeled_robot/models/cafe/model.config
[0.107s] -- Up-to-date symlink: /home/park/dev_ws/install/two_wheeled_robot/share/two_wheeled_robot/models/cafe/model.sdf
[0.108s] -- Up-to-date symlink: /home/park/dev_ws/install/two_wheeled_robot/share/two_wheeled_robot/models/cafe_table/materials/textures/Maple.jpg
[0.108s] -- Up-to-date symlink: /home/park/dev_ws/install/two_wheeled_robot/share/two_wheeled_robot/models/cafe_table/materials/textures/Wood_Floor_Dark.jpg
[0.108s] -- Up-to-date symlink: /home/park/dev_ws/install/two_wheeled_robot/share/two_wheeled_robot/models/cafe_table/meshes/cafe_table.dae
[0.109s] -- Up-to-date symlink: /home/park/dev_ws/install/two_wheeled_robot/share/two_wheeled_robot/models/cafe_table/model-1_4.sdf
[0.110s] -- Up-to-date symlink: /home/park/dev_ws/install/two_wheeled_robot/share/two_wheeled_robot/models/cafe_table/model.config
[0.111s] -- Up-to-date symlink: /home/park/dev_ws/install/two_wheeled_robot/share/two_wheeled_robot/models/cafe_table/model.sdf
[0.112s] -- Up-to-date symlink: /home/park/dev_ws/install/two_wheeled_robot/share/two_wheeled_robot/models/ground_plane/model-1_2.sdf
[0.112s] -- Up-to-date symlink: /home/park/dev_ws/install/two_wheeled_robot/share/two_wheeled_robot/models/ground_plane/model-1_3.sdf
[0.112s] -- Up-to-date symlink: /home/park/dev_ws/install/two_wheeled_robot/share/two_wheeled_robot/models/ground_plane/model-1_4.sdf
[0.112s] -- Up-to-date symlink: /home/park/dev_ws/install/two_wheeled_robot/share/two_wheeled_robot/models/ground_plane/model.config
[0.113s] -- Up-to-date symlink: /home/park/dev_ws/install/two_wheeled_robot/share/two_wheeled_robot/models/ground_plane/model.sdf
[0.113s] -- Symlinking: /home/park/dev_ws/install/two_wheeled_robot/share/two_wheeled_robot/models/turtlebot3_common/meshes/bases/burger_base.stl
[0.121s] -- Symlinking: /home/park/dev_ws/install/two_wheeled_robot/share/two_wheeled_robot/models/turtlebot3_common/meshes/bases/waffle_base.stl
[0.130s] -- Symlinking: /home/park/dev_ws/install/two_wheeled_robot/share/two_wheeled_robot/models/turtlebot3_common/meshes/bases/waffle_pi_base.stl
[0.141s] -- Symlinking: /home/park/dev_ws/install/two_wheeled_robot/share/two_wheeled_robot/models/turtlebot3_common/meshes/burger_base.dae
[0.149s] -- Symlinking: /home/park/dev_ws/install/two_wheeled_robot/share/two_wheeled_robot/models/turtlebot3_common/meshes/lds.dae
[0.159s] -- Symlinking: /home/park/dev_ws/install/two_wheeled_robot/share/two_wheeled_robot/models/turtlebot3_common/meshes/r200.dae
[0.169s] -- Symlinking: /home/park/dev_ws/install/two_wheeled_robot/share/two_wheeled_robot/models/turtlebot3_common/meshes/sensors/astra.dae
[0.181s] -- Symlinking: /home/park/dev_ws/install/two_wheeled_robot/share/two_wheeled_robot/models/turtlebot3_common/meshes/sensors/astra.jpg
[0.191s] -- Symlinking: /home/park/dev_ws/install/two_wheeled_robot/share/two_wheeled_robot/models/turtlebot3_common/meshes/sensors/lds.stl
[0.202s] -- Symlinking: /home/park/dev_ws/install/two_wheeled_robot/share/two_wheeled_robot/models/turtlebot3_common/meshes/sensors/r200.dae
[0.214s] -- Symlinking: /home/park/dev_ws/install/two_wheeled_robot/share/two_wheeled_robot/models/turtlebot3_common/meshes/sensors/r200.jpg
[0.224s] -- Symlinking: /home/park/dev_ws/install/two_wheeled_robot/share/two_wheeled_robot/models/turtlebot3_common/meshes/tire.dae
[0.232s] -- Symlinking: /home/park/dev_ws/install/two_wheeled_robot/share/two_wheeled_robot/models/turtlebot3_common/meshes/waffle_base.dae
[0.242s] -- Symlinking: /home/park/dev_ws/install/two_wheeled_robot/share/two_wheeled_robot/models/turtlebot3_common/meshes/waffle_pi_base.dae
[0.251s] -- Symlinking: /home/park/dev_ws/install/two_wheeled_robot/share/two_wheeled_robot/models/turtlebot3_common/meshes/wheels/left_tire.stl
[0.262s] -- Symlinking: /home/park/dev_ws/install/two_wheeled_robot/share/two_wheeled_robot/models/turtlebot3_common/meshes/wheels/right_tire.stl
[0.271s] -- Symlinking: /home/park/dev_ws/install/two_wheeled_robot/share/two_wheeled_robot/models/turtlebot3_common/model.config
[0.282s] -- Symlinking: /home/park/dev_ws/install/two_wheeled_robot/share/two_wheeled_robot/models/turtlebot3_waffle/model-1_4.sdf
[0.290s] -- Symlinking: /home/park/dev_ws/install/two_wheeled_robot/share/two_wheeled_robot/models/turtlebot3_waffle/model.config
[0.300s] -- Symlinking: /home/park/dev_ws/install/two_wheeled_robot/share/two_wheeled_robot/models/turtlebot3_waffle/model.sdf
[0.310s] -- Up-to-date symlink: /home/park/dev_ws/install/two_wheeled_robot/share/two_wheeled_robot/rviz/rviz_basic_settings.rviz
[0.310s] -- Up-to-date symlink: /home/park/dev_ws/install/two_wheeled_robot/share/two_wheeled_robot/urdf/two_wheeled_robot.urdf
[0.310s] -- Up-to-date symlink: /home/park/dev_ws/install/two_wheeled_robot/share/two_wheeled_robot/worlds/cafe.world
[0.311s] -- Up-to-date symlink: /home/park/dev_ws/install/two_wheeled_robot/share/two_wheeled_robot/worlds/cafe_static.world
[0.311s] -- Up-to-date symlink: /home/park/dev_ws/install/two_wheeled_robot/share/ament_index/resource_index/package_run_dependencies/two_wheeled_robot
[0.311s] -- Up-to-date symlink: /home/park/dev_ws/install/two_wheeled_robot/share/ament_index/resource_index/parent_prefix_path/two_wheeled_robot
[0.312s] -- Up-to-date symlink: /home/park/dev_ws/install/two_wheeled_robot/share/two_wheeled_robot/environment/ament_prefix_path.sh
[0.312s] -- Up-to-date symlink: /home/park/dev_ws/install/two_wheeled_robot/share/two_wheeled_robot/environment/ament_prefix_path.dsv
[0.312s] -- Up-to-date symlink: /home/park/dev_ws/install/two_wheeled_robot/share/two_wheeled_robot/environment/path.sh
[0.312s] -- Up-to-date symlink: /home/park/dev_ws/install/two_wheeled_robot/share/two_wheeled_robot/environment/path.dsv
[0.313s] -- Up-to-date symlink: /home/park/dev_ws/install/two_wheeled_robot/share/two_wheeled_robot/local_setup.bash
[0.313s] -- Up-to-date symlink: /home/park/dev_ws/install/two_wheeled_robot/share/two_wheeled_robot/local_setup.sh
[0.313s] -- Up-to-date symlink: /home/park/dev_ws/install/two_wheeled_robot/share/two_wheeled_robot/local_setup.zsh
[0.313s] -- Up-to-date symlink: /home/park/dev_ws/install/two_wheeled_robot/share/two_wheeled_robot/local_setup.dsv
[0.313s] -- Symlinking: /home/park/dev_ws/install/two_wheeled_robot/share/two_wheeled_robot/package.dsv
[0.326s] -- Up-to-date symlink: /home/park/dev_ws/install/two_wheeled_robot/share/ament_index/resource_index/packages/two_wheeled_robot
[0.326s] -- Up-to-date symlink: /home/park/dev_ws/install/two_wheeled_robot/share/two_wheeled_robot/cmake/two_wheeled_robotConfig.cmake
[0.326s] -- Up-to-date symlink: /home/park/dev_ws/install/two_wheeled_robot/share/two_wheeled_robot/cmake/two_wheeled_robotConfig-version.cmake
[0.327s] -- Up-to-date symlink: /home/park/dev_ws/install/two_wheeled_robot/share/two_wheeled_robot/package.xml
[0.330s] Invoked command in '/home/park/dev_ws/build/two_wheeled_robot' returned '0': CMAKE_PREFIX_PATH=${CMAKE_PREFIX_PATH}:/home/park/dev_ws/install/yolo_ros:/opt/ros/humble /usr/bin/cmake --install /home/park/dev_ws/build/two_wheeled_robot
