[0.966s] Invoking command in '/home/park/dev_ws/build/yolo_ros': CMAKE_PREFIX_PATH=/home/park/dev_ws/install/yolo_msgs:/home/park/dev_ws/install/yolo_bringup:/home/park/dev_ws/install/two_wheeled_robot:/home/park/dev_ws/install/my_test_pkg:/home/park/dev_ws/install/cpp_service_tutorial PYTHONPATH=/home/park/dev_ws/build/yolo_ros/prefix_override:/usr/lib/python3/dist-packages/colcon_core/task/python/colcon_distutils_commands:/home/park/dev_ws/install/yolo_ros/lib/python3.10/site-packages:${PYTHONPATH} /usr/bin/python3 -W ignore:setup.py install is deprecated -W ignore:easy_install command is deprecated setup.py develop --editable --build-directory /home/park/dev_ws/build/yolo_ros/build --no-deps symlink_data
[1.314s] running develop
[1.560s] running egg_info
[1.578s] creating yolo_ros.egg-info
[1.578s] writing yolo_ros.egg-info/PKG-INFO
[1.578s] writing dependency_links to yolo_ros.egg-info/dependency_links.txt
[1.579s] writing entry points to yolo_ros.egg-info/entry_points.txt
[1.579s] writing requirements to yolo_ros.egg-info/requires.txt
[1.579s] writing top-level names to yolo_ros.egg-info/top_level.txt
[1.579s] writing manifest file 'yolo_ros.egg-info/SOURCES.txt'
[1.638s] reading manifest file 'yolo_ros.egg-info/SOURCES.txt'
[1.639s] writing manifest file 'yolo_ros.egg-info/SOURCES.txt'
[1.658s] running build_ext
[1.658s] Creating /home/park/dev_ws/install/yolo_ros/lib/python3.10/site-packages/yolo-ros.egg-link (link to .)
[1.659s] Installing debug_node script to /home/park/dev_ws/install/yolo_ros/lib/yolo_ros
[1.660s] Installing detect_3d_node script to /home/park/dev_ws/install/yolo_ros/lib/yolo_ros
[1.660s] Installing tracking_node script to /home/park/dev_ws/install/yolo_ros/lib/yolo_ros
[1.660s] Installing yolo_node script to /home/park/dev_ws/install/yolo_ros/lib/yolo_ros
[1.660s] 
[1.661s] Installed /home/park/dev_ws/build/yolo_ros
[1.661s] running symlink_data
[1.661s] creating /home/park/dev_ws/install/yolo_ros/share/ament_index/resource_index/packages
[1.661s] symbolically linking /home/park/dev_ws/build/yolo_ros/resource/yolo_ros -> /home/park/dev_ws/install/yolo_ros/share/ament_index/resource_index/packages
[1.661s] symbolically linking /home/park/dev_ws/build/yolo_ros/package.xml -> /home/park/dev_ws/install/yolo_ros/share/yolo_ros
[1.696s] Invoked command in '/home/park/dev_ws/build/yolo_ros' returned '0': CMAKE_PREFIX_PATH=/home/park/dev_ws/install/yolo_msgs:/home/park/dev_ws/install/yolo_bringup:/home/park/dev_ws/install/two_wheeled_robot:/home/park/dev_ws/install/my_test_pkg:/home/park/dev_ws/install/cpp_service_tutorial PYTHONPATH=/home/park/dev_ws/build/yolo_ros/prefix_override:/usr/lib/python3/dist-packages/colcon_core/task/python/colcon_distutils_commands:/home/park/dev_ws/install/yolo_ros/lib/python3.10/site-packages:${PYTHONPATH} /usr/bin/python3 -W ignore:setup.py install is deprecated -W ignore:easy_install command is deprecated setup.py develop --editable --build-directory /home/park/dev_ws/build/yolo_ros/build --no-deps symlink_data
